[0.087s] DEBUG:colcon:Command line arguments: ['/usr/bin/colcon', 'build', '--symlink']
[0.087s] DEBUG:colcon:Parsed command line arguments: Namespace(log_base=None, log_level=None, verb_name='build', build_base='build', install_base='install', merge_install=False, symlink_install=True, test_result_base=None, continue_on_error=False, executor='parallel', parallel_workers=16, event_handlers=None, ignore_user_meta=False, metas=['./colcon.meta'], base_paths=['.'], packages_ignore=None, packages_ignore_regex=None, paths=None, packages_up_to=None, packages_up_to_regex=None, packages_above=None, packages_above_and_dependencies=None, packages_above_depth=None, packages_select_by_dep=None, packages_skip_by_dep=None, packages_skip_up_to=None, packages_select_build_failed=False, packages_skip_build_finished=False, packages_select_test_failures=False, packages_skip_test_passed=False, packages_select=None, packages_skip=None, packages_select_regex=None, packages_skip_regex=None, packages_start=None, packages_end=None, cmake_args=None, cmake_target=None, cmake_target_skip_unavailable=False, cmake_clean_cache=False, cmake_clean_first=False, cmake_force_configure=False, ament_cmake_args=None, catkin_cmake_args=None, catkin_skip_building_tests=False, mixin_files=None, mixin=None, verb_parser=<colcon_mixin.mixin.mixin_argument.MixinArgumentDecorator object at 0x72a361fb1720>, verb_extension=<colcon_core.verb.build.BuildVerb object at 0x72a3621aef80>, main=<bound method BuildVerb.main of <colcon_core.verb.build.BuildVerb object at 0x72a3621aef80>>, mixin_verb=('build',))
[0.197s] Level 1:colcon.colcon_core.package_discovery:discover_packages(colcon_meta) check parameters
[0.197s] INFO:colcon.colcon_metadata.package_discovery.colcon_meta:Using configuration from '/root/.colcon/metadata/default/Gazebo.meta'
[0.197s] INFO:colcon.colcon_metadata.package_discovery.colcon_meta:Using configuration from '/root/.colcon/metadata/default/fastdds.meta'
[0.198s] INFO:colcon.colcon_metadata.package_discovery.colcon_meta:Using configuration from '/root/.colcon/metadata/default/fastrtps.meta'
[0.198s] Level 1:colcon.colcon_core.package_discovery:discover_packages(recursive) check parameters
[0.198s] Level 1:colcon.colcon_core.package_discovery:discover_packages(ignore) check parameters
[0.198s] Level 1:colcon.colcon_core.package_discovery:discover_packages(path) check parameters
[0.198s] Level 1:colcon.colcon_core.package_discovery:discover_packages(colcon_meta) discover
[0.198s] Level 1:colcon.colcon_core.package_discovery:discover_packages(recursive) discover
[0.198s] INFO:colcon.colcon_core.package_discovery:Crawling recursively for packages in '/root/ros_ws'
[0.198s] Level 1:colcon.colcon_core.package_identification:_identify(.) by extensions ['ignore', 'ignore_ament_install']
[0.198s] Level 1:colcon.colcon_core.package_identification:_identify(.) by extension 'ignore'
[0.198s] Level 1:colcon.colcon_core.package_identification:_identify(.) by extension 'ignore_ament_install'
[0.198s] Level 1:colcon.colcon_core.package_identification:_identify(.) by extensions ['colcon_pkg']
[0.198s] Level 1:colcon.colcon_core.package_identification:_identify(.) by extension 'colcon_pkg'
[0.198s] Level 1:colcon.colcon_core.package_identification:_identify(.) by extensions ['colcon_meta']
[0.198s] Level 1:colcon.colcon_core.package_identification:_identify(.) by extension 'colcon_meta'
[0.198s] Level 1:colcon.colcon_core.package_identification:_identify(.) by extensions ['ros']
[0.198s] Level 1:colcon.colcon_core.package_identification:_identify(.) by extension 'ros'
[0.206s] Level 1:colcon.colcon_core.package_identification:_identify(.) by extensions ['cmake', 'python']
[0.206s] Level 1:colcon.colcon_core.package_identification:_identify(.) by extension 'cmake'
[0.206s] Level 1:colcon.colcon_core.package_identification:_identify(.) by extension 'python'
[0.206s] Level 1:colcon.colcon_core.package_identification:_identify(.) by extensions ['python_setup_py']
[0.206s] Level 1:colcon.colcon_core.package_identification:_identify(.) by extension 'python_setup_py'
[0.206s] Level 1:colcon.colcon_core.package_identification:_identify(build) by extensions ['ignore', 'ignore_ament_install']
[0.206s] Level 1:colcon.colcon_core.package_identification:_identify(build) by extension 'ignore'
[0.206s] Level 1:colcon.colcon_core.package_identification:_identify(build) ignored
[0.207s] Level 1:colcon.colcon_core.package_identification:_identify(install) by extensions ['ignore', 'ignore_ament_install']
[0.207s] Level 1:colcon.colcon_core.package_identification:_identify(install) by extension 'ignore'
[0.207s] Level 1:colcon.colcon_core.package_identification:_identify(install) ignored
[0.207s] Level 1:colcon.colcon_core.package_identification:_identify(log) by extensions ['ignore', 'ignore_ament_install']
[0.207s] Level 1:colcon.colcon_core.package_identification:_identify(log) by extension 'ignore'
[0.207s] Level 1:colcon.colcon_core.package_identification:_identify(log) ignored
[0.207s] Level 1:colcon.colcon_core.package_identification:_identify(py_srvcli) by extensions ['ignore', 'ignore_ament_install']
[0.207s] Level 1:colcon.colcon_core.package_identification:_identify(py_srvcli) by extension 'ignore'
[0.207s] Level 1:colcon.colcon_core.package_identification:_identify(py_srvcli) by extension 'ignore_ament_install'
[0.207s] Level 1:colcon.colcon_core.package_identification:_identify(py_srvcli) by extensions ['colcon_pkg']
[0.207s] Level 1:colcon.colcon_core.package_identification:_identify(py_srvcli) by extension 'colcon_pkg'
[0.207s] Level 1:colcon.colcon_core.package_identification:_identify(py_srvcli) by extensions ['colcon_meta']
[0.207s] Level 1:colcon.colcon_core.package_identification:_identify(py_srvcli) by extension 'colcon_meta'
[0.207s] Level 1:colcon.colcon_core.package_identification:_identify(py_srvcli) by extensions ['ros']
[0.207s] Level 1:colcon.colcon_core.package_identification:_identify(py_srvcli) by extension 'ros'
[0.209s] DEBUG:colcon.colcon_core.package_identification:Package 'py_srvcli' with type 'ros.ament_python' and name 'py_srvcli'
[0.209s] Level 1:colcon.colcon_core.package_identification:_identify(src) by extensions ['ignore', 'ignore_ament_install']
[0.209s] Level 1:colcon.colcon_core.package_identification:_identify(src) by extension 'ignore'
[0.209s] Level 1:colcon.colcon_core.package_identification:_identify(src) by extension 'ignore_ament_install'
[0.209s] Level 1:colcon.colcon_core.package_identification:_identify(src) by extensions ['colcon_pkg']
[0.209s] Level 1:colcon.colcon_core.package_identification:_identify(src) by extension 'colcon_pkg'
[0.209s] Level 1:colcon.colcon_core.package_identification:_identify(src) by extensions ['colcon_meta']
[0.209s] Level 1:colcon.colcon_core.package_identification:_identify(src) by extension 'colcon_meta'
[0.209s] Level 1:colcon.colcon_core.package_identification:_identify(src) by extensions ['ros']
[0.209s] Level 1:colcon.colcon_core.package_identification:_identify(src) by extension 'ros'
[0.209s] Level 1:colcon.colcon_core.package_identification:_identify(src) by extensions ['cmake', 'python']
[0.209s] Level 1:colcon.colcon_core.package_identification:_identify(src) by extension 'cmake'
[0.209s] Level 1:colcon.colcon_core.package_identification:_identify(src) by extension 'python'
[0.209s] Level 1:colcon.colcon_core.package_identification:_identify(src) by extensions ['python_setup_py']
[0.209s] Level 1:colcon.colcon_core.package_identification:_identify(src) by extension 'python_setup_py'
[0.210s] Level 1:colcon.colcon_core.package_identification:_identify(src/build) by extensions ['ignore', 'ignore_ament_install']
[0.210s] Level 1:colcon.colcon_core.package_identification:_identify(src/build) by extension 'ignore'
[0.210s] Level 1:colcon.colcon_core.package_identification:_identify(src/build) ignored
[0.210s] Level 1:colcon.colcon_core.package_identification:_identify(src/custom_msgs) by extensions ['ignore', 'ignore_ament_install']
[0.210s] Level 1:colcon.colcon_core.package_identification:_identify(src/custom_msgs) by extension 'ignore'
[0.210s] Level 1:colcon.colcon_core.package_identification:_identify(src/custom_msgs) by extension 'ignore_ament_install'
[0.210s] Level 1:colcon.colcon_core.package_identification:_identify(src/custom_msgs) by extensions ['colcon_pkg']
[0.210s] Level 1:colcon.colcon_core.package_identification:_identify(src/custom_msgs) by extension 'colcon_pkg'
[0.210s] Level 1:colcon.colcon_core.package_identification:_identify(src/custom_msgs) by extensions ['colcon_meta']
[0.210s] Level 1:colcon.colcon_core.package_identification:_identify(src/custom_msgs) by extension 'colcon_meta'
[0.210s] Level 1:colcon.colcon_core.package_identification:_identify(src/custom_msgs) by extensions ['ros']
[0.210s] Level 1:colcon.colcon_core.package_identification:_identify(src/custom_msgs) by extension 'ros'
[0.211s] DEBUG:colcon.colcon_core.package_identification:Package 'src/custom_msgs' with type 'ros.ament_cmake' and name 'custom_msgs'
[0.211s] Level 1:colcon.colcon_core.package_identification:_identify(src/install) by extensions ['ignore', 'ignore_ament_install']
[0.211s] Level 1:colcon.colcon_core.package_identification:_identify(src/install) by extension 'ignore'
[0.211s] Level 1:colcon.colcon_core.package_identification:_identify(src/install) ignored
[0.211s] Level 1:colcon.colcon_core.package_identification:_identify(src/log) by extensions ['ignore', 'ignore_ament_install']
[0.211s] Level 1:colcon.colcon_core.package_identification:_identify(src/log) by extension 'ignore'
[0.211s] Level 1:colcon.colcon_core.package_identification:_identify(src/log) ignored
[0.211s] Level 1:colcon.colcon_core.package_identification:_identify(src/my_robot_controller) by extensions ['ignore', 'ignore_ament_install']
[0.211s] Level 1:colcon.colcon_core.package_identification:_identify(src/my_robot_controller) by extension 'ignore'
[0.211s] Level 1:colcon.colcon_core.package_identification:_identify(src/my_robot_controller) by extension 'ignore_ament_install'
[0.211s] Level 1:colcon.colcon_core.package_identification:_identify(src/my_robot_controller) by extensions ['colcon_pkg']
[0.211s] Level 1:colcon.colcon_core.package_identification:_identify(src/my_robot_controller) by extension 'colcon_pkg'
[0.211s] Level 1:colcon.colcon_core.package_identification:_identify(src/my_robot_controller) by extensions ['colcon_meta']
[0.211s] Level 1:colcon.colcon_core.package_identification:_identify(src/my_robot_controller) by extension 'colcon_meta'
[0.211s] Level 1:colcon.colcon_core.package_identification:_identify(src/my_robot_controller) by extensions ['ros']
[0.211s] Level 1:colcon.colcon_core.package_identification:_identify(src/my_robot_controller) by extension 'ros'
[0.212s] DEBUG:colcon.colcon_core.package_identification:Package 'src/my_robot_controller' with type 'ros.ament_python' and name 'my_robot_controller'
[0.212s] Level 1:colcon.colcon_core.package_identification:_identify(src/sensorPkg) by extensions ['ignore', 'ignore_ament_install']
[0.212s] Level 1:colcon.colcon_core.package_identification:_identify(src/sensorPkg) by extension 'ignore'
[0.212s] Level 1:colcon.colcon_core.package_identification:_identify(src/sensorPkg) by extension 'ignore_ament_install'
[0.212s] Level 1:colcon.colcon_core.package_identification:_identify(src/sensorPkg) by extensions ['colcon_pkg']
[0.212s] Level 1:colcon.colcon_core.package_identification:_identify(src/sensorPkg) by extension 'colcon_pkg'
[0.212s] Level 1:colcon.colcon_core.package_identification:_identify(src/sensorPkg) by extensions ['colcon_meta']
[0.212s] Level 1:colcon.colcon_core.package_identification:_identify(src/sensorPkg) by extension 'colcon_meta'
[0.212s] Level 1:colcon.colcon_core.package_identification:_identify(src/sensorPkg) by extensions ['ros']
[0.212s] Level 1:colcon.colcon_core.package_identification:_identify(src/sensorPkg) by extension 'ros'
[0.212s] DEBUG:colcon.colcon_core.package_identification:Package 'src/sensorPkg' with type 'ros.ament_python' and name 'sensorPkg'
[0.213s] Level 1:colcon.colcon_core.package_identification:_identify(src/task2) by extensions ['ignore', 'ignore_ament_install']
[0.213s] Level 1:colcon.colcon_core.package_identification:_identify(src/task2) by extension 'ignore'
[0.213s] Level 1:colcon.colcon_core.package_identification:_identify(src/task2) by extension 'ignore_ament_install'
[0.213s] Level 1:colcon.colcon_core.package_identification:_identify(src/task2) by extensions ['colcon_pkg']
[0.213s] Level 1:colcon.colcon_core.package_identification:_identify(src/task2) by extension 'colcon_pkg'
[0.213s] Level 1:colcon.colcon_core.package_identification:_identify(src/task2) by extensions ['colcon_meta']
[0.213s] Level 1:colcon.colcon_core.package_identification:_identify(src/task2) by extension 'colcon_meta'
[0.213s] Level 1:colcon.colcon_core.package_identification:_identify(src/task2) by extensions ['ros']
[0.213s] Level 1:colcon.colcon_core.package_identification:_identify(src/task2) by extension 'ros'
[0.213s] DEBUG:colcon.colcon_core.package_identification:Package 'src/task2' with type 'ros.ament_python' and name 'task2'
[0.213s] Level 1:colcon.colcon_core.package_identification:_identify(src/task3) by extensions ['ignore', 'ignore_ament_install']
[0.213s] Level 1:colcon.colcon_core.package_identification:_identify(src/task3) by extension 'ignore'
[0.214s] Level 1:colcon.colcon_core.package_identification:_identify(src/task3) by extension 'ignore_ament_install'
[0.214s] Level 1:colcon.colcon_core.package_identification:_identify(src/task3) by extensions ['colcon_pkg']
[0.214s] Level 1:colcon.colcon_core.package_identification:_identify(src/task3) by extension 'colcon_pkg'
[0.214s] Level 1:colcon.colcon_core.package_identification:_identify(src/task3) by extensions ['colcon_meta']
[0.214s] Level 1:colcon.colcon_core.package_identification:_identify(src/task3) by extension 'colcon_meta'
[0.214s] Level 1:colcon.colcon_core.package_identification:_identify(src/task3) by extensions ['ros']
[0.214s] Level 1:colcon.colcon_core.package_identification:_identify(src/task3) by extension 'ros'
[0.214s] DEBUG:colcon.colcon_core.package_identification:Package 'src/task3' with type 'ros.ament_python' and name 'task3'
[0.214s] Level 1:colcon.colcon_core.package_identification:_identify(src/task4) by extensions ['ignore', 'ignore_ament_install']
[0.214s] Level 1:colcon.colcon_core.package_identification:_identify(src/task4) by extension 'ignore'
[0.214s] Level 1:colcon.colcon_core.package_identification:_identify(src/task4) by extension 'ignore_ament_install'
[0.214s] Level 1:colcon.colcon_core.package_identification:_identify(src/task4) by extensions ['colcon_pkg']
[0.214s] Level 1:colcon.colcon_core.package_identification:_identify(src/task4) by extension 'colcon_pkg'
[0.214s] Level 1:colcon.colcon_core.package_identification:_identify(src/task4) by extensions ['colcon_meta']
[0.214s] Level 1:colcon.colcon_core.package_identification:_identify(src/task4) by extension 'colcon_meta'
[0.214s] Level 1:colcon.colcon_core.package_identification:_identify(src/task4) by extensions ['ros']
[0.215s] Level 1:colcon.colcon_core.package_identification:_identify(src/task4) by extension 'ros'
[0.215s] DEBUG:colcon.colcon_core.package_identification:Package 'src/task4' with type 'ros.ament_python' and name 'task4'
[0.215s] Level 1:colcon.colcon_core.package_discovery:discover_packages(recursive) using defaults
[0.215s] Level 1:colcon.colcon_core.package_discovery:discover_packages(ignore) discover
[0.215s] Level 1:colcon.colcon_core.package_discovery:discover_packages(ignore) using defaults
[0.215s] Level 1:colcon.colcon_core.package_discovery:discover_packages(path) discover
[0.215s] Level 1:colcon.colcon_core.package_discovery:discover_packages(path) using defaults
[0.231s] Level 5:colcon.colcon_core.verb:set package 'custom_msgs' build argument 'cmake_args' from command line to 'None'
[0.231s] Level 5:colcon.colcon_core.verb:set package 'custom_msgs' build argument 'cmake_target' from command line to 'None'
[0.231s] Level 5:colcon.colcon_core.verb:set package 'custom_msgs' build argument 'cmake_target_skip_unavailable' from command line to 'False'
[0.231s] Level 5:colcon.colcon_core.verb:set package 'custom_msgs' build argument 'cmake_clean_cache' from command line to 'False'
[0.231s] Level 5:colcon.colcon_core.verb:set package 'custom_msgs' build argument 'cmake_clean_first' from command line to 'False'
[0.231s] Level 5:colcon.colcon_core.verb:set package 'custom_msgs' build argument 'cmake_force_configure' from command line to 'False'
[0.231s] Level 5:colcon.colcon_core.verb:set package 'custom_msgs' build argument 'ament_cmake_args' from command line to 'None'
[0.231s] Level 5:colcon.colcon_core.verb:set package 'custom_msgs' build argument 'catkin_cmake_args' from command line to 'None'
[0.231s] Level 5:colcon.colcon_core.verb:set package 'custom_msgs' build argument 'catkin_skip_building_tests' from command line to 'False'
[0.231s] DEBUG:colcon.colcon_core.verb:Building package 'custom_msgs' with the following arguments: {'ament_cmake_args': None, 'build_base': '/root/ros_ws/build/custom_msgs', 'catkin_cmake_args': None, 'catkin_skip_building_tests': False, 'cmake_args': None, 'cmake_clean_cache': False, 'cmake_clean_first': False, 'cmake_force_configure': False, 'cmake_target': None, 'cmake_target_skip_unavailable': False, 'install_base': '/root/ros_ws/install/custom_msgs', 'merge_install': False, 'path': '/root/ros_ws/src/custom_msgs', 'symlink_install': True, 'test_result_base': None}
[0.231s] Level 5:colcon.colcon_core.verb:set package 'my_robot_controller' build argument 'cmake_args' from command line to 'None'
[0.231s] Level 5:colcon.colcon_core.verb:set package 'my_robot_controller' build argument 'cmake_target' from command line to 'None'
[0.231s] Level 5:colcon.colcon_core.verb:set package 'my_robot_controller' build argument 'cmake_target_skip_unavailable' from command line to 'False'
[0.231s] Level 5:colcon.colcon_core.verb:set package 'my_robot_controller' build argument 'cmake_clean_cache' from command line to 'False'
[0.231s] Level 5:colcon.colcon_core.verb:set package 'my_robot_controller' build argument 'cmake_clean_first' from command line to 'False'
[0.231s] Level 5:colcon.colcon_core.verb:set package 'my_robot_controller' build argument 'cmake_force_configure' from command line to 'False'
[0.231s] Level 5:colcon.colcon_core.verb:set package 'my_robot_controller' build argument 'ament_cmake_args' from command line to 'None'
[0.231s] Level 5:colcon.colcon_core.verb:set package 'my_robot_controller' build argument 'catkin_cmake_args' from command line to 'None'
[0.231s] Level 5:colcon.colcon_core.verb:set package 'my_robot_controller' build argument 'catkin_skip_building_tests' from command line to 'False'
[0.231s] DEBUG:colcon.colcon_core.verb:Building package 'my_robot_controller' with the following arguments: {'ament_cmake_args': None, 'build_base': '/root/ros_ws/build/my_robot_controller', 'catkin_cmake_args': None, 'catkin_skip_building_tests': False, 'cmake_args': None, 'cmake_clean_cache': False, 'cmake_clean_first': False, 'cmake_force_configure': False, 'cmake_target': None, 'cmake_target_skip_unavailable': False, 'install_base': '/root/ros_ws/install/my_robot_controller', 'merge_install': False, 'path': '/root/ros_ws/src/my_robot_controller', 'symlink_install': True, 'test_result_base': None}
[0.232s] Level 5:colcon.colcon_core.verb:set package 'py_srvcli' build argument 'cmake_args' from command line to 'None'
[0.232s] Level 5:colcon.colcon_core.verb:set package 'py_srvcli' build argument 'cmake_target' from command line to 'None'
[0.232s] Level 5:colcon.colcon_core.verb:set package 'py_srvcli' build argument 'cmake_target_skip_unavailable' from command line to 'False'
[0.232s] Level 5:colcon.colcon_core.verb:set package 'py_srvcli' build argument 'cmake_clean_cache' from command line to 'False'
[0.232s] Level 5:colcon.colcon_core.verb:set package 'py_srvcli' build argument 'cmake_clean_first' from command line to 'False'
[0.232s] Level 5:colcon.colcon_core.verb:set package 'py_srvcli' build argument 'cmake_force_configure' from command line to 'False'
[0.232s] Level 5:colcon.colcon_core.verb:set package 'py_srvcli' build argument 'ament_cmake_args' from command line to 'None'
[0.232s] Level 5:colcon.colcon_core.verb:set package 'py_srvcli' build argument 'catkin_cmake_args' from command line to 'None'
[0.232s] Level 5:colcon.colcon_core.verb:set package 'py_srvcli' build argument 'catkin_skip_building_tests' from command line to 'False'
[0.232s] DEBUG:colcon.colcon_core.verb:Building package 'py_srvcli' with the following arguments: {'ament_cmake_args': None, 'build_base': '/root/ros_ws/build/py_srvcli', 'catkin_cmake_args': None, 'catkin_skip_building_tests': False, 'cmake_args': None, 'cmake_clean_cache': False, 'cmake_clean_first': False, 'cmake_force_configure': False, 'cmake_target': None, 'cmake_target_skip_unavailable': False, 'install_base': '/root/ros_ws/install/py_srvcli', 'merge_install': False, 'path': '/root/ros_ws/py_srvcli', 'symlink_install': True, 'test_result_base': None}
[0.232s] Level 5:colcon.colcon_core.verb:set package 'sensorPkg' build argument 'cmake_args' from command line to 'None'
[0.232s] Level 5:colcon.colcon_core.verb:set package 'sensorPkg' build argument 'cmake_target' from command line to 'None'
[0.232s] Level 5:colcon.colcon_core.verb:set package 'sensorPkg' build argument 'cmake_target_skip_unavailable' from command line to 'False'
[0.232s] Level 5:colcon.colcon_core.verb:set package 'sensorPkg' build argument 'cmake_clean_cache' from command line to 'False'
[0.232s] Level 5:colcon.colcon_core.verb:set package 'sensorPkg' build argument 'cmake_clean_first' from command line to 'False'
[0.232s] Level 5:colcon.colcon_core.verb:set package 'sensorPkg' build argument 'cmake_force_configure' from command line to 'False'
[0.232s] Level 5:colcon.colcon_core.verb:set package 'sensorPkg' build argument 'ament_cmake_args' from command line to 'None'
[0.232s] Level 5:colcon.colcon_core.verb:set package 'sensorPkg' build argument 'catkin_cmake_args' from command line to 'None'
[0.232s] Level 5:colcon.colcon_core.verb:set package 'sensorPkg' build argument 'catkin_skip_building_tests' from command line to 'False'
[0.232s] DEBUG:colcon.colcon_core.verb:Building package 'sensorPkg' with the following arguments: {'ament_cmake_args': None, 'build_base': '/root/ros_ws/build/sensorPkg', 'catkin_cmake_args': None, 'catkin_skip_building_tests': False, 'cmake_args': None, 'cmake_clean_cache': False, 'cmake_clean_first': False, 'cmake_force_configure': False, 'cmake_target': None, 'cmake_target_skip_unavailable': False, 'install_base': '/root/ros_ws/install/sensorPkg', 'merge_install': False, 'path': '/root/ros_ws/src/sensorPkg', 'symlink_install': True, 'test_result_base': None}
[0.232s] Level 5:colcon.colcon_core.verb:set package 'task2' build argument 'cmake_args' from command line to 'None'
[0.232s] Level 5:colcon.colcon_core.verb:set package 'task2' build argument 'cmake_target' from command line to 'None'
[0.232s] Level 5:colcon.colcon_core.verb:set package 'task2' build argument 'cmake_target_skip_unavailable' from command line to 'False'
[0.232s] Level 5:colcon.colcon_core.verb:set package 'task2' build argument 'cmake_clean_cache' from command line to 'False'
[0.232s] Level 5:colcon.colcon_core.verb:set package 'task2' build argument 'cmake_clean_first' from command line to 'False'
[0.232s] Level 5:colcon.colcon_core.verb:set package 'task2' build argument 'cmake_force_configure' from command line to 'False'
[0.232s] Level 5:colcon.colcon_core.verb:set package 'task2' build argument 'ament_cmake_args' from command line to 'None'
[0.232s] Level 5:colcon.colcon_core.verb:set package 'task2' build argument 'catkin_cmake_args' from command line to 'None'
[0.232s] Level 5:colcon.colcon_core.verb:set package 'task2' build argument 'catkin_skip_building_tests' from command line to 'False'
[0.232s] DEBUG:colcon.colcon_core.verb:Building package 'task2' with the following arguments: {'ament_cmake_args': None, 'build_base': '/root/ros_ws/build/task2', 'catkin_cmake_args': None, 'catkin_skip_building_tests': False, 'cmake_args': None, 'cmake_clean_cache': False, 'cmake_clean_first': False, 'cmake_force_configure': False, 'cmake_target': None, 'cmake_target_skip_unavailable': False, 'install_base': '/root/ros_ws/install/task2', 'merge_install': False, 'path': '/root/ros_ws/src/task2', 'symlink_install': True, 'test_result_base': None}
[0.233s] Level 5:colcon.colcon_core.verb:set package 'task3' build argument 'cmake_args' from command line to 'None'
[0.233s] Level 5:colcon.colcon_core.verb:set package 'task3' build argument 'cmake_target' from command line to 'None'
[0.233s] Level 5:colcon.colcon_core.verb:set package 'task3' build argument 'cmake_target_skip_unavailable' from command line to 'False'
[0.233s] Level 5:colcon.colcon_core.verb:set package 'task3' build argument 'cmake_clean_cache' from command line to 'False'
[0.233s] Level 5:colcon.colcon_core.verb:set package 'task3' build argument 'cmake_clean_first' from command line to 'False'
[0.233s] Level 5:colcon.colcon_core.verb:set package 'task3' build argument 'cmake_force_configure' from command line to 'False'
[0.233s] Level 5:colcon.colcon_core.verb:set package 'task3' build argument 'ament_cmake_args' from command line to 'None'
[0.233s] Level 5:colcon.colcon_core.verb:set package 'task3' build argument 'catkin_cmake_args' from command line to 'None'
[0.233s] Level 5:colcon.colcon_core.verb:set package 'task3' build argument 'catkin_skip_building_tests' from command line to 'False'
[0.233s] DEBUG:colcon.colcon_core.verb:Building package 'task3' with the following arguments: {'ament_cmake_args': None, 'build_base': '/root/ros_ws/build/task3', 'catkin_cmake_args': None, 'catkin_skip_building_tests': False, 'cmake_args': None, 'cmake_clean_cache': False, 'cmake_clean_first': False, 'cmake_force_configure': False, 'cmake_target': None, 'cmake_target_skip_unavailable': False, 'install_base': '/root/ros_ws/install/task3', 'merge_install': False, 'path': '/root/ros_ws/src/task3', 'symlink_install': True, 'test_result_base': None}
[0.233s] Level 5:colcon.colcon_core.verb:set package 'task4' build argument 'cmake_args' from command line to 'None'
[0.233s] Level 5:colcon.colcon_core.verb:set package 'task4' build argument 'cmake_target' from command line to 'None'
[0.233s] Level 5:colcon.colcon_core.verb:set package 'task4' build argument 'cmake_target_skip_unavailable' from command line to 'False'
[0.233s] Level 5:colcon.colcon_core.verb:set package 'task4' build argument 'cmake_clean_cache' from command line to 'False'
[0.233s] Level 5:colcon.colcon_core.verb:set package 'task4' build argument 'cmake_clean_first' from command line to 'False'
[0.233s] Level 5:colcon.colcon_core.verb:set package 'task4' build argument 'cmake_force_configure' from command line to 'False'
[0.233s] Level 5:colcon.colcon_core.verb:set package 'task4' build argument 'ament_cmake_args' from command line to 'None'
[0.233s] Level 5:colcon.colcon_core.verb:set package 'task4' build argument 'catkin_cmake_args' from command line to 'None'
[0.233s] Level 5:colcon.colcon_core.verb:set package 'task4' build argument 'catkin_skip_building_tests' from command line to 'False'
[0.233s] DEBUG:colcon.colcon_core.verb:Building package 'task4' with the following arguments: {'ament_cmake_args': None, 'build_base': '/root/ros_ws/build/task4', 'catkin_cmake_args': None, 'catkin_skip_building_tests': False, 'cmake_args': None, 'cmake_clean_cache': False, 'cmake_clean_first': False, 'cmake_force_configure': False, 'cmake_target': None, 'cmake_target_skip_unavailable': False, 'install_base': '/root/ros_ws/install/task4', 'merge_install': False, 'path': '/root/ros_ws/src/task4', 'symlink_install': True, 'test_result_base': None}
[0.233s] INFO:colcon.colcon_core.executor:Executing jobs using 'parallel' executor
[0.234s] DEBUG:colcon.colcon_parallel_executor.executor.parallel:run_until_complete
[0.234s] INFO:colcon.colcon_ros.task.ament_cmake.build:Building ROS package in '/root/ros_ws/src/custom_msgs' with build type 'ament_cmake'
[0.234s] INFO:colcon.colcon_cmake.task.cmake.build:Building CMake package in '/root/ros_ws/src/custom_msgs'
[0.236s] INFO:colcon.colcon_core.plugin_system:Skipping extension 'colcon_core.shell.bat': Not used on non-Windows systems
[0.236s] INFO:colcon.colcon_core.shell:Skip shell extension 'powershell' for command environment: Not usable outside of PowerShell
[0.236s] DEBUG:colcon.colcon_core.shell:Skip shell extension 'dsv' for command environment
[0.241s] INFO:colcon.colcon_ros.task.ament_python.build:Building ROS package in '/root/ros_ws/src/my_robot_controller' with build type 'ament_python'
[0.241s] Level 1:colcon.colcon_core.shell:create_environment_hook('my_robot_controller', 'ament_prefix_path')
[0.241s] INFO:colcon.colcon_core.shell:Creating environment hook '/root/ros_ws/install/my_robot_controller/share/my_robot_controller/hook/ament_prefix_path.ps1'
[0.242s] INFO:colcon.colcon_core.shell:Creating environment descriptor '/root/ros_ws/install/my_robot_controller/share/my_robot_controller/hook/ament_prefix_path.dsv'
[0.242s] INFO:colcon.colcon_core.shell:Creating environment hook '/root/ros_ws/install/my_robot_controller/share/my_robot_controller/hook/ament_prefix_path.sh'
[0.242s] INFO:colcon.colcon_core.shell:Skip shell extension 'powershell' for command environment: Not usable outside of PowerShell
[0.242s] DEBUG:colcon.colcon_core.shell:Skip shell extension 'dsv' for command environment
[0.245s] INFO:colcon.colcon_ros.task.ament_python.build:Building ROS package in '/root/ros_ws/py_srvcli' with build type 'ament_python'
[0.245s] Level 1:colcon.colcon_core.shell:create_environment_hook('py_srvcli', 'ament_prefix_path')
[0.245s] INFO:colcon.colcon_core.shell:Creating environment hook '/root/ros_ws/install/py_srvcli/share/py_srvcli/hook/ament_prefix_path.ps1'
[0.245s] INFO:colcon.colcon_core.shell:Creating environment descriptor '/root/ros_ws/install/py_srvcli/share/py_srvcli/hook/ament_prefix_path.dsv'
[0.246s] INFO:colcon.colcon_core.shell:Creating environment hook '/root/ros_ws/install/py_srvcli/share/py_srvcli/hook/ament_prefix_path.sh'
[0.246s] INFO:colcon.colcon_core.shell:Skip shell extension 'powershell' for command environment: Not usable outside of PowerShell
[0.246s] DEBUG:colcon.colcon_core.shell:Skip shell extension 'dsv' for command environment
[0.252s] DEBUG:colcon.colcon_core.event_handler.log_command:Invoking command in '/root/ros_ws/build/custom_msgs': CMAKE_PREFIX_PATH=${CMAKE_PREFIX_PATH}:/root/ros_ws/install/task3:/root/ros_ws/install/task2:/root/ros_ws/install/sensorPkg:/root/ros_ws/install/my_robot_controller:/opt/ros/humble /usr/bin/cmake --build /root/ros_ws/build/custom_msgs -- -j16 -l16
[0.439s] INFO:colcon.colcon_core.task.python.build:Building Python package in '/root/ros_ws/src/my_robot_controller'
[0.439s] INFO:colcon.colcon_core.shell:Skip shell extension 'powershell' for command environment: Not usable outside of PowerShell
[0.439s] DEBUG:colcon.colcon_core.shell:Skip shell extension 'dsv' for command environment
[0.629s] INFO:colcon.colcon_core.task.python.build:Building Python package in '/root/ros_ws/py_srvcli'
[0.630s] INFO:colcon.colcon_core.shell:Skip shell extension 'powershell' for command environment: Not usable outside of PowerShell
[0.630s] DEBUG:colcon.colcon_core.shell:Skip shell extension 'dsv' for command environment
[0.879s] DEBUG:colcon.colcon_core.event_handler.log_command:Invoking command in '/root/ros_ws/build/my_robot_controller': PYTHONPATH=/root/ros_ws/build/my_robot_controller/prefix_override:/usr/lib/python3/dist-packages/colcon_core/task/python/colcon_distutils_commands:/root/ros_ws/install/my_robot_controller/lib/python3.10/site-packages:${PYTHONPATH} /usr/bin/python3 -W ignore:setup.py install is deprecated -W ignore:easy_install command is deprecated setup.py develop --editable --build-directory /root/ros_ws/build/my_robot_controller/build --no-deps symlink_data
[0.884s] DEBUG:colcon.colcon_core.event_handler.log_command:Invoking command in '/root/ros_ws/build/py_srvcli': PYTHONPATH=/root/ros_ws/build/py_srvcli/prefix_override:/usr/lib/python3/dist-packages/colcon_core/task/python/colcon_distutils_commands:/root/ros_ws/install/py_srvcli/lib/python3.10/site-packages:${PYTHONPATH} /usr/bin/python3 -W ignore:setup.py install is deprecated -W ignore:easy_install command is deprecated setup.py develop --editable --build-directory /root/ros_ws/build/py_srvcli/build --no-deps symlink_data
[1.193s] Level 1:colcon.colcon_core.shell:create_environment_hook('my_robot_controller', 'pythonpath_develop')
[1.194s] INFO:colcon.colcon_core.shell:Creating environment hook '/root/ros_ws/build/my_robot_controller/share/my_robot_controller/hook/pythonpath_develop.ps1'
[1.194s] DEBUG:colcon.colcon_core.event_handler.log_command:Invoked command in '/root/ros_ws/build/my_robot_controller' returned '0': PYTHONPATH=/root/ros_ws/build/my_robot_controller/prefix_override:/usr/lib/python3/dist-packages/colcon_core/task/python/colcon_distutils_commands:/root/ros_ws/install/my_robot_controller/lib/python3.10/site-packages:${PYTHONPATH} /usr/bin/python3 -W ignore:setup.py install is deprecated -W ignore:easy_install command is deprecated setup.py develop --editable --build-directory /root/ros_ws/build/my_robot_controller/build --no-deps symlink_data
[1.194s] INFO:colcon.colcon_core.shell:Creating environment descriptor '/root/ros_ws/build/my_robot_controller/share/my_robot_controller/hook/pythonpath_develop.dsv'
[1.194s] INFO:colcon.colcon_core.shell:Creating environment hook '/root/ros_ws/build/my_robot_controller/share/my_robot_controller/hook/pythonpath_develop.sh'
[1.197s] Level 1:colcon.colcon_core.environment:checking '/root/ros_ws/install/my_robot_controller' for CMake module files
[1.197s] Level 1:colcon.colcon_core.environment:checking '/root/ros_ws/install/my_robot_controller' for CMake config files
[1.197s] Level 1:colcon.colcon_core.environment:checking '/root/ros_ws/install/my_robot_controller/lib'
[1.197s] Level 1:colcon.colcon_core.environment:checking '/root/ros_ws/install/my_robot_controller/bin'
[1.198s] Level 1:colcon.colcon_core.environment:checking '/root/ros_ws/install/my_robot_controller/lib/pkgconfig/my_robot_controller.pc'
[1.198s] Level 1:colcon.colcon_core.environment:checking '/root/ros_ws/install/my_robot_controller/lib/python3.10/site-packages'
[1.198s] Level 1:colcon.colcon_core.shell:create_environment_hook('my_robot_controller', 'pythonpath')
[1.198s] INFO:colcon.colcon_core.shell:Creating environment hook '/root/ros_ws/install/my_robot_controller/share/my_robot_controller/hook/pythonpath.ps1'
[1.198s] INFO:colcon.colcon_core.shell:Creating environment descriptor '/root/ros_ws/install/my_robot_controller/share/my_robot_controller/hook/pythonpath.dsv'
[1.198s] INFO:colcon.colcon_core.shell:Creating environment hook '/root/ros_ws/install/my_robot_controller/share/my_robot_controller/hook/pythonpath.sh'
[1.199s] Level 1:colcon.colcon_core.environment:checking '/root/ros_ws/install/my_robot_controller/bin'
[1.199s] Level 1:colcon.colcon_core.environment:create_environment_scripts_only(my_robot_controller)
[1.199s] INFO:colcon.colcon_core.shell:Creating package script '/root/ros_ws/install/my_robot_controller/share/my_robot_controller/package.ps1'
[1.200s] INFO:colcon.colcon_core.shell:Creating package descriptor '/root/ros_ws/install/my_robot_controller/share/my_robot_controller/package.dsv'
[1.201s] INFO:colcon.colcon_core.shell:Creating package script '/root/ros_ws/install/my_robot_controller/share/my_robot_controller/package.sh'
[1.202s] INFO:colcon.colcon_core.shell:Creating package script '/root/ros_ws/install/my_robot_controller/share/my_robot_controller/package.bash'
[1.202s] INFO:colcon.colcon_core.shell:Creating package script '/root/ros_ws/install/my_robot_controller/share/my_robot_controller/package.zsh'
[1.203s] Level 1:colcon.colcon_core.environment:create_file_with_runtime_dependencies(/root/ros_ws/install/my_robot_controller/share/colcon-core/packages/my_robot_controller)
[1.204s] Level 1:colcon.colcon_core.shell:create_environment_hook('py_srvcli', 'pythonpath_develop')
[1.204s] INFO:colcon.colcon_core.shell:Creating environment hook '/root/ros_ws/build/py_srvcli/share/py_srvcli/hook/pythonpath_develop.ps1'
[1.204s] DEBUG:colcon.colcon_core.event_handler.log_command:Invoked command in '/root/ros_ws/build/py_srvcli' returned '0': PYTHONPATH=/root/ros_ws/build/py_srvcli/prefix_override:/usr/lib/python3/dist-packages/colcon_core/task/python/colcon_distutils_commands:/root/ros_ws/install/py_srvcli/lib/python3.10/site-packages:${PYTHONPATH} /usr/bin/python3 -W ignore:setup.py install is deprecated -W ignore:easy_install command is deprecated setup.py develop --editable --build-directory /root/ros_ws/build/py_srvcli/build --no-deps symlink_data
[1.204s] INFO:colcon.colcon_core.shell:Creating environment descriptor '/root/ros_ws/build/py_srvcli/share/py_srvcli/hook/pythonpath_develop.dsv'
[1.205s] INFO:colcon.colcon_core.shell:Creating environment hook '/root/ros_ws/build/py_srvcli/share/py_srvcli/hook/pythonpath_develop.sh'
[1.205s] Level 1:colcon.colcon_core.environment:checking '/root/ros_ws/install/py_srvcli' for CMake module files
[1.205s] Level 1:colcon.colcon_core.environment:checking '/root/ros_ws/install/py_srvcli' for CMake config files
[1.206s] Level 1:colcon.colcon_core.environment:checking '/root/ros_ws/install/py_srvcli/lib'
[1.206s] Level 1:colcon.colcon_core.environment:checking '/root/ros_ws/install/py_srvcli/bin'
[1.206s] Level 1:colcon.colcon_core.environment:checking '/root/ros_ws/install/py_srvcli/lib/pkgconfig/py_srvcli.pc'
[1.206s] Level 1:colcon.colcon_core.environment:checking '/root/ros_ws/install/py_srvcli/lib/python3.10/site-packages'
[1.206s] Level 1:colcon.colcon_core.shell:create_environment_hook('py_srvcli', 'pythonpath')
[1.206s] INFO:colcon.colcon_core.shell:Creating environment hook '/root/ros_ws/install/py_srvcli/share/py_srvcli/hook/pythonpath.ps1'
[1.206s] INFO:colcon.colcon_core.shell:Creating environment descriptor '/root/ros_ws/install/py_srvcli/share/py_srvcli/hook/pythonpath.dsv'
[1.207s] INFO:colcon.colcon_core.shell:Creating environment hook '/root/ros_ws/install/py_srvcli/share/py_srvcli/hook/pythonpath.sh'
[1.207s] Level 1:colcon.colcon_core.environment:checking '/root/ros_ws/install/py_srvcli/bin'
[1.207s] Level 1:colcon.colcon_core.environment:create_environment_scripts_only(py_srvcli)
[1.207s] INFO:colcon.colcon_core.shell:Creating package script '/root/ros_ws/install/py_srvcli/share/py_srvcli/package.ps1'
[1.208s] INFO:colcon.colcon_core.shell:Creating package descriptor '/root/ros_ws/install/py_srvcli/share/py_srvcli/package.dsv'
[1.208s] INFO:colcon.colcon_core.shell:Creating package script '/root/ros_ws/install/py_srvcli/share/py_srvcli/package.sh'
[1.208s] INFO:colcon.colcon_core.shell:Creating package script '/root/ros_ws/install/py_srvcli/share/py_srvcli/package.bash'
[1.209s] INFO:colcon.colcon_core.shell:Creating package script '/root/ros_ws/install/py_srvcli/share/py_srvcli/package.zsh'
[1.209s] Level 1:colcon.colcon_core.environment:create_file_with_runtime_dependencies(/root/ros_ws/install/py_srvcli/share/colcon-core/packages/py_srvcli)
[4.636s] DEBUG:colcon.colcon_core.event_handler.log_command:Invoked command in '/root/ros_ws/build/custom_msgs' returned '0': CMAKE_PREFIX_PATH=${CMAKE_PREFIX_PATH}:/root/ros_ws/install/task3:/root/ros_ws/install/task2:/root/ros_ws/install/sensorPkg:/root/ros_ws/install/my_robot_controller:/opt/ros/humble /usr/bin/cmake --build /root/ros_ws/build/custom_msgs -- -j16 -l16
[4.640s] DEBUG:colcon.colcon_core.event_handler.log_command:Invoking command in '/root/ros_ws/build/custom_msgs': CMAKE_PREFIX_PATH=${CMAKE_PREFIX_PATH}:/root/ros_ws/install/task3:/root/ros_ws/install/task2:/root/ros_ws/install/sensorPkg:/root/ros_ws/install/my_robot_controller:/opt/ros/humble /usr/bin/cmake --install /root/ros_ws/build/custom_msgs
[4.704s] Level 1:colcon.colcon_core.environment:create_environment_scripts_only(custom_msgs)
[4.704s] Level 1:colcon.colcon_core.environment:checking '/root/ros_ws/install/custom_msgs' for CMake module files
[4.705s] DEBUG:colcon.colcon_core.event_handler.log_command:Invoked command in '/root/ros_ws/build/custom_msgs' returned '0': CMAKE_PREFIX_PATH=${CMAKE_PREFIX_PATH}:/root/ros_ws/install/task3:/root/ros_ws/install/task2:/root/ros_ws/install/sensorPkg:/root/ros_ws/install/my_robot_controller:/opt/ros/humble /usr/bin/cmake --install /root/ros_ws/build/custom_msgs
[4.705s] Level 1:colcon.colcon_core.environment:checking '/root/ros_ws/install/custom_msgs' for CMake config files
[4.706s] Level 1:colcon.colcon_core.shell:create_environment_hook('custom_msgs', 'cmake_prefix_path')
[4.706s] INFO:colcon.colcon_core.shell:Creating environment hook '/root/ros_ws/install/custom_msgs/share/custom_msgs/hook/cmake_prefix_path.ps1'
[4.706s] INFO:colcon.colcon_core.shell:Creating environment descriptor '/root/ros_ws/install/custom_msgs/share/custom_msgs/hook/cmake_prefix_path.dsv'
[4.706s] INFO:colcon.colcon_core.shell:Creating environment hook '/root/ros_ws/install/custom_msgs/share/custom_msgs/hook/cmake_prefix_path.sh'
[4.707s] Level 1:colcon.colcon_core.environment:checking '/root/ros_ws/install/custom_msgs/lib'
[4.707s] Level 1:colcon.colcon_core.shell:create_environment_hook('custom_msgs', 'ld_library_path_lib')
[4.707s] INFO:colcon.colcon_core.shell:Creating environment hook '/root/ros_ws/install/custom_msgs/share/custom_msgs/hook/ld_library_path_lib.ps1'
[4.707s] INFO:colcon.colcon_core.shell:Creating environment descriptor '/root/ros_ws/install/custom_msgs/share/custom_msgs/hook/ld_library_path_lib.dsv'
[4.708s] INFO:colcon.colcon_core.shell:Creating environment hook '/root/ros_ws/install/custom_msgs/share/custom_msgs/hook/ld_library_path_lib.sh'
[4.708s] Level 1:colcon.colcon_core.environment:checking '/root/ros_ws/install/custom_msgs/bin'
[4.708s] Level 1:colcon.colcon_core.environment:checking '/root/ros_ws/install/custom_msgs/lib/pkgconfig/custom_msgs.pc'
[4.708s] Level 1:colcon.colcon_core.environment:checking '/root/ros_ws/install/custom_msgs/lib/python3.10/site-packages'
[4.709s] Level 1:colcon.colcon_core.environment:checking '/root/ros_ws/install/custom_msgs/bin'
[4.709s] INFO:colcon.colcon_core.shell:Creating package script '/root/ros_ws/install/custom_msgs/share/custom_msgs/package.ps1'
[4.709s] INFO:colcon.colcon_core.shell:Creating package descriptor '/root/ros_ws/install/custom_msgs/share/custom_msgs/package.dsv'
[4.709s] INFO:colcon.colcon_core.shell:Creating package script '/root/ros_ws/install/custom_msgs/share/custom_msgs/package.sh'
[4.710s] INFO:colcon.colcon_core.shell:Creating package script '/root/ros_ws/install/custom_msgs/share/custom_msgs/package.bash'
[4.710s] INFO:colcon.colcon_core.shell:Creating package script '/root/ros_ws/install/custom_msgs/share/custom_msgs/package.zsh'
[4.710s] Level 1:colcon.colcon_core.environment:create_file_with_runtime_dependencies(/root/ros_ws/install/custom_msgs/share/colcon-core/packages/custom_msgs)
[4.711s] Level 1:colcon.colcon_core.environment:create_environment_scripts_only(custom_msgs)
[4.711s] Level 1:colcon.colcon_core.environment:checking '/root/ros_ws/install/custom_msgs' for CMake module files
[4.711s] Level 1:colcon.colcon_core.environment:checking '/root/ros_ws/install/custom_msgs' for CMake config files
[4.712s] Level 1:colcon.colcon_core.shell:create_environment_hook('custom_msgs', 'cmake_prefix_path')
[4.712s] INFO:colcon.colcon_core.shell:Creating environment hook '/root/ros_ws/install/custom_msgs/share/custom_msgs/hook/cmake_prefix_path.ps1'
[4.712s] INFO:colcon.colcon_core.shell:Creating environment descriptor '/root/ros_ws/install/custom_msgs/share/custom_msgs/hook/cmake_prefix_path.dsv'
[4.713s] INFO:colcon.colcon_core.shell:Creating environment hook '/root/ros_ws/install/custom_msgs/share/custom_msgs/hook/cmake_prefix_path.sh'
[4.713s] Level 1:colcon.colcon_core.environment:checking '/root/ros_ws/install/custom_msgs/lib'
[4.713s] Level 1:colcon.colcon_core.shell:create_environment_hook('custom_msgs', 'ld_library_path_lib')
[4.713s] INFO:colcon.colcon_core.shell:Creating environment hook '/root/ros_ws/install/custom_msgs/share/custom_msgs/hook/ld_library_path_lib.ps1'
[4.713s] INFO:colcon.colcon_core.shell:Creating environment descriptor '/root/ros_ws/install/custom_msgs/share/custom_msgs/hook/ld_library_path_lib.dsv'
[4.714s] INFO:colcon.colcon_core.shell:Creating environment hook '/root/ros_ws/install/custom_msgs/share/custom_msgs/hook/ld_library_path_lib.sh'
[4.714s] Level 1:colcon.colcon_core.environment:checking '/root/ros_ws/install/custom_msgs/bin'
[4.714s] Level 1:colcon.colcon_core.environment:checking '/root/ros_ws/install/custom_msgs/lib/pkgconfig/custom_msgs.pc'
[4.714s] Level 1:colcon.colcon_core.environment:checking '/root/ros_ws/install/custom_msgs/lib/python3.10/site-packages'
[4.714s] Level 1:colcon.colcon_core.environment:checking '/root/ros_ws/install/custom_msgs/bin'
[4.715s] INFO:colcon.colcon_core.shell:Creating package script '/root/ros_ws/install/custom_msgs/share/custom_msgs/package.ps1'
[4.715s] INFO:colcon.colcon_core.shell:Creating package descriptor '/root/ros_ws/install/custom_msgs/share/custom_msgs/package.dsv'
[4.715s] INFO:colcon.colcon_core.shell:Creating package script '/root/ros_ws/install/custom_msgs/share/custom_msgs/package.sh'
[4.716s] INFO:colcon.colcon_core.shell:Creating package script '/root/ros_ws/install/custom_msgs/share/custom_msgs/package.bash'
[4.716s] INFO:colcon.colcon_core.shell:Creating package script '/root/ros_ws/install/custom_msgs/share/custom_msgs/package.zsh'
[4.716s] Level 1:colcon.colcon_core.environment:create_file_with_runtime_dependencies(/root/ros_ws/install/custom_msgs/share/colcon-core/packages/custom_msgs)
[4.716s] INFO:colcon.colcon_ros.task.ament_python.build:Building ROS package in '/root/ros_ws/src/sensorPkg' with build type 'ament_python'
[4.717s] Level 1:colcon.colcon_core.shell:create_environment_hook('sensorPkg', 'ament_prefix_path')
[4.717s] INFO:colcon.colcon_core.shell:Creating environment hook '/root/ros_ws/install/sensorPkg/share/sensorPkg/hook/ament_prefix_path.ps1'
[4.717s] INFO:colcon.colcon_core.shell:Creating environment descriptor '/root/ros_ws/install/sensorPkg/share/sensorPkg/hook/ament_prefix_path.dsv'
[4.718s] INFO:colcon.colcon_core.shell:Creating environment hook '/root/ros_ws/install/sensorPkg/share/sensorPkg/hook/ament_prefix_path.sh'
[4.718s] INFO:colcon.colcon_core.shell:Skip shell extension 'powershell' for command environment: Not usable outside of PowerShell
[4.718s] DEBUG:colcon.colcon_core.shell:Skip shell extension 'dsv' for command environment
[4.722s] INFO:colcon.colcon_ros.task.ament_python.build:Building ROS package in '/root/ros_ws/src/task2' with build type 'ament_python'
[4.722s] Level 1:colcon.colcon_core.shell:create_environment_hook('task2', 'ament_prefix_path')
[4.722s] INFO:colcon.colcon_core.shell:Creating environment hook '/root/ros_ws/install/task2/share/task2/hook/ament_prefix_path.ps1'
[4.723s] INFO:colcon.colcon_core.shell:Creating environment descriptor '/root/ros_ws/install/task2/share/task2/hook/ament_prefix_path.dsv'
[4.723s] INFO:colcon.colcon_core.shell:Creating environment hook '/root/ros_ws/install/task2/share/task2/hook/ament_prefix_path.sh'
[4.724s] INFO:colcon.colcon_core.shell:Skip shell extension 'powershell' for command environment: Not usable outside of PowerShell
[4.724s] DEBUG:colcon.colcon_core.shell:Skip shell extension 'dsv' for command environment
[4.727s] INFO:colcon.colcon_ros.task.ament_python.build:Building ROS package in '/root/ros_ws/src/task3' with build type 'ament_python'
[4.727s] Level 1:colcon.colcon_core.shell:create_environment_hook('task3', 'ament_prefix_path')
[4.727s] INFO:colcon.colcon_core.shell:Creating environment hook '/root/ros_ws/install/task3/share/task3/hook/ament_prefix_path.ps1'
[4.728s] INFO:colcon.colcon_core.shell:Creating environment descriptor '/root/ros_ws/install/task3/share/task3/hook/ament_prefix_path.dsv'
[4.728s] INFO:colcon.colcon_core.shell:Creating environment hook '/root/ros_ws/install/task3/share/task3/hook/ament_prefix_path.sh'
[4.729s] INFO:colcon.colcon_core.shell:Skip shell extension 'powershell' for command environment: Not usable outside of PowerShell
[4.729s] DEBUG:colcon.colcon_core.shell:Skip shell extension 'dsv' for command environment
[4.731s] INFO:colcon.colcon_ros.task.ament_python.build:Building ROS package in '/root/ros_ws/src/task4' with build type 'ament_python'
[4.732s] Level 1:colcon.colcon_core.shell:create_environment_hook('task4', 'ament_prefix_path')
[4.732s] INFO:colcon.colcon_core.shell:Creating environment hook '/root/ros_ws/install/task4/share/task4/hook/ament_prefix_path.ps1'
[4.732s] INFO:colcon.colcon_core.shell:Creating environment descriptor '/root/ros_ws/install/task4/share/task4/hook/ament_prefix_path.dsv'
[4.732s] INFO:colcon.colcon_core.shell:Creating environment hook '/root/ros_ws/install/task4/share/task4/hook/ament_prefix_path.sh'
[4.733s] INFO:colcon.colcon_core.shell:Skip shell extension 'powershell' for command environment: Not usable outside of PowerShell
[4.733s] DEBUG:colcon.colcon_core.shell:Skip shell extension 'dsv' for command environment
[4.912s] INFO:colcon.colcon_core.task.python.build:Building Python package in '/root/ros_ws/src/sensorPkg'
[4.912s] INFO:colcon.colcon_core.shell:Skip shell extension 'powershell' for command environment: Not usable outside of PowerShell
[4.912s] DEBUG:colcon.colcon_core.shell:Skip shell extension 'dsv' for command environment
[5.090s] INFO:colcon.colcon_core.task.python.build:Building Python package in '/root/ros_ws/src/task2'
[5.090s] INFO:colcon.colcon_core.shell:Skip shell extension 'powershell' for command environment: Not usable outside of PowerShell
[5.090s] DEBUG:colcon.colcon_core.shell:Skip shell extension 'dsv' for command environment
[5.267s] INFO:colcon.colcon_core.task.python.build:Building Python package in '/root/ros_ws/src/task3'
[5.267s] INFO:colcon.colcon_core.shell:Skip shell extension 'powershell' for command environment: Not usable outside of PowerShell
[5.267s] DEBUG:colcon.colcon_core.shell:Skip shell extension 'dsv' for command environment
[5.447s] INFO:colcon.colcon_core.task.python.build:Building Python package in '/root/ros_ws/src/task4'
[5.447s] INFO:colcon.colcon_core.shell:Skip shell extension 'powershell' for command environment: Not usable outside of PowerShell
[5.447s] DEBUG:colcon.colcon_core.shell:Skip shell extension 'dsv' for command environment
[5.714s] DEBUG:colcon.colcon_core.event_handler.log_command:Invoking command in '/root/ros_ws/build/task3': PYTHONPATH=/root/ros_ws/build/task3/prefix_override:/usr/lib/python3/dist-packages/colcon_core/task/python/colcon_distutils_commands:/root/ros_ws/install/task3/lib/python3.10/site-packages:${PYTHONPATH} /usr/bin/python3 -W ignore:setup.py install is deprecated -W ignore:easy_install command is deprecated setup.py develop --editable --build-directory /root/ros_ws/build/task3/build --no-deps symlink_data
[5.715s] DEBUG:colcon.colcon_core.event_handler.log_command:Invoking command in '/root/ros_ws/build/sensorPkg': PYTHONPATH=/root/ros_ws/build/sensorPkg/prefix_override:/usr/lib/python3/dist-packages/colcon_core/task/python/colcon_distutils_commands:/root/ros_ws/install/sensorPkg/lib/python3.10/site-packages:${PYTHONPATH} /usr/bin/python3 -W ignore:setup.py install is deprecated -W ignore:easy_install command is deprecated setup.py develop --editable --build-directory /root/ros_ws/build/sensorPkg/build --no-deps symlink_data
[5.717s] DEBUG:colcon.colcon_core.event_handler.log_command:Invoking command in '/root/ros_ws/build/task2': PYTHONPATH=/root/ros_ws/build/task2/prefix_override:/usr/lib/python3/dist-packages/colcon_core/task/python/colcon_distutils_commands:/root/ros_ws/install/task2/lib/python3.10/site-packages:${PYTHONPATH} /usr/bin/python3 -W ignore:setup.py install is deprecated -W ignore:easy_install command is deprecated setup.py develop --editable --build-directory /root/ros_ws/build/task2/build --no-deps symlink_data
[5.728s] DEBUG:colcon.colcon_core.event_handler.log_command:Invoking command in '/root/ros_ws/build/task4': PYTHONPATH=/root/ros_ws/build/task4/prefix_override:/usr/lib/python3/dist-packages/colcon_core/task/python/colcon_distutils_commands:/root/ros_ws/install/task4/lib/python3.10/site-packages:${PYTHONPATH} /usr/bin/python3 -W ignore:setup.py install is deprecated -W ignore:easy_install command is deprecated setup.py develop --editable --build-directory /root/ros_ws/build/task4/build --no-deps symlink_data
[6.055s] Level 1:colcon.colcon_core.shell:create_environment_hook('task2', 'pythonpath_develop')
[6.055s] INFO:colcon.colcon_core.shell:Creating environment hook '/root/ros_ws/build/task2/share/task2/hook/pythonpath_develop.ps1'
[6.055s] DEBUG:colcon.colcon_core.event_handler.log_command:Invoked command in '/root/ros_ws/build/task2' returned '0': PYTHONPATH=/root/ros_ws/build/task2/prefix_override:/usr/lib/python3/dist-packages/colcon_core/task/python/colcon_distutils_commands:/root/ros_ws/install/task2/lib/python3.10/site-packages:${PYTHONPATH} /usr/bin/python3 -W ignore:setup.py install is deprecated -W ignore:easy_install command is deprecated setup.py develop --editable --build-directory /root/ros_ws/build/task2/build --no-deps symlink_data
[6.056s] INFO:colcon.colcon_core.shell:Creating environment descriptor '/root/ros_ws/build/task2/share/task2/hook/pythonpath_develop.dsv'
[6.056s] INFO:colcon.colcon_core.shell:Creating environment hook '/root/ros_ws/build/task2/share/task2/hook/pythonpath_develop.sh'
[6.057s] Level 1:colcon.colcon_core.environment:checking '/root/ros_ws/install/task2' for CMake module files
[6.057s] Level 1:colcon.colcon_core.environment:checking '/root/ros_ws/install/task2' for CMake config files
[6.057s] Level 1:colcon.colcon_core.environment:checking '/root/ros_ws/install/task2/lib'
[6.057s] Level 1:colcon.colcon_core.environment:checking '/root/ros_ws/install/task2/bin'
[6.057s] Level 1:colcon.colcon_core.environment:checking '/root/ros_ws/install/task2/lib/pkgconfig/task2.pc'
[6.058s] Level 1:colcon.colcon_core.environment:checking '/root/ros_ws/install/task2/lib/python3.10/site-packages'
[6.058s] Level 1:colcon.colcon_core.shell:create_environment_hook('task2', 'pythonpath')
[6.058s] INFO:colcon.colcon_core.shell:Creating environment hook '/root/ros_ws/install/task2/share/task2/hook/pythonpath.ps1'
[6.058s] INFO:colcon.colcon_core.shell:Creating environment descriptor '/root/ros_ws/install/task2/share/task2/hook/pythonpath.dsv'
[6.058s] INFO:colcon.colcon_core.shell:Creating environment hook '/root/ros_ws/install/task2/share/task2/hook/pythonpath.sh'
[6.059s] Level 1:colcon.colcon_core.environment:checking '/root/ros_ws/install/task2/bin'
[6.059s] Level 1:colcon.colcon_core.environment:create_environment_scripts_only(task2)
[6.059s] INFO:colcon.colcon_core.shell:Creating package script '/root/ros_ws/install/task2/share/task2/package.ps1'
[6.060s] INFO:colcon.colcon_core.shell:Creating package descriptor '/root/ros_ws/install/task2/share/task2/package.dsv'
[6.060s] INFO:colcon.colcon_core.shell:Creating package script '/root/ros_ws/install/task2/share/task2/package.sh'
[6.060s] INFO:colcon.colcon_core.shell:Creating package script '/root/ros_ws/install/task2/share/task2/package.bash'
[6.060s] INFO:colcon.colcon_core.shell:Creating package script '/root/ros_ws/install/task2/share/task2/package.zsh'
[6.061s] Level 1:colcon.colcon_core.environment:create_file_with_runtime_dependencies(/root/ros_ws/install/task2/share/colcon-core/packages/task2)
[6.061s] Level 1:colcon.colcon_core.shell:create_environment_hook('task3', 'pythonpath_develop')
[6.061s] INFO:colcon.colcon_core.shell:Creating environment hook '/root/ros_ws/build/task3/share/task3/hook/pythonpath_develop.ps1'
[6.062s] INFO:colcon.colcon_core.shell:Creating environment descriptor '/root/ros_ws/build/task3/share/task3/hook/pythonpath_develop.dsv'
[6.062s] DEBUG:colcon.colcon_core.event_handler.log_command:Invoked command in '/root/ros_ws/build/task3' returned '0': PYTHONPATH=/root/ros_ws/build/task3/prefix_override:/usr/lib/python3/dist-packages/colcon_core/task/python/colcon_distutils_commands:/root/ros_ws/install/task3/lib/python3.10/site-packages:${PYTHONPATH} /usr/bin/python3 -W ignore:setup.py install is deprecated -W ignore:easy_install command is deprecated setup.py develop --editable --build-directory /root/ros_ws/build/task3/build --no-deps symlink_data
[6.062s] INFO:colcon.colcon_core.shell:Creating environment hook '/root/ros_ws/build/task3/share/task3/hook/pythonpath_develop.sh'
[6.063s] Level 1:colcon.colcon_core.environment:checking '/root/ros_ws/install/task3' for CMake module files
[6.063s] Level 1:colcon.colcon_core.environment:checking '/root/ros_ws/install/task3' for CMake config files
[6.063s] Level 1:colcon.colcon_core.environment:checking '/root/ros_ws/install/task3/lib'
[6.063s] Level 1:colcon.colcon_core.environment:checking '/root/ros_ws/install/task3/bin'
[6.063s] Level 1:colcon.colcon_core.environment:checking '/root/ros_ws/install/task3/lib/pkgconfig/task3.pc'
[6.063s] Level 1:colcon.colcon_core.environment:checking '/root/ros_ws/install/task3/lib/python3.10/site-packages'
[6.063s] Level 1:colcon.colcon_core.shell:create_environment_hook('task3', 'pythonpath')
[6.064s] INFO:colcon.colcon_core.shell:Creating environment hook '/root/ros_ws/install/task3/share/task3/hook/pythonpath.ps1'
[6.064s] INFO:colcon.colcon_core.shell:Creating environment descriptor '/root/ros_ws/install/task3/share/task3/hook/pythonpath.dsv'
[6.064s] INFO:colcon.colcon_core.shell:Creating environment hook '/root/ros_ws/install/task3/share/task3/hook/pythonpath.sh'
[6.065s] Level 1:colcon.colcon_core.environment:checking '/root/ros_ws/install/task3/bin'
[6.065s] Level 1:colcon.colcon_core.environment:create_environment_scripts_only(task3)
[6.065s] INFO:colcon.colcon_core.shell:Creating package script '/root/ros_ws/install/task3/share/task3/package.ps1'
[6.065s] INFO:colcon.colcon_core.shell:Creating package descriptor '/root/ros_ws/install/task3/share/task3/package.dsv'
[6.066s] INFO:colcon.colcon_core.shell:Creating package script '/root/ros_ws/install/task3/share/task3/package.sh'
[6.066s] INFO:colcon.colcon_core.shell:Creating package script '/root/ros_ws/install/task3/share/task3/package.bash'
[6.066s] INFO:colcon.colcon_core.shell:Creating package script '/root/ros_ws/install/task3/share/task3/package.zsh'
[6.066s] Level 1:colcon.colcon_core.environment:create_file_with_runtime_dependencies(/root/ros_ws/install/task3/share/colcon-core/packages/task3)
[6.067s] Level 1:colcon.colcon_core.shell:create_environment_hook('sensorPkg', 'pythonpath_develop')
[6.067s] INFO:colcon.colcon_core.shell:Creating environment hook '/root/ros_ws/build/sensorPkg/share/sensorPkg/hook/pythonpath_develop.ps1'
[6.067s] INFO:colcon.colcon_core.shell:Creating environment descriptor '/root/ros_ws/build/sensorPkg/share/sensorPkg/hook/pythonpath_develop.dsv'
[6.067s] DEBUG:colcon.colcon_core.event_handler.log_command:Invoked command in '/root/ros_ws/build/sensorPkg' returned '0': PYTHONPATH=/root/ros_ws/build/sensorPkg/prefix_override:/usr/lib/python3/dist-packages/colcon_core/task/python/colcon_distutils_commands:/root/ros_ws/install/sensorPkg/lib/python3.10/site-packages:${PYTHONPATH} /usr/bin/python3 -W ignore:setup.py install is deprecated -W ignore:easy_install command is deprecated setup.py develop --editable --build-directory /root/ros_ws/build/sensorPkg/build --no-deps symlink_data
[6.068s] INFO:colcon.colcon_core.shell:Creating environment hook '/root/ros_ws/build/sensorPkg/share/sensorPkg/hook/pythonpath_develop.sh'
[6.068s] Level 1:colcon.colcon_core.environment:checking '/root/ros_ws/install/sensorPkg' for CMake module files
[6.068s] Level 1:colcon.colcon_core.environment:checking '/root/ros_ws/install/sensorPkg' for CMake config files
[6.069s] Level 1:colcon.colcon_core.environment:checking '/root/ros_ws/install/sensorPkg/lib'
[6.069s] Level 1:colcon.colcon_core.environment:checking '/root/ros_ws/install/sensorPkg/bin'
[6.069s] Level 1:colcon.colcon_core.environment:checking '/root/ros_ws/install/sensorPkg/lib/pkgconfig/sensorPkg.pc'
[6.069s] Level 1:colcon.colcon_core.environment:checking '/root/ros_ws/install/sensorPkg/lib/python3.10/site-packages'
[6.069s] Level 1:colcon.colcon_core.shell:create_environment_hook('sensorPkg', 'pythonpath')
[6.069s] INFO:colcon.colcon_core.shell:Creating environment hook '/root/ros_ws/install/sensorPkg/share/sensorPkg/hook/pythonpath.ps1'
[6.069s] INFO:colcon.colcon_core.shell:Creating environment descriptor '/root/ros_ws/install/sensorPkg/share/sensorPkg/hook/pythonpath.dsv'
[6.070s] INFO:colcon.colcon_core.shell:Creating environment hook '/root/ros_ws/install/sensorPkg/share/sensorPkg/hook/pythonpath.sh'
[6.070s] Level 1:colcon.colcon_core.environment:checking '/root/ros_ws/install/sensorPkg/bin'
[6.070s] Level 1:colcon.colcon_core.environment:create_environment_scripts_only(sensorPkg)
[6.071s] INFO:colcon.colcon_core.shell:Creating package script '/root/ros_ws/install/sensorPkg/share/sensorPkg/package.ps1'
[6.071s] INFO:colcon.colcon_core.shell:Creating package descriptor '/root/ros_ws/install/sensorPkg/share/sensorPkg/package.dsv'
[6.072s] INFO:colcon.colcon_core.shell:Creating package script '/root/ros_ws/install/sensorPkg/share/sensorPkg/package.sh'
[6.072s] INFO:colcon.colcon_core.shell:Creating package script '/root/ros_ws/install/sensorPkg/share/sensorPkg/package.bash'
[6.072s] INFO:colcon.colcon_core.shell:Creating package script '/root/ros_ws/install/sensorPkg/share/sensorPkg/package.zsh'
[6.073s] Level 1:colcon.colcon_core.environment:create_file_with_runtime_dependencies(/root/ros_ws/install/sensorPkg/share/colcon-core/packages/sensorPkg)
[6.074s] Level 1:colcon.colcon_core.shell:create_environment_hook('task4', 'pythonpath_develop')
[6.075s] INFO:colcon.colcon_core.shell:Creating environment hook '/root/ros_ws/build/task4/share/task4/hook/pythonpath_develop.ps1'
[6.075s] DEBUG:colcon.colcon_core.event_handler.log_command:Invoked command in '/root/ros_ws/build/task4' returned '0': PYTHONPATH=/root/ros_ws/build/task4/prefix_override:/usr/lib/python3/dist-packages/colcon_core/task/python/colcon_distutils_commands:/root/ros_ws/install/task4/lib/python3.10/site-packages:${PYTHONPATH} /usr/bin/python3 -W ignore:setup.py install is deprecated -W ignore:easy_install command is deprecated setup.py develop --editable --build-directory /root/ros_ws/build/task4/build --no-deps symlink_data
[6.075s] INFO:colcon.colcon_core.shell:Creating environment descriptor '/root/ros_ws/build/task4/share/task4/hook/pythonpath_develop.dsv'
[6.076s] INFO:colcon.colcon_core.shell:Creating environment hook '/root/ros_ws/build/task4/share/task4/hook/pythonpath_develop.sh'
[6.076s] Level 1:colcon.colcon_core.environment:checking '/root/ros_ws/install/task4' for CMake module files
[6.076s] Level 1:colcon.colcon_core.environment:checking '/root/ros_ws/install/task4' for CMake config files
[6.077s] Level 1:colcon.colcon_core.environment:checking '/root/ros_ws/install/task4/lib'
[6.077s] Level 1:colcon.colcon_core.environment:checking '/root/ros_ws/install/task4/bin'
[6.077s] Level 1:colcon.colcon_core.environment:checking '/root/ros_ws/install/task4/lib/pkgconfig/task4.pc'
[6.077s] Level 1:colcon.colcon_core.environment:checking '/root/ros_ws/install/task4/lib/python3.10/site-packages'
[6.077s] Level 1:colcon.colcon_core.shell:create_environment_hook('task4', 'pythonpath')
[6.077s] INFO:colcon.colcon_core.shell:Creating environment hook '/root/ros_ws/install/task4/share/task4/hook/pythonpath.ps1'
[6.077s] INFO:colcon.colcon_core.shell:Creating environment descriptor '/root/ros_ws/install/task4/share/task4/hook/pythonpath.dsv'
[6.078s] INFO:colcon.colcon_core.shell:Creating environment hook '/root/ros_ws/install/task4/share/task4/hook/pythonpath.sh'
[6.078s] Level 1:colcon.colcon_core.environment:checking '/root/ros_ws/install/task4/bin'
[6.078s] Level 1:colcon.colcon_core.environment:create_environment_scripts_only(task4)
[6.078s] INFO:colcon.colcon_core.shell:Creating package script '/root/ros_ws/install/task4/share/task4/package.ps1'
[6.079s] INFO:colcon.colcon_core.shell:Creating package descriptor '/root/ros_ws/install/task4/share/task4/package.dsv'
[6.079s] INFO:colcon.colcon_core.shell:Creating package script '/root/ros_ws/install/task4/share/task4/package.sh'
[6.079s] INFO:colcon.colcon_core.shell:Creating package script '/root/ros_ws/install/task4/share/task4/package.bash'
[6.079s] INFO:colcon.colcon_core.shell:Creating package script '/root/ros_ws/install/task4/share/task4/package.zsh'
[6.080s] Level 1:colcon.colcon_core.environment:create_file_with_runtime_dependencies(/root/ros_ws/install/task4/share/colcon-core/packages/task4)
[6.080s] DEBUG:colcon.colcon_parallel_executor.executor.parallel:closing loop
[6.080s] DEBUG:colcon.colcon_parallel_executor.executor.parallel:loop closed
[6.080s] DEBUG:colcon.colcon_parallel_executor.executor.parallel:run_until_complete finished with '0'
[6.080s] DEBUG:colcon.colcon_core.event_reactor:joining thread
[6.084s] INFO:colcon.colcon_core.plugin_system:Skipping extension 'colcon_notification.desktop_notification.notify_send': Could not find 'notify-send'
[6.085s] INFO:colcon.colcon_core.plugin_system:Skipping extension 'colcon_notification.desktop_notification.terminal_notifier': Not used on non-Darwin systems
[6.085s] INFO:colcon.colcon_core.plugin_system:Skipping extension 'colcon_notification.desktop_notification.win32': Not used on non-Windows systems
[6.085s] INFO:colcon.colcon_notification.desktop_notification:Sending desktop notification using 'notify2'
[6.087s] DEBUG:colcon.colcon_notification.desktop_notification.notify2:Failed to initialize notify2: org.freedesktop.DBus.Error.Spawn.ExecFailed: /usr/bin/dbus-launch terminated abnormally without any error message
[6.088s] DEBUG:colcon.colcon_core.event_reactor:joined thread
[6.088s] INFO:colcon.colcon_core.shell:Creating prefix script '/root/ros_ws/install/local_setup.ps1'
[6.089s] INFO:colcon.colcon_core.shell:Creating prefix util module '/root/ros_ws/install/_local_setup_util_ps1.py'
[6.090s] INFO:colcon.colcon_core.shell:Creating prefix chain script '/root/ros_ws/install/setup.ps1'
[6.091s] INFO:colcon.colcon_core.shell:Creating prefix script '/root/ros_ws/install/local_setup.sh'
[6.092s] INFO:colcon.colcon_core.shell:Creating prefix util module '/root/ros_ws/install/_local_setup_util_sh.py'
[6.092s] INFO:colcon.colcon_core.shell:Creating prefix chain script '/root/ros_ws/install/setup.sh'
[6.093s] INFO:colcon.colcon_core.shell:Creating prefix script '/root/ros_ws/install/local_setup.bash'
[6.093s] INFO:colcon.colcon_core.shell:Creating prefix chain script '/root/ros_ws/install/setup.bash'
[6.094s] INFO:colcon.colcon_core.shell:Creating prefix script '/root/ros_ws/install/local_setup.zsh'
[6.094s] INFO:colcon.colcon_core.shell:Creating prefix chain script '/root/ros_ws/install/setup.zsh'
