[1.264s] Invoking command in '/root/ros_ws/src/build/action_demo_pkg': PYTHONPATH=/root/ros_ws/src/build/action_demo_pkg/prefix_override:/usr/lib/python3/dist-packages/colcon_core/task/python/colcon_distutils_commands:/root/ros_ws/src/install/action_demo_pkg/lib/python3.10/site-packages:${PYTHONPATH} /usr/bin/python3 -W ignore:setup.py install is deprecated -W ignore:easy_install command is deprecated setup.py develop --editable --build-directory /root/ros_ws/src/build/action_demo_pkg/build --no-deps symlink_data
[1.479s] running develop
[1.594s] running egg_info
[1.594s] creating action_demo_pkg.egg-info
[1.594s] writing action_demo_pkg.egg-info/PKG-INFO
[1.595s] writing dependency_links to action_demo_pkg.egg-info/dependency_links.txt
[1.595s] writing entry points to action_demo_pkg.egg-info/entry_points.txt
[1.595s] writing requirements to action_demo_pkg.egg-info/requires.txt
[1.595s] writing top-level names to action_demo_pkg.egg-info/top_level.txt
[1.595s] writing manifest file 'action_demo_pkg.egg-info/SOURCES.txt'
[1.596s] reading manifest file 'action_demo_pkg.egg-info/SOURCES.txt'
[1.597s] writing manifest file 'action_demo_pkg.egg-info/SOURCES.txt'
[1.598s] running build_ext
[1.598s] Creating /root/ros_ws/src/install/action_demo_pkg/lib/python3.10/site-packages/action-demo-pkg.egg-link (link to .)
[1.599s] Installing client script to /root/ros_ws/src/install/action_demo_pkg/lib/action_demo_pkg
[1.599s] Installing server script to /root/ros_ws/src/install/action_demo_pkg/lib/action_demo_pkg
[1.599s] 
[1.599s] Installed /root/ros_ws/src/build/action_demo_pkg
[1.599s] running symlink_data
[1.599s] creating /root/ros_ws/src/install/action_demo_pkg/share/ament_index
[1.599s] creating /root/ros_ws/src/install/action_demo_pkg/share/ament_index/resource_index
[1.600s] creating /root/ros_ws/src/install/action_demo_pkg/share/ament_index/resource_index/packages
[1.600s] symbolically linking /root/ros_ws/src/build/action_demo_pkg/resource/action_demo_pkg -> /root/ros_ws/src/install/action_demo_pkg/share/ament_index/resource_index/packages
[1.600s] symbolically linking /root/ros_ws/src/build/action_demo_pkg/package.xml -> /root/ros_ws/src/install/action_demo_pkg/share/action_demo_pkg
[1.642s] Invoked command in '/root/ros_ws/src/build/action_demo_pkg' returned '0': PYTHONPATH=/root/ros_ws/src/build/action_demo_pkg/prefix_override:/usr/lib/python3/dist-packages/colcon_core/task/python/colcon_distutils_commands:/root/ros_ws/src/install/action_demo_pkg/lib/python3.10/site-packages:${PYTHONPATH} /usr/bin/python3 -W ignore:setup.py install is deprecated -W ignore:easy_install command is deprecated setup.py develop --editable --build-directory /root/ros_ws/src/build/action_demo_pkg/build --no-deps symlink_data
