[0.639s] Invoking command in '/root/ros_ws/build/py_srvcli': PYTHONPATH=/root/ros_ws/build/py_srvcli/prefix_override:/usr/lib/python3/dist-packages/colcon_core/task/python/colcon_distutils_commands:/root/ros_ws/install/py_srvcli/lib/python3.10/site-packages:${PYTHONPATH} /usr/bin/python3 -W ignore:setup.py install is deprecated -W ignore:easy_install command is deprecated setup.py develop --editable --build-directory /root/ros_ws/build/py_srvcli/build --no-deps symlink_data
[0.820s] running develop
[0.921s] running egg_info
[0.921s] creating py_srvcli.egg-info
[0.922s] writing py_srvcli.egg-info/PKG-INFO
[0.922s] writing dependency_links to py_srvcli.egg-info/dependency_links.txt
[0.922s] writing entry points to py_srvcli.egg-info/entry_points.txt
[0.922s] writing requirements to py_srvcli.egg-info/requires.txt
[0.922s] writing top-level names to py_srvcli.egg-info/top_level.txt
[0.922s] writing manifest file 'py_srvcli.egg-info/SOURCES.txt'
[0.923s] reading manifest file 'py_srvcli.egg-info/SOURCES.txt'
[0.924s] writing manifest file 'py_srvcli.egg-info/SOURCES.txt'
[0.925s] running build_ext
[0.925s] Creating /root/ros_ws/install/py_srvcli/lib/python3.10/site-packages/py-srvcli.egg-link (link to .)
[0.925s] 
[0.925s] Installed /root/ros_ws/build/py_srvcli
[0.925s] running symlink_data
[0.926s] creating /root/ros_ws/install/py_srvcli/share/ament_index
[0.926s] creating /root/ros_ws/install/py_srvcli/share/ament_index/resource_index
[0.926s] creating /root/ros_ws/install/py_srvcli/share/ament_index/resource_index/packages
[0.926s] symbolically linking /root/ros_ws/build/py_srvcli/resource/py_srvcli -> /root/ros_ws/install/py_srvcli/share/ament_index/resource_index/packages
[0.926s] symbolically linking /root/ros_ws/build/py_srvcli/package.xml -> /root/ros_ws/install/py_srvcli/share/py_srvcli
[0.959s] Invoked command in '/root/ros_ws/build/py_srvcli' returned '0': PYTHONPATH=/root/ros_ws/build/py_srvcli/prefix_override:/usr/lib/python3/dist-packages/colcon_core/task/python/colcon_distutils_commands:/root/ros_ws/install/py_srvcli/lib/python3.10/site-packages:${PYTHONPATH} /usr/bin/python3 -W ignore:setup.py install is deprecated -W ignore:easy_install command is deprecated setup.py develop --editable --build-directory /root/ros_ws/build/py_srvcli/build --no-deps symlink_data
