[1.006s] Invoking command in '/root/ros_ws/build/src/task4': PYTHONPATH=/root/ros_ws/build/src/task4/prefix_override:/usr/lib/python3/dist-packages/colcon_core/task/python/colcon_distutils_commands:/root/ros_ws/install/src/task4/lib/python3.10/site-packages:${PYTHONPATH} /usr/bin/python3 -W ignore:setup.py install is deprecated -W ignore:easy_install command is deprecated setup.py develop --editable --build-directory /root/ros_ws/build/src/task4/build --no-deps symlink_data
[1.201s] running develop
[1.312s] running egg_info
[1.312s] creating src_task4.egg-info
[1.312s] writing src_task4.egg-info/PKG-INFO
[1.312s] writing dependency_links to src_task4.egg-info/dependency_links.txt
[1.312s] writing entry points to src_task4.egg-info/entry_points.txt
[1.312s] writing requirements to src_task4.egg-info/requires.txt
[1.312s] writing top-level names to src_task4.egg-info/top_level.txt
[1.312s] writing manifest file 'src_task4.egg-info/SOURCES.txt'
[1.313s] reading manifest file 'src_task4.egg-info/SOURCES.txt'
[1.313s] writing manifest file 'src_task4.egg-info/SOURCES.txt'
[1.314s] running build_ext
[1.315s] Creating /root/ros_ws/install/src/task4/lib/python3.10/site-packages/src-task4.egg-link (link to .)
[1.316s] Installing server script to /root/ros_ws/install/src/task4/lib/src/task4
[1.316s] 
[1.316s] Installed /root/ros_ws/build/src/task4
[1.316s] running symlink_data
[1.316s] creating /root/ros_ws/install/src/task4/share
[1.316s] creating /root/ros_ws/install/src/task4/share/ament_index
[1.316s] creating /root/ros_ws/install/src/task4/share/ament_index/resource_index
[1.316s] creating /root/ros_ws/install/src/task4/share/ament_index/resource_index/packages
[1.316s] symbolically linking /root/ros_ws/build/src/task4/resource/src/task4 -> /root/ros_ws/install/src/task4/share/ament_index/resource_index/packages
[1.316s] creating /root/ros_ws/install/src/task4/share/src
[1.316s] creating /root/ros_ws/install/src/task4/share/src/task4
[1.317s] symbolically linking /root/ros_ws/build/src/task4/package.xml -> /root/ros_ws/install/src/task4/share/src/task4
[1.356s] Invoked command in '/root/ros_ws/build/src/task4' returned '0': PYTHONPATH=/root/ros_ws/build/src/task4/prefix_override:/usr/lib/python3/dist-packages/colcon_core/task/python/colcon_distutils_commands:/root/ros_ws/install/src/task4/lib/python3.10/site-packages:${PYTHONPATH} /usr/bin/python3 -W ignore:setup.py install is deprecated -W ignore:easy_install command is deprecated setup.py develop --editable --build-directory /root/ros_ws/build/src/task4/build --no-deps symlink_data
