[0.013s] Invoking command in '/root/ros_ws/build/custom_msgs': CMAKE_PREFIX_PATH=/opt/ros/humble /usr/bin/cmake --build /root/ros_ws/build/custom_msgs -- -j16 -l16
[0.024s] [0mCMake Deprecation Warning at CMakeLists.txt:1 (cmake_minimum_required):
[0.025s]   Compatibility with CMake < 3.10 will be removed from a future version of
[0.025s]   CMake.
[0.025s] 
[0.025s]   Update the VERSION argument <min> value.  Or, use the <min>...<max> syntax
[0.025s]   to tell CMake that the project requires at least <min> but has been updated
[0.025s]   to work with policies introduced by <max> or earlier.
[0.025s] 
[0.025s] [0m
[0.029s] -- Found ament_cmake: 1.3.14 (/opt/ros/humble/share/ament_cmake/cmake)
[0.165s] -- Override CMake install command with custom implementation using symlinks instead of copying resources
[0.172s] -- Found rosidl_default_generators: 1.2.1 (/opt/ros/humble/share/rosidl_default_generators/cmake)
[0.173s] -- Using all available rosidl_typesupport_c: rosidl_typesupport_fastrtps_c;rosidl_typesupport_introspection_c
[0.175s] -- Found rosidl_adapter: 3.1.8 (/opt/ros/humble/share/rosidl_adapter/cmake)
[0.200s] -- Using all available rosidl_typesupport_cpp: rosidl_typesupport_fastrtps_cpp;rosidl_typesupport_introspection_cpp
[0.222s] -- Found geometry_msgs: 4.9.1 (/opt/ros/humble/share/geometry_msgs/cmake)
[0.258s] -- Found action_msgs: 1.2.2 (/opt/ros/humble/share/action_msgs/cmake)
[0.610s] -- Found ament_cmake_ros: 0.10.0 (/opt/ros/humble/share/ament_cmake_ros/cmake)
[0.968s] -- Using all available rosidl_typesupport_c: rosidl_typesupport_fastrtps_c;rosidl_typesupport_introspection_c
[1.433s] -- Using all available rosidl_typesupport_cpp: rosidl_typesupport_fastrtps_cpp;rosidl_typesupport_introspection_cpp
[1.434s] [33mCMake Warning (dev) at /opt/ros/humble/share/rosidl_generator_py/cmake/rosidl_generator_py_generate_interfaces.cmake:20 (find_package):
[1.434s]   Policy CMP0148 is not set: The FindPythonInterp and FindPythonLibs modules
[1.434s]   are removed.  Run "cmake --help-policy CMP0148" for policy details.  Use
[1.434s]   the cmake_policy command to set the policy and suppress this warning.
[1.434s] 
[1.434s] Call Stack (most recent call first):
[1.434s]   /opt/ros/humble/share/ament_cmake_core/cmake/core/ament_execute_extensions.cmake:48 (include)
[1.434s]   /opt/ros/humble/share/rosidl_cmake/cmake/rosidl_generate_interfaces.cmake:286 (ament_execute_extensions)
[1.434s]   CMakeLists.txt:9 (rosidl_generate_interfaces)
[1.434s] This warning is for project developers.  Use -Wno-dev to suppress it.
[1.434s] [0m
[1.450s] -- Found python_cmake_module: 0.10.0 (/opt/ros/humble/share/python_cmake_module/cmake)
[1.450s] [33mCMake Warning (dev) at /opt/ros/humble/share/python_cmake_module/cmake/Modules/FindPythonExtra.cmake:52 (find_package):
[1.450s]   Policy CMP0148 is not set: The FindPythonInterp and FindPythonLibs modules
[1.451s]   are removed.  Run "cmake --help-policy CMP0148" for policy details.  Use
[1.451s]   the cmake_policy command to set the policy and suppress this warning.
[1.451s] 
[1.451s] Call Stack (most recent call first):
[1.451s]   /opt/ros/humble/share/rosidl_generator_py/cmake/rosidl_generator_py_generate_interfaces.cmake:23 (find_package)
[1.451s]   /opt/ros/humble/share/ament_cmake_core/cmake/core/ament_execute_extensions.cmake:48 (include)
[1.451s]   /opt/ros/humble/share/rosidl_cmake/cmake/rosidl_generate_interfaces.cmake:286 (ament_execute_extensions)
[1.451s]   CMakeLists.txt:9 (rosidl_generate_interfaces)
[1.451s] This warning is for project developers.  Use -Wno-dev to suppress it.
[1.451s] [0m
[1.465s] [33mCMake Warning (dev) at /opt/ros/humble/share/python_cmake_module/cmake/Modules/FindPythonExtra.cmake:140 (find_package):
[1.465s]   Policy CMP0148 is not set: The FindPythonInterp and FindPythonLibs modules
[1.465s]   are removed.  Run "cmake --help-policy CMP0148" for policy details.  Use
[1.465s]   the cmake_policy command to set the policy and suppress this warning.
[1.465s] 
[1.465s] Call Stack (most recent call first):
[1.465s]   /opt/ros/humble/share/rosidl_generator_py/cmake/rosidl_generator_py_generate_interfaces.cmake:23 (find_package)
[1.465s]   /opt/ros/humble/share/ament_cmake_core/cmake/core/ament_execute_extensions.cmake:48 (include)
[1.465s]   /opt/ros/humble/share/rosidl_cmake/cmake/rosidl_generate_interfaces.cmake:286 (ament_execute_extensions)
[1.465s]   CMakeLists.txt:9 (rosidl_generate_interfaces)
[1.465s] This warning is for project developers.  Use -Wno-dev to suppress it.
[1.466s] [0m
[1.470s] -- Using PYTHON_EXECUTABLE: /usr/bin/python3
[1.471s] -- Using PYTHON_INCLUDE_DIRS: /usr/include/python3.10
[1.471s] -- Using PYTHON_LIBRARIES: /usr/lib/x86_64-linux-gnu/libpython3.10.so
[1.628s] -- Found ament_lint_auto: 0.12.15 (/opt/ros/humble/share/ament_lint_auto/cmake)
[1.646s] -- Added test 'lint_cmake' to check CMake code style
[1.648s] -- Added test 'xmllint' to check XML markup files
[1.652s] -- Configuring done (1.6s)
[1.719s] -- Generating done (0.1s)
[1.736s] -- Build files have been written to: /root/ros_ws/build/custom_msgs
[1.753s] [  1%] [1m[34mGenerating C code for ROS interfaces[0m
[1.757s] [  3%] [1m[34mGenerating C++ code for ROS interfaces[0m
[1.757s] [  5%] [1m[34mGenerating Rust code for ROS interfaces[0m
[1.760s] [  5%] Built target ament_cmake_python_symlink_custom_msgs
[1.924s] running egg_info
[1.925s] writing custom_msgs.egg-info/PKG-INFO
[1.925s] writing dependency_links to custom_msgs.egg-info/dependency_links.txt
[1.925s] writing top-level names to custom_msgs.egg-info/top_level.txt
[1.927s] reading manifest file 'custom_msgs.egg-info/SOURCES.txt'
[1.927s] writing manifest file 'custom_msgs.egg-info/SOURCES.txt'
[1.946s] [  5%] Built target ament_cmake_python_build_custom_msgs_egg
[1.985s] [  5%] Built target custom_msgs__rs
[2.159s] [  5%] Built target custom_msgs__cpp
[2.163s] [  8%] [32mBuilding C object CMakeFiles/custom_msgs__rosidl_generator_c.dir/rosidl_generator_c/custom_msgs/msg/detail/extended_vector3__functions.c.o[0m
[2.163s] [  8%] [32mBuilding C object CMakeFiles/custom_msgs__rosidl_generator_c.dir/rosidl_generator_c/custom_msgs/msg/detail/robot_status__functions.c.o[0m
[2.163s] [ 12%] [32mBuilding C object CMakeFiles/custom_msgs__rosidl_generator_c.dir/rosidl_generator_c/custom_msgs/action/detail/count_down__functions.c.o[0m
[2.163s] [ 12%] [32mBuilding C object CMakeFiles/custom_msgs__rosidl_generator_c.dir/rosidl_generator_c/custom_msgs/srv/detail/add_number__functions.c.o[0m
[2.164s] [ 14%] [1m[34mGenerating C++ type support dispatch for ROS interfaces[0m
[2.164s] [ 16%] [1m[34mGenerating C++ introspection for ROS interfaces[0m
[2.164s] [ 17%] [1m[34mGenerating C++ type support for eProsima Fast-RTPS[0m
[2.299s] [ 19%] [1m[32mLinking C shared library libcustom_msgs__rosidl_generator_c.so[0m
[2.335s] [ 19%] Built target custom_msgs__rosidl_generator_c
[2.341s] [ 25%] [1m[34mGenerating C type support for eProsima Fast-RTPS[0m
[2.341s] [ 25%] [1m[34mGenerating C introspection for ROS interfaces[0m
[2.341s] [ 25%] [1m[34mGenerating C type support dispatch for ROS interfaces[0m
[2.421s] [ 26%] [32mBuilding CXX object CMakeFiles/custom_msgs__rosidl_typesupport_cpp.dir/rosidl_typesupport_cpp/custom_msgs/msg/extended_vector3__type_support.cpp.o[0m
[2.421s] [ 28%] [32mBuilding CXX object CMakeFiles/custom_msgs__rosidl_typesupport_cpp.dir/rosidl_typesupport_cpp/custom_msgs/srv/add_number__type_support.cpp.o[0m
[2.421s] [ 30%] [32mBuilding CXX object CMakeFiles/custom_msgs__rosidl_typesupport_cpp.dir/rosidl_typesupport_cpp/custom_msgs/action/count_down__type_support.cpp.o[0m
[2.422s] [ 32%] [32mBuilding CXX object CMakeFiles/custom_msgs__rosidl_typesupport_cpp.dir/rosidl_typesupport_cpp/custom_msgs/msg/robot_status__type_support.cpp.o[0m
[2.476s] [ 33%] [32mBuilding CXX object CMakeFiles/custom_msgs__rosidl_typesupport_introspection_cpp.dir/rosidl_typesupport_introspection_cpp/custom_msgs/srv/detail/add_number__type_support.cpp.o[0m
[2.476s] [ 35%] [32mBuilding CXX object CMakeFiles/custom_msgs__rosidl_typesupport_introspection_cpp.dir/rosidl_typesupport_introspection_cpp/custom_msgs/msg/detail/extended_vector3__type_support.cpp.o[0m
[2.476s] [ 37%] [32mBuilding CXX object CMakeFiles/custom_msgs__rosidl_typesupport_introspection_cpp.dir/rosidl_typesupport_introspection_cpp/custom_msgs/msg/detail/robot_status__type_support.cpp.o[0m
[2.476s] [ 39%] [32mBuilding CXX object CMakeFiles/custom_msgs__rosidl_typesupport_introspection_cpp.dir/rosidl_typesupport_introspection_cpp/custom_msgs/action/detail/count_down__type_support.cpp.o[0m
[2.556s] [ 41%] [32mBuilding CXX object CMakeFiles/custom_msgs__rosidl_typesupport_fastrtps_cpp.dir/rosidl_typesupport_fastrtps_cpp/custom_msgs/msg/detail/dds_fastrtps/extended_vector3__type_support.cpp.o[0m
[2.556s] [ 42%] [32mBuilding CXX object CMakeFiles/custom_msgs__rosidl_typesupport_fastrtps_cpp.dir/rosidl_typesupport_fastrtps_cpp/custom_msgs/msg/detail/dds_fastrtps/robot_status__type_support.cpp.o[0m
[2.557s] [ 44%] [32mBuilding CXX object CMakeFiles/custom_msgs__rosidl_typesupport_fastrtps_cpp.dir/rosidl_typesupport_fastrtps_cpp/custom_msgs/srv/detail/dds_fastrtps/add_number__type_support.cpp.o[0m
[2.557s] [ 46%] [32mBuilding CXX object CMakeFiles/custom_msgs__rosidl_typesupport_fastrtps_cpp.dir/rosidl_typesupport_fastrtps_cpp/custom_msgs/action/detail/dds_fastrtps/count_down__type_support.cpp.o[0m
[2.734s] [ 50%] [32mBuilding CXX object CMakeFiles/custom_msgs__rosidl_typesupport_c.dir/rosidl_typesupport_c/custom_msgs/msg/extended_vector3__type_support.cpp.o[0m
[2.734s] [ 50%] [32mBuilding CXX object CMakeFiles/custom_msgs__rosidl_typesupport_c.dir/rosidl_typesupport_c/custom_msgs/msg/robot_status__type_support.cpp.o[0m
[2.785s] [ 53%] [32mBuilding CXX object CMakeFiles/custom_msgs__rosidl_typesupport_c.dir/rosidl_typesupport_c/custom_msgs/srv/add_number__type_support.cpp.o[0m
[2.785s] [ 53%] [32mBuilding CXX object CMakeFiles/custom_msgs__rosidl_typesupport_c.dir/rosidl_typesupport_c/custom_msgs/action/count_down__type_support.cpp.o[0m
[2.853s] [ 60%] [32mBuilding C object CMakeFiles/custom_msgs__rosidl_typesupport_introspection_c.dir/rosidl_typesupport_introspection_c/custom_msgs/msg/detail/robot_status__type_support.c.o[0m
[2.853s] [ 60%] [32mBuilding C object CMakeFiles/custom_msgs__rosidl_typesupport_introspection_c.dir/rosidl_typesupport_introspection_c/custom_msgs/action/detail/count_down__type_support.c.o[0m
[2.853s] [ 60%] [32mBuilding C object CMakeFiles/custom_msgs__rosidl_typesupport_introspection_c.dir/rosidl_typesupport_introspection_c/custom_msgs/msg/detail/extended_vector3__type_support.c.o[0m
[2.853s] [ 60%] [32mBuilding C object CMakeFiles/custom_msgs__rosidl_typesupport_introspection_c.dir/rosidl_typesupport_introspection_c/custom_msgs/srv/detail/add_number__type_support.c.o[0m
[2.853s] [ 62%] [1m[32mLinking CXX shared library libcustom_msgs__rosidl_typesupport_c.so[0m
[2.911s] [ 62%] Built target custom_msgs__rosidl_typesupport_c
[2.922s] [ 64%] [1m[32mLinking C shared library libcustom_msgs__rosidl_typesupport_introspection_c.so[0m
[2.947s] [ 66%] [32mBuilding CXX object CMakeFiles/custom_msgs__rosidl_typesupport_fastrtps_c.dir/rosidl_typesupport_fastrtps_c/custom_msgs/msg/detail/extended_vector3__type_support_c.cpp.o[0m
[2.948s] [ 67%] [32mBuilding CXX object CMakeFiles/custom_msgs__rosidl_typesupport_fastrtps_c.dir/rosidl_typesupport_fastrtps_c/custom_msgs/msg/detail/robot_status__type_support_c.cpp.o[0m
[2.948s] [ 71%] [32mBuilding CXX object CMakeFiles/custom_msgs__rosidl_typesupport_fastrtps_c.dir/rosidl_typesupport_fastrtps_c/custom_msgs/srv/detail/add_number__type_support_c.cpp.o[0m
[2.948s] [ 71%] [32mBuilding CXX object CMakeFiles/custom_msgs__rosidl_typesupport_fastrtps_c.dir/rosidl_typesupport_fastrtps_c/custom_msgs/action/detail/count_down__type_support_c.cpp.o[0m
[2.964s] [ 71%] Built target custom_msgs__rosidl_typesupport_introspection_c
[3.057s] [ 73%] [1m[32mLinking CXX shared library libcustom_msgs__rosidl_typesupport_cpp.so[0m
[3.093s] [ 73%] Built target custom_msgs__rosidl_typesupport_cpp
[3.184s] [ 75%] [1m[32mLinking CXX shared library libcustom_msgs__rosidl_typesupport_introspection_cpp.so[0m
[3.193s] [ 76%] [1m[32mLinking CXX shared library libcustom_msgs__rosidl_typesupport_fastrtps_cpp.so[0m
[3.262s] [ 76%] Built target custom_msgs__rosidl_typesupport_introspection_cpp
[3.271s] [ 76%] Built target custom_msgs__rosidl_typesupport_fastrtps_cpp
[3.315s] [ 78%] [1m[32mLinking CXX shared library libcustom_msgs__rosidl_typesupport_fastrtps_c.so[0m
[3.368s] [ 78%] Built target custom_msgs__rosidl_typesupport_fastrtps_c
[3.378s] [ 78%] Built target custom_msgs
[3.387s] [ 80%] [1m[34mGenerating Python code for ROS interfaces[0m
[4.024s] [ 80%] Built target custom_msgs__py
[4.040s] [ 82%] [32mBuilding C object CMakeFiles/custom_msgs__rosidl_generator_py.dir/rosidl_generator_py/custom_msgs/msg/_extended_vector3_s.c.o[0m
[4.040s] [ 83%] [32mBuilding C object CMakeFiles/custom_msgs__rosidl_generator_py.dir/rosidl_generator_py/custom_msgs/msg/_robot_status_s.c.o[0m
[4.041s] [ 87%] [32mBuilding C object CMakeFiles/custom_msgs__rosidl_generator_py.dir/rosidl_generator_py/custom_msgs/srv/_add_number_s.c.o[0m
[4.041s] [ 87%] [32mBuilding C object CMakeFiles/custom_msgs__rosidl_generator_py.dir/rosidl_generator_py/custom_msgs/action/_count_down_s.c.o[0m
[4.163s] [ 89%] [1m[32mLinking C shared library rosidl_generator_py/custom_msgs/libcustom_msgs__rosidl_generator_py.so[0m
[4.194s] [ 89%] Built target custom_msgs__rosidl_generator_py
[4.205s] [ 92%] [32mBuilding C object CMakeFiles/custom_msgs__rosidl_typesupport_introspection_c__pyext.dir/rosidl_generator_py/custom_msgs/_custom_msgs_s.ep.rosidl_typesupport_introspection_c.c.o[0m
[4.205s] [ 92%] [32mBuilding C object CMakeFiles/custom_msgs__rosidl_typesupport_fastrtps_c__pyext.dir/rosidl_generator_py/custom_msgs/_custom_msgs_s.ep.rosidl_typesupport_fastrtps_c.c.o[0m
[4.206s] [ 94%] [32mBuilding C object CMakeFiles/custom_msgs__rosidl_typesupport_c__pyext.dir/rosidl_generator_py/custom_msgs/_custom_msgs_s.ep.rosidl_typesupport_c.c.o[0m
[4.306s] [100%] [1m[32mLinking C shared library rosidl_generator_py/custom_msgs/custom_msgs_s__rosidl_typesupport_introspection_c.cpython-310-x86_64-linux-gnu.so[0m
[4.306s] [100%] [1m[32mLinking C shared library rosidl_generator_py/custom_msgs/custom_msgs_s__rosidl_typesupport_c.cpython-310-x86_64-linux-gnu.so[0m
[4.307s] [100%] [1m[32mLinking C shared library rosidl_generator_py/custom_msgs/custom_msgs_s__rosidl_typesupport_fastrtps_c.cpython-310-x86_64-linux-gnu.so[0m
[4.336s] [100%] Built target custom_msgs__rosidl_typesupport_introspection_c__pyext
[4.336s] [100%] Built target custom_msgs__rosidl_typesupport_fastrtps_c__pyext
[4.336s] [100%] Built target custom_msgs__rosidl_typesupport_c__pyext
[4.342s] Invoked command in '/root/ros_ws/build/custom_msgs' returned '0': CMAKE_PREFIX_PATH=/opt/ros/humble /usr/bin/cmake --build /root/ros_ws/build/custom_msgs -- -j16 -l16
[4.346s] Invoking command in '/root/ros_ws/build/custom_msgs': CMAKE_PREFIX_PATH=/opt/ros/humble /usr/bin/cmake --install /root/ros_ws/build/custom_msgs
[4.349s] -- Install configuration: ""
[4.349s] -- Execute custom install script
[4.350s] -- Up-to-date symlink: /root/ros_ws/install/custom_msgs/share/ament_index/resource_index/rosidl_interfaces/custom_msgs
[4.351s] -- Symlinking: /root/ros_ws/install/custom_msgs/include/custom_msgs/custom_msgs/action/count_down.h
[4.354s] -- Symlinking: /root/ros_ws/install/custom_msgs/include/custom_msgs/custom_msgs/action/detail/count_down__functions.h
[4.357s] -- Symlinking: /root/ros_ws/install/custom_msgs/include/custom_msgs/custom_msgs/action/detail/count_down__struct.h
[4.360s] -- Symlinking: /root/ros_ws/install/custom_msgs/include/custom_msgs/custom_msgs/action/detail/count_down__type_support.h
[4.364s] -- Up-to-date symlink: /root/ros_ws/install/custom_msgs/include/custom_msgs/custom_msgs/msg/detail/extended_vector3__functions.h
[4.364s] -- Up-to-date symlink: /root/ros_ws/install/custom_msgs/include/custom_msgs/custom_msgs/msg/detail/extended_vector3__struct.h
[4.364s] -- Up-to-date symlink: /root/ros_ws/install/custom_msgs/include/custom_msgs/custom_msgs/msg/detail/extended_vector3__type_support.h
[4.365s] -- Up-to-date symlink: /root/ros_ws/install/custom_msgs/include/custom_msgs/custom_msgs/msg/detail/robot_status__functions.h
[4.365s] -- Up-to-date symlink: /root/ros_ws/install/custom_msgs/include/custom_msgs/custom_msgs/msg/detail/robot_status__struct.h
[4.365s] -- Up-to-date symlink: /root/ros_ws/install/custom_msgs/include/custom_msgs/custom_msgs/msg/detail/robot_status__type_support.h
[4.365s] -- Up-to-date symlink: /root/ros_ws/install/custom_msgs/include/custom_msgs/custom_msgs/msg/extended_vector3.h
[4.365s] -- Up-to-date symlink: /root/ros_ws/install/custom_msgs/include/custom_msgs/custom_msgs/msg/robot_status.h
[4.365s] -- Up-to-date symlink: /root/ros_ws/install/custom_msgs/include/custom_msgs/custom_msgs/msg/rosidl_generator_c__visibility_control.h
[4.366s] -- Up-to-date symlink: /root/ros_ws/install/custom_msgs/include/custom_msgs/custom_msgs/srv/add_number.h
[4.366s] -- Up-to-date symlink: /root/ros_ws/install/custom_msgs/include/custom_msgs/custom_msgs/srv/detail/add_number__functions.h
[4.366s] -- Up-to-date symlink: /root/ros_ws/install/custom_msgs/include/custom_msgs/custom_msgs/srv/detail/add_number__struct.h
[4.366s] -- Up-to-date symlink: /root/ros_ws/install/custom_msgs/include/custom_msgs/custom_msgs/srv/detail/add_number__type_support.h
[4.367s] -- Up-to-date symlink: /root/ros_ws/install/custom_msgs/share/custom_msgs/environment/library_path.sh
[4.367s] -- Up-to-date symlink: /root/ros_ws/install/custom_msgs/share/custom_msgs/environment/library_path.dsv
[4.367s] -- Symlinking: /root/ros_ws/install/custom_msgs/include/custom_msgs/custom_msgs/action/detail/count_down__rosidl_typesupport_fastrtps_c.h
[4.370s] -- Up-to-date symlink: /root/ros_ws/install/custom_msgs/include/custom_msgs/custom_msgs/msg/detail/extended_vector3__rosidl_typesupport_fastrtps_c.h
[4.370s] -- Up-to-date symlink: /root/ros_ws/install/custom_msgs/include/custom_msgs/custom_msgs/msg/detail/robot_status__rosidl_typesupport_fastrtps_c.h
[4.370s] -- Up-to-date symlink: /root/ros_ws/install/custom_msgs/include/custom_msgs/custom_msgs/msg/rosidl_typesupport_fastrtps_c__visibility_control.h
[4.371s] -- Up-to-date symlink: /root/ros_ws/install/custom_msgs/include/custom_msgs/custom_msgs/srv/detail/add_number__rosidl_typesupport_fastrtps_c.h
[4.371s] -- Symlinking: /root/ros_ws/install/custom_msgs/include/custom_msgs/custom_msgs/action/detail/count_down__rosidl_typesupport_introspection_c.h
[4.374s] -- Up-to-date symlink: /root/ros_ws/install/custom_msgs/include/custom_msgs/custom_msgs/msg/detail/extended_vector3__rosidl_typesupport_introspection_c.h
[4.374s] -- Up-to-date symlink: /root/ros_ws/install/custom_msgs/include/custom_msgs/custom_msgs/msg/detail/robot_status__rosidl_typesupport_introspection_c.h
[4.375s] -- Up-to-date symlink: /root/ros_ws/install/custom_msgs/include/custom_msgs/custom_msgs/msg/rosidl_typesupport_introspection_c__visibility_control.h
[4.375s] -- Up-to-date symlink: /root/ros_ws/install/custom_msgs/include/custom_msgs/custom_msgs/srv/detail/add_number__rosidl_typesupport_introspection_c.h
[4.375s] -- Symlinking: /root/ros_ws/install/custom_msgs/include/custom_msgs/custom_msgs/action/count_down.hpp
[4.378s] -- Symlinking: /root/ros_ws/install/custom_msgs/include/custom_msgs/custom_msgs/action/detail/count_down__builder.hpp
[4.381s] -- Symlinking: /root/ros_ws/install/custom_msgs/include/custom_msgs/custom_msgs/action/detail/count_down__struct.hpp
[4.384s] -- Symlinking: /root/ros_ws/install/custom_msgs/include/custom_msgs/custom_msgs/action/detail/count_down__traits.hpp
[4.387s] -- Symlinking: /root/ros_ws/install/custom_msgs/include/custom_msgs/custom_msgs/action/detail/count_down__type_support.hpp
[4.390s] -- Up-to-date symlink: /root/ros_ws/install/custom_msgs/include/custom_msgs/custom_msgs/msg/detail/extended_vector3__builder.hpp
[4.391s] -- Up-to-date symlink: /root/ros_ws/install/custom_msgs/include/custom_msgs/custom_msgs/msg/detail/extended_vector3__struct.hpp
[4.391s] -- Up-to-date symlink: /root/ros_ws/install/custom_msgs/include/custom_msgs/custom_msgs/msg/detail/extended_vector3__traits.hpp
[4.391s] -- Up-to-date symlink: /root/ros_ws/install/custom_msgs/include/custom_msgs/custom_msgs/msg/detail/extended_vector3__type_support.hpp
[4.391s] -- Up-to-date symlink: /root/ros_ws/install/custom_msgs/include/custom_msgs/custom_msgs/msg/detail/robot_status__builder.hpp
[4.391s] -- Up-to-date symlink: /root/ros_ws/install/custom_msgs/include/custom_msgs/custom_msgs/msg/detail/robot_status__struct.hpp
[4.391s] -- Up-to-date symlink: /root/ros_ws/install/custom_msgs/include/custom_msgs/custom_msgs/msg/detail/robot_status__traits.hpp
[4.392s] -- Up-to-date symlink: /root/ros_ws/install/custom_msgs/include/custom_msgs/custom_msgs/msg/detail/robot_status__type_support.hpp
[4.392s] -- Up-to-date symlink: /root/ros_ws/install/custom_msgs/include/custom_msgs/custom_msgs/msg/extended_vector3.hpp
[4.392s] -- Up-to-date symlink: /root/ros_ws/install/custom_msgs/include/custom_msgs/custom_msgs/msg/robot_status.hpp
[4.392s] -- Up-to-date symlink: /root/ros_ws/install/custom_msgs/include/custom_msgs/custom_msgs/msg/rosidl_generator_cpp__visibility_control.hpp
[4.392s] -- Up-to-date symlink: /root/ros_ws/install/custom_msgs/include/custom_msgs/custom_msgs/srv/add_number.hpp
[4.392s] -- Up-to-date symlink: /root/ros_ws/install/custom_msgs/include/custom_msgs/custom_msgs/srv/detail/add_number__builder.hpp
[4.393s] -- Up-to-date symlink: /root/ros_ws/install/custom_msgs/include/custom_msgs/custom_msgs/srv/detail/add_number__struct.hpp
[4.393s] -- Up-to-date symlink: /root/ros_ws/install/custom_msgs/include/custom_msgs/custom_msgs/srv/detail/add_number__traits.hpp
[4.393s] -- Up-to-date symlink: /root/ros_ws/install/custom_msgs/include/custom_msgs/custom_msgs/srv/detail/add_number__type_support.hpp
[4.393s] -- Symlinking: /root/ros_ws/install/custom_msgs/include/custom_msgs/custom_msgs/action/detail/count_down__rosidl_typesupport_fastrtps_cpp.hpp
[4.396s] -- Up-to-date symlink: /root/ros_ws/install/custom_msgs/include/custom_msgs/custom_msgs/msg/detail/extended_vector3__rosidl_typesupport_fastrtps_cpp.hpp
[4.397s] -- Up-to-date symlink: /root/ros_ws/install/custom_msgs/include/custom_msgs/custom_msgs/msg/detail/robot_status__rosidl_typesupport_fastrtps_cpp.hpp
[4.397s] -- Up-to-date symlink: /root/ros_ws/install/custom_msgs/include/custom_msgs/custom_msgs/msg/rosidl_typesupport_fastrtps_cpp__visibility_control.h
[4.397s] -- Up-to-date symlink: /root/ros_ws/install/custom_msgs/include/custom_msgs/custom_msgs/srv/detail/add_number__rosidl_typesupport_fastrtps_cpp.hpp
[4.397s] -- Symlinking: /root/ros_ws/install/custom_msgs/include/custom_msgs/custom_msgs/action/detail/count_down__rosidl_typesupport_introspection_cpp.hpp
[4.400s] -- Up-to-date symlink: /root/ros_ws/install/custom_msgs/include/custom_msgs/custom_msgs/msg/detail/extended_vector3__rosidl_typesupport_introspection_cpp.hpp
[4.400s] -- Up-to-date symlink: /root/ros_ws/install/custom_msgs/include/custom_msgs/custom_msgs/msg/detail/robot_status__rosidl_typesupport_introspection_cpp.hpp
[4.400s] -- Up-to-date symlink: /root/ros_ws/install/custom_msgs/include/custom_msgs/custom_msgs/srv/detail/add_number__rosidl_typesupport_introspection_cpp.hpp
[4.401s] -- Up-to-date symlink: /root/ros_ws/install/custom_msgs/share/custom_msgs/environment/pythonpath.sh
[4.401s] -- Up-to-date symlink: /root/ros_ws/install/custom_msgs/share/custom_msgs/environment/pythonpath.dsv
[4.401s] -- Up-to-date symlink: /root/ros_ws/install/custom_msgs/local/lib/python3.10/dist-packages/custom_msgs-0.0.0-py3.10.egg-info/PKG-INFO
[4.401s] -- Up-to-date symlink: /root/ros_ws/install/custom_msgs/local/lib/python3.10/dist-packages/custom_msgs-0.0.0-py3.10.egg-info/SOURCES.txt
[4.401s] -- Up-to-date symlink: /root/ros_ws/install/custom_msgs/local/lib/python3.10/dist-packages/custom_msgs-0.0.0-py3.10.egg-info/dependency_links.txt
[4.401s] -- Up-to-date symlink: /root/ros_ws/install/custom_msgs/local/lib/python3.10/dist-packages/custom_msgs-0.0.0-py3.10.egg-info/top_level.txt
[4.402s] -- Up-to-date symlink: /root/ros_ws/install/custom_msgs/local/lib/python3.10/dist-packages/custom_msgs/__init__.py
[4.402s] -- Up-to-date symlink: /root/ros_ws/install/custom_msgs/local/lib/python3.10/dist-packages/custom_msgs/_custom_msgs_s.ep.rosidl_typesupport_c.c
[4.402s] -- Up-to-date symlink: /root/ros_ws/install/custom_msgs/local/lib/python3.10/dist-packages/custom_msgs/_custom_msgs_s.ep.rosidl_typesupport_fastrtps_c.c
[4.402s] -- Up-to-date symlink: /root/ros_ws/install/custom_msgs/local/lib/python3.10/dist-packages/custom_msgs/_custom_msgs_s.ep.rosidl_typesupport_introspection_c.c
[4.402s] -- Symlinking: /root/ros_ws/install/custom_msgs/local/lib/python3.10/dist-packages/custom_msgs/action/__init__.py
[4.405s] -- Symlinking: /root/ros_ws/install/custom_msgs/local/lib/python3.10/dist-packages/custom_msgs/action/_count_down.py
[4.408s] -- Symlinking: /root/ros_ws/install/custom_msgs/local/lib/python3.10/dist-packages/custom_msgs/action/_count_down_s.c
[4.411s] -- Up-to-date symlink: /root/ros_ws/install/custom_msgs/local/lib/python3.10/dist-packages/custom_msgs/custom_msgs_s__rosidl_typesupport_c.cpython-310-x86_64-linux-gnu.so
[4.411s] -- Up-to-date symlink: /root/ros_ws/install/custom_msgs/local/lib/python3.10/dist-packages/custom_msgs/custom_msgs_s__rosidl_typesupport_fastrtps_c.cpython-310-x86_64-linux-gnu.so
[4.411s] -- Up-to-date symlink: /root/ros_ws/install/custom_msgs/local/lib/python3.10/dist-packages/custom_msgs/custom_msgs_s__rosidl_typesupport_introspection_c.cpython-310-x86_64-linux-gnu.so
[4.411s] -- Up-to-date symlink: /root/ros_ws/install/custom_msgs/local/lib/python3.10/dist-packages/custom_msgs/libcustom_msgs__rosidl_generator_py.so
[4.411s] -- Up-to-date symlink: /root/ros_ws/install/custom_msgs/local/lib/python3.10/dist-packages/custom_msgs/msg/__init__.py
[4.411s] -- Up-to-date symlink: /root/ros_ws/install/custom_msgs/local/lib/python3.10/dist-packages/custom_msgs/msg/_extended_vector3.py
[4.412s] -- Up-to-date symlink: /root/ros_ws/install/custom_msgs/local/lib/python3.10/dist-packages/custom_msgs/msg/_extended_vector3_s.c
[4.412s] -- Up-to-date symlink: /root/ros_ws/install/custom_msgs/local/lib/python3.10/dist-packages/custom_msgs/msg/_robot_status.py
[4.412s] -- Up-to-date symlink: /root/ros_ws/install/custom_msgs/local/lib/python3.10/dist-packages/custom_msgs/msg/_robot_status_s.c
[4.412s] -- Up-to-date symlink: /root/ros_ws/install/custom_msgs/local/lib/python3.10/dist-packages/custom_msgs/srv/__init__.py
[4.412s] -- Up-to-date symlink: /root/ros_ws/install/custom_msgs/local/lib/python3.10/dist-packages/custom_msgs/srv/_add_number.py
[4.412s] -- Up-to-date symlink: /root/ros_ws/install/custom_msgs/local/lib/python3.10/dist-packages/custom_msgs/srv/_add_number_s.c
[4.412s] -- Up-to-date symlink: /root/ros_ws/install/custom_msgs/local/lib/python3.10/dist-packages/custom_msgs/custom_msgs_s__rosidl_typesupport_fastrtps_c.cpython-310-x86_64-linux-gnu.so
[4.412s] -- Up-to-date symlink: /root/ros_ws/install/custom_msgs/local/lib/python3.10/dist-packages/custom_msgs/custom_msgs_s__rosidl_typesupport_introspection_c.cpython-310-x86_64-linux-gnu.so
[4.412s] -- Up-to-date symlink: /root/ros_ws/install/custom_msgs/local/lib/python3.10/dist-packages/custom_msgs/custom_msgs_s__rosidl_typesupport_c.cpython-310-x86_64-linux-gnu.so
[4.413s] -- Up-to-date symlink: /root/ros_ws/install/custom_msgs/share/ament_index/resource_index/rust_packages/custom_msgs
[4.414s] -- Up-to-date symlink: /root/ros_ws/install/custom_msgs/share/custom_msgs/rust/Cargo.toml
[4.414s] -- Up-to-date symlink: /root/ros_ws/install/custom_msgs/share/custom_msgs/rust/build.rs
[4.414s] -- Symlinking: /root/ros_ws/install/custom_msgs/share/custom_msgs/rust/src/action.rs
[4.417s] -- Symlinking: /root/ros_ws/install/custom_msgs/share/custom_msgs/rust/src/action/rmw.rs
[4.420s] -- Up-to-date symlink: /root/ros_ws/install/custom_msgs/share/custom_msgs/rust/src/lib.rs
[4.420s] -- Up-to-date symlink: /root/ros_ws/install/custom_msgs/share/custom_msgs/rust/src/msg.rs
[4.420s] -- Up-to-date symlink: /root/ros_ws/install/custom_msgs/share/custom_msgs/rust/src/msg/rmw.rs
[4.420s] -- Up-to-date symlink: /root/ros_ws/install/custom_msgs/share/custom_msgs/rust/src/srv.rs
[4.420s] -- Up-to-date symlink: /root/ros_ws/install/custom_msgs/share/custom_msgs/rust/src/srv/rmw.rs
[4.421s] -- Up-to-date symlink: /root/ros_ws/install/custom_msgs/share/custom_msgs/msg/ExtendedVector3.idl
[4.421s] -- Up-to-date symlink: /root/ros_ws/install/custom_msgs/share/custom_msgs/msg/RobotStatus.idl
[4.421s] -- Up-to-date symlink: /root/ros_ws/install/custom_msgs/share/custom_msgs/srv/AddNumber.idl
[4.421s] -- Symlinking: /root/ros_ws/install/custom_msgs/share/custom_msgs/action/CountDown.idl
[4.425s] -- Up-to-date symlink: /root/ros_ws/install/custom_msgs/share/custom_msgs/msg/ExtendedVector3.msg
[4.425s] -- Up-to-date symlink: /root/ros_ws/install/custom_msgs/share/custom_msgs/msg/RobotStatus.msg
[4.425s] -- Up-to-date symlink: /root/ros_ws/install/custom_msgs/share/custom_msgs/srv/AddNumber.srv
[4.425s] -- Up-to-date symlink: /root/ros_ws/install/custom_msgs/share/custom_msgs/srv/AddNumber_Request.msg
[4.425s] -- Up-to-date symlink: /root/ros_ws/install/custom_msgs/share/custom_msgs/srv/AddNumber_Response.msg
[4.425s] -- Symlinking: /root/ros_ws/install/custom_msgs/share/custom_msgs/action/CountDown.action
[4.428s] -- Up-to-date symlink: /root/ros_ws/install/custom_msgs/share/ament_index/resource_index/package_run_dependencies/custom_msgs
[4.428s] -- Up-to-date symlink: /root/ros_ws/install/custom_msgs/share/ament_index/resource_index/parent_prefix_path/custom_msgs
[4.429s] -- Up-to-date symlink: /root/ros_ws/install/custom_msgs/share/custom_msgs/environment/ament_prefix_path.sh
[4.429s] -- Up-to-date symlink: /root/ros_ws/install/custom_msgs/share/custom_msgs/environment/ament_prefix_path.dsv
[4.429s] -- Up-to-date symlink: /root/ros_ws/install/custom_msgs/share/custom_msgs/environment/path.sh
[4.429s] -- Up-to-date symlink: /root/ros_ws/install/custom_msgs/share/custom_msgs/environment/path.dsv
[4.429s] -- Up-to-date symlink: /root/ros_ws/install/custom_msgs/share/custom_msgs/local_setup.bash
[4.429s] -- Up-to-date symlink: /root/ros_ws/install/custom_msgs/share/custom_msgs/local_setup.sh
[4.429s] -- Up-to-date symlink: /root/ros_ws/install/custom_msgs/share/custom_msgs/local_setup.zsh
[4.429s] -- Up-to-date symlink: /root/ros_ws/install/custom_msgs/share/custom_msgs/local_setup.dsv
[4.430s] -- Symlinking: /root/ros_ws/install/custom_msgs/share/custom_msgs/package.dsv
[4.433s] -- Up-to-date symlink: /root/ros_ws/install/custom_msgs/share/ament_index/resource_index/packages/custom_msgs
[4.433s] -- Up-to-date symlink: /root/ros_ws/install/custom_msgs/share/custom_msgs/cmake/rosidl_cmake-extras.cmake
[4.433s] -- Up-to-date symlink: /root/ros_ws/install/custom_msgs/share/custom_msgs/cmake/ament_cmake_export_dependencies-extras.cmake
[4.433s] -- Up-to-date symlink: /root/ros_ws/install/custom_msgs/share/custom_msgs/cmake/ament_cmake_export_include_directories-extras.cmake
[4.433s] -- Up-to-date symlink: /root/ros_ws/install/custom_msgs/share/custom_msgs/cmake/ament_cmake_export_libraries-extras.cmake
[4.433s] -- Up-to-date symlink: /root/ros_ws/install/custom_msgs/share/custom_msgs/cmake/ament_cmake_export_targets-extras.cmake
[4.433s] -- Up-to-date symlink: /root/ros_ws/install/custom_msgs/share/custom_msgs/cmake/rosidl_cmake_export_typesupport_targets-extras.cmake
[4.433s] -- Up-to-date symlink: /root/ros_ws/install/custom_msgs/share/custom_msgs/cmake/rosidl_cmake_export_typesupport_libraries-extras.cmake
[4.433s] -- Up-to-date symlink: /root/ros_ws/install/custom_msgs/share/custom_msgs/cmake/custom_msgsConfig.cmake
[4.433s] -- Up-to-date symlink: /root/ros_ws/install/custom_msgs/share/custom_msgs/cmake/custom_msgsConfig-version.cmake
[4.434s] -- Up-to-date symlink: /root/ros_ws/install/custom_msgs/share/custom_msgs/package.xml
[4.434s] -- Installing: /root/ros_ws/install/custom_msgs/lib/libcustom_msgs__rosidl_generator_c.so
[4.434s] -- Set non-toolchain portion of runtime path of "/root/ros_ws/install/custom_msgs/lib/libcustom_msgs__rosidl_generator_c.so" to ""
[4.435s] -- Installing: /root/ros_ws/install/custom_msgs/lib/libcustom_msgs__rosidl_typesupport_fastrtps_c.so
[4.435s] -- Set non-toolchain portion of runtime path of "/root/ros_ws/install/custom_msgs/lib/libcustom_msgs__rosidl_typesupport_fastrtps_c.so" to ""
[4.436s] -- Installing: /root/ros_ws/install/custom_msgs/lib/libcustom_msgs__rosidl_typesupport_introspection_c.so
[4.436s] -- Set non-toolchain portion of runtime path of "/root/ros_ws/install/custom_msgs/lib/libcustom_msgs__rosidl_typesupport_introspection_c.so" to ""
[4.436s] -- Installing: /root/ros_ws/install/custom_msgs/lib/libcustom_msgs__rosidl_typesupport_c.so
[4.437s] -- Set non-toolchain portion of runtime path of "/root/ros_ws/install/custom_msgs/lib/libcustom_msgs__rosidl_typesupport_c.so" to ""
[4.437s] -- Installing: /root/ros_ws/install/custom_msgs/lib/libcustom_msgs__rosidl_typesupport_fastrtps_cpp.so
[4.437s] -- Set non-toolchain portion of runtime path of "/root/ros_ws/install/custom_msgs/lib/libcustom_msgs__rosidl_typesupport_fastrtps_cpp.so" to ""
[4.438s] -- Installing: /root/ros_ws/install/custom_msgs/lib/libcustom_msgs__rosidl_typesupport_introspection_cpp.so
[4.438s] -- Set non-toolchain portion of runtime path of "/root/ros_ws/install/custom_msgs/lib/libcustom_msgs__rosidl_typesupport_introspection_cpp.so" to ""
[4.439s] -- Installing: /root/ros_ws/install/custom_msgs/lib/libcustom_msgs__rosidl_typesupport_cpp.so
[4.439s] -- Set non-toolchain portion of runtime path of "/root/ros_ws/install/custom_msgs/lib/libcustom_msgs__rosidl_typesupport_cpp.so" to ""
[4.472s] Listing '/root/ros_ws/install/custom_msgs/local/lib/python3.10/dist-packages/custom_msgs'...
[4.472s] Compiling '/root/ros_ws/install/custom_msgs/local/lib/python3.10/dist-packages/custom_msgs/__init__.py'...
[4.472s] Listing '/root/ros_ws/install/custom_msgs/local/lib/python3.10/dist-packages/custom_msgs/action'...
[4.472s] Compiling '/root/ros_ws/install/custom_msgs/local/lib/python3.10/dist-packages/custom_msgs/action/__init__.py'...
[4.472s] Compiling '/root/ros_ws/install/custom_msgs/local/lib/python3.10/dist-packages/custom_msgs/action/_count_down.py'...
[4.472s] Listing '/root/ros_ws/install/custom_msgs/local/lib/python3.10/dist-packages/custom_msgs/msg'...
[4.472s] Compiling '/root/ros_ws/install/custom_msgs/local/lib/python3.10/dist-packages/custom_msgs/msg/__init__.py'...
[4.472s] Compiling '/root/ros_ws/install/custom_msgs/local/lib/python3.10/dist-packages/custom_msgs/msg/_extended_vector3.py'...
[4.472s] Compiling '/root/ros_ws/install/custom_msgs/local/lib/python3.10/dist-packages/custom_msgs/msg/_robot_status.py'...
[4.472s] Listing '/root/ros_ws/install/custom_msgs/local/lib/python3.10/dist-packages/custom_msgs/srv'...
[4.472s] Compiling '/root/ros_ws/install/custom_msgs/local/lib/python3.10/dist-packages/custom_msgs/srv/__init__.py'...
[4.472s] Compiling '/root/ros_ws/install/custom_msgs/local/lib/python3.10/dist-packages/custom_msgs/srv/_add_number.py'...
[4.475s] -- Installing: /root/ros_ws/install/custom_msgs/lib/libcustom_msgs__rosidl_generator_py.so
[4.475s] -- Set non-toolchain portion of runtime path of "/root/ros_ws/install/custom_msgs/lib/libcustom_msgs__rosidl_generator_py.so" to ""
[4.476s] -- Old export file "/root/ros_ws/install/custom_msgs/share/custom_msgs/cmake/export_custom_msgs__rosidl_generator_cExport.cmake" will be replaced.  Removing files [/root/ros_ws/install/custom_msgs/share/custom_msgs/cmake/export_custom_msgs__rosidl_generator_cExport-noconfig.cmake].
[4.476s] -- Installing: /root/ros_ws/install/custom_msgs/share/custom_msgs/cmake/export_custom_msgs__rosidl_generator_cExport.cmake
[4.476s] -- Installing: /root/ros_ws/install/custom_msgs/share/custom_msgs/cmake/export_custom_msgs__rosidl_generator_cExport-noconfig.cmake
[4.476s] -- Old export file "/root/ros_ws/install/custom_msgs/share/custom_msgs/cmake/export_custom_msgs__rosidl_typesupport_fastrtps_cExport.cmake" will be replaced.  Removing files [/root/ros_ws/install/custom_msgs/share/custom_msgs/cmake/export_custom_msgs__rosidl_typesupport_fastrtps_cExport-noconfig.cmake].
[4.476s] -- Installing: /root/ros_ws/install/custom_msgs/share/custom_msgs/cmake/export_custom_msgs__rosidl_typesupport_fastrtps_cExport.cmake
[4.476s] -- Installing: /root/ros_ws/install/custom_msgs/share/custom_msgs/cmake/export_custom_msgs__rosidl_typesupport_fastrtps_cExport-noconfig.cmake
[4.476s] -- Old export file "/root/ros_ws/install/custom_msgs/share/custom_msgs/cmake/custom_msgs__rosidl_typesupport_introspection_cExport.cmake" will be replaced.  Removing files [/root/ros_ws/install/custom_msgs/share/custom_msgs/cmake/custom_msgs__rosidl_typesupport_introspection_cExport-noconfig.cmake].
[4.476s] -- Installing: /root/ros_ws/install/custom_msgs/share/custom_msgs/cmake/custom_msgs__rosidl_typesupport_introspection_cExport.cmake
[4.476s] -- Installing: /root/ros_ws/install/custom_msgs/share/custom_msgs/cmake/custom_msgs__rosidl_typesupport_introspection_cExport-noconfig.cmake
[4.477s] -- Old export file "/root/ros_ws/install/custom_msgs/share/custom_msgs/cmake/custom_msgs__rosidl_typesupport_cExport.cmake" will be replaced.  Removing files [/root/ros_ws/install/custom_msgs/share/custom_msgs/cmake/custom_msgs__rosidl_typesupport_cExport-noconfig.cmake].
[4.477s] -- Installing: /root/ros_ws/install/custom_msgs/share/custom_msgs/cmake/custom_msgs__rosidl_typesupport_cExport.cmake
[4.477s] -- Installing: /root/ros_ws/install/custom_msgs/share/custom_msgs/cmake/custom_msgs__rosidl_typesupport_cExport-noconfig.cmake
[4.477s] -- Installing: /root/ros_ws/install/custom_msgs/share/custom_msgs/cmake/export_custom_msgs__rosidl_generator_cppExport.cmake
[4.477s] -- Old export file "/root/ros_ws/install/custom_msgs/share/custom_msgs/cmake/export_custom_msgs__rosidl_typesupport_fastrtps_cppExport.cmake" will be replaced.  Removing files [/root/ros_ws/install/custom_msgs/share/custom_msgs/cmake/export_custom_msgs__rosidl_typesupport_fastrtps_cppExport-noconfig.cmake].
[4.477s] -- Installing: /root/ros_ws/install/custom_msgs/share/custom_msgs/cmake/export_custom_msgs__rosidl_typesupport_fastrtps_cppExport.cmake
[4.477s] -- Installing: /root/ros_ws/install/custom_msgs/share/custom_msgs/cmake/export_custom_msgs__rosidl_typesupport_fastrtps_cppExport-noconfig.cmake
[4.477s] -- Old export file "/root/ros_ws/install/custom_msgs/share/custom_msgs/cmake/custom_msgs__rosidl_typesupport_introspection_cppExport.cmake" will be replaced.  Removing files [/root/ros_ws/install/custom_msgs/share/custom_msgs/cmake/custom_msgs__rosidl_typesupport_introspection_cppExport-noconfig.cmake].
[4.478s] -- Installing: /root/ros_ws/install/custom_msgs/share/custom_msgs/cmake/custom_msgs__rosidl_typesupport_introspection_cppExport.cmake
[4.478s] -- Installing: /root/ros_ws/install/custom_msgs/share/custom_msgs/cmake/custom_msgs__rosidl_typesupport_introspection_cppExport-noconfig.cmake
[4.478s] -- Old export file "/root/ros_ws/install/custom_msgs/share/custom_msgs/cmake/custom_msgs__rosidl_typesupport_cppExport.cmake" will be replaced.  Removing files [/root/ros_ws/install/custom_msgs/share/custom_msgs/cmake/custom_msgs__rosidl_typesupport_cppExport-noconfig.cmake].
[4.478s] -- Installing: /root/ros_ws/install/custom_msgs/share/custom_msgs/cmake/custom_msgs__rosidl_typesupport_cppExport.cmake
[4.478s] -- Installing: /root/ros_ws/install/custom_msgs/share/custom_msgs/cmake/custom_msgs__rosidl_typesupport_cppExport-noconfig.cmake
[4.478s] -- Old export file "/root/ros_ws/install/custom_msgs/share/custom_msgs/cmake/export_custom_msgs__rosidl_generator_pyExport.cmake" will be replaced.  Removing files [/root/ros_ws/install/custom_msgs/share/custom_msgs/cmake/export_custom_msgs__rosidl_generator_pyExport-noconfig.cmake].
[4.478s] -- Installing: /root/ros_ws/install/custom_msgs/share/custom_msgs/cmake/export_custom_msgs__rosidl_generator_pyExport.cmake
[4.478s] -- Installing: /root/ros_ws/install/custom_msgs/share/custom_msgs/cmake/export_custom_msgs__rosidl_generator_pyExport-noconfig.cmake
[4.480s] Invoked command in '/root/ros_ws/build/custom_msgs' returned '0': CMAKE_PREFIX_PATH=/opt/ros/humble /usr/bin/cmake --install /root/ros_ws/build/custom_msgs
