[0.638s] Invoking command in '/root/ros_ws/build/my_robot_controller': PYTHONPATH=/root/ros_ws/build/my_robot_controller/prefix_override:/usr/lib/python3/dist-packages/colcon_core/task/python/colcon_distutils_commands:/root/ros_ws/install/my_robot_controller/lib/python3.10/site-packages:${PYTHONPATH} /usr/bin/python3 -W ignore:setup.py install is deprecated -W ignore:easy_install command is deprecated setup.py develop --editable --build-directory /root/ros_ws/build/my_robot_controller/build --no-deps symlink_data
[0.818s] running develop
[0.922s] running egg_info
[0.922s] writing my_robot_controller.egg-info/PKG-INFO
[0.922s] writing dependency_links to my_robot_controller.egg-info/dependency_links.txt
[0.922s] writing entry points to my_robot_controller.egg-info/entry_points.txt
[0.922s] writing requirements to my_robot_controller.egg-info/requires.txt
[0.922s] writing top-level names to my_robot_controller.egg-info/top_level.txt
[0.923s] reading manifest file 'my_robot_controller.egg-info/SOURCES.txt'
[0.924s] writing manifest file 'my_robot_controller.egg-info/SOURCES.txt'
[0.925s] running build_ext
[0.925s] Creating /root/ros_ws/install/my_robot_controller/lib/python3.10/site-packages/my-robot-controller.egg-link (link to .)
[0.926s] Installing draw_circle script to /root/ros_ws/install/my_robot_controller/lib/my_robot_controller
[0.926s] Installing firstNode script to /root/ros_ws/install/my_robot_controller/lib/my_robot_controller
[0.926s] Installing listen script to /root/ros_ws/install/my_robot_controller/lib/my_robot_controller
[0.926s] Installing sensor script to /root/ros_ws/install/my_robot_controller/lib/my_robot_controller
[0.927s] Installing test script to /root/ros_ws/install/my_robot_controller/lib/my_robot_controller
[0.927s] 
[0.927s] Installed /root/ros_ws/build/my_robot_controller
[0.927s] running symlink_data
[0.953s] Invoked command in '/root/ros_ws/build/my_robot_controller' returned '0': PYTHONPATH=/root/ros_ws/build/my_robot_controller/prefix_override:/usr/lib/python3/dist-packages/colcon_core/task/python/colcon_distutils_commands:/root/ros_ws/install/my_robot_controller/lib/python3.10/site-packages:${PYTHONPATH} /usr/bin/python3 -W ignore:setup.py install is deprecated -W ignore:easy_install command is deprecated setup.py develop --editable --build-directory /root/ros_ws/build/my_robot_controller/build --no-deps symlink_data
