[0.112s] DEBUG:colcon:Command line arguments: ['/usr/bin/colcon', 'build', '--symlink']
[0.112s] DEBUG:colcon:Parsed command line arguments: Namespace(log_base=None, log_level=None, verb_name='build', build_base='build', install_base='install', merge_install=False, symlink_install=True, test_result_base=None, continue_on_error=False, executor='parallel', parallel_workers=16, event_handlers=None, ignore_user_meta=False, metas=['./colcon.meta'], base_paths=['.'], packages_ignore=None, packages_ignore_regex=None, paths=None, packages_up_to=None, packages_up_to_regex=None, packages_above=None, packages_above_and_dependencies=None, packages_above_depth=None, packages_select_by_dep=None, packages_skip_by_dep=None, packages_skip_up_to=None, packages_select_build_failed=False, packages_skip_build_finished=False, packages_select_test_failures=False, packages_skip_test_passed=False, packages_select=None, packages_skip=None, packages_select_regex=None, packages_skip_regex=None, packages_start=None, packages_end=None, cmake_args=None, cmake_target=None, cmake_target_skip_unavailable=False, cmake_clean_cache=False, cmake_clean_first=False, cmake_force_configure=False, ament_cmake_args=None, catkin_cmake_args=None, catkin_skip_building_tests=False, mixin_files=None, mixin=None, verb_parser=<colcon_mixin.mixin.mixin_argument.MixinArgumentDecorator object at 0x7e2ae50f7ca0>, verb_extension=<colcon_core.verb.build.BuildVerb object at 0x7e2ae50b1540>, main=<bound method BuildVerb.main of <colcon_core.verb.build.BuildVerb object at 0x7e2ae50b1540>>, mixin_verb=('build',))
[0.225s] Level 1:colcon.colcon_core.package_discovery:discover_packages(colcon_meta) check parameters
[0.226s] INFO:colcon.colcon_metadata.package_discovery.colcon_meta:Using configuration from '/root/.colcon/metadata/default/Gazebo.meta'
[0.226s] INFO:colcon.colcon_metadata.package_discovery.colcon_meta:Using configuration from '/root/.colcon/metadata/default/fastdds.meta'
[0.226s] INFO:colcon.colcon_metadata.package_discovery.colcon_meta:Using configuration from '/root/.colcon/metadata/default/fastrtps.meta'
[0.226s] Level 1:colcon.colcon_core.package_discovery:discover_packages(recursive) check parameters
[0.226s] Level 1:colcon.colcon_core.package_discovery:discover_packages(ignore) check parameters
[0.226s] Level 1:colcon.colcon_core.package_discovery:discover_packages(path) check parameters
[0.227s] Level 1:colcon.colcon_core.package_discovery:discover_packages(colcon_meta) discover
[0.227s] Level 1:colcon.colcon_core.package_discovery:discover_packages(recursive) discover
[0.227s] INFO:colcon.colcon_core.package_discovery:Crawling recursively for packages in '/root/ros_ws/src'
[0.227s] Level 1:colcon.colcon_core.package_identification:_identify(.) by extensions ['ignore', 'ignore_ament_install']
[0.227s] Level 1:colcon.colcon_core.package_identification:_identify(.) by extension 'ignore'
[0.227s] Level 1:colcon.colcon_core.package_identification:_identify(.) by extension 'ignore_ament_install'
[0.227s] Level 1:colcon.colcon_core.package_identification:_identify(.) by extensions ['colcon_pkg']
[0.227s] Level 1:colcon.colcon_core.package_identification:_identify(.) by extension 'colcon_pkg'
[0.227s] Level 1:colcon.colcon_core.package_identification:_identify(.) by extensions ['colcon_meta']
[0.227s] Level 1:colcon.colcon_core.package_identification:_identify(.) by extension 'colcon_meta'
[0.227s] Level 1:colcon.colcon_core.package_identification:_identify(.) by extensions ['ros']
[0.227s] Level 1:colcon.colcon_core.package_identification:_identify(.) by extension 'ros'
[0.235s] Level 1:colcon.colcon_core.package_identification:_identify(.) by extensions ['cmake', 'python']
[0.235s] Level 1:colcon.colcon_core.package_identification:_identify(.) by extension 'cmake'
[0.235s] Level 1:colcon.colcon_core.package_identification:_identify(.) by extension 'python'
[0.235s] Level 1:colcon.colcon_core.package_identification:_identify(.) by extensions ['python_setup_py']
[0.235s] Level 1:colcon.colcon_core.package_identification:_identify(.) by extension 'python_setup_py'
[0.235s] Level 1:colcon.colcon_core.package_identification:_identify(action_demo_pkg) by extensions ['ignore', 'ignore_ament_install']
[0.235s] Level 1:colcon.colcon_core.package_identification:_identify(action_demo_pkg) by extension 'ignore'
[0.235s] Level 1:colcon.colcon_core.package_identification:_identify(action_demo_pkg) by extension 'ignore_ament_install'
[0.235s] Level 1:colcon.colcon_core.package_identification:_identify(action_demo_pkg) by extensions ['colcon_pkg']
[0.235s] Level 1:colcon.colcon_core.package_identification:_identify(action_demo_pkg) by extension 'colcon_pkg'
[0.235s] Level 1:colcon.colcon_core.package_identification:_identify(action_demo_pkg) by extensions ['colcon_meta']
[0.235s] Level 1:colcon.colcon_core.package_identification:_identify(action_demo_pkg) by extension 'colcon_meta'
[0.235s] Level 1:colcon.colcon_core.package_identification:_identify(action_demo_pkg) by extensions ['ros']
[0.235s] Level 1:colcon.colcon_core.package_identification:_identify(action_demo_pkg) by extension 'ros'
[0.237s] DEBUG:colcon.colcon_core.package_identification:Package 'action_demo_pkg' with type 'ros.ament_python' and name 'action_demo_pkg'
[0.237s] Level 1:colcon.colcon_core.package_identification:_identify(build) by extensions ['ignore', 'ignore_ament_install']
[0.237s] Level 1:colcon.colcon_core.package_identification:_identify(build) by extension 'ignore'
[0.237s] Level 1:colcon.colcon_core.package_identification:_identify(build) ignored
[0.237s] Level 1:colcon.colcon_core.package_identification:_identify(custom_msgs) by extensions ['ignore', 'ignore_ament_install']
[0.237s] Level 1:colcon.colcon_core.package_identification:_identify(custom_msgs) by extension 'ignore'
[0.237s] Level 1:colcon.colcon_core.package_identification:_identify(custom_msgs) by extension 'ignore_ament_install'
[0.237s] Level 1:colcon.colcon_core.package_identification:_identify(custom_msgs) by extensions ['colcon_pkg']
[0.237s] Level 1:colcon.colcon_core.package_identification:_identify(custom_msgs) by extension 'colcon_pkg'
[0.237s] Level 1:colcon.colcon_core.package_identification:_identify(custom_msgs) by extensions ['colcon_meta']
[0.237s] Level 1:colcon.colcon_core.package_identification:_identify(custom_msgs) by extension 'colcon_meta'
[0.237s] Level 1:colcon.colcon_core.package_identification:_identify(custom_msgs) by extensions ['ros']
[0.237s] Level 1:colcon.colcon_core.package_identification:_identify(custom_msgs) by extension 'ros'
[0.238s] DEBUG:colcon.colcon_core.package_identification:Package 'custom_msgs' with type 'ros.ament_cmake' and name 'custom_msgs'
[0.238s] Level 1:colcon.colcon_core.package_identification:_identify(install) by extensions ['ignore', 'ignore_ament_install']
[0.238s] Level 1:colcon.colcon_core.package_identification:_identify(install) by extension 'ignore'
[0.238s] Level 1:colcon.colcon_core.package_identification:_identify(install) ignored
[0.238s] Level 1:colcon.colcon_core.package_identification:_identify(log) by extensions ['ignore', 'ignore_ament_install']
[0.238s] Level 1:colcon.colcon_core.package_identification:_identify(log) by extension 'ignore'
[0.238s] Level 1:colcon.colcon_core.package_identification:_identify(log) ignored
[0.238s] Level 1:colcon.colcon_core.package_identification:_identify(my_robot_controller) by extensions ['ignore', 'ignore_ament_install']
[0.238s] Level 1:colcon.colcon_core.package_identification:_identify(my_robot_controller) by extension 'ignore'
[0.238s] Level 1:colcon.colcon_core.package_identification:_identify(my_robot_controller) by extension 'ignore_ament_install'
[0.239s] Level 1:colcon.colcon_core.package_identification:_identify(my_robot_controller) by extensions ['colcon_pkg']
[0.239s] Level 1:colcon.colcon_core.package_identification:_identify(my_robot_controller) by extension 'colcon_pkg'
[0.239s] Level 1:colcon.colcon_core.package_identification:_identify(my_robot_controller) by extensions ['colcon_meta']
[0.239s] Level 1:colcon.colcon_core.package_identification:_identify(my_robot_controller) by extension 'colcon_meta'
[0.239s] Level 1:colcon.colcon_core.package_identification:_identify(my_robot_controller) by extensions ['ros']
[0.239s] Level 1:colcon.colcon_core.package_identification:_identify(my_robot_controller) by extension 'ros'
[0.239s] DEBUG:colcon.colcon_core.package_identification:Package 'my_robot_controller' with type 'ros.ament_python' and name 'my_robot_controller'
[0.239s] Level 1:colcon.colcon_core.package_identification:_identify(sensorPkg) by extensions ['ignore', 'ignore_ament_install']
[0.239s] Level 1:colcon.colcon_core.package_identification:_identify(sensorPkg) by extension 'ignore'
[0.239s] Level 1:colcon.colcon_core.package_identification:_identify(sensorPkg) by extension 'ignore_ament_install'
[0.239s] Level 1:colcon.colcon_core.package_identification:_identify(sensorPkg) by extensions ['colcon_pkg']
[0.239s] Level 1:colcon.colcon_core.package_identification:_identify(sensorPkg) by extension 'colcon_pkg'
[0.239s] Level 1:colcon.colcon_core.package_identification:_identify(sensorPkg) by extensions ['colcon_meta']
[0.239s] Level 1:colcon.colcon_core.package_identification:_identify(sensorPkg) by extension 'colcon_meta'
[0.239s] Level 1:colcon.colcon_core.package_identification:_identify(sensorPkg) by extensions ['ros']
[0.239s] Level 1:colcon.colcon_core.package_identification:_identify(sensorPkg) by extension 'ros'
[0.240s] DEBUG:colcon.colcon_core.package_identification:Package 'sensorPkg' with type 'ros.ament_python' and name 'sensorPkg'
[0.240s] Level 1:colcon.colcon_core.package_identification:_identify(task2) by extensions ['ignore', 'ignore_ament_install']
[0.240s] Level 1:colcon.colcon_core.package_identification:_identify(task2) by extension 'ignore'
[0.240s] Level 1:colcon.colcon_core.package_identification:_identify(task2) by extension 'ignore_ament_install'
[0.240s] Level 1:colcon.colcon_core.package_identification:_identify(task2) by extensions ['colcon_pkg']
[0.240s] Level 1:colcon.colcon_core.package_identification:_identify(task2) by extension 'colcon_pkg'
[0.240s] Level 1:colcon.colcon_core.package_identification:_identify(task2) by extensions ['colcon_meta']
[0.240s] Level 1:colcon.colcon_core.package_identification:_identify(task2) by extension 'colcon_meta'
[0.240s] Level 1:colcon.colcon_core.package_identification:_identify(task2) by extensions ['ros']
[0.240s] Level 1:colcon.colcon_core.package_identification:_identify(task2) by extension 'ros'
[0.241s] DEBUG:colcon.colcon_core.package_identification:Package 'task2' with type 'ros.ament_python' and name 'task2'
[0.241s] Level 1:colcon.colcon_core.package_identification:_identify(task3) by extensions ['ignore', 'ignore_ament_install']
[0.241s] Level 1:colcon.colcon_core.package_identification:_identify(task3) by extension 'ignore'
[0.241s] Level 1:colcon.colcon_core.package_identification:_identify(task3) by extension 'ignore_ament_install'
[0.241s] Level 1:colcon.colcon_core.package_identification:_identify(task3) by extensions ['colcon_pkg']
[0.241s] Level 1:colcon.colcon_core.package_identification:_identify(task3) by extension 'colcon_pkg'
[0.241s] Level 1:colcon.colcon_core.package_identification:_identify(task3) by extensions ['colcon_meta']
[0.241s] Level 1:colcon.colcon_core.package_identification:_identify(task3) by extension 'colcon_meta'
[0.241s] Level 1:colcon.colcon_core.package_identification:_identify(task3) by extensions ['ros']
[0.241s] Level 1:colcon.colcon_core.package_identification:_identify(task3) by extension 'ros'
[0.242s] DEBUG:colcon.colcon_core.package_identification:Package 'task3' with type 'ros.ament_python' and name 'task3'
[0.242s] Level 1:colcon.colcon_core.package_identification:_identify(task4) by extensions ['ignore', 'ignore_ament_install']
[0.242s] Level 1:colcon.colcon_core.package_identification:_identify(task4) by extension 'ignore'
[0.242s] Level 1:colcon.colcon_core.package_identification:_identify(task4) by extension 'ignore_ament_install'
[0.242s] Level 1:colcon.colcon_core.package_identification:_identify(task4) by extensions ['colcon_pkg']
[0.242s] Level 1:colcon.colcon_core.package_identification:_identify(task4) by extension 'colcon_pkg'
[0.242s] Level 1:colcon.colcon_core.package_identification:_identify(task4) by extensions ['colcon_meta']
[0.242s] Level 1:colcon.colcon_core.package_identification:_identify(task4) by extension 'colcon_meta'
[0.242s] Level 1:colcon.colcon_core.package_identification:_identify(task4) by extensions ['ros']
[0.242s] Level 1:colcon.colcon_core.package_identification:_identify(task4) by extension 'ros'
[0.243s] DEBUG:colcon.colcon_core.package_identification:Package 'task4' with type 'ros.ament_python' and name 'task4'
[0.243s] Level 1:colcon.colcon_core.package_discovery:discover_packages(recursive) using defaults
[0.243s] Level 1:colcon.colcon_core.package_discovery:discover_packages(ignore) discover
[0.243s] Level 1:colcon.colcon_core.package_discovery:discover_packages(ignore) using defaults
[0.243s] Level 1:colcon.colcon_core.package_discovery:discover_packages(path) discover
[0.243s] Level 1:colcon.colcon_core.package_discovery:discover_packages(path) using defaults
[0.260s] Level 5:colcon.colcon_core.verb:set package 'custom_msgs' build argument 'cmake_args' from command line to 'None'
[0.260s] Level 5:colcon.colcon_core.verb:set package 'custom_msgs' build argument 'cmake_target' from command line to 'None'
[0.260s] Level 5:colcon.colcon_core.verb:set package 'custom_msgs' build argument 'cmake_target_skip_unavailable' from command line to 'False'
[0.260s] Level 5:colcon.colcon_core.verb:set package 'custom_msgs' build argument 'cmake_clean_cache' from command line to 'False'
[0.260s] Level 5:colcon.colcon_core.verb:set package 'custom_msgs' build argument 'cmake_clean_first' from command line to 'False'
[0.260s] Level 5:colcon.colcon_core.verb:set package 'custom_msgs' build argument 'cmake_force_configure' from command line to 'False'
[0.260s] Level 5:colcon.colcon_core.verb:set package 'custom_msgs' build argument 'ament_cmake_args' from command line to 'None'
[0.260s] Level 5:colcon.colcon_core.verb:set package 'custom_msgs' build argument 'catkin_cmake_args' from command line to 'None'
[0.260s] Level 5:colcon.colcon_core.verb:set package 'custom_msgs' build argument 'catkin_skip_building_tests' from command line to 'False'
[0.260s] DEBUG:colcon.colcon_core.verb:Building package 'custom_msgs' with the following arguments: {'ament_cmake_args': None, 'build_base': '/root/ros_ws/src/build/custom_msgs', 'catkin_cmake_args': None, 'catkin_skip_building_tests': False, 'cmake_args': None, 'cmake_clean_cache': False, 'cmake_clean_first': False, 'cmake_force_configure': False, 'cmake_target': None, 'cmake_target_skip_unavailable': False, 'install_base': '/root/ros_ws/src/install/custom_msgs', 'merge_install': False, 'path': '/root/ros_ws/src/custom_msgs', 'symlink_install': True, 'test_result_base': None}
[0.260s] Level 5:colcon.colcon_core.verb:set package 'my_robot_controller' build argument 'cmake_args' from command line to 'None'
[0.260s] Level 5:colcon.colcon_core.verb:set package 'my_robot_controller' build argument 'cmake_target' from command line to 'None'
[0.260s] Level 5:colcon.colcon_core.verb:set package 'my_robot_controller' build argument 'cmake_target_skip_unavailable' from command line to 'False'
[0.260s] Level 5:colcon.colcon_core.verb:set package 'my_robot_controller' build argument 'cmake_clean_cache' from command line to 'False'
[0.260s] Level 5:colcon.colcon_core.verb:set package 'my_robot_controller' build argument 'cmake_clean_first' from command line to 'False'
[0.260s] Level 5:colcon.colcon_core.verb:set package 'my_robot_controller' build argument 'cmake_force_configure' from command line to 'False'
[0.260s] Level 5:colcon.colcon_core.verb:set package 'my_robot_controller' build argument 'ament_cmake_args' from command line to 'None'
[0.260s] Level 5:colcon.colcon_core.verb:set package 'my_robot_controller' build argument 'catkin_cmake_args' from command line to 'None'
[0.260s] Level 5:colcon.colcon_core.verb:set package 'my_robot_controller' build argument 'catkin_skip_building_tests' from command line to 'False'
[0.260s] DEBUG:colcon.colcon_core.verb:Building package 'my_robot_controller' with the following arguments: {'ament_cmake_args': None, 'build_base': '/root/ros_ws/src/build/my_robot_controller', 'catkin_cmake_args': None, 'catkin_skip_building_tests': False, 'cmake_args': None, 'cmake_clean_cache': False, 'cmake_clean_first': False, 'cmake_force_configure': False, 'cmake_target': None, 'cmake_target_skip_unavailable': False, 'install_base': '/root/ros_ws/src/install/my_robot_controller', 'merge_install': False, 'path': '/root/ros_ws/src/my_robot_controller', 'symlink_install': True, 'test_result_base': None}
[0.261s] Level 5:colcon.colcon_core.verb:set package 'action_demo_pkg' build argument 'cmake_args' from command line to 'None'
[0.261s] Level 5:colcon.colcon_core.verb:set package 'action_demo_pkg' build argument 'cmake_target' from command line to 'None'
[0.261s] Level 5:colcon.colcon_core.verb:set package 'action_demo_pkg' build argument 'cmake_target_skip_unavailable' from command line to 'False'
[0.261s] Level 5:colcon.colcon_core.verb:set package 'action_demo_pkg' build argument 'cmake_clean_cache' from command line to 'False'
[0.261s] Level 5:colcon.colcon_core.verb:set package 'action_demo_pkg' build argument 'cmake_clean_first' from command line to 'False'
[0.261s] Level 5:colcon.colcon_core.verb:set package 'action_demo_pkg' build argument 'cmake_force_configure' from command line to 'False'
[0.261s] Level 5:colcon.colcon_core.verb:set package 'action_demo_pkg' build argument 'ament_cmake_args' from command line to 'None'
[0.261s] Level 5:colcon.colcon_core.verb:set package 'action_demo_pkg' build argument 'catkin_cmake_args' from command line to 'None'
[0.261s] Level 5:colcon.colcon_core.verb:set package 'action_demo_pkg' build argument 'catkin_skip_building_tests' from command line to 'False'
[0.261s] DEBUG:colcon.colcon_core.verb:Building package 'action_demo_pkg' with the following arguments: {'ament_cmake_args': None, 'build_base': '/root/ros_ws/src/build/action_demo_pkg', 'catkin_cmake_args': None, 'catkin_skip_building_tests': False, 'cmake_args': None, 'cmake_clean_cache': False, 'cmake_clean_first': False, 'cmake_force_configure': False, 'cmake_target': None, 'cmake_target_skip_unavailable': False, 'install_base': '/root/ros_ws/src/install/action_demo_pkg', 'merge_install': False, 'path': '/root/ros_ws/src/action_demo_pkg', 'symlink_install': True, 'test_result_base': None}
[0.261s] Level 5:colcon.colcon_core.verb:set package 'sensorPkg' build argument 'cmake_args' from command line to 'None'
[0.261s] Level 5:colcon.colcon_core.verb:set package 'sensorPkg' build argument 'cmake_target' from command line to 'None'
[0.261s] Level 5:colcon.colcon_core.verb:set package 'sensorPkg' build argument 'cmake_target_skip_unavailable' from command line to 'False'
[0.261s] Level 5:colcon.colcon_core.verb:set package 'sensorPkg' build argument 'cmake_clean_cache' from command line to 'False'
[0.261s] Level 5:colcon.colcon_core.verb:set package 'sensorPkg' build argument 'cmake_clean_first' from command line to 'False'
[0.261s] Level 5:colcon.colcon_core.verb:set package 'sensorPkg' build argument 'cmake_force_configure' from command line to 'False'
[0.261s] Level 5:colcon.colcon_core.verb:set package 'sensorPkg' build argument 'ament_cmake_args' from command line to 'None'
[0.261s] Level 5:colcon.colcon_core.verb:set package 'sensorPkg' build argument 'catkin_cmake_args' from command line to 'None'
[0.261s] Level 5:colcon.colcon_core.verb:set package 'sensorPkg' build argument 'catkin_skip_building_tests' from command line to 'False'
[0.261s] DEBUG:colcon.colcon_core.verb:Building package 'sensorPkg' with the following arguments: {'ament_cmake_args': None, 'build_base': '/root/ros_ws/src/build/sensorPkg', 'catkin_cmake_args': None, 'catkin_skip_building_tests': False, 'cmake_args': None, 'cmake_clean_cache': False, 'cmake_clean_first': False, 'cmake_force_configure': False, 'cmake_target': None, 'cmake_target_skip_unavailable': False, 'install_base': '/root/ros_ws/src/install/sensorPkg', 'merge_install': False, 'path': '/root/ros_ws/src/sensorPkg', 'symlink_install': True, 'test_result_base': None}
[0.261s] Level 5:colcon.colcon_core.verb:set package 'task2' build argument 'cmake_args' from command line to 'None'
[0.261s] Level 5:colcon.colcon_core.verb:set package 'task2' build argument 'cmake_target' from command line to 'None'
[0.261s] Level 5:colcon.colcon_core.verb:set package 'task2' build argument 'cmake_target_skip_unavailable' from command line to 'False'
[0.261s] Level 5:colcon.colcon_core.verb:set package 'task2' build argument 'cmake_clean_cache' from command line to 'False'
[0.261s] Level 5:colcon.colcon_core.verb:set package 'task2' build argument 'cmake_clean_first' from command line to 'False'
[0.261s] Level 5:colcon.colcon_core.verb:set package 'task2' build argument 'cmake_force_configure' from command line to 'False'
[0.261s] Level 5:colcon.colcon_core.verb:set package 'task2' build argument 'ament_cmake_args' from command line to 'None'
[0.261s] Level 5:colcon.colcon_core.verb:set package 'task2' build argument 'catkin_cmake_args' from command line to 'None'
[0.261s] Level 5:colcon.colcon_core.verb:set package 'task2' build argument 'catkin_skip_building_tests' from command line to 'False'
[0.261s] DEBUG:colcon.colcon_core.verb:Building package 'task2' with the following arguments: {'ament_cmake_args': None, 'build_base': '/root/ros_ws/src/build/task2', 'catkin_cmake_args': None, 'catkin_skip_building_tests': False, 'cmake_args': None, 'cmake_clean_cache': False, 'cmake_clean_first': False, 'cmake_force_configure': False, 'cmake_target': None, 'cmake_target_skip_unavailable': False, 'install_base': '/root/ros_ws/src/install/task2', 'merge_install': False, 'path': '/root/ros_ws/src/task2', 'symlink_install': True, 'test_result_base': None}
[0.262s] Level 5:colcon.colcon_core.verb:set package 'task3' build argument 'cmake_args' from command line to 'None'
[0.262s] Level 5:colcon.colcon_core.verb:set package 'task3' build argument 'cmake_target' from command line to 'None'
[0.262s] Level 5:colcon.colcon_core.verb:set package 'task3' build argument 'cmake_target_skip_unavailable' from command line to 'False'
[0.262s] Level 5:colcon.colcon_core.verb:set package 'task3' build argument 'cmake_clean_cache' from command line to 'False'
[0.262s] Level 5:colcon.colcon_core.verb:set package 'task3' build argument 'cmake_clean_first' from command line to 'False'
[0.262s] Level 5:colcon.colcon_core.verb:set package 'task3' build argument 'cmake_force_configure' from command line to 'False'
[0.262s] Level 5:colcon.colcon_core.verb:set package 'task3' build argument 'ament_cmake_args' from command line to 'None'
[0.262s] Level 5:colcon.colcon_core.verb:set package 'task3' build argument 'catkin_cmake_args' from command line to 'None'
[0.262s] Level 5:colcon.colcon_core.verb:set package 'task3' build argument 'catkin_skip_building_tests' from command line to 'False'
[0.262s] DEBUG:colcon.colcon_core.verb:Building package 'task3' with the following arguments: {'ament_cmake_args': None, 'build_base': '/root/ros_ws/src/build/task3', 'catkin_cmake_args': None, 'catkin_skip_building_tests': False, 'cmake_args': None, 'cmake_clean_cache': False, 'cmake_clean_first': False, 'cmake_force_configure': False, 'cmake_target': None, 'cmake_target_skip_unavailable': False, 'install_base': '/root/ros_ws/src/install/task3', 'merge_install': False, 'path': '/root/ros_ws/src/task3', 'symlink_install': True, 'test_result_base': None}
[0.262s] Level 5:colcon.colcon_core.verb:set package 'task4' build argument 'cmake_args' from command line to 'None'
[0.262s] Level 5:colcon.colcon_core.verb:set package 'task4' build argument 'cmake_target' from command line to 'None'
[0.262s] Level 5:colcon.colcon_core.verb:set package 'task4' build argument 'cmake_target_skip_unavailable' from command line to 'False'
[0.262s] Level 5:colcon.colcon_core.verb:set package 'task4' build argument 'cmake_clean_cache' from command line to 'False'
[0.262s] Level 5:colcon.colcon_core.verb:set package 'task4' build argument 'cmake_clean_first' from command line to 'False'
[0.262s] Level 5:colcon.colcon_core.verb:set package 'task4' build argument 'cmake_force_configure' from command line to 'False'
[0.262s] Level 5:colcon.colcon_core.verb:set package 'task4' build argument 'ament_cmake_args' from command line to 'None'
[0.262s] Level 5:colcon.colcon_core.verb:set package 'task4' build argument 'catkin_cmake_args' from command line to 'None'
[0.262s] Level 5:colcon.colcon_core.verb:set package 'task4' build argument 'catkin_skip_building_tests' from command line to 'False'
[0.262s] DEBUG:colcon.colcon_core.verb:Building package 'task4' with the following arguments: {'ament_cmake_args': None, 'build_base': '/root/ros_ws/src/build/task4', 'catkin_cmake_args': None, 'catkin_skip_building_tests': False, 'cmake_args': None, 'cmake_clean_cache': False, 'cmake_clean_first': False, 'cmake_force_configure': False, 'cmake_target': None, 'cmake_target_skip_unavailable': False, 'install_base': '/root/ros_ws/src/install/task4', 'merge_install': False, 'path': '/root/ros_ws/src/task4', 'symlink_install': True, 'test_result_base': None}
[0.262s] INFO:colcon.colcon_core.executor:Executing jobs using 'parallel' executor
[0.271s] DEBUG:colcon.colcon_parallel_executor.executor.parallel:run_until_complete
[0.271s] INFO:colcon.colcon_ros.task.ament_cmake.build:Building ROS package in '/root/ros_ws/src/custom_msgs' with build type 'ament_cmake'
[0.271s] INFO:colcon.colcon_cmake.task.cmake.build:Building CMake package in '/root/ros_ws/src/custom_msgs'
[0.273s] INFO:colcon.colcon_core.plugin_system:Skipping extension 'colcon_core.shell.bat': Not used on non-Windows systems
[0.273s] INFO:colcon.colcon_core.shell:Skip shell extension 'powershell' for command environment: Not usable outside of PowerShell
[0.274s] DEBUG:colcon.colcon_core.shell:Skip shell extension 'dsv' for command environment
[0.278s] INFO:colcon.colcon_ros.task.ament_python.build:Building ROS package in '/root/ros_ws/src/my_robot_controller' with build type 'ament_python'
[0.278s] Level 1:colcon.colcon_core.shell:create_environment_hook('my_robot_controller', 'ament_prefix_path')
[0.278s] INFO:colcon.colcon_core.shell:Creating environment hook '/root/ros_ws/src/install/my_robot_controller/share/my_robot_controller/hook/ament_prefix_path.ps1'
[0.279s] INFO:colcon.colcon_core.shell:Creating environment descriptor '/root/ros_ws/src/install/my_robot_controller/share/my_robot_controller/hook/ament_prefix_path.dsv'
[0.279s] INFO:colcon.colcon_core.shell:Creating environment hook '/root/ros_ws/src/install/my_robot_controller/share/my_robot_controller/hook/ament_prefix_path.sh'
[0.280s] INFO:colcon.colcon_core.shell:Skip shell extension 'powershell' for command environment: Not usable outside of PowerShell
[0.280s] DEBUG:colcon.colcon_core.shell:Skip shell extension 'dsv' for command environment
[0.286s] DEBUG:colcon.colcon_core.event_handler.log_command:Invoking command in '/root/ros_ws/src/build/custom_msgs': CMAKE_PREFIX_PATH=${CMAKE_PREFIX_PATH}:/root/ros_ws/src/install/action_demo_pkg:/root/ros_ws/install/task4:/root/ros_ws/install/py_srvcli:/root/ros_ws/src/install/task4:/root/ros_ws/src/install/task3:/root/ros_ws/src/install/task2:/root/ros_ws/src/install/sensorPkg:/root/ros_ws/src/install/my_robot_controller:/root/ros_ws/install/task3:/root/ros_ws/install/task2:/root/ros_ws/install/sensorPkg:/root/ros_ws/install/my_robot_controller:/opt/ros/humble /usr/bin/cmake --build /root/ros_ws/src/build/custom_msgs -- -j16 -l16
[0.476s] INFO:colcon.colcon_core.task.python.build:Building Python package in '/root/ros_ws/src/my_robot_controller'
[0.477s] INFO:colcon.colcon_core.shell:Skip shell extension 'powershell' for command environment: Not usable outside of PowerShell
[0.477s] DEBUG:colcon.colcon_core.shell:Skip shell extension 'dsv' for command environment
[0.732s] DEBUG:colcon.colcon_core.event_handler.log_command:Invoking command in '/root/ros_ws/src/build/my_robot_controller': PYTHONPATH=/root/ros_ws/src/build/my_robot_controller/prefix_override:/usr/lib/python3/dist-packages/colcon_core/task/python/colcon_distutils_commands:/root/ros_ws/src/install/my_robot_controller/lib/python3.10/site-packages:${PYTHONPATH} /usr/bin/python3 -W ignore:setup.py install is deprecated -W ignore:easy_install command is deprecated setup.py develop --editable --build-directory /root/ros_ws/src/build/my_robot_controller/build --no-deps symlink_data
[1.072s] Level 1:colcon.colcon_core.shell:create_environment_hook('my_robot_controller', 'pythonpath_develop')
[1.072s] INFO:colcon.colcon_core.shell:Creating environment hook '/root/ros_ws/src/build/my_robot_controller/share/my_robot_controller/hook/pythonpath_develop.ps1'
[1.073s] DEBUG:colcon.colcon_core.event_handler.log_command:Invoked command in '/root/ros_ws/src/build/my_robot_controller' returned '0': PYTHONPATH=/root/ros_ws/src/build/my_robot_controller/prefix_override:/usr/lib/python3/dist-packages/colcon_core/task/python/colcon_distutils_commands:/root/ros_ws/src/install/my_robot_controller/lib/python3.10/site-packages:${PYTHONPATH} /usr/bin/python3 -W ignore:setup.py install is deprecated -W ignore:easy_install command is deprecated setup.py develop --editable --build-directory /root/ros_ws/src/build/my_robot_controller/build --no-deps symlink_data
[1.073s] INFO:colcon.colcon_core.shell:Creating environment descriptor '/root/ros_ws/src/build/my_robot_controller/share/my_robot_controller/hook/pythonpath_develop.dsv'
[1.073s] INFO:colcon.colcon_core.shell:Creating environment hook '/root/ros_ws/src/build/my_robot_controller/share/my_robot_controller/hook/pythonpath_develop.sh'
[1.076s] Level 1:colcon.colcon_core.environment:checking '/root/ros_ws/src/install/my_robot_controller' for CMake module files
[1.076s] Level 1:colcon.colcon_core.environment:checking '/root/ros_ws/src/install/my_robot_controller' for CMake config files
[1.076s] Level 1:colcon.colcon_core.environment:checking '/root/ros_ws/src/install/my_robot_controller/lib'
[1.077s] Level 1:colcon.colcon_core.environment:checking '/root/ros_ws/src/install/my_robot_controller/bin'
[1.077s] Level 1:colcon.colcon_core.environment:checking '/root/ros_ws/src/install/my_robot_controller/lib/pkgconfig/my_robot_controller.pc'
[1.077s] Level 1:colcon.colcon_core.environment:checking '/root/ros_ws/src/install/my_robot_controller/lib/python3.10/site-packages'
[1.077s] Level 1:colcon.colcon_core.shell:create_environment_hook('my_robot_controller', 'pythonpath')
[1.077s] INFO:colcon.colcon_core.shell:Creating environment hook '/root/ros_ws/src/install/my_robot_controller/share/my_robot_controller/hook/pythonpath.ps1'
[1.077s] INFO:colcon.colcon_core.shell:Creating environment descriptor '/root/ros_ws/src/install/my_robot_controller/share/my_robot_controller/hook/pythonpath.dsv'
[1.078s] INFO:colcon.colcon_core.shell:Creating environment hook '/root/ros_ws/src/install/my_robot_controller/share/my_robot_controller/hook/pythonpath.sh'
[1.078s] Level 1:colcon.colcon_core.environment:checking '/root/ros_ws/src/install/my_robot_controller/bin'
[1.078s] Level 1:colcon.colcon_core.environment:create_environment_scripts_only(my_robot_controller)
[1.078s] INFO:colcon.colcon_core.shell:Creating package script '/root/ros_ws/src/install/my_robot_controller/share/my_robot_controller/package.ps1'
[1.079s] INFO:colcon.colcon_core.shell:Creating package descriptor '/root/ros_ws/src/install/my_robot_controller/share/my_robot_controller/package.dsv'
[1.080s] INFO:colcon.colcon_core.shell:Creating package script '/root/ros_ws/src/install/my_robot_controller/share/my_robot_controller/package.sh'
[1.080s] INFO:colcon.colcon_core.shell:Creating package script '/root/ros_ws/src/install/my_robot_controller/share/my_robot_controller/package.bash'
[1.081s] INFO:colcon.colcon_core.shell:Creating package script '/root/ros_ws/src/install/my_robot_controller/share/my_robot_controller/package.zsh'
[1.081s] Level 1:colcon.colcon_core.environment:create_file_with_runtime_dependencies(/root/ros_ws/src/install/my_robot_controller/share/colcon-core/packages/my_robot_controller)
[2.589s] DEBUG:colcon.colcon_core.event_handler.log_command:Invoked command in '/root/ros_ws/src/build/custom_msgs' returned '0': CMAKE_PREFIX_PATH=${CMAKE_PREFIX_PATH}:/root/ros_ws/src/install/action_demo_pkg:/root/ros_ws/install/task4:/root/ros_ws/install/py_srvcli:/root/ros_ws/src/install/task4:/root/ros_ws/src/install/task3:/root/ros_ws/src/install/task2:/root/ros_ws/src/install/sensorPkg:/root/ros_ws/src/install/my_robot_controller:/root/ros_ws/install/task3:/root/ros_ws/install/task2:/root/ros_ws/install/sensorPkg:/root/ros_ws/install/my_robot_controller:/opt/ros/humble /usr/bin/cmake --build /root/ros_ws/src/build/custom_msgs -- -j16 -l16
[2.594s] DEBUG:colcon.colcon_core.event_handler.log_command:Invoking command in '/root/ros_ws/src/build/custom_msgs': CMAKE_PREFIX_PATH=${CMAKE_PREFIX_PATH}:/root/ros_ws/src/install/action_demo_pkg:/root/ros_ws/install/task4:/root/ros_ws/install/py_srvcli:/root/ros_ws/src/install/task4:/root/ros_ws/src/install/task3:/root/ros_ws/src/install/task2:/root/ros_ws/src/install/sensorPkg:/root/ros_ws/src/install/my_robot_controller:/root/ros_ws/install/task3:/root/ros_ws/install/task2:/root/ros_ws/install/sensorPkg:/root/ros_ws/install/my_robot_controller:/opt/ros/humble /usr/bin/cmake --install /root/ros_ws/src/build/custom_msgs
[2.656s] Level 1:colcon.colcon_core.environment:create_environment_scripts_only(custom_msgs)
[2.656s] DEBUG:colcon.colcon_core.event_handler.log_command:Invoked command in '/root/ros_ws/src/build/custom_msgs' returned '0': CMAKE_PREFIX_PATH=${CMAKE_PREFIX_PATH}:/root/ros_ws/src/install/action_demo_pkg:/root/ros_ws/install/task4:/root/ros_ws/install/py_srvcli:/root/ros_ws/src/install/task4:/root/ros_ws/src/install/task3:/root/ros_ws/src/install/task2:/root/ros_ws/src/install/sensorPkg:/root/ros_ws/src/install/my_robot_controller:/root/ros_ws/install/task3:/root/ros_ws/install/task2:/root/ros_ws/install/sensorPkg:/root/ros_ws/install/my_robot_controller:/opt/ros/humble /usr/bin/cmake --install /root/ros_ws/src/build/custom_msgs
[2.656s] Level 1:colcon.colcon_core.environment:checking '/root/ros_ws/src/install/custom_msgs' for CMake module files
[2.657s] Level 1:colcon.colcon_core.environment:checking '/root/ros_ws/src/install/custom_msgs' for CMake config files
[2.657s] Level 1:colcon.colcon_core.shell:create_environment_hook('custom_msgs', 'cmake_prefix_path')
[2.658s] INFO:colcon.colcon_core.shell:Creating environment hook '/root/ros_ws/src/install/custom_msgs/share/custom_msgs/hook/cmake_prefix_path.ps1'
[2.658s] INFO:colcon.colcon_core.shell:Creating environment descriptor '/root/ros_ws/src/install/custom_msgs/share/custom_msgs/hook/cmake_prefix_path.dsv'
[2.658s] INFO:colcon.colcon_core.shell:Creating environment hook '/root/ros_ws/src/install/custom_msgs/share/custom_msgs/hook/cmake_prefix_path.sh'
[2.659s] Level 1:colcon.colcon_core.environment:checking '/root/ros_ws/src/install/custom_msgs/lib'
[2.659s] Level 1:colcon.colcon_core.shell:create_environment_hook('custom_msgs', 'ld_library_path_lib')
[2.659s] INFO:colcon.colcon_core.shell:Creating environment hook '/root/ros_ws/src/install/custom_msgs/share/custom_msgs/hook/ld_library_path_lib.ps1'
[2.659s] INFO:colcon.colcon_core.shell:Creating environment descriptor '/root/ros_ws/src/install/custom_msgs/share/custom_msgs/hook/ld_library_path_lib.dsv'
[2.659s] INFO:colcon.colcon_core.shell:Creating environment hook '/root/ros_ws/src/install/custom_msgs/share/custom_msgs/hook/ld_library_path_lib.sh'
[2.660s] Level 1:colcon.colcon_core.environment:checking '/root/ros_ws/src/install/custom_msgs/bin'
[2.660s] Level 1:colcon.colcon_core.environment:checking '/root/ros_ws/src/install/custom_msgs/lib/pkgconfig/custom_msgs.pc'
[2.660s] Level 1:colcon.colcon_core.environment:checking '/root/ros_ws/src/install/custom_msgs/lib/python3.10/site-packages'
[2.660s] Level 1:colcon.colcon_core.environment:checking '/root/ros_ws/src/install/custom_msgs/bin'
[2.660s] INFO:colcon.colcon_core.shell:Creating package script '/root/ros_ws/src/install/custom_msgs/share/custom_msgs/package.ps1'
[2.661s] INFO:colcon.colcon_core.shell:Creating package descriptor '/root/ros_ws/src/install/custom_msgs/share/custom_msgs/package.dsv'
[2.661s] INFO:colcon.colcon_core.shell:Creating package script '/root/ros_ws/src/install/custom_msgs/share/custom_msgs/package.sh'
[2.661s] INFO:colcon.colcon_core.shell:Creating package script '/root/ros_ws/src/install/custom_msgs/share/custom_msgs/package.bash'
[2.662s] INFO:colcon.colcon_core.shell:Creating package script '/root/ros_ws/src/install/custom_msgs/share/custom_msgs/package.zsh'
[2.662s] Level 1:colcon.colcon_core.environment:create_file_with_runtime_dependencies(/root/ros_ws/src/install/custom_msgs/share/colcon-core/packages/custom_msgs)
[2.662s] Level 1:colcon.colcon_core.environment:create_environment_scripts_only(custom_msgs)
[2.663s] Level 1:colcon.colcon_core.environment:checking '/root/ros_ws/src/install/custom_msgs' for CMake module files
[2.663s] Level 1:colcon.colcon_core.environment:checking '/root/ros_ws/src/install/custom_msgs' for CMake config files
[2.664s] Level 1:colcon.colcon_core.shell:create_environment_hook('custom_msgs', 'cmake_prefix_path')
[2.664s] INFO:colcon.colcon_core.shell:Creating environment hook '/root/ros_ws/src/install/custom_msgs/share/custom_msgs/hook/cmake_prefix_path.ps1'
[2.664s] INFO:colcon.colcon_core.shell:Creating environment descriptor '/root/ros_ws/src/install/custom_msgs/share/custom_msgs/hook/cmake_prefix_path.dsv'
[2.664s] INFO:colcon.colcon_core.shell:Creating environment hook '/root/ros_ws/src/install/custom_msgs/share/custom_msgs/hook/cmake_prefix_path.sh'
[2.665s] Level 1:colcon.colcon_core.environment:checking '/root/ros_ws/src/install/custom_msgs/lib'
[2.665s] Level 1:colcon.colcon_core.shell:create_environment_hook('custom_msgs', 'ld_library_path_lib')
[2.665s] INFO:colcon.colcon_core.shell:Creating environment hook '/root/ros_ws/src/install/custom_msgs/share/custom_msgs/hook/ld_library_path_lib.ps1'
[2.665s] INFO:colcon.colcon_core.shell:Creating environment descriptor '/root/ros_ws/src/install/custom_msgs/share/custom_msgs/hook/ld_library_path_lib.dsv'
[2.665s] INFO:colcon.colcon_core.shell:Creating environment hook '/root/ros_ws/src/install/custom_msgs/share/custom_msgs/hook/ld_library_path_lib.sh'
[2.666s] Level 1:colcon.colcon_core.environment:checking '/root/ros_ws/src/install/custom_msgs/bin'
[2.666s] Level 1:colcon.colcon_core.environment:checking '/root/ros_ws/src/install/custom_msgs/lib/pkgconfig/custom_msgs.pc'
[2.666s] Level 1:colcon.colcon_core.environment:checking '/root/ros_ws/src/install/custom_msgs/lib/python3.10/site-packages'
[2.666s] Level 1:colcon.colcon_core.environment:checking '/root/ros_ws/src/install/custom_msgs/bin'
[2.666s] INFO:colcon.colcon_core.shell:Creating package script '/root/ros_ws/src/install/custom_msgs/share/custom_msgs/package.ps1'
[2.667s] INFO:colcon.colcon_core.shell:Creating package descriptor '/root/ros_ws/src/install/custom_msgs/share/custom_msgs/package.dsv'
[2.667s] INFO:colcon.colcon_core.shell:Creating package script '/root/ros_ws/src/install/custom_msgs/share/custom_msgs/package.sh'
[2.667s] INFO:colcon.colcon_core.shell:Creating package script '/root/ros_ws/src/install/custom_msgs/share/custom_msgs/package.bash'
[2.668s] INFO:colcon.colcon_core.shell:Creating package script '/root/ros_ws/src/install/custom_msgs/share/custom_msgs/package.zsh'
[2.668s] Level 1:colcon.colcon_core.environment:create_file_with_runtime_dependencies(/root/ros_ws/src/install/custom_msgs/share/colcon-core/packages/custom_msgs)
[2.668s] INFO:colcon.colcon_ros.task.ament_python.build:Building ROS package in '/root/ros_ws/src/action_demo_pkg' with build type 'ament_python'
[2.668s] Level 1:colcon.colcon_core.shell:create_environment_hook('action_demo_pkg', 'ament_prefix_path')
[2.669s] INFO:colcon.colcon_core.shell:Creating environment hook '/root/ros_ws/src/install/action_demo_pkg/share/action_demo_pkg/hook/ament_prefix_path.ps1'
[2.669s] INFO:colcon.colcon_core.shell:Creating environment descriptor '/root/ros_ws/src/install/action_demo_pkg/share/action_demo_pkg/hook/ament_prefix_path.dsv'
[2.669s] INFO:colcon.colcon_core.shell:Creating environment hook '/root/ros_ws/src/install/action_demo_pkg/share/action_demo_pkg/hook/ament_prefix_path.sh'
[2.670s] INFO:colcon.colcon_core.shell:Skip shell extension 'powershell' for command environment: Not usable outside of PowerShell
[2.670s] DEBUG:colcon.colcon_core.shell:Skip shell extension 'dsv' for command environment
[2.674s] INFO:colcon.colcon_ros.task.ament_python.build:Building ROS package in '/root/ros_ws/src/sensorPkg' with build type 'ament_python'
[2.674s] Level 1:colcon.colcon_core.shell:create_environment_hook('sensorPkg', 'ament_prefix_path')
[2.674s] INFO:colcon.colcon_core.shell:Creating environment hook '/root/ros_ws/src/install/sensorPkg/share/sensorPkg/hook/ament_prefix_path.ps1'
[2.674s] INFO:colcon.colcon_core.shell:Creating environment descriptor '/root/ros_ws/src/install/sensorPkg/share/sensorPkg/hook/ament_prefix_path.dsv'
[2.674s] INFO:colcon.colcon_core.shell:Creating environment hook '/root/ros_ws/src/install/sensorPkg/share/sensorPkg/hook/ament_prefix_path.sh'
[2.675s] INFO:colcon.colcon_core.shell:Skip shell extension 'powershell' for command environment: Not usable outside of PowerShell
[2.675s] DEBUG:colcon.colcon_core.shell:Skip shell extension 'dsv' for command environment
[2.678s] INFO:colcon.colcon_ros.task.ament_python.build:Building ROS package in '/root/ros_ws/src/task2' with build type 'ament_python'
[2.678s] Level 1:colcon.colcon_core.shell:create_environment_hook('task2', 'ament_prefix_path')
[2.678s] INFO:colcon.colcon_core.shell:Creating environment hook '/root/ros_ws/src/install/task2/share/task2/hook/ament_prefix_path.ps1'
[2.678s] INFO:colcon.colcon_core.shell:Creating environment descriptor '/root/ros_ws/src/install/task2/share/task2/hook/ament_prefix_path.dsv'
[2.679s] INFO:colcon.colcon_core.shell:Creating environment hook '/root/ros_ws/src/install/task2/share/task2/hook/ament_prefix_path.sh'
[2.679s] INFO:colcon.colcon_core.shell:Skip shell extension 'powershell' for command environment: Not usable outside of PowerShell
[2.679s] DEBUG:colcon.colcon_core.shell:Skip shell extension 'dsv' for command environment
[2.682s] INFO:colcon.colcon_ros.task.ament_python.build:Building ROS package in '/root/ros_ws/src/task3' with build type 'ament_python'
[2.682s] Level 1:colcon.colcon_core.shell:create_environment_hook('task3', 'ament_prefix_path')
[2.682s] INFO:colcon.colcon_core.shell:Creating environment hook '/root/ros_ws/src/install/task3/share/task3/hook/ament_prefix_path.ps1'
[2.683s] INFO:colcon.colcon_core.shell:Creating environment descriptor '/root/ros_ws/src/install/task3/share/task3/hook/ament_prefix_path.dsv'
[2.683s] INFO:colcon.colcon_core.shell:Creating environment hook '/root/ros_ws/src/install/task3/share/task3/hook/ament_prefix_path.sh'
[2.683s] INFO:colcon.colcon_core.shell:Skip shell extension 'powershell' for command environment: Not usable outside of PowerShell
[2.683s] DEBUG:colcon.colcon_core.shell:Skip shell extension 'dsv' for command environment
[2.686s] INFO:colcon.colcon_ros.task.ament_python.build:Building ROS package in '/root/ros_ws/src/task4' with build type 'ament_python'
[2.686s] Level 1:colcon.colcon_core.shell:create_environment_hook('task4', 'ament_prefix_path')
[2.686s] INFO:colcon.colcon_core.shell:Creating environment hook '/root/ros_ws/src/install/task4/share/task4/hook/ament_prefix_path.ps1'
[2.687s] INFO:colcon.colcon_core.shell:Creating environment descriptor '/root/ros_ws/src/install/task4/share/task4/hook/ament_prefix_path.dsv'
[2.687s] INFO:colcon.colcon_core.shell:Creating environment hook '/root/ros_ws/src/install/task4/share/task4/hook/ament_prefix_path.sh'
[2.688s] INFO:colcon.colcon_core.shell:Skip shell extension 'powershell' for command environment: Not usable outside of PowerShell
[2.688s] DEBUG:colcon.colcon_core.shell:Skip shell extension 'dsv' for command environment
[2.880s] INFO:colcon.colcon_core.task.python.build:Building Python package in '/root/ros_ws/src/action_demo_pkg'
[2.880s] INFO:colcon.colcon_core.shell:Skip shell extension 'powershell' for command environment: Not usable outside of PowerShell
[2.880s] DEBUG:colcon.colcon_core.shell:Skip shell extension 'dsv' for command environment
[3.069s] INFO:colcon.colcon_core.task.python.build:Building Python package in '/root/ros_ws/src/sensorPkg'
[3.070s] INFO:colcon.colcon_core.shell:Skip shell extension 'powershell' for command environment: Not usable outside of PowerShell
[3.070s] DEBUG:colcon.colcon_core.shell:Skip shell extension 'dsv' for command environment
[3.258s] INFO:colcon.colcon_core.task.python.build:Building Python package in '/root/ros_ws/src/task2'
[3.258s] INFO:colcon.colcon_core.shell:Skip shell extension 'powershell' for command environment: Not usable outside of PowerShell
[3.258s] DEBUG:colcon.colcon_core.shell:Skip shell extension 'dsv' for command environment
[3.447s] INFO:colcon.colcon_core.task.python.build:Building Python package in '/root/ros_ws/src/task3'
[3.447s] INFO:colcon.colcon_core.shell:Skip shell extension 'powershell' for command environment: Not usable outside of PowerShell
[3.447s] DEBUG:colcon.colcon_core.shell:Skip shell extension 'dsv' for command environment
[3.636s] INFO:colcon.colcon_core.task.python.build:Building Python package in '/root/ros_ws/src/task4'
[3.636s] INFO:colcon.colcon_core.shell:Skip shell extension 'powershell' for command environment: Not usable outside of PowerShell
[3.636s] DEBUG:colcon.colcon_core.shell:Skip shell extension 'dsv' for command environment
[3.941s] DEBUG:colcon.colcon_core.event_handler.log_command:Invoking command in '/root/ros_ws/src/build/task4': PYTHONPATH=/root/ros_ws/src/build/task4/prefix_override:/usr/lib/python3/dist-packages/colcon_core/task/python/colcon_distutils_commands:/root/ros_ws/src/install/task4/lib/python3.10/site-packages:${PYTHONPATH} /usr/bin/python3 -W ignore:setup.py install is deprecated -W ignore:easy_install command is deprecated setup.py develop --editable --build-directory /root/ros_ws/src/build/task4/build --no-deps symlink_data
[3.943s] DEBUG:colcon.colcon_core.event_handler.log_command:Invoking command in '/root/ros_ws/src/build/task3': PYTHONPATH=/root/ros_ws/src/build/task3/prefix_override:/usr/lib/python3/dist-packages/colcon_core/task/python/colcon_distutils_commands:/root/ros_ws/src/install/task3/lib/python3.10/site-packages:${PYTHONPATH} /usr/bin/python3 -W ignore:setup.py install is deprecated -W ignore:easy_install command is deprecated setup.py develop --editable --build-directory /root/ros_ws/src/build/task3/build --no-deps symlink_data
[3.944s] DEBUG:colcon.colcon_core.event_handler.log_command:Invoking command in '/root/ros_ws/src/build/action_demo_pkg': PYTHONPATH=/root/ros_ws/src/build/action_demo_pkg/prefix_override:/usr/lib/python3/dist-packages/colcon_core/task/python/colcon_distutils_commands:/root/ros_ws/src/install/action_demo_pkg/lib/python3.10/site-packages:${PYTHONPATH} /usr/bin/python3 -W ignore:setup.py install is deprecated -W ignore:easy_install command is deprecated setup.py develop --editable --build-directory /root/ros_ws/src/build/action_demo_pkg/build --no-deps symlink_data
[3.945s] DEBUG:colcon.colcon_core.event_handler.log_command:Invoking command in '/root/ros_ws/src/build/task2': PYTHONPATH=/root/ros_ws/src/build/task2/prefix_override:/usr/lib/python3/dist-packages/colcon_core/task/python/colcon_distutils_commands:/root/ros_ws/src/install/task2/lib/python3.10/site-packages:${PYTHONPATH} /usr/bin/python3 -W ignore:setup.py install is deprecated -W ignore:easy_install command is deprecated setup.py develop --editable --build-directory /root/ros_ws/src/build/task2/build --no-deps symlink_data
[3.947s] DEBUG:colcon.colcon_core.event_handler.log_command:Invoking command in '/root/ros_ws/src/build/sensorPkg': PYTHONPATH=/root/ros_ws/src/build/sensorPkg/prefix_override:/usr/lib/python3/dist-packages/colcon_core/task/python/colcon_distutils_commands:/root/ros_ws/src/install/sensorPkg/lib/python3.10/site-packages:${PYTHONPATH} /usr/bin/python3 -W ignore:setup.py install is deprecated -W ignore:easy_install command is deprecated setup.py develop --editable --build-directory /root/ros_ws/src/build/sensorPkg/build --no-deps symlink_data
[4.314s] Level 1:colcon.colcon_core.shell:create_environment_hook('task3', 'pythonpath_develop')
[4.314s] INFO:colcon.colcon_core.shell:Creating environment hook '/root/ros_ws/src/build/task3/share/task3/hook/pythonpath_develop.ps1'
[4.315s] DEBUG:colcon.colcon_core.event_handler.log_command:Invoked command in '/root/ros_ws/src/build/task3' returned '0': PYTHONPATH=/root/ros_ws/src/build/task3/prefix_override:/usr/lib/python3/dist-packages/colcon_core/task/python/colcon_distutils_commands:/root/ros_ws/src/install/task3/lib/python3.10/site-packages:${PYTHONPATH} /usr/bin/python3 -W ignore:setup.py install is deprecated -W ignore:easy_install command is deprecated setup.py develop --editable --build-directory /root/ros_ws/src/build/task3/build --no-deps symlink_data
[4.315s] INFO:colcon.colcon_core.shell:Creating environment descriptor '/root/ros_ws/src/build/task3/share/task3/hook/pythonpath_develop.dsv'
[4.316s] INFO:colcon.colcon_core.shell:Creating environment hook '/root/ros_ws/src/build/task3/share/task3/hook/pythonpath_develop.sh'
[4.316s] Level 1:colcon.colcon_core.environment:checking '/root/ros_ws/src/install/task3' for CMake module files
[4.316s] Level 1:colcon.colcon_core.environment:checking '/root/ros_ws/src/install/task3' for CMake config files
[4.317s] Level 1:colcon.colcon_core.environment:checking '/root/ros_ws/src/install/task3/lib'
[4.317s] Level 1:colcon.colcon_core.environment:checking '/root/ros_ws/src/install/task3/bin'
[4.317s] Level 1:colcon.colcon_core.environment:checking '/root/ros_ws/src/install/task3/lib/pkgconfig/task3.pc'
[4.317s] Level 1:colcon.colcon_core.environment:checking '/root/ros_ws/src/install/task3/lib/python3.10/site-packages'
[4.317s] Level 1:colcon.colcon_core.shell:create_environment_hook('task3', 'pythonpath')
[4.317s] INFO:colcon.colcon_core.shell:Creating environment hook '/root/ros_ws/src/install/task3/share/task3/hook/pythonpath.ps1'
[4.318s] INFO:colcon.colcon_core.shell:Creating environment descriptor '/root/ros_ws/src/install/task3/share/task3/hook/pythonpath.dsv'
[4.318s] INFO:colcon.colcon_core.shell:Creating environment hook '/root/ros_ws/src/install/task3/share/task3/hook/pythonpath.sh'
[4.318s] Level 1:colcon.colcon_core.environment:checking '/root/ros_ws/src/install/task3/bin'
[4.318s] Level 1:colcon.colcon_core.environment:create_environment_scripts_only(task3)
[4.319s] INFO:colcon.colcon_core.shell:Creating package script '/root/ros_ws/src/install/task3/share/task3/package.ps1'
[4.319s] INFO:colcon.colcon_core.shell:Creating package descriptor '/root/ros_ws/src/install/task3/share/task3/package.dsv'
[4.319s] INFO:colcon.colcon_core.shell:Creating package script '/root/ros_ws/src/install/task3/share/task3/package.sh'
[4.320s] INFO:colcon.colcon_core.shell:Creating package script '/root/ros_ws/src/install/task3/share/task3/package.bash'
[4.320s] INFO:colcon.colcon_core.shell:Creating package script '/root/ros_ws/src/install/task3/share/task3/package.zsh'
[4.320s] Level 1:colcon.colcon_core.environment:create_file_with_runtime_dependencies(/root/ros_ws/src/install/task3/share/colcon-core/packages/task3)
[4.322s] Level 1:colcon.colcon_core.shell:create_environment_hook('sensorPkg', 'pythonpath_develop')
[4.322s] INFO:colcon.colcon_core.shell:Creating environment hook '/root/ros_ws/src/build/sensorPkg/share/sensorPkg/hook/pythonpath_develop.ps1'
[4.323s] DEBUG:colcon.colcon_core.event_handler.log_command:Invoked command in '/root/ros_ws/src/build/sensorPkg' returned '0': PYTHONPATH=/root/ros_ws/src/build/sensorPkg/prefix_override:/usr/lib/python3/dist-packages/colcon_core/task/python/colcon_distutils_commands:/root/ros_ws/src/install/sensorPkg/lib/python3.10/site-packages:${PYTHONPATH} /usr/bin/python3 -W ignore:setup.py install is deprecated -W ignore:easy_install command is deprecated setup.py develop --editable --build-directory /root/ros_ws/src/build/sensorPkg/build --no-deps symlink_data
[4.323s] INFO:colcon.colcon_core.shell:Creating environment descriptor '/root/ros_ws/src/build/sensorPkg/share/sensorPkg/hook/pythonpath_develop.dsv'
[4.323s] INFO:colcon.colcon_core.shell:Creating environment hook '/root/ros_ws/src/build/sensorPkg/share/sensorPkg/hook/pythonpath_develop.sh'
[4.324s] Level 1:colcon.colcon_core.environment:checking '/root/ros_ws/src/install/sensorPkg' for CMake module files
[4.324s] Level 1:colcon.colcon_core.environment:checking '/root/ros_ws/src/install/sensorPkg' for CMake config files
[4.325s] Level 1:colcon.colcon_core.environment:checking '/root/ros_ws/src/install/sensorPkg/lib'
[4.325s] Level 1:colcon.colcon_core.environment:checking '/root/ros_ws/src/install/sensorPkg/bin'
[4.325s] Level 1:colcon.colcon_core.environment:checking '/root/ros_ws/src/install/sensorPkg/lib/pkgconfig/sensorPkg.pc'
[4.325s] Level 1:colcon.colcon_core.environment:checking '/root/ros_ws/src/install/sensorPkg/lib/python3.10/site-packages'
[4.325s] Level 1:colcon.colcon_core.shell:create_environment_hook('sensorPkg', 'pythonpath')
[4.325s] INFO:colcon.colcon_core.shell:Creating environment hook '/root/ros_ws/src/install/sensorPkg/share/sensorPkg/hook/pythonpath.ps1'
[4.325s] INFO:colcon.colcon_core.shell:Creating environment descriptor '/root/ros_ws/src/install/sensorPkg/share/sensorPkg/hook/pythonpath.dsv'
[4.326s] INFO:colcon.colcon_core.shell:Creating environment hook '/root/ros_ws/src/install/sensorPkg/share/sensorPkg/hook/pythonpath.sh'
[4.326s] Level 1:colcon.colcon_core.environment:checking '/root/ros_ws/src/install/sensorPkg/bin'
[4.326s] Level 1:colcon.colcon_core.environment:create_environment_scripts_only(sensorPkg)
[4.326s] INFO:colcon.colcon_core.shell:Creating package script '/root/ros_ws/src/install/sensorPkg/share/sensorPkg/package.ps1'
[4.327s] INFO:colcon.colcon_core.shell:Creating package descriptor '/root/ros_ws/src/install/sensorPkg/share/sensorPkg/package.dsv'
[4.327s] INFO:colcon.colcon_core.shell:Creating package script '/root/ros_ws/src/install/sensorPkg/share/sensorPkg/package.sh'
[4.328s] INFO:colcon.colcon_core.shell:Creating package script '/root/ros_ws/src/install/sensorPkg/share/sensorPkg/package.bash'
[4.328s] INFO:colcon.colcon_core.shell:Creating package script '/root/ros_ws/src/install/sensorPkg/share/sensorPkg/package.zsh'
[4.328s] Level 1:colcon.colcon_core.environment:create_file_with_runtime_dependencies(/root/ros_ws/src/install/sensorPkg/share/colcon-core/packages/sensorPkg)
[4.329s] Level 1:colcon.colcon_core.shell:create_environment_hook('task4', 'pythonpath_develop')
[4.329s] INFO:colcon.colcon_core.shell:Creating environment hook '/root/ros_ws/src/build/task4/share/task4/hook/pythonpath_develop.ps1'
[4.330s] DEBUG:colcon.colcon_core.event_handler.log_command:Invoked command in '/root/ros_ws/src/build/task4' returned '0': PYTHONPATH=/root/ros_ws/src/build/task4/prefix_override:/usr/lib/python3/dist-packages/colcon_core/task/python/colcon_distutils_commands:/root/ros_ws/src/install/task4/lib/python3.10/site-packages:${PYTHONPATH} /usr/bin/python3 -W ignore:setup.py install is deprecated -W ignore:easy_install command is deprecated setup.py develop --editable --build-directory /root/ros_ws/src/build/task4/build --no-deps symlink_data
[4.330s] INFO:colcon.colcon_core.shell:Creating environment descriptor '/root/ros_ws/src/build/task4/share/task4/hook/pythonpath_develop.dsv'
[4.330s] INFO:colcon.colcon_core.shell:Creating environment hook '/root/ros_ws/src/build/task4/share/task4/hook/pythonpath_develop.sh'
[4.330s] Level 1:colcon.colcon_core.environment:checking '/root/ros_ws/src/install/task4' for CMake module files
[4.331s] Level 1:colcon.colcon_core.environment:checking '/root/ros_ws/src/install/task4' for CMake config files
[4.331s] Level 1:colcon.colcon_core.environment:checking '/root/ros_ws/src/install/task4/lib'
[4.331s] Level 1:colcon.colcon_core.environment:checking '/root/ros_ws/src/install/task4/bin'
[4.331s] Level 1:colcon.colcon_core.environment:checking '/root/ros_ws/src/install/task4/lib/pkgconfig/task4.pc'
[4.331s] Level 1:colcon.colcon_core.environment:checking '/root/ros_ws/src/install/task4/lib/python3.10/site-packages'
[4.331s] Level 1:colcon.colcon_core.shell:create_environment_hook('task4', 'pythonpath')
[4.331s] INFO:colcon.colcon_core.shell:Creating environment hook '/root/ros_ws/src/install/task4/share/task4/hook/pythonpath.ps1'
[4.332s] INFO:colcon.colcon_core.shell:Creating environment descriptor '/root/ros_ws/src/install/task4/share/task4/hook/pythonpath.dsv'
[4.332s] INFO:colcon.colcon_core.shell:Creating environment hook '/root/ros_ws/src/install/task4/share/task4/hook/pythonpath.sh'
[4.332s] Level 1:colcon.colcon_core.environment:checking '/root/ros_ws/src/install/task4/bin'
[4.332s] Level 1:colcon.colcon_core.environment:create_environment_scripts_only(task4)
[4.333s] INFO:colcon.colcon_core.shell:Creating package script '/root/ros_ws/src/install/task4/share/task4/package.ps1'
[4.333s] INFO:colcon.colcon_core.shell:Creating package descriptor '/root/ros_ws/src/install/task4/share/task4/package.dsv'
[4.333s] INFO:colcon.colcon_core.shell:Creating package script '/root/ros_ws/src/install/task4/share/task4/package.sh'
[4.334s] INFO:colcon.colcon_core.shell:Creating package script '/root/ros_ws/src/install/task4/share/task4/package.bash'
[4.334s] INFO:colcon.colcon_core.shell:Creating package script '/root/ros_ws/src/install/task4/share/task4/package.zsh'
[4.334s] Level 1:colcon.colcon_core.environment:create_file_with_runtime_dependencies(/root/ros_ws/src/install/task4/share/colcon-core/packages/task4)
[4.335s] Level 1:colcon.colcon_core.shell:create_environment_hook('action_demo_pkg', 'pythonpath_develop')
[4.335s] INFO:colcon.colcon_core.shell:Creating environment hook '/root/ros_ws/src/build/action_demo_pkg/share/action_demo_pkg/hook/pythonpath_develop.ps1'
[4.336s] DEBUG:colcon.colcon_core.event_handler.log_command:Invoked command in '/root/ros_ws/src/build/action_demo_pkg' returned '0': PYTHONPATH=/root/ros_ws/src/build/action_demo_pkg/prefix_override:/usr/lib/python3/dist-packages/colcon_core/task/python/colcon_distutils_commands:/root/ros_ws/src/install/action_demo_pkg/lib/python3.10/site-packages:${PYTHONPATH} /usr/bin/python3 -W ignore:setup.py install is deprecated -W ignore:easy_install command is deprecated setup.py develop --editable --build-directory /root/ros_ws/src/build/action_demo_pkg/build --no-deps symlink_data
[4.336s] INFO:colcon.colcon_core.shell:Creating environment descriptor '/root/ros_ws/src/build/action_demo_pkg/share/action_demo_pkg/hook/pythonpath_develop.dsv'
[4.336s] INFO:colcon.colcon_core.shell:Creating environment hook '/root/ros_ws/src/build/action_demo_pkg/share/action_demo_pkg/hook/pythonpath_develop.sh'
[4.337s] Level 1:colcon.colcon_core.environment:checking '/root/ros_ws/src/install/action_demo_pkg' for CMake module files
[4.337s] Level 1:colcon.colcon_core.environment:checking '/root/ros_ws/src/install/action_demo_pkg' for CMake config files
[4.337s] Level 1:colcon.colcon_core.environment:checking '/root/ros_ws/src/install/action_demo_pkg/lib'
[4.337s] Level 1:colcon.colcon_core.environment:checking '/root/ros_ws/src/install/action_demo_pkg/bin'
[4.337s] Level 1:colcon.colcon_core.environment:checking '/root/ros_ws/src/install/action_demo_pkg/lib/pkgconfig/action_demo_pkg.pc'
[4.338s] Level 1:colcon.colcon_core.environment:checking '/root/ros_ws/src/install/action_demo_pkg/lib/python3.10/site-packages'
[4.338s] Level 1:colcon.colcon_core.shell:create_environment_hook('action_demo_pkg', 'pythonpath')
[4.338s] INFO:colcon.colcon_core.shell:Creating environment hook '/root/ros_ws/src/install/action_demo_pkg/share/action_demo_pkg/hook/pythonpath.ps1'
[4.338s] INFO:colcon.colcon_core.shell:Creating environment descriptor '/root/ros_ws/src/install/action_demo_pkg/share/action_demo_pkg/hook/pythonpath.dsv'
[4.338s] INFO:colcon.colcon_core.shell:Creating environment hook '/root/ros_ws/src/install/action_demo_pkg/share/action_demo_pkg/hook/pythonpath.sh'
[4.339s] Level 1:colcon.colcon_core.environment:checking '/root/ros_ws/src/install/action_demo_pkg/bin'
[4.339s] Level 1:colcon.colcon_core.environment:create_environment_scripts_only(action_demo_pkg)
[4.339s] INFO:colcon.colcon_core.shell:Creating package script '/root/ros_ws/src/install/action_demo_pkg/share/action_demo_pkg/package.ps1'
[4.339s] INFO:colcon.colcon_core.shell:Creating package descriptor '/root/ros_ws/src/install/action_demo_pkg/share/action_demo_pkg/package.dsv'
[4.340s] INFO:colcon.colcon_core.shell:Creating package script '/root/ros_ws/src/install/action_demo_pkg/share/action_demo_pkg/package.sh'
[4.340s] INFO:colcon.colcon_core.shell:Creating package script '/root/ros_ws/src/install/action_demo_pkg/share/action_demo_pkg/package.bash'
[4.340s] INFO:colcon.colcon_core.shell:Creating package script '/root/ros_ws/src/install/action_demo_pkg/share/action_demo_pkg/package.zsh'
[4.341s] Level 1:colcon.colcon_core.environment:create_file_with_runtime_dependencies(/root/ros_ws/src/install/action_demo_pkg/share/colcon-core/packages/action_demo_pkg)
[4.341s] Level 1:colcon.colcon_core.shell:create_environment_hook('task2', 'pythonpath_develop')
[4.341s] INFO:colcon.colcon_core.shell:Creating environment hook '/root/ros_ws/src/build/task2/share/task2/hook/pythonpath_develop.ps1'
[4.342s] DEBUG:colcon.colcon_core.event_handler.log_command:Invoked command in '/root/ros_ws/src/build/task2' returned '0': PYTHONPATH=/root/ros_ws/src/build/task2/prefix_override:/usr/lib/python3/dist-packages/colcon_core/task/python/colcon_distutils_commands:/root/ros_ws/src/install/task2/lib/python3.10/site-packages:${PYTHONPATH} /usr/bin/python3 -W ignore:setup.py install is deprecated -W ignore:easy_install command is deprecated setup.py develop --editable --build-directory /root/ros_ws/src/build/task2/build --no-deps symlink_data
[4.342s] INFO:colcon.colcon_core.shell:Creating environment descriptor '/root/ros_ws/src/build/task2/share/task2/hook/pythonpath_develop.dsv'
[4.342s] INFO:colcon.colcon_core.shell:Creating environment hook '/root/ros_ws/src/build/task2/share/task2/hook/pythonpath_develop.sh'
[4.342s] Level 1:colcon.colcon_core.environment:checking '/root/ros_ws/src/install/task2' for CMake module files
[4.343s] Level 1:colcon.colcon_core.environment:checking '/root/ros_ws/src/install/task2' for CMake config files
[4.343s] Level 1:colcon.colcon_core.environment:checking '/root/ros_ws/src/install/task2/lib'
[4.343s] Level 1:colcon.colcon_core.environment:checking '/root/ros_ws/src/install/task2/bin'
[4.343s] Level 1:colcon.colcon_core.environment:checking '/root/ros_ws/src/install/task2/lib/pkgconfig/task2.pc'
[4.344s] Level 1:colcon.colcon_core.environment:checking '/root/ros_ws/src/install/task2/lib/python3.10/site-packages'
[4.344s] Level 1:colcon.colcon_core.shell:create_environment_hook('task2', 'pythonpath')
[4.344s] INFO:colcon.colcon_core.shell:Creating environment hook '/root/ros_ws/src/install/task2/share/task2/hook/pythonpath.ps1'
[4.344s] INFO:colcon.colcon_core.shell:Creating environment descriptor '/root/ros_ws/src/install/task2/share/task2/hook/pythonpath.dsv'
[4.344s] INFO:colcon.colcon_core.shell:Creating environment hook '/root/ros_ws/src/install/task2/share/task2/hook/pythonpath.sh'
[4.345s] Level 1:colcon.colcon_core.environment:checking '/root/ros_ws/src/install/task2/bin'
[4.345s] Level 1:colcon.colcon_core.environment:create_environment_scripts_only(task2)
[4.345s] INFO:colcon.colcon_core.shell:Creating package script '/root/ros_ws/src/install/task2/share/task2/package.ps1'
[4.345s] INFO:colcon.colcon_core.shell:Creating package descriptor '/root/ros_ws/src/install/task2/share/task2/package.dsv'
[4.346s] INFO:colcon.colcon_core.shell:Creating package script '/root/ros_ws/src/install/task2/share/task2/package.sh'
[4.346s] INFO:colcon.colcon_core.shell:Creating package script '/root/ros_ws/src/install/task2/share/task2/package.bash'
[4.346s] INFO:colcon.colcon_core.shell:Creating package script '/root/ros_ws/src/install/task2/share/task2/package.zsh'
[4.347s] Level 1:colcon.colcon_core.environment:create_file_with_runtime_dependencies(/root/ros_ws/src/install/task2/share/colcon-core/packages/task2)
[4.347s] DEBUG:colcon.colcon_parallel_executor.executor.parallel:closing loop
[4.347s] DEBUG:colcon.colcon_parallel_executor.executor.parallel:loop closed
[4.347s] DEBUG:colcon.colcon_parallel_executor.executor.parallel:run_until_complete finished with '0'
[4.347s] DEBUG:colcon.colcon_core.event_reactor:joining thread
[4.352s] INFO:colcon.colcon_core.plugin_system:Skipping extension 'colcon_notification.desktop_notification.notify_send': Could not find 'notify-send'
[4.352s] INFO:colcon.colcon_core.plugin_system:Skipping extension 'colcon_notification.desktop_notification.terminal_notifier': Not used on non-Darwin systems
[4.352s] INFO:colcon.colcon_core.plugin_system:Skipping extension 'colcon_notification.desktop_notification.win32': Not used on non-Windows systems
[4.352s] INFO:colcon.colcon_notification.desktop_notification:Sending desktop notification using 'notify2'
[4.355s] DEBUG:colcon.colcon_notification.desktop_notification.notify2:Failed to initialize notify2: org.freedesktop.DBus.Error.Spawn.ExecFailed: /usr/bin/dbus-launch terminated abnormally without any error message
[4.355s] DEBUG:colcon.colcon_core.event_reactor:joined thread
[4.356s] INFO:colcon.colcon_core.shell:Creating prefix script '/root/ros_ws/src/install/local_setup.ps1'
[4.357s] INFO:colcon.colcon_core.shell:Creating prefix util module '/root/ros_ws/src/install/_local_setup_util_ps1.py'
[4.358s] INFO:colcon.colcon_core.shell:Creating prefix chain script '/root/ros_ws/src/install/setup.ps1'
[4.359s] INFO:colcon.colcon_core.shell:Creating prefix script '/root/ros_ws/src/install/local_setup.sh'
[4.359s] INFO:colcon.colcon_core.shell:Creating prefix util module '/root/ros_ws/src/install/_local_setup_util_sh.py'
[4.360s] INFO:colcon.colcon_core.shell:Creating prefix chain script '/root/ros_ws/src/install/setup.sh'
[4.361s] INFO:colcon.colcon_core.shell:Creating prefix script '/root/ros_ws/src/install/local_setup.bash'
[4.361s] INFO:colcon.colcon_core.shell:Creating prefix chain script '/root/ros_ws/src/install/setup.bash'
[4.362s] INFO:colcon.colcon_core.shell:Creating prefix script '/root/ros_ws/src/install/local_setup.zsh'
[4.363s] INFO:colcon.colcon_core.shell:Creating prefix chain script '/root/ros_ws/src/install/setup.zsh'
