-- Found ament_cmake: 1.3.14 (/opt/ros/humble/share/ament_cmake/cmake)
-- Override CMake install command with custom implementation using symlinks instead of copying resources
-- Found rosidl_default_generators: 1.2.1 (/opt/ros/humble/share/rosidl_default_generators/cmake)
-- Using all available rosidl_typesupport_c: rosidl_typesupport_fastrtps_c;rosidl_typesupport_introspection_c
-- Found rosidl_adapter: 3.1.8 (/opt/ros/humble/share/rosidl_adapter/cmake)
-- Using all available rosidl_typesupport_cpp: rosidl_typesupport_fastrtps_cpp;rosidl_typesupport_introspection_cpp
-- Found geometry_msgs: 4.9.1 (/opt/ros/humble/share/geometry_msgs/cmake)
-- Found action_msgs: 1.2.2 (/opt/ros/humble/share/action_msgs/cmake)
-- Found ament_cmake_ros: 0.10.0 (/opt/ros/humble/share/ament_cmake_ros/cmake)
-- Using all available rosidl_typesupport_c: rosidl_typesupport_fastrtps_c;rosidl_typesupport_introspection_c
-- Using all available rosidl_typesupport_cpp: rosidl_typesupport_fastrtps_cpp;rosidl_typesupport_introspection_cpp
-- Found python_cmake_module: 0.10.0 (/opt/ros/humble/share/python_cmake_module/cmake)
-- Using PYTHON_EXECUTABLE: /usr/bin/python3
-- Using PYTHON_INCLUDE_DIRS: /usr/include/python3.10
-- Using PYTHON_LIBRARIES: /usr/lib/x86_64-linux-gnu/libpython3.10.so
-- Found ament_lint_auto: 0.12.15 (/opt/ros/humble/share/ament_lint_auto/cmake)
-- Added test 'lint_cmake' to check CMake code style
-- Added test 'xmllint' to check XML markup files
-- Configuring done (2.0s)
-- Generating done (0.0s)
-- Build files have been written to: /root/ros_ws/src/build/custom_msgs
[  1%] [1m[34mGenerating C code for ROS interfaces[0m
[  3%] [1m[34mGenerating C++ code for ROS interfaces[0m
[  4%] [1m[34mGenerating Rust code for ROS interfaces[0m
[  4%] Built target ament_cmake_python_symlink_custom_msgs
running egg_info
writing custom_msgs.egg-info/PKG-INFO
writing dependency_links to custom_msgs.egg-info/dependency_links.txt
writing top-level names to custom_msgs.egg-info/top_level.txt
reading manifest file 'custom_msgs.egg-info/SOURCES.txt'
writing manifest file 'custom_msgs.egg-info/SOURCES.txt'
[  4%] Built target ament_cmake_python_build_custom_msgs_egg
[  4%] Built target custom_msgs__rs
[  9%] [32mBuilding C object CMakeFiles/custom_msgs__rosidl_generator_c.dir/rosidl_generator_c/custom_msgs/msg/detail/robot_status__functions.c.o[0m
[  9%] [32mBuilding C object CMakeFiles/custom_msgs__rosidl_generator_c.dir/rosidl_generator_c/custom_msgs/msg/detail/extended_vector3__functions.c.o[0m
[ 10%] [32mBuilding C object CMakeFiles/custom_msgs__rosidl_generator_c.dir/rosidl_generator_c/custom_msgs/srv/detail/add_number__functions.c.o[0m
[ 10%] [32mBuilding C object CMakeFiles/custom_msgs__rosidl_generator_c.dir/rosidl_generator_c/custom_msgs/action/detail/count_down__functions.c.o[0m
[ 12%] [32mBuilding C object CMakeFiles/custom_msgs__rosidl_generator_c.dir/rosidl_generator_c/custom_msgs/action/detail/nav__functions.c.o[0m
[ 12%] Built target custom_msgs__cpp
[ 17%] [1m[34mGenerating C++ type support for eProsima Fast-RTPS[0m
[ 17%] [1m[34mGenerating C++ type support dispatch for ROS interfaces[0m
[ 17%] [1m[34mGenerating C++ introspection for ROS interfaces[0m
[ 18%] [1m[32mLinking C shared library libcustom_msgs__rosidl_generator_c.so[0m
[ 18%] Built target custom_msgs__rosidl_generator_c
[ 23%] [1m[34mGenerating C type support for eProsima Fast-RTPS[0m
[ 23%] [1m[34mGenerating C type support dispatch for ROS interfaces[0m
[ 23%] [1m[34mGenerating C introspection for ROS interfaces[0m
[ 26%] [32mBuilding CXX object CMakeFiles/custom_msgs__rosidl_typesupport_cpp.dir/rosidl_typesupport_cpp/custom_msgs/msg/extended_vector3__type_support.cpp.o[0m
[ 26%] [32mBuilding CXX object CMakeFiles/custom_msgs__rosidl_typesupport_cpp.dir/rosidl_typesupport_cpp/custom_msgs/msg/robot_status__type_support.cpp.o[0m
[ 28%] [32mBuilding CXX object CMakeFiles/custom_msgs__rosidl_typesupport_cpp.dir/rosidl_typesupport_cpp/custom_msgs/srv/add_number__type_support.cpp.o[0m
[ 29%] [32mBuilding CXX object CMakeFiles/custom_msgs__rosidl_typesupport_cpp.dir/rosidl_typesupport_cpp/custom_msgs/action/count_down__type_support.cpp.o[0m
[ 31%] [32mBuilding CXX object CMakeFiles/custom_msgs__rosidl_typesupport_cpp.dir/rosidl_typesupport_cpp/custom_msgs/action/nav__type_support.cpp.o[0m
[ 32%] [32mBuilding CXX object CMakeFiles/custom_msgs__rosidl_typesupport_introspection_cpp.dir/rosidl_typesupport_introspection_cpp/custom_msgs/msg/detail/extended_vector3__type_support.cpp.o[0m
[ 34%] [32mBuilding CXX object CMakeFiles/custom_msgs__rosidl_typesupport_introspection_cpp.dir/rosidl_typesupport_introspection_cpp/custom_msgs/msg/detail/robot_status__type_support.cpp.o[0m
[ 35%] [32mBuilding CXX object CMakeFiles/custom_msgs__rosidl_typesupport_introspection_cpp.dir/rosidl_typesupport_introspection_cpp/custom_msgs/srv/detail/add_number__type_support.cpp.o[0m
[ 37%] [32mBuilding CXX object CMakeFiles/custom_msgs__rosidl_typesupport_introspection_cpp.dir/rosidl_typesupport_introspection_cpp/custom_msgs/action/detail/nav__type_support.cpp.o[0m
[ 39%] [32mBuilding CXX object CMakeFiles/custom_msgs__rosidl_typesupport_introspection_cpp.dir/rosidl_typesupport_introspection_cpp/custom_msgs/action/detail/count_down__type_support.cpp.o[0m
[ 42%] [32mBuilding CXX object CMakeFiles/custom_msgs__rosidl_typesupport_c.dir/rosidl_typesupport_c/custom_msgs/msg/robot_status__type_support.cpp.o[0m
[ 42%] [32mBuilding CXX object CMakeFiles/custom_msgs__rosidl_typesupport_c.dir/rosidl_typesupport_c/custom_msgs/msg/extended_vector3__type_support.cpp.o[0m
[ 43%] [32mBuilding CXX object CMakeFiles/custom_msgs__rosidl_typesupport_c.dir/rosidl_typesupport_c/custom_msgs/srv/add_number__type_support.cpp.o[0m
[ 46%] [32mBuilding CXX object CMakeFiles/custom_msgs__rosidl_typesupport_c.dir/rosidl_typesupport_c/custom_msgs/action/count_down__type_support.cpp.o[0m
[ 46%] [32mBuilding CXX object CMakeFiles/custom_msgs__rosidl_typesupport_c.dir/rosidl_typesupport_c/custom_msgs/action/nav__type_support.cpp.o[0m
[ 48%] [1m[32mLinking CXX shared library libcustom_msgs__rosidl_typesupport_c.so[0m
[ 48%] Built target custom_msgs__rosidl_typesupport_c
[ 51%] [32mBuilding C object CMakeFiles/custom_msgs__rosidl_typesupport_introspection_c.dir/rosidl_typesupport_introspection_c/custom_msgs/msg/detail/robot_status__type_support.c.o[0m
[ 51%] [32mBuilding C object CMakeFiles/custom_msgs__rosidl_typesupport_introspection_c.dir/rosidl_typesupport_introspection_c/custom_msgs/msg/detail/extended_vector3__type_support.c.o[0m
[ 53%] [32mBuilding C object CMakeFiles/custom_msgs__rosidl_typesupport_introspection_c.dir/rosidl_typesupport_introspection_c/custom_msgs/srv/detail/add_number__type_support.c.o[0m
[ 54%] [32mBuilding C object CMakeFiles/custom_msgs__rosidl_typesupport_introspection_c.dir/rosidl_typesupport_introspection_c/custom_msgs/action/detail/count_down__type_support.c.o[0m
[ 56%] [32mBuilding C object CMakeFiles/custom_msgs__rosidl_typesupport_introspection_c.dir/rosidl_typesupport_introspection_c/custom_msgs/action/detail/nav__type_support.c.o[0m
[ 59%] [32mBuilding CXX object CMakeFiles/custom_msgs__rosidl_typesupport_fastrtps_cpp.dir/rosidl_typesupport_fastrtps_cpp/custom_msgs/msg/detail/dds_fastrtps/robot_status__type_support.cpp.o[0m
[ 59%] [32mBuilding CXX object CMakeFiles/custom_msgs__rosidl_typesupport_fastrtps_cpp.dir/rosidl_typesupport_fastrtps_cpp/custom_msgs/msg/detail/dds_fastrtps/extended_vector3__type_support.cpp.o[0m
[ 60%] [32mBuilding CXX object CMakeFiles/custom_msgs__rosidl_typesupport_fastrtps_cpp.dir/rosidl_typesupport_fastrtps_cpp/custom_msgs/srv/detail/dds_fastrtps/add_number__type_support.cpp.o[0m
[ 62%] [32mBuilding CXX object CMakeFiles/custom_msgs__rosidl_typesupport_fastrtps_cpp.dir/rosidl_typesupport_fastrtps_cpp/custom_msgs/action/detail/dds_fastrtps/count_down__type_support.cpp.o[0m
[ 64%] [32mBuilding CXX object CMakeFiles/custom_msgs__rosidl_typesupport_fastrtps_cpp.dir/rosidl_typesupport_fastrtps_cpp/custom_msgs/action/detail/dds_fastrtps/nav__type_support.cpp.o[0m
[ 65%] [1m[32mLinking C shared library libcustom_msgs__rosidl_typesupport_introspection_c.so[0m
[ 67%] [32mBuilding CXX object CMakeFiles/custom_msgs__rosidl_typesupport_fastrtps_c.dir/rosidl_typesupport_fastrtps_c/custom_msgs/msg/detail/extended_vector3__type_support_c.cpp.o[0m
[ 68%] [32mBuilding CXX object CMakeFiles/custom_msgs__rosidl_typesupport_fastrtps_c.dir/rosidl_typesupport_fastrtps_c/custom_msgs/msg/detail/robot_status__type_support_c.cpp.o[0m
[ 70%] [32mBuilding CXX object CMakeFiles/custom_msgs__rosidl_typesupport_fastrtps_c.dir/rosidl_typesupport_fastrtps_c/custom_msgs/srv/detail/add_number__type_support_c.cpp.o[0m
[ 70%] Built target custom_msgs__rosidl_typesupport_introspection_c
[ 71%] [32mBuilding CXX object CMakeFiles/custom_msgs__rosidl_typesupport_fastrtps_c.dir/rosidl_typesupport_fastrtps_c/custom_msgs/action/detail/count_down__type_support_c.cpp.o[0m
[ 73%] [32mBuilding CXX object CMakeFiles/custom_msgs__rosidl_typesupport_fastrtps_c.dir/rosidl_typesupport_fastrtps_c/custom_msgs/action/detail/nav__type_support_c.cpp.o[0m
[ 75%] [1m[32mLinking CXX shared library libcustom_msgs__rosidl_typesupport_cpp.so[0m
[ 75%] Built target custom_msgs__rosidl_typesupport_cpp
[ 76%] [1m[32mLinking CXX shared library libcustom_msgs__rosidl_typesupport_introspection_cpp.so[0m
[ 76%] Built target custom_msgs__rosidl_typesupport_introspection_cpp
[ 78%] [1m[32mLinking CXX shared library libcustom_msgs__rosidl_typesupport_fastrtps_c.so[0m
[ 79%] [1m[32mLinking CXX shared library libcustom_msgs__rosidl_typesupport_fastrtps_cpp.so[0m
[ 79%] Built target custom_msgs__rosidl_typesupport_fastrtps_c
[ 79%] Built target custom_msgs__rosidl_typesupport_fastrtps_cpp
[ 79%] Built target custom_msgs
[ 81%] [1m[34mGenerating Python code for ROS interfaces[0m
[ 81%] Built target custom_msgs__py
[ 82%] [32mBuilding C object CMakeFiles/custom_msgs__rosidl_generator_py.dir/rosidl_generator_py/custom_msgs/msg/_extended_vector3_s.c.o[0m
[ 84%] [32mBuilding C object CMakeFiles/custom_msgs__rosidl_generator_py.dir/rosidl_generator_py/custom_msgs/msg/_robot_status_s.c.o[0m
[ 85%] [32mBuilding C object CMakeFiles/custom_msgs__rosidl_generator_py.dir/rosidl_generator_py/custom_msgs/srv/_add_number_s.c.o[0m
[ 87%] [32mBuilding C object CMakeFiles/custom_msgs__rosidl_generator_py.dir/rosidl_generator_py/custom_msgs/action/_count_down_s.c.o[0m
[ 89%] [32mBuilding C object CMakeFiles/custom_msgs__rosidl_generator_py.dir/rosidl_generator_py/custom_msgs/action/_nav_s.c.o[0m
[ 90%] [1m[32mLinking C shared library rosidl_generator_py/custom_msgs/libcustom_msgs__rosidl_generator_py.so[0m
[ 90%] Built target custom_msgs__rosidl_generator_py
[ 95%] [32mBuilding C object CMakeFiles/custom_msgs__rosidl_typesupport_fastrtps_c__pyext.dir/rosidl_generator_py/custom_msgs/_custom_msgs_s.ep.rosidl_typesupport_fastrtps_c.c.o[0m
[ 95%] [32mBuilding C object CMakeFiles/custom_msgs__rosidl_typesupport_c__pyext.dir/rosidl_generator_py/custom_msgs/_custom_msgs_s.ep.rosidl_typesupport_c.c.o[0m
[ 95%] [32mBuilding C object CMakeFiles/custom_msgs__rosidl_typesupport_introspection_c__pyext.dir/rosidl_generator_py/custom_msgs/_custom_msgs_s.ep.rosidl_typesupport_introspection_c.c.o[0m
[ 98%] [1m[32mLinking C shared library rosidl_generator_py/custom_msgs/custom_msgs_s__rosidl_typesupport_c.cpython-310-x86_64-linux-gnu.so[0m
[ 98%] [1m[32mLinking C shared library rosidl_generator_py/custom_msgs/custom_msgs_s__rosidl_typesupport_fastrtps_c.cpython-310-x86_64-linux-gnu.so[0m
[100%] [1m[32mLinking C shared library rosidl_generator_py/custom_msgs/custom_msgs_s__rosidl_typesupport_introspection_c.cpython-310-x86_64-linux-gnu.so[0m
[100%] Built target custom_msgs__rosidl_typesupport_fastrtps_c__pyext
[100%] Built target custom_msgs__rosidl_typesupport_introspection_c__pyext
[100%] Built target custom_msgs__rosidl_typesupport_c__pyext
-- Install configuration: ""
-- Execute custom install script
-- Up-to-date symlink: /root/ros_ws/src/install/custom_msgs/share/ament_index/resource_index/rosidl_interfaces/custom_msgs
-- Up-to-date symlink: /root/ros_ws/src/install/custom_msgs/include/custom_msgs/custom_msgs/action/count_down.h
-- Up-to-date symlink: /root/ros_ws/src/install/custom_msgs/include/custom_msgs/custom_msgs/action/detail/count_down__functions.h
-- Up-to-date symlink: /root/ros_ws/src/install/custom_msgs/include/custom_msgs/custom_msgs/action/detail/count_down__struct.h
-- Up-to-date symlink: /root/ros_ws/src/install/custom_msgs/include/custom_msgs/custom_msgs/action/detail/count_down__type_support.h
-- Symlinking: /root/ros_ws/src/install/custom_msgs/include/custom_msgs/custom_msgs/action/detail/nav__functions.h
-- Symlinking: /root/ros_ws/src/install/custom_msgs/include/custom_msgs/custom_msgs/action/detail/nav__struct.h
-- Symlinking: /root/ros_ws/src/install/custom_msgs/include/custom_msgs/custom_msgs/action/detail/nav__type_support.h
-- Symlinking: /root/ros_ws/src/install/custom_msgs/include/custom_msgs/custom_msgs/action/nav.h
-- Up-to-date symlink: /root/ros_ws/src/install/custom_msgs/include/custom_msgs/custom_msgs/msg/detail/extended_vector3__functions.h
-- Up-to-date symlink: /root/ros_ws/src/install/custom_msgs/include/custom_msgs/custom_msgs/msg/detail/extended_vector3__struct.h
-- Up-to-date symlink: /root/ros_ws/src/install/custom_msgs/include/custom_msgs/custom_msgs/msg/detail/extended_vector3__type_support.h
-- Up-to-date symlink: /root/ros_ws/src/install/custom_msgs/include/custom_msgs/custom_msgs/msg/detail/robot_status__functions.h
-- Up-to-date symlink: /root/ros_ws/src/install/custom_msgs/include/custom_msgs/custom_msgs/msg/detail/robot_status__struct.h
-- Up-to-date symlink: /root/ros_ws/src/install/custom_msgs/include/custom_msgs/custom_msgs/msg/detail/robot_status__type_support.h
-- Up-to-date symlink: /root/ros_ws/src/install/custom_msgs/include/custom_msgs/custom_msgs/msg/extended_vector3.h
-- Up-to-date symlink: /root/ros_ws/src/install/custom_msgs/include/custom_msgs/custom_msgs/msg/robot_status.h
-- Up-to-date symlink: /root/ros_ws/src/install/custom_msgs/include/custom_msgs/custom_msgs/msg/rosidl_generator_c__visibility_control.h
-- Up-to-date symlink: /root/ros_ws/src/install/custom_msgs/include/custom_msgs/custom_msgs/srv/add_number.h
-- Up-to-date symlink: /root/ros_ws/src/install/custom_msgs/include/custom_msgs/custom_msgs/srv/detail/add_number__functions.h
-- Up-to-date symlink: /root/ros_ws/src/install/custom_msgs/include/custom_msgs/custom_msgs/srv/detail/add_number__struct.h
-- Up-to-date symlink: /root/ros_ws/src/install/custom_msgs/include/custom_msgs/custom_msgs/srv/detail/add_number__type_support.h
-- Up-to-date symlink: /root/ros_ws/src/install/custom_msgs/share/custom_msgs/environment/library_path.sh
-- Up-to-date symlink: /root/ros_ws/src/install/custom_msgs/share/custom_msgs/environment/library_path.dsv
-- Up-to-date symlink: /root/ros_ws/src/install/custom_msgs/include/custom_msgs/custom_msgs/action/detail/count_down__rosidl_typesupport_fastrtps_c.h
-- Symlinking: /root/ros_ws/src/install/custom_msgs/include/custom_msgs/custom_msgs/action/detail/nav__rosidl_typesupport_fastrtps_c.h
-- Up-to-date symlink: /root/ros_ws/src/install/custom_msgs/include/custom_msgs/custom_msgs/msg/detail/extended_vector3__rosidl_typesupport_fastrtps_c.h
-- Up-to-date symlink: /root/ros_ws/src/install/custom_msgs/include/custom_msgs/custom_msgs/msg/detail/robot_status__rosidl_typesupport_fastrtps_c.h
-- Up-to-date symlink: /root/ros_ws/src/install/custom_msgs/include/custom_msgs/custom_msgs/msg/rosidl_typesupport_fastrtps_c__visibility_control.h
-- Up-to-date symlink: /root/ros_ws/src/install/custom_msgs/include/custom_msgs/custom_msgs/srv/detail/add_number__rosidl_typesupport_fastrtps_c.h
-- Up-to-date symlink: /root/ros_ws/src/install/custom_msgs/include/custom_msgs/custom_msgs/action/detail/count_down__rosidl_typesupport_introspection_c.h
-- Symlinking: /root/ros_ws/src/install/custom_msgs/include/custom_msgs/custom_msgs/action/detail/nav__rosidl_typesupport_introspection_c.h
-- Up-to-date symlink: /root/ros_ws/src/install/custom_msgs/include/custom_msgs/custom_msgs/msg/detail/extended_vector3__rosidl_typesupport_introspection_c.h
-- Up-to-date symlink: /root/ros_ws/src/install/custom_msgs/include/custom_msgs/custom_msgs/msg/detail/robot_status__rosidl_typesupport_introspection_c.h
-- Up-to-date symlink: /root/ros_ws/src/install/custom_msgs/include/custom_msgs/custom_msgs/msg/rosidl_typesupport_introspection_c__visibility_control.h
-- Up-to-date symlink: /root/ros_ws/src/install/custom_msgs/include/custom_msgs/custom_msgs/srv/detail/add_number__rosidl_typesupport_introspection_c.h
-- Up-to-date symlink: /root/ros_ws/src/install/custom_msgs/include/custom_msgs/custom_msgs/action/count_down.hpp
-- Up-to-date symlink: /root/ros_ws/src/install/custom_msgs/include/custom_msgs/custom_msgs/action/detail/count_down__builder.hpp
-- Up-to-date symlink: /root/ros_ws/src/install/custom_msgs/include/custom_msgs/custom_msgs/action/detail/count_down__struct.hpp
-- Up-to-date symlink: /root/ros_ws/src/install/custom_msgs/include/custom_msgs/custom_msgs/action/detail/count_down__traits.hpp
-- Up-to-date symlink: /root/ros_ws/src/install/custom_msgs/include/custom_msgs/custom_msgs/action/detail/count_down__type_support.hpp
-- Symlinking: /root/ros_ws/src/install/custom_msgs/include/custom_msgs/custom_msgs/action/detail/nav__builder.hpp
-- Symlinking: /root/ros_ws/src/install/custom_msgs/include/custom_msgs/custom_msgs/action/detail/nav__struct.hpp
-- Symlinking: /root/ros_ws/src/install/custom_msgs/include/custom_msgs/custom_msgs/action/detail/nav__traits.hpp
-- Symlinking: /root/ros_ws/src/install/custom_msgs/include/custom_msgs/custom_msgs/action/detail/nav__type_support.hpp
-- Symlinking: /root/ros_ws/src/install/custom_msgs/include/custom_msgs/custom_msgs/action/nav.hpp
-- Up-to-date symlink: /root/ros_ws/src/install/custom_msgs/include/custom_msgs/custom_msgs/msg/detail/extended_vector3__builder.hpp
-- Up-to-date symlink: /root/ros_ws/src/install/custom_msgs/include/custom_msgs/custom_msgs/msg/detail/extended_vector3__struct.hpp
-- Up-to-date symlink: /root/ros_ws/src/install/custom_msgs/include/custom_msgs/custom_msgs/msg/detail/extended_vector3__traits.hpp
-- Up-to-date symlink: /root/ros_ws/src/install/custom_msgs/include/custom_msgs/custom_msgs/msg/detail/extended_vector3__type_support.hpp
-- Up-to-date symlink: /root/ros_ws/src/install/custom_msgs/include/custom_msgs/custom_msgs/msg/detail/robot_status__builder.hpp
-- Up-to-date symlink: /root/ros_ws/src/install/custom_msgs/include/custom_msgs/custom_msgs/msg/detail/robot_status__struct.hpp
-- Up-to-date symlink: /root/ros_ws/src/install/custom_msgs/include/custom_msgs/custom_msgs/msg/detail/robot_status__traits.hpp
-- Up-to-date symlink: /root/ros_ws/src/install/custom_msgs/include/custom_msgs/custom_msgs/msg/detail/robot_status__type_support.hpp
-- Up-to-date symlink: /root/ros_ws/src/install/custom_msgs/include/custom_msgs/custom_msgs/msg/extended_vector3.hpp
-- Up-to-date symlink: /root/ros_ws/src/install/custom_msgs/include/custom_msgs/custom_msgs/msg/robot_status.hpp
-- Up-to-date symlink: /root/ros_ws/src/install/custom_msgs/include/custom_msgs/custom_msgs/msg/rosidl_generator_cpp__visibility_control.hpp
-- Up-to-date symlink: /root/ros_ws/src/install/custom_msgs/include/custom_msgs/custom_msgs/srv/add_number.hpp
-- Up-to-date symlink: /root/ros_ws/src/install/custom_msgs/include/custom_msgs/custom_msgs/srv/detail/add_number__builder.hpp
-- Up-to-date symlink: /root/ros_ws/src/install/custom_msgs/include/custom_msgs/custom_msgs/srv/detail/add_number__struct.hpp
-- Up-to-date symlink: /root/ros_ws/src/install/custom_msgs/include/custom_msgs/custom_msgs/srv/detail/add_number__traits.hpp
-- Up-to-date symlink: /root/ros_ws/src/install/custom_msgs/include/custom_msgs/custom_msgs/srv/detail/add_number__type_support.hpp
-- Up-to-date symlink: /root/ros_ws/src/install/custom_msgs/include/custom_msgs/custom_msgs/action/detail/count_down__rosidl_typesupport_fastrtps_cpp.hpp
-- Symlinking: /root/ros_ws/src/install/custom_msgs/include/custom_msgs/custom_msgs/action/detail/nav__rosidl_typesupport_fastrtps_cpp.hpp
-- Up-to-date symlink: /root/ros_ws/src/install/custom_msgs/include/custom_msgs/custom_msgs/msg/detail/extended_vector3__rosidl_typesupport_fastrtps_cpp.hpp
-- Up-to-date symlink: /root/ros_ws/src/install/custom_msgs/include/custom_msgs/custom_msgs/msg/detail/robot_status__rosidl_typesupport_fastrtps_cpp.hpp
-- Up-to-date symlink: /root/ros_ws/src/install/custom_msgs/include/custom_msgs/custom_msgs/msg/rosidl_typesupport_fastrtps_cpp__visibility_control.h
-- Up-to-date symlink: /root/ros_ws/src/install/custom_msgs/include/custom_msgs/custom_msgs/srv/detail/add_number__rosidl_typesupport_fastrtps_cpp.hpp
-- Up-to-date symlink: /root/ros_ws/src/install/custom_msgs/include/custom_msgs/custom_msgs/action/detail/count_down__rosidl_typesupport_introspection_cpp.hpp
-- Symlinking: /root/ros_ws/src/install/custom_msgs/include/custom_msgs/custom_msgs/action/detail/nav__rosidl_typesupport_introspection_cpp.hpp
-- Up-to-date symlink: /root/ros_ws/src/install/custom_msgs/include/custom_msgs/custom_msgs/msg/detail/extended_vector3__rosidl_typesupport_introspection_cpp.hpp
-- Up-to-date symlink: /root/ros_ws/src/install/custom_msgs/include/custom_msgs/custom_msgs/msg/detail/robot_status__rosidl_typesupport_introspection_cpp.hpp
-- Up-to-date symlink: /root/ros_ws/src/install/custom_msgs/include/custom_msgs/custom_msgs/srv/detail/add_number__rosidl_typesupport_introspection_cpp.hpp
-- Up-to-date symlink: /root/ros_ws/src/install/custom_msgs/share/custom_msgs/environment/pythonpath.sh
-- Up-to-date symlink: /root/ros_ws/src/install/custom_msgs/share/custom_msgs/environment/pythonpath.dsv
-- Up-to-date symlink: /root/ros_ws/src/install/custom_msgs/local/lib/python3.10/dist-packages/custom_msgs-0.0.0-py3.10.egg-info/PKG-INFO
-- Up-to-date symlink: /root/ros_ws/src/install/custom_msgs/local/lib/python3.10/dist-packages/custom_msgs-0.0.0-py3.10.egg-info/SOURCES.txt
-- Up-to-date symlink: /root/ros_ws/src/install/custom_msgs/local/lib/python3.10/dist-packages/custom_msgs-0.0.0-py3.10.egg-info/dependency_links.txt
-- Up-to-date symlink: /root/ros_ws/src/install/custom_msgs/local/lib/python3.10/dist-packages/custom_msgs-0.0.0-py3.10.egg-info/top_level.txt
-- Up-to-date symlink: /root/ros_ws/src/install/custom_msgs/local/lib/python3.10/dist-packages/custom_msgs/__init__.py
-- Up-to-date symlink: /root/ros_ws/src/install/custom_msgs/local/lib/python3.10/dist-packages/custom_msgs/_custom_msgs_s.ep.rosidl_typesupport_c.c
-- Up-to-date symlink: /root/ros_ws/src/install/custom_msgs/local/lib/python3.10/dist-packages/custom_msgs/_custom_msgs_s.ep.rosidl_typesupport_fastrtps_c.c
-- Up-to-date symlink: /root/ros_ws/src/install/custom_msgs/local/lib/python3.10/dist-packages/custom_msgs/_custom_msgs_s.ep.rosidl_typesupport_introspection_c.c
-- Up-to-date symlink: /root/ros_ws/src/install/custom_msgs/local/lib/python3.10/dist-packages/custom_msgs/action/__init__.py
-- Up-to-date symlink: /root/ros_ws/src/install/custom_msgs/local/lib/python3.10/dist-packages/custom_msgs/action/_count_down.py
-- Up-to-date symlink: /root/ros_ws/src/install/custom_msgs/local/lib/python3.10/dist-packages/custom_msgs/action/_count_down_s.c
-- Symlinking: /root/ros_ws/src/install/custom_msgs/local/lib/python3.10/dist-packages/custom_msgs/action/_nav.py
-- Symlinking: /root/ros_ws/src/install/custom_msgs/local/lib/python3.10/dist-packages/custom_msgs/action/_nav_s.c
-- Up-to-date symlink: /root/ros_ws/src/install/custom_msgs/local/lib/python3.10/dist-packages/custom_msgs/custom_msgs_s__rosidl_typesupport_c.cpython-310-x86_64-linux-gnu.so
-- Up-to-date symlink: /root/ros_ws/src/install/custom_msgs/local/lib/python3.10/dist-packages/custom_msgs/custom_msgs_s__rosidl_typesupport_fastrtps_c.cpython-310-x86_64-linux-gnu.so
-- Up-to-date symlink: /root/ros_ws/src/install/custom_msgs/local/lib/python3.10/dist-packages/custom_msgs/custom_msgs_s__rosidl_typesupport_introspection_c.cpython-310-x86_64-linux-gnu.so
-- Up-to-date symlink: /root/ros_ws/src/install/custom_msgs/local/lib/python3.10/dist-packages/custom_msgs/libcustom_msgs__rosidl_generator_py.so
-- Up-to-date symlink: /root/ros_ws/src/install/custom_msgs/local/lib/python3.10/dist-packages/custom_msgs/msg/__init__.py
-- Up-to-date symlink: /root/ros_ws/src/install/custom_msgs/local/lib/python3.10/dist-packages/custom_msgs/msg/_extended_vector3.py
-- Up-to-date symlink: /root/ros_ws/src/install/custom_msgs/local/lib/python3.10/dist-packages/custom_msgs/msg/_extended_vector3_s.c
-- Up-to-date symlink: /root/ros_ws/src/install/custom_msgs/local/lib/python3.10/dist-packages/custom_msgs/msg/_robot_status.py
-- Up-to-date symlink: /root/ros_ws/src/install/custom_msgs/local/lib/python3.10/dist-packages/custom_msgs/msg/_robot_status_s.c
-- Up-to-date symlink: /root/ros_ws/src/install/custom_msgs/local/lib/python3.10/dist-packages/custom_msgs/srv/__init__.py
-- Up-to-date symlink: /root/ros_ws/src/install/custom_msgs/local/lib/python3.10/dist-packages/custom_msgs/srv/_add_number.py
-- Up-to-date symlink: /root/ros_ws/src/install/custom_msgs/local/lib/python3.10/dist-packages/custom_msgs/srv/_add_number_s.c
-- Up-to-date symlink: /root/ros_ws/src/install/custom_msgs/local/lib/python3.10/dist-packages/custom_msgs/custom_msgs_s__rosidl_typesupport_fastrtps_c.cpython-310-x86_64-linux-gnu.so
-- Up-to-date symlink: /root/ros_ws/src/install/custom_msgs/local/lib/python3.10/dist-packages/custom_msgs/custom_msgs_s__rosidl_typesupport_introspection_c.cpython-310-x86_64-linux-gnu.so
-- Up-to-date symlink: /root/ros_ws/src/install/custom_msgs/local/lib/python3.10/dist-packages/custom_msgs/custom_msgs_s__rosidl_typesupport_c.cpython-310-x86_64-linux-gnu.so
-- Up-to-date symlink: /root/ros_ws/src/install/custom_msgs/share/ament_index/resource_index/rust_packages/custom_msgs
-- Up-to-date symlink: /root/ros_ws/src/install/custom_msgs/share/custom_msgs/rust/Cargo.toml
-- Up-to-date symlink: /root/ros_ws/src/install/custom_msgs/share/custom_msgs/rust/build.rs
-- Up-to-date symlink: /root/ros_ws/src/install/custom_msgs/share/custom_msgs/rust/src/action.rs
-- Up-to-date symlink: /root/ros_ws/src/install/custom_msgs/share/custom_msgs/rust/src/action/rmw.rs
-- Up-to-date symlink: /root/ros_ws/src/install/custom_msgs/share/custom_msgs/rust/src/lib.rs
-- Up-to-date symlink: /root/ros_ws/src/install/custom_msgs/share/custom_msgs/rust/src/msg.rs
-- Up-to-date symlink: /root/ros_ws/src/install/custom_msgs/share/custom_msgs/rust/src/msg/rmw.rs
-- Up-to-date symlink: /root/ros_ws/src/install/custom_msgs/share/custom_msgs/rust/src/srv.rs
-- Up-to-date symlink: /root/ros_ws/src/install/custom_msgs/share/custom_msgs/rust/src/srv/rmw.rs
-- Up-to-date symlink: /root/ros_ws/src/install/custom_msgs/share/custom_msgs/msg/ExtendedVector3.idl
-- Up-to-date symlink: /root/ros_ws/src/install/custom_msgs/share/custom_msgs/msg/RobotStatus.idl
-- Up-to-date symlink: /root/ros_ws/src/install/custom_msgs/share/custom_msgs/srv/AddNumber.idl
-- Up-to-date symlink: /root/ros_ws/src/install/custom_msgs/share/custom_msgs/action/CountDown.idl
-- Symlinking: /root/ros_ws/src/install/custom_msgs/share/custom_msgs/action/Nav.idl
-- Up-to-date symlink: /root/ros_ws/src/install/custom_msgs/share/custom_msgs/msg/ExtendedVector3.msg
-- Up-to-date symlink: /root/ros_ws/src/install/custom_msgs/share/custom_msgs/msg/RobotStatus.msg
-- Up-to-date symlink: /root/ros_ws/src/install/custom_msgs/share/custom_msgs/srv/AddNumber.srv
-- Up-to-date symlink: /root/ros_ws/src/install/custom_msgs/share/custom_msgs/srv/AddNumber_Request.msg
-- Up-to-date symlink: /root/ros_ws/src/install/custom_msgs/share/custom_msgs/srv/AddNumber_Response.msg
-- Up-to-date symlink: /root/ros_ws/src/install/custom_msgs/share/custom_msgs/action/CountDown.action
-- Symlinking: /root/ros_ws/src/install/custom_msgs/share/custom_msgs/action/Nav.action
-- Up-to-date symlink: /root/ros_ws/src/install/custom_msgs/share/ament_index/resource_index/package_run_dependencies/custom_msgs
-- Up-to-date symlink: /root/ros_ws/src/install/custom_msgs/share/ament_index/resource_index/parent_prefix_path/custom_msgs
-- Up-to-date symlink: /root/ros_ws/src/install/custom_msgs/share/custom_msgs/environment/ament_prefix_path.sh
-- Up-to-date symlink: /root/ros_ws/src/install/custom_msgs/share/custom_msgs/environment/ament_prefix_path.dsv
-- Up-to-date symlink: /root/ros_ws/src/install/custom_msgs/share/custom_msgs/environment/path.sh
-- Up-to-date symlink: /root/ros_ws/src/install/custom_msgs/share/custom_msgs/environment/path.dsv
-- Up-to-date symlink: /root/ros_ws/src/install/custom_msgs/share/custom_msgs/local_setup.bash
-- Up-to-date symlink: /root/ros_ws/src/install/custom_msgs/share/custom_msgs/local_setup.sh
-- Up-to-date symlink: /root/ros_ws/src/install/custom_msgs/share/custom_msgs/local_setup.zsh
-- Up-to-date symlink: /root/ros_ws/src/install/custom_msgs/share/custom_msgs/local_setup.dsv
-- Symlinking: /root/ros_ws/src/install/custom_msgs/share/custom_msgs/package.dsv
-- Up-to-date symlink: /root/ros_ws/src/install/custom_msgs/share/ament_index/resource_index/packages/custom_msgs
-- Up-to-date symlink: /root/ros_ws/src/install/custom_msgs/share/custom_msgs/cmake/rosidl_cmake-extras.cmake
-- Up-to-date symlink: /root/ros_ws/src/install/custom_msgs/share/custom_msgs/cmake/ament_cmake_export_dependencies-extras.cmake
-- Up-to-date symlink: /root/ros_ws/src/install/custom_msgs/share/custom_msgs/cmake/ament_cmake_export_include_directories-extras.cmake
-- Up-to-date symlink: /root/ros_ws/src/install/custom_msgs/share/custom_msgs/cmake/ament_cmake_export_libraries-extras.cmake
-- Up-to-date symlink: /root/ros_ws/src/install/custom_msgs/share/custom_msgs/cmake/ament_cmake_export_targets-extras.cmake
-- Up-to-date symlink: /root/ros_ws/src/install/custom_msgs/share/custom_msgs/cmake/rosidl_cmake_export_typesupport_targets-extras.cmake
-- Up-to-date symlink: /root/ros_ws/src/install/custom_msgs/share/custom_msgs/cmake/rosidl_cmake_export_typesupport_libraries-extras.cmake
-- Up-to-date symlink: /root/ros_ws/src/install/custom_msgs/share/custom_msgs/cmake/custom_msgsConfig.cmake
-- Up-to-date symlink: /root/ros_ws/src/install/custom_msgs/share/custom_msgs/cmake/custom_msgsConfig-version.cmake
-- Up-to-date symlink: /root/ros_ws/src/install/custom_msgs/share/custom_msgs/package.xml
-- Installing: /root/ros_ws/src/install/custom_msgs/lib/libcustom_msgs__rosidl_generator_c.so
-- Set non-toolchain portion of runtime path of "/root/ros_ws/src/install/custom_msgs/lib/libcustom_msgs__rosidl_generator_c.so" to ""
-- Installing: /root/ros_ws/src/install/custom_msgs/lib/libcustom_msgs__rosidl_typesupport_fastrtps_c.so
-- Set non-toolchain portion of runtime path of "/root/ros_ws/src/install/custom_msgs/lib/libcustom_msgs__rosidl_typesupport_fastrtps_c.so" to ""
-- Installing: /root/ros_ws/src/install/custom_msgs/lib/libcustom_msgs__rosidl_typesupport_introspection_c.so
-- Set non-toolchain portion of runtime path of "/root/ros_ws/src/install/custom_msgs/lib/libcustom_msgs__rosidl_typesupport_introspection_c.so" to ""
-- Installing: /root/ros_ws/src/install/custom_msgs/lib/libcustom_msgs__rosidl_typesupport_c.so
-- Set non-toolchain portion of runtime path of "/root/ros_ws/src/install/custom_msgs/lib/libcustom_msgs__rosidl_typesupport_c.so" to ""
-- Installing: /root/ros_ws/src/install/custom_msgs/lib/libcustom_msgs__rosidl_typesupport_fastrtps_cpp.so
-- Set non-toolchain portion of runtime path of "/root/ros_ws/src/install/custom_msgs/lib/libcustom_msgs__rosidl_typesupport_fastrtps_cpp.so" to ""
-- Installing: /root/ros_ws/src/install/custom_msgs/lib/libcustom_msgs__rosidl_typesupport_introspection_cpp.so
-- Set non-toolchain portion of runtime path of "/root/ros_ws/src/install/custom_msgs/lib/libcustom_msgs__rosidl_typesupport_introspection_cpp.so" to ""
-- Installing: /root/ros_ws/src/install/custom_msgs/lib/libcustom_msgs__rosidl_typesupport_cpp.so
-- Set non-toolchain portion of runtime path of "/root/ros_ws/src/install/custom_msgs/lib/libcustom_msgs__rosidl_typesupport_cpp.so" to ""
Listing '/root/ros_ws/src/install/custom_msgs/local/lib/python3.10/dist-packages/custom_msgs'...
Compiling '/root/ros_ws/src/install/custom_msgs/local/lib/python3.10/dist-packages/custom_msgs/__init__.py'...
Listing '/root/ros_ws/src/install/custom_msgs/local/lib/python3.10/dist-packages/custom_msgs/action'...
Compiling '/root/ros_ws/src/install/custom_msgs/local/lib/python3.10/dist-packages/custom_msgs/action/__init__.py'...
Compiling '/root/ros_ws/src/install/custom_msgs/local/lib/python3.10/dist-packages/custom_msgs/action/_count_down.py'...
Compiling '/root/ros_ws/src/install/custom_msgs/local/lib/python3.10/dist-packages/custom_msgs/action/_nav.py'...
Listing '/root/ros_ws/src/install/custom_msgs/local/lib/python3.10/dist-packages/custom_msgs/msg'...
Compiling '/root/ros_ws/src/install/custom_msgs/local/lib/python3.10/dist-packages/custom_msgs/msg/__init__.py'...
Compiling '/root/ros_ws/src/install/custom_msgs/local/lib/python3.10/dist-packages/custom_msgs/msg/_extended_vector3.py'...
Compiling '/root/ros_ws/src/install/custom_msgs/local/lib/python3.10/dist-packages/custom_msgs/msg/_robot_status.py'...
Listing '/root/ros_ws/src/install/custom_msgs/local/lib/python3.10/dist-packages/custom_msgs/srv'...
Compiling '/root/ros_ws/src/install/custom_msgs/local/lib/python3.10/dist-packages/custom_msgs/srv/__init__.py'...
Compiling '/root/ros_ws/src/install/custom_msgs/local/lib/python3.10/dist-packages/custom_msgs/srv/_add_number.py'...
-- Installing: /root/ros_ws/src/install/custom_msgs/lib/libcustom_msgs__rosidl_generator_py.so
-- Set non-toolchain portion of runtime path of "/root/ros_ws/src/install/custom_msgs/lib/libcustom_msgs__rosidl_generator_py.so" to ""
-- Up-to-date: /root/ros_ws/src/install/custom_msgs/share/custom_msgs/cmake/export_custom_msgs__rosidl_generator_cExport.cmake
-- Up-to-date: /root/ros_ws/src/install/custom_msgs/share/custom_msgs/cmake/export_custom_msgs__rosidl_generator_cExport-noconfig.cmake
-- Up-to-date: /root/ros_ws/src/install/custom_msgs/share/custom_msgs/cmake/export_custom_msgs__rosidl_typesupport_fastrtps_cExport.cmake
-- Up-to-date: /root/ros_ws/src/install/custom_msgs/share/custom_msgs/cmake/export_custom_msgs__rosidl_typesupport_fastrtps_cExport-noconfig.cmake
-- Up-to-date: /root/ros_ws/src/install/custom_msgs/share/custom_msgs/cmake/custom_msgs__rosidl_typesupport_introspection_cExport.cmake
-- Up-to-date: /root/ros_ws/src/install/custom_msgs/share/custom_msgs/cmake/custom_msgs__rosidl_typesupport_introspection_cExport-noconfig.cmake
-- Up-to-date: /root/ros_ws/src/install/custom_msgs/share/custom_msgs/cmake/custom_msgs__rosidl_typesupport_cExport.cmake
-- Up-to-date: /root/ros_ws/src/install/custom_msgs/share/custom_msgs/cmake/custom_msgs__rosidl_typesupport_cExport-noconfig.cmake
-- Up-to-date: /root/ros_ws/src/install/custom_msgs/share/custom_msgs/cmake/export_custom_msgs__rosidl_generator_cppExport.cmake
-- Up-to-date: /root/ros_ws/src/install/custom_msgs/share/custom_msgs/cmake/export_custom_msgs__rosidl_typesupport_fastrtps_cppExport.cmake
-- Up-to-date: /root/ros_ws/src/install/custom_msgs/share/custom_msgs/cmake/export_custom_msgs__rosidl_typesupport_fastrtps_cppExport-noconfig.cmake
-- Up-to-date: /root/ros_ws/src/install/custom_msgs/share/custom_msgs/cmake/custom_msgs__rosidl_typesupport_introspection_cppExport.cmake
-- Up-to-date: /root/ros_ws/src/install/custom_msgs/share/custom_msgs/cmake/custom_msgs__rosidl_typesupport_introspection_cppExport-noconfig.cmake
-- Up-to-date: /root/ros_ws/src/install/custom_msgs/share/custom_msgs/cmake/custom_msgs__rosidl_typesupport_cppExport.cmake
-- Up-to-date: /root/ros_ws/src/install/custom_msgs/share/custom_msgs/cmake/custom_msgs__rosidl_typesupport_cppExport-noconfig.cmake
-- Up-to-date: /root/ros_ws/src/install/custom_msgs/share/custom_msgs/cmake/export_custom_msgs__rosidl_generator_pyExport.cmake
-- Up-to-date: /root/ros_ws/src/install/custom_msgs/share/custom_msgs/cmake/export_custom_msgs__rosidl_generator_pyExport-noconfig.cmake
