[0.016s] Invoking command in '/root/ros_ws/src/build/custom_msgs': CMAKE_PREFIX_PATH=${CMAKE_PREFIX_PATH}:/root/ros_ws/src/install/action_demo_pkg:/root/ros_ws/install/task4:/root/ros_ws/install/py_srvcli:/root/ros_ws/src/install/task4:/root/ros_ws/src/install/task3:/root/ros_ws/src/install/task2:/root/ros_ws/src/install/sensorPkg:/root/ros_ws/src/install/my_robot_controller:/root/ros_ws/install/task3:/root/ros_ws/install/task2:/root/ros_ws/install/sensorPkg:/root/ros_ws/install/my_robot_controller:/opt/ros/humble /usr/bin/cmake --build /root/ros_ws/src/build/custom_msgs -- -j16 -l16
[0.029s] [0mCMake Deprecation Warning at CMakeLists.txt:1 (cmake_minimum_required):
[0.029s]   Compatibility with CMake < 3.10 will be removed from a future version of
[0.029s]   CMake.
[0.029s] 
[0.029s]   Update the VERSION argument <min> value.  Or, use the <min>...<max> syntax
[0.029s]   to tell CMake that the project requires at least <min> but has been updated
[0.029s]   to work with policies introduced by <max> or earlier.
[0.029s] 
[0.029s] [0m
[0.034s] -- Found ament_cmake: 1.3.14 (/opt/ros/humble/share/ament_cmake/cmake)
[0.218s] -- Override CMake install command with custom implementation using symlinks instead of copying resources
[0.224s] -- Found rosidl_default_generators: 1.2.1 (/opt/ros/humble/share/rosidl_default_generators/cmake)
[0.226s] -- Using all available rosidl_typesupport_c: rosidl_typesupport_fastrtps_c;rosidl_typesupport_introspection_c
[0.228s] -- Found rosidl_adapter: 3.1.8 (/opt/ros/humble/share/rosidl_adapter/cmake)
[0.254s] -- Using all available rosidl_typesupport_cpp: rosidl_typesupport_fastrtps_cpp;rosidl_typesupport_introspection_cpp
[0.276s] -- Found geometry_msgs: 4.9.1 (/opt/ros/humble/share/geometry_msgs/cmake)
[0.312s] -- Found action_msgs: 1.2.2 (/opt/ros/humble/share/action_msgs/cmake)
[0.746s] -- Found ament_cmake_ros: 0.10.0 (/opt/ros/humble/share/ament_cmake_ros/cmake)
[1.180s] -- Using all available rosidl_typesupport_c: rosidl_typesupport_fastrtps_c;rosidl_typesupport_introspection_c
[1.758s] -- Using all available rosidl_typesupport_cpp: rosidl_typesupport_fastrtps_cpp;rosidl_typesupport_introspection_cpp
[1.759s] [33mCMake Warning (dev) at /opt/ros/humble/share/rosidl_generator_py/cmake/rosidl_generator_py_generate_interfaces.cmake:20 (find_package):
[1.759s]   Policy CMP0148 is not set: The FindPythonInterp and FindPythonLibs modules
[1.760s]   are removed.  Run "cmake --help-policy CMP0148" for policy details.  Use
[1.760s]   the cmake_policy command to set the policy and suppress this warning.
[1.760s] 
[1.760s] Call Stack (most recent call first):
[1.760s]   /opt/ros/humble/share/ament_cmake_core/cmake/core/ament_execute_extensions.cmake:48 (include)
[1.760s]   /opt/ros/humble/share/rosidl_cmake/cmake/rosidl_generate_interfaces.cmake:286 (ament_execute_extensions)
[1.760s]   CMakeLists.txt:9 (rosidl_generate_interfaces)
[1.760s] This warning is for project developers.  Use -Wno-dev to suppress it.
[1.760s] [0m
[1.779s] -- Found python_cmake_module: 0.10.0 (/opt/ros/humble/share/python_cmake_module/cmake)
[1.779s] [33mCMake Warning (dev) at /opt/ros/humble/share/python_cmake_module/cmake/Modules/FindPythonExtra.cmake:52 (find_package):
[1.779s]   Policy CMP0148 is not set: The FindPythonInterp and FindPythonLibs modules
[1.779s]   are removed.  Run "cmake --help-policy CMP0148" for policy details.  Use
[1.779s]   the cmake_policy command to set the policy and suppress this warning.
[1.780s] 
[1.780s] Call Stack (most recent call first):
[1.780s]   /opt/ros/humble/share/rosidl_generator_py/cmake/rosidl_generator_py_generate_interfaces.cmake:23 (find_package)
[1.780s]   /opt/ros/humble/share/ament_cmake_core/cmake/core/ament_execute_extensions.cmake:48 (include)
[1.780s]   /opt/ros/humble/share/rosidl_cmake/cmake/rosidl_generate_interfaces.cmake:286 (ament_execute_extensions)
[1.780s]   CMakeLists.txt:9 (rosidl_generate_interfaces)
[1.780s] This warning is for project developers.  Use -Wno-dev to suppress it.
[1.780s] [0m
[1.799s] [33mCMake Warning (dev) at /opt/ros/humble/share/python_cmake_module/cmake/Modules/FindPythonExtra.cmake:140 (find_package):
[1.799s]   Policy CMP0148 is not set: The FindPythonInterp and FindPythonLibs modules
[1.799s]   are removed.  Run "cmake --help-policy CMP0148" for policy details.  Use
[1.799s]   the cmake_policy command to set the policy and suppress this warning.
[1.799s] 
[1.799s] Call Stack (most recent call first):
[1.799s]   /opt/ros/humble/share/rosidl_generator_py/cmake/rosidl_generator_py_generate_interfaces.cmake:23 (find_package)
[1.799s]   /opt/ros/humble/share/ament_cmake_core/cmake/core/ament_execute_extensions.cmake:48 (include)
[1.799s]   /opt/ros/humble/share/rosidl_cmake/cmake/rosidl_generate_interfaces.cmake:286 (ament_execute_extensions)
[1.799s]   CMakeLists.txt:9 (rosidl_generate_interfaces)
[1.799s] This warning is for project developers.  Use -Wno-dev to suppress it.
[1.799s] [0m
[1.800s] -- Using PYTHON_EXECUTABLE: /usr/bin/python3
[1.800s] -- Using PYTHON_INCLUDE_DIRS: /usr/include/python3.10
[1.800s] -- Using PYTHON_LIBRARIES: /usr/lib/x86_64-linux-gnu/libpython3.10.so
[1.989s] -- Found ament_lint_auto: 0.12.15 (/opt/ros/humble/share/ament_lint_auto/cmake)
[1.999s] -- Added test 'lint_cmake' to check CMake code style
[2.000s] -- Added test 'xmllint' to check XML markup files
[2.002s] -- Configuring done (2.0s)
[2.047s] -- Generating done (0.0s)
[2.063s] -- Build files have been written to: /root/ros_ws/src/build/custom_msgs
[2.079s] [  1%] [1m[34mGenerating C code for ROS interfaces[0m
[2.084s] [  3%] [1m[34mGenerating C++ code for ROS interfaces[0m
[2.084s] [  4%] [1m[34mGenerating Rust code for ROS interfaces[0m
[2.086s] [  4%] Built target ament_cmake_python_symlink_custom_msgs
[2.277s] running egg_info
[2.278s] writing custom_msgs.egg-info/PKG-INFO
[2.278s] writing dependency_links to custom_msgs.egg-info/dependency_links.txt
[2.278s] writing top-level names to custom_msgs.egg-info/top_level.txt
[2.280s] reading manifest file 'custom_msgs.egg-info/SOURCES.txt'
[2.280s] writing manifest file 'custom_msgs.egg-info/SOURCES.txt'
[2.298s] [  4%] Built target ament_cmake_python_build_custom_msgs_egg
[2.338s] [  4%] Built target custom_msgs__rs
[2.633s] [  9%] [32mBuilding C object CMakeFiles/custom_msgs__rosidl_generator_c.dir/rosidl_generator_c/custom_msgs/msg/detail/robot_status__functions.c.o[0m
[2.633s] [  9%] [32mBuilding C object CMakeFiles/custom_msgs__rosidl_generator_c.dir/rosidl_generator_c/custom_msgs/msg/detail/extended_vector3__functions.c.o[0m
[2.633s] [ 10%] [32mBuilding C object CMakeFiles/custom_msgs__rosidl_generator_c.dir/rosidl_generator_c/custom_msgs/srv/detail/add_number__functions.c.o[0m
[2.633s] [ 10%] [32mBuilding C object CMakeFiles/custom_msgs__rosidl_generator_c.dir/rosidl_generator_c/custom_msgs/action/detail/count_down__functions.c.o[0m
[2.633s] [ 12%] [32mBuilding C object CMakeFiles/custom_msgs__rosidl_generator_c.dir/rosidl_generator_c/custom_msgs/action/detail/nav__functions.c.o[0m
[2.654s] [ 12%] Built target custom_msgs__cpp
[2.660s] [ 17%] [1m[34mGenerating C++ type support for eProsima Fast-RTPS[0m
[2.661s] [ 17%] [1m[34mGenerating C++ type support dispatch for ROS interfaces[0m
[2.661s] [ 17%] [1m[34mGenerating C++ introspection for ROS interfaces[0m
[2.731s] [ 18%] [1m[32mLinking C shared library libcustom_msgs__rosidl_generator_c.so[0m
[2.759s] [ 18%] Built target custom_msgs__rosidl_generator_c
[2.764s] [ 23%] [1m[34mGenerating C type support for eProsima Fast-RTPS[0m
[2.765s] [ 23%] [1m[34mGenerating C type support dispatch for ROS interfaces[0m
[2.765s] [ 23%] [1m[34mGenerating C introspection for ROS interfaces[0m
[2.995s] [ 26%] [32mBuilding CXX object CMakeFiles/custom_msgs__rosidl_typesupport_cpp.dir/rosidl_typesupport_cpp/custom_msgs/msg/extended_vector3__type_support.cpp.o[0m
[2.995s] [ 26%] [32mBuilding CXX object CMakeFiles/custom_msgs__rosidl_typesupport_cpp.dir/rosidl_typesupport_cpp/custom_msgs/msg/robot_status__type_support.cpp.o[0m
[2.995s] [ 28%] [32mBuilding CXX object CMakeFiles/custom_msgs__rosidl_typesupport_cpp.dir/rosidl_typesupport_cpp/custom_msgs/srv/add_number__type_support.cpp.o[0m
[2.996s] [ 29%] [32mBuilding CXX object CMakeFiles/custom_msgs__rosidl_typesupport_cpp.dir/rosidl_typesupport_cpp/custom_msgs/action/count_down__type_support.cpp.o[0m
[2.997s] [ 31%] [32mBuilding CXX object CMakeFiles/custom_msgs__rosidl_typesupport_cpp.dir/rosidl_typesupport_cpp/custom_msgs/action/nav__type_support.cpp.o[0m
[3.102s] [ 32%] [32mBuilding CXX object CMakeFiles/custom_msgs__rosidl_typesupport_introspection_cpp.dir/rosidl_typesupport_introspection_cpp/custom_msgs/msg/detail/extended_vector3__type_support.cpp.o[0m
[3.102s] [ 34%] [32mBuilding CXX object CMakeFiles/custom_msgs__rosidl_typesupport_introspection_cpp.dir/rosidl_typesupport_introspection_cpp/custom_msgs/msg/detail/robot_status__type_support.cpp.o[0m
[3.103s] [ 35%] [32mBuilding CXX object CMakeFiles/custom_msgs__rosidl_typesupport_introspection_cpp.dir/rosidl_typesupport_introspection_cpp/custom_msgs/srv/detail/add_number__type_support.cpp.o[0m
[3.103s] [ 37%] [32mBuilding CXX object CMakeFiles/custom_msgs__rosidl_typesupport_introspection_cpp.dir/rosidl_typesupport_introspection_cpp/custom_msgs/action/detail/nav__type_support.cpp.o[0m
[3.103s] [ 39%] [32mBuilding CXX object CMakeFiles/custom_msgs__rosidl_typesupport_introspection_cpp.dir/rosidl_typesupport_introspection_cpp/custom_msgs/action/detail/count_down__type_support.cpp.o[0m
[3.173s] [ 42%] [32mBuilding CXX object CMakeFiles/custom_msgs__rosidl_typesupport_c.dir/rosidl_typesupport_c/custom_msgs/msg/robot_status__type_support.cpp.o[0m
[3.173s] [ 42%] [32mBuilding CXX object CMakeFiles/custom_msgs__rosidl_typesupport_c.dir/rosidl_typesupport_c/custom_msgs/msg/extended_vector3__type_support.cpp.o[0m
[3.173s] [ 43%] [32mBuilding CXX object CMakeFiles/custom_msgs__rosidl_typesupport_c.dir/rosidl_typesupport_c/custom_msgs/srv/add_number__type_support.cpp.o[0m
[3.216s] [ 46%] [32mBuilding CXX object CMakeFiles/custom_msgs__rosidl_typesupport_c.dir/rosidl_typesupport_c/custom_msgs/action/count_down__type_support.cpp.o[0m
[3.216s] [ 46%] [32mBuilding CXX object CMakeFiles/custom_msgs__rosidl_typesupport_c.dir/rosidl_typesupport_c/custom_msgs/action/nav__type_support.cpp.o[0m
[3.289s] [ 48%] [1m[32mLinking CXX shared library libcustom_msgs__rosidl_typesupport_c.so[0m
[3.333s] [ 48%] Built target custom_msgs__rosidl_typesupport_c
[3.378s] [ 51%] [32mBuilding C object CMakeFiles/custom_msgs__rosidl_typesupport_introspection_c.dir/rosidl_typesupport_introspection_c/custom_msgs/msg/detail/robot_status__type_support.c.o[0m
[3.378s] [ 51%] [32mBuilding C object CMakeFiles/custom_msgs__rosidl_typesupport_introspection_c.dir/rosidl_typesupport_introspection_c/custom_msgs/msg/detail/extended_vector3__type_support.c.o[0m
[3.378s] [ 53%] [32mBuilding C object CMakeFiles/custom_msgs__rosidl_typesupport_introspection_c.dir/rosidl_typesupport_introspection_c/custom_msgs/srv/detail/add_number__type_support.c.o[0m
[3.379s] [ 54%] [32mBuilding C object CMakeFiles/custom_msgs__rosidl_typesupport_introspection_c.dir/rosidl_typesupport_introspection_c/custom_msgs/action/detail/count_down__type_support.c.o[0m
[3.379s] [ 56%] [32mBuilding C object CMakeFiles/custom_msgs__rosidl_typesupport_introspection_c.dir/rosidl_typesupport_introspection_c/custom_msgs/action/detail/nav__type_support.c.o[0m
[3.391s] [ 59%] [32mBuilding CXX object CMakeFiles/custom_msgs__rosidl_typesupport_fastrtps_cpp.dir/rosidl_typesupport_fastrtps_cpp/custom_msgs/msg/detail/dds_fastrtps/robot_status__type_support.cpp.o[0m
[3.391s] [ 59%] [32mBuilding CXX object CMakeFiles/custom_msgs__rosidl_typesupport_fastrtps_cpp.dir/rosidl_typesupport_fastrtps_cpp/custom_msgs/msg/detail/dds_fastrtps/extended_vector3__type_support.cpp.o[0m
[3.395s] [ 60%] [32mBuilding CXX object CMakeFiles/custom_msgs__rosidl_typesupport_fastrtps_cpp.dir/rosidl_typesupport_fastrtps_cpp/custom_msgs/srv/detail/dds_fastrtps/add_number__type_support.cpp.o[0m
[3.425s] [ 62%] [32mBuilding CXX object CMakeFiles/custom_msgs__rosidl_typesupport_fastrtps_cpp.dir/rosidl_typesupport_fastrtps_cpp/custom_msgs/action/detail/dds_fastrtps/count_down__type_support.cpp.o[0m
[3.430s] [ 64%] [32mBuilding CXX object CMakeFiles/custom_msgs__rosidl_typesupport_fastrtps_cpp.dir/rosidl_typesupport_fastrtps_cpp/custom_msgs/action/detail/dds_fastrtps/nav__type_support.cpp.o[0m
[3.456s] [ 65%] [1m[32mLinking C shared library libcustom_msgs__rosidl_typesupport_introspection_c.so[0m
[3.456s] [ 67%] [32mBuilding CXX object CMakeFiles/custom_msgs__rosidl_typesupport_fastrtps_c.dir/rosidl_typesupport_fastrtps_c/custom_msgs/msg/detail/extended_vector3__type_support_c.cpp.o[0m
[3.457s] [ 68%] [32mBuilding CXX object CMakeFiles/custom_msgs__rosidl_typesupport_fastrtps_c.dir/rosidl_typesupport_fastrtps_c/custom_msgs/msg/detail/robot_status__type_support_c.cpp.o[0m
[3.457s] [ 70%] [32mBuilding CXX object CMakeFiles/custom_msgs__rosidl_typesupport_fastrtps_c.dir/rosidl_typesupport_fastrtps_c/custom_msgs/srv/detail/add_number__type_support_c.cpp.o[0m
[3.503s] [ 70%] Built target custom_msgs__rosidl_typesupport_introspection_c
[3.510s] [ 71%] [32mBuilding CXX object CMakeFiles/custom_msgs__rosidl_typesupport_fastrtps_c.dir/rosidl_typesupport_fastrtps_c/custom_msgs/action/detail/count_down__type_support_c.cpp.o[0m
[3.594s] [ 73%] [32mBuilding CXX object CMakeFiles/custom_msgs__rosidl_typesupport_fastrtps_c.dir/rosidl_typesupport_fastrtps_c/custom_msgs/action/detail/nav__type_support_c.cpp.o[0m
[3.647s] [ 75%] [1m[32mLinking CXX shared library libcustom_msgs__rosidl_typesupport_cpp.so[0m
[3.705s] [ 75%] Built target custom_msgs__rosidl_typesupport_cpp
[3.913s] [ 76%] [1m[32mLinking CXX shared library libcustom_msgs__rosidl_typesupport_introspection_cpp.so[0m
[3.981s] [ 76%] Built target custom_msgs__rosidl_typesupport_introspection_cpp
[4.040s] [ 78%] [1m[32mLinking CXX shared library libcustom_msgs__rosidl_typesupport_fastrtps_c.so[0m
[4.075s] [ 79%] [1m[32mLinking CXX shared library libcustom_msgs__rosidl_typesupport_fastrtps_cpp.so[0m
[4.096s] [ 79%] Built target custom_msgs__rosidl_typesupport_fastrtps_c
[4.130s] [ 79%] Built target custom_msgs__rosidl_typesupport_fastrtps_cpp
[4.139s] [ 79%] Built target custom_msgs
[4.149s] [ 81%] [1m[34mGenerating Python code for ROS interfaces[0m
[5.111s] [ 81%] Built target custom_msgs__py
[5.125s] [ 82%] [32mBuilding C object CMakeFiles/custom_msgs__rosidl_generator_py.dir/rosidl_generator_py/custom_msgs/msg/_extended_vector3_s.c.o[0m
[5.125s] [ 84%] [32mBuilding C object CMakeFiles/custom_msgs__rosidl_generator_py.dir/rosidl_generator_py/custom_msgs/msg/_robot_status_s.c.o[0m
[5.125s] [ 85%] [32mBuilding C object CMakeFiles/custom_msgs__rosidl_generator_py.dir/rosidl_generator_py/custom_msgs/srv/_add_number_s.c.o[0m
[5.125s] [ 87%] [32mBuilding C object CMakeFiles/custom_msgs__rosidl_generator_py.dir/rosidl_generator_py/custom_msgs/action/_count_down_s.c.o[0m
[5.125s] [ 89%] [32mBuilding C object CMakeFiles/custom_msgs__rosidl_generator_py.dir/rosidl_generator_py/custom_msgs/action/_nav_s.c.o[0m
[5.232s] [ 90%] [1m[32mLinking C shared library rosidl_generator_py/custom_msgs/libcustom_msgs__rosidl_generator_py.so[0m
[5.261s] [ 90%] Built target custom_msgs__rosidl_generator_py
[5.273s] [ 95%] [32mBuilding C object CMakeFiles/custom_msgs__rosidl_typesupport_fastrtps_c__pyext.dir/rosidl_generator_py/custom_msgs/_custom_msgs_s.ep.rosidl_typesupport_fastrtps_c.c.o[0m
[5.273s] [ 95%] [32mBuilding C object CMakeFiles/custom_msgs__rosidl_typesupport_c__pyext.dir/rosidl_generator_py/custom_msgs/_custom_msgs_s.ep.rosidl_typesupport_c.c.o[0m
[5.273s] [ 95%] [32mBuilding C object CMakeFiles/custom_msgs__rosidl_typesupport_introspection_c__pyext.dir/rosidl_generator_py/custom_msgs/_custom_msgs_s.ep.rosidl_typesupport_introspection_c.c.o[0m
[5.390s] [ 98%] [1m[32mLinking C shared library rosidl_generator_py/custom_msgs/custom_msgs_s__rosidl_typesupport_c.cpython-310-x86_64-linux-gnu.so[0m
[5.390s] [ 98%] [1m[32mLinking C shared library rosidl_generator_py/custom_msgs/custom_msgs_s__rosidl_typesupport_fastrtps_c.cpython-310-x86_64-linux-gnu.so[0m
[5.391s] [100%] [1m[32mLinking C shared library rosidl_generator_py/custom_msgs/custom_msgs_s__rosidl_typesupport_introspection_c.cpython-310-x86_64-linux-gnu.so[0m
[5.421s] [100%] Built target custom_msgs__rosidl_typesupport_fastrtps_c__pyext
[5.421s] [100%] Built target custom_msgs__rosidl_typesupport_introspection_c__pyext
[5.421s] [100%] Built target custom_msgs__rosidl_typesupport_c__pyext
[5.427s] Invoked command in '/root/ros_ws/src/build/custom_msgs' returned '0': CMAKE_PREFIX_PATH=${CMAKE_PREFIX_PATH}:/root/ros_ws/src/install/action_demo_pkg:/root/ros_ws/install/task4:/root/ros_ws/install/py_srvcli:/root/ros_ws/src/install/task4:/root/ros_ws/src/install/task3:/root/ros_ws/src/install/task2:/root/ros_ws/src/install/sensorPkg:/root/ros_ws/src/install/my_robot_controller:/root/ros_ws/install/task3:/root/ros_ws/install/task2:/root/ros_ws/install/sensorPkg:/root/ros_ws/install/my_robot_controller:/opt/ros/humble /usr/bin/cmake --build /root/ros_ws/src/build/custom_msgs -- -j16 -l16
[5.431s] Invoking command in '/root/ros_ws/src/build/custom_msgs': CMAKE_PREFIX_PATH=${CMAKE_PREFIX_PATH}:/root/ros_ws/src/install/action_demo_pkg:/root/ros_ws/install/task4:/root/ros_ws/install/py_srvcli:/root/ros_ws/src/install/task4:/root/ros_ws/src/install/task3:/root/ros_ws/src/install/task2:/root/ros_ws/src/install/sensorPkg:/root/ros_ws/src/install/my_robot_controller:/root/ros_ws/install/task3:/root/ros_ws/install/task2:/root/ros_ws/install/sensorPkg:/root/ros_ws/install/my_robot_controller:/opt/ros/humble /usr/bin/cmake --install /root/ros_ws/src/build/custom_msgs
[5.434s] -- Install configuration: ""
[5.435s] -- Execute custom install script
[5.435s] -- Up-to-date symlink: /root/ros_ws/src/install/custom_msgs/share/ament_index/resource_index/rosidl_interfaces/custom_msgs
[5.435s] -- Up-to-date symlink: /root/ros_ws/src/install/custom_msgs/include/custom_msgs/custom_msgs/action/count_down.h
[5.435s] -- Up-to-date symlink: /root/ros_ws/src/install/custom_msgs/include/custom_msgs/custom_msgs/action/detail/count_down__functions.h
[5.435s] -- Up-to-date symlink: /root/ros_ws/src/install/custom_msgs/include/custom_msgs/custom_msgs/action/detail/count_down__struct.h
[5.436s] -- Up-to-date symlink: /root/ros_ws/src/install/custom_msgs/include/custom_msgs/custom_msgs/action/detail/count_down__type_support.h
[5.436s] -- Symlinking: /root/ros_ws/src/install/custom_msgs/include/custom_msgs/custom_msgs/action/detail/nav__functions.h
[5.439s] -- Symlinking: /root/ros_ws/src/install/custom_msgs/include/custom_msgs/custom_msgs/action/detail/nav__struct.h
[5.441s] -- Symlinking: /root/ros_ws/src/install/custom_msgs/include/custom_msgs/custom_msgs/action/detail/nav__type_support.h
[5.444s] -- Symlinking: /root/ros_ws/src/install/custom_msgs/include/custom_msgs/custom_msgs/action/nav.h
[5.447s] -- Up-to-date symlink: /root/ros_ws/src/install/custom_msgs/include/custom_msgs/custom_msgs/msg/detail/extended_vector3__functions.h
[5.447s] -- Up-to-date symlink: /root/ros_ws/src/install/custom_msgs/include/custom_msgs/custom_msgs/msg/detail/extended_vector3__struct.h
[5.447s] -- Up-to-date symlink: /root/ros_ws/src/install/custom_msgs/include/custom_msgs/custom_msgs/msg/detail/extended_vector3__type_support.h
[5.447s] -- Up-to-date symlink: /root/ros_ws/src/install/custom_msgs/include/custom_msgs/custom_msgs/msg/detail/robot_status__functions.h
[5.447s] -- Up-to-date symlink: /root/ros_ws/src/install/custom_msgs/include/custom_msgs/custom_msgs/msg/detail/robot_status__struct.h
[5.447s] -- Up-to-date symlink: /root/ros_ws/src/install/custom_msgs/include/custom_msgs/custom_msgs/msg/detail/robot_status__type_support.h
[5.448s] -- Up-to-date symlink: /root/ros_ws/src/install/custom_msgs/include/custom_msgs/custom_msgs/msg/extended_vector3.h
[5.448s] -- Up-to-date symlink: /root/ros_ws/src/install/custom_msgs/include/custom_msgs/custom_msgs/msg/robot_status.h
[5.448s] -- Up-to-date symlink: /root/ros_ws/src/install/custom_msgs/include/custom_msgs/custom_msgs/msg/rosidl_generator_c__visibility_control.h
[5.448s] -- Up-to-date symlink: /root/ros_ws/src/install/custom_msgs/include/custom_msgs/custom_msgs/srv/add_number.h
[5.448s] -- Up-to-date symlink: /root/ros_ws/src/install/custom_msgs/include/custom_msgs/custom_msgs/srv/detail/add_number__functions.h
[5.448s] -- Up-to-date symlink: /root/ros_ws/src/install/custom_msgs/include/custom_msgs/custom_msgs/srv/detail/add_number__struct.h
[5.448s] -- Up-to-date symlink: /root/ros_ws/src/install/custom_msgs/include/custom_msgs/custom_msgs/srv/detail/add_number__type_support.h
[5.448s] -- Up-to-date symlink: /root/ros_ws/src/install/custom_msgs/share/custom_msgs/environment/library_path.sh
[5.448s] -- Up-to-date symlink: /root/ros_ws/src/install/custom_msgs/share/custom_msgs/environment/library_path.dsv
[5.449s] -- Up-to-date symlink: /root/ros_ws/src/install/custom_msgs/include/custom_msgs/custom_msgs/action/detail/count_down__rosidl_typesupport_fastrtps_c.h
[5.449s] -- Symlinking: /root/ros_ws/src/install/custom_msgs/include/custom_msgs/custom_msgs/action/detail/nav__rosidl_typesupport_fastrtps_c.h
[5.452s] -- Up-to-date symlink: /root/ros_ws/src/install/custom_msgs/include/custom_msgs/custom_msgs/msg/detail/extended_vector3__rosidl_typesupport_fastrtps_c.h
[5.452s] -- Up-to-date symlink: /root/ros_ws/src/install/custom_msgs/include/custom_msgs/custom_msgs/msg/detail/robot_status__rosidl_typesupport_fastrtps_c.h
[5.452s] -- Up-to-date symlink: /root/ros_ws/src/install/custom_msgs/include/custom_msgs/custom_msgs/msg/rosidl_typesupport_fastrtps_c__visibility_control.h
[5.452s] -- Up-to-date symlink: /root/ros_ws/src/install/custom_msgs/include/custom_msgs/custom_msgs/srv/detail/add_number__rosidl_typesupport_fastrtps_c.h
[5.452s] -- Up-to-date symlink: /root/ros_ws/src/install/custom_msgs/include/custom_msgs/custom_msgs/action/detail/count_down__rosidl_typesupport_introspection_c.h
[5.452s] -- Symlinking: /root/ros_ws/src/install/custom_msgs/include/custom_msgs/custom_msgs/action/detail/nav__rosidl_typesupport_introspection_c.h
[5.455s] -- Up-to-date symlink: /root/ros_ws/src/install/custom_msgs/include/custom_msgs/custom_msgs/msg/detail/extended_vector3__rosidl_typesupport_introspection_c.h
[5.455s] -- Up-to-date symlink: /root/ros_ws/src/install/custom_msgs/include/custom_msgs/custom_msgs/msg/detail/robot_status__rosidl_typesupport_introspection_c.h
[5.456s] -- Up-to-date symlink: /root/ros_ws/src/install/custom_msgs/include/custom_msgs/custom_msgs/msg/rosidl_typesupport_introspection_c__visibility_control.h
[5.456s] -- Up-to-date symlink: /root/ros_ws/src/install/custom_msgs/include/custom_msgs/custom_msgs/srv/detail/add_number__rosidl_typesupport_introspection_c.h
[5.456s] -- Up-to-date symlink: /root/ros_ws/src/install/custom_msgs/include/custom_msgs/custom_msgs/action/count_down.hpp
[5.456s] -- Up-to-date symlink: /root/ros_ws/src/install/custom_msgs/include/custom_msgs/custom_msgs/action/detail/count_down__builder.hpp
[5.456s] -- Up-to-date symlink: /root/ros_ws/src/install/custom_msgs/include/custom_msgs/custom_msgs/action/detail/count_down__struct.hpp
[5.456s] -- Up-to-date symlink: /root/ros_ws/src/install/custom_msgs/include/custom_msgs/custom_msgs/action/detail/count_down__traits.hpp
[5.457s] -- Up-to-date symlink: /root/ros_ws/src/install/custom_msgs/include/custom_msgs/custom_msgs/action/detail/count_down__type_support.hpp
[5.457s] -- Symlinking: /root/ros_ws/src/install/custom_msgs/include/custom_msgs/custom_msgs/action/detail/nav__builder.hpp
[5.459s] -- Symlinking: /root/ros_ws/src/install/custom_msgs/include/custom_msgs/custom_msgs/action/detail/nav__struct.hpp
[5.462s] -- Symlinking: /root/ros_ws/src/install/custom_msgs/include/custom_msgs/custom_msgs/action/detail/nav__traits.hpp
[5.465s] -- Symlinking: /root/ros_ws/src/install/custom_msgs/include/custom_msgs/custom_msgs/action/detail/nav__type_support.hpp
[5.468s] -- Symlinking: /root/ros_ws/src/install/custom_msgs/include/custom_msgs/custom_msgs/action/nav.hpp
[5.471s] -- Up-to-date symlink: /root/ros_ws/src/install/custom_msgs/include/custom_msgs/custom_msgs/msg/detail/extended_vector3__builder.hpp
[5.471s] -- Up-to-date symlink: /root/ros_ws/src/install/custom_msgs/include/custom_msgs/custom_msgs/msg/detail/extended_vector3__struct.hpp
[5.471s] -- Up-to-date symlink: /root/ros_ws/src/install/custom_msgs/include/custom_msgs/custom_msgs/msg/detail/extended_vector3__traits.hpp
[5.471s] -- Up-to-date symlink: /root/ros_ws/src/install/custom_msgs/include/custom_msgs/custom_msgs/msg/detail/extended_vector3__type_support.hpp
[5.472s] -- Up-to-date symlink: /root/ros_ws/src/install/custom_msgs/include/custom_msgs/custom_msgs/msg/detail/robot_status__builder.hpp
[5.472s] -- Up-to-date symlink: /root/ros_ws/src/install/custom_msgs/include/custom_msgs/custom_msgs/msg/detail/robot_status__struct.hpp
[5.472s] -- Up-to-date symlink: /root/ros_ws/src/install/custom_msgs/include/custom_msgs/custom_msgs/msg/detail/robot_status__traits.hpp
[5.472s] -- Up-to-date symlink: /root/ros_ws/src/install/custom_msgs/include/custom_msgs/custom_msgs/msg/detail/robot_status__type_support.hpp
[5.472s] -- Up-to-date symlink: /root/ros_ws/src/install/custom_msgs/include/custom_msgs/custom_msgs/msg/extended_vector3.hpp
[5.472s] -- Up-to-date symlink: /root/ros_ws/src/install/custom_msgs/include/custom_msgs/custom_msgs/msg/robot_status.hpp
[5.472s] -- Up-to-date symlink: /root/ros_ws/src/install/custom_msgs/include/custom_msgs/custom_msgs/msg/rosidl_generator_cpp__visibility_control.hpp
[5.472s] -- Up-to-date symlink: /root/ros_ws/src/install/custom_msgs/include/custom_msgs/custom_msgs/srv/add_number.hpp
[5.472s] -- Up-to-date symlink: /root/ros_ws/src/install/custom_msgs/include/custom_msgs/custom_msgs/srv/detail/add_number__builder.hpp
[5.472s] -- Up-to-date symlink: /root/ros_ws/src/install/custom_msgs/include/custom_msgs/custom_msgs/srv/detail/add_number__struct.hpp
[5.472s] -- Up-to-date symlink: /root/ros_ws/src/install/custom_msgs/include/custom_msgs/custom_msgs/srv/detail/add_number__traits.hpp
[5.472s] -- Up-to-date symlink: /root/ros_ws/src/install/custom_msgs/include/custom_msgs/custom_msgs/srv/detail/add_number__type_support.hpp
[5.473s] -- Up-to-date symlink: /root/ros_ws/src/install/custom_msgs/include/custom_msgs/custom_msgs/action/detail/count_down__rosidl_typesupport_fastrtps_cpp.hpp
[5.473s] -- Symlinking: /root/ros_ws/src/install/custom_msgs/include/custom_msgs/custom_msgs/action/detail/nav__rosidl_typesupport_fastrtps_cpp.hpp
[5.476s] -- Up-to-date symlink: /root/ros_ws/src/install/custom_msgs/include/custom_msgs/custom_msgs/msg/detail/extended_vector3__rosidl_typesupport_fastrtps_cpp.hpp
[5.476s] -- Up-to-date symlink: /root/ros_ws/src/install/custom_msgs/include/custom_msgs/custom_msgs/msg/detail/robot_status__rosidl_typesupport_fastrtps_cpp.hpp
[5.476s] -- Up-to-date symlink: /root/ros_ws/src/install/custom_msgs/include/custom_msgs/custom_msgs/msg/rosidl_typesupport_fastrtps_cpp__visibility_control.h
[5.476s] -- Up-to-date symlink: /root/ros_ws/src/install/custom_msgs/include/custom_msgs/custom_msgs/srv/detail/add_number__rosidl_typesupport_fastrtps_cpp.hpp
[5.477s] -- Up-to-date symlink: /root/ros_ws/src/install/custom_msgs/include/custom_msgs/custom_msgs/action/detail/count_down__rosidl_typesupport_introspection_cpp.hpp
[5.477s] -- Symlinking: /root/ros_ws/src/install/custom_msgs/include/custom_msgs/custom_msgs/action/detail/nav__rosidl_typesupport_introspection_cpp.hpp
[5.480s] -- Up-to-date symlink: /root/ros_ws/src/install/custom_msgs/include/custom_msgs/custom_msgs/msg/detail/extended_vector3__rosidl_typesupport_introspection_cpp.hpp
[5.480s] -- Up-to-date symlink: /root/ros_ws/src/install/custom_msgs/include/custom_msgs/custom_msgs/msg/detail/robot_status__rosidl_typesupport_introspection_cpp.hpp
[5.480s] -- Up-to-date symlink: /root/ros_ws/src/install/custom_msgs/include/custom_msgs/custom_msgs/srv/detail/add_number__rosidl_typesupport_introspection_cpp.hpp
[5.480s] -- Up-to-date symlink: /root/ros_ws/src/install/custom_msgs/share/custom_msgs/environment/pythonpath.sh
[5.480s] -- Up-to-date symlink: /root/ros_ws/src/install/custom_msgs/share/custom_msgs/environment/pythonpath.dsv
[5.480s] -- Up-to-date symlink: /root/ros_ws/src/install/custom_msgs/local/lib/python3.10/dist-packages/custom_msgs-0.0.0-py3.10.egg-info/PKG-INFO
[5.480s] -- Up-to-date symlink: /root/ros_ws/src/install/custom_msgs/local/lib/python3.10/dist-packages/custom_msgs-0.0.0-py3.10.egg-info/SOURCES.txt
[5.480s] -- Up-to-date symlink: /root/ros_ws/src/install/custom_msgs/local/lib/python3.10/dist-packages/custom_msgs-0.0.0-py3.10.egg-info/dependency_links.txt
[5.481s] -- Up-to-date symlink: /root/ros_ws/src/install/custom_msgs/local/lib/python3.10/dist-packages/custom_msgs-0.0.0-py3.10.egg-info/top_level.txt
[5.481s] -- Up-to-date symlink: /root/ros_ws/src/install/custom_msgs/local/lib/python3.10/dist-packages/custom_msgs/__init__.py
[5.481s] -- Up-to-date symlink: /root/ros_ws/src/install/custom_msgs/local/lib/python3.10/dist-packages/custom_msgs/_custom_msgs_s.ep.rosidl_typesupport_c.c
[5.481s] -- Up-to-date symlink: /root/ros_ws/src/install/custom_msgs/local/lib/python3.10/dist-packages/custom_msgs/_custom_msgs_s.ep.rosidl_typesupport_fastrtps_c.c
[5.481s] -- Up-to-date symlink: /root/ros_ws/src/install/custom_msgs/local/lib/python3.10/dist-packages/custom_msgs/_custom_msgs_s.ep.rosidl_typesupport_introspection_c.c
[5.481s] -- Up-to-date symlink: /root/ros_ws/src/install/custom_msgs/local/lib/python3.10/dist-packages/custom_msgs/action/__init__.py
[5.481s] -- Up-to-date symlink: /root/ros_ws/src/install/custom_msgs/local/lib/python3.10/dist-packages/custom_msgs/action/_count_down.py
[5.482s] -- Up-to-date symlink: /root/ros_ws/src/install/custom_msgs/local/lib/python3.10/dist-packages/custom_msgs/action/_count_down_s.c
[5.482s] -- Symlinking: /root/ros_ws/src/install/custom_msgs/local/lib/python3.10/dist-packages/custom_msgs/action/_nav.py
[5.484s] -- Symlinking: /root/ros_ws/src/install/custom_msgs/local/lib/python3.10/dist-packages/custom_msgs/action/_nav_s.c
[5.487s] -- Up-to-date symlink: /root/ros_ws/src/install/custom_msgs/local/lib/python3.10/dist-packages/custom_msgs/custom_msgs_s__rosidl_typesupport_c.cpython-310-x86_64-linux-gnu.so
[5.487s] -- Up-to-date symlink: /root/ros_ws/src/install/custom_msgs/local/lib/python3.10/dist-packages/custom_msgs/custom_msgs_s__rosidl_typesupport_fastrtps_c.cpython-310-x86_64-linux-gnu.so
[5.487s] -- Up-to-date symlink: /root/ros_ws/src/install/custom_msgs/local/lib/python3.10/dist-packages/custom_msgs/custom_msgs_s__rosidl_typesupport_introspection_c.cpython-310-x86_64-linux-gnu.so
[5.487s] -- Up-to-date symlink: /root/ros_ws/src/install/custom_msgs/local/lib/python3.10/dist-packages/custom_msgs/libcustom_msgs__rosidl_generator_py.so
[5.487s] -- Up-to-date symlink: /root/ros_ws/src/install/custom_msgs/local/lib/python3.10/dist-packages/custom_msgs/msg/__init__.py
[5.488s] -- Up-to-date symlink: /root/ros_ws/src/install/custom_msgs/local/lib/python3.10/dist-packages/custom_msgs/msg/_extended_vector3.py
[5.488s] -- Up-to-date symlink: /root/ros_ws/src/install/custom_msgs/local/lib/python3.10/dist-packages/custom_msgs/msg/_extended_vector3_s.c
[5.488s] -- Up-to-date symlink: /root/ros_ws/src/install/custom_msgs/local/lib/python3.10/dist-packages/custom_msgs/msg/_robot_status.py
[5.488s] -- Up-to-date symlink: /root/ros_ws/src/install/custom_msgs/local/lib/python3.10/dist-packages/custom_msgs/msg/_robot_status_s.c
[5.488s] -- Up-to-date symlink: /root/ros_ws/src/install/custom_msgs/local/lib/python3.10/dist-packages/custom_msgs/srv/__init__.py
[5.488s] -- Up-to-date symlink: /root/ros_ws/src/install/custom_msgs/local/lib/python3.10/dist-packages/custom_msgs/srv/_add_number.py
[5.488s] -- Up-to-date symlink: /root/ros_ws/src/install/custom_msgs/local/lib/python3.10/dist-packages/custom_msgs/srv/_add_number_s.c
[5.488s] -- Up-to-date symlink: /root/ros_ws/src/install/custom_msgs/local/lib/python3.10/dist-packages/custom_msgs/custom_msgs_s__rosidl_typesupport_fastrtps_c.cpython-310-x86_64-linux-gnu.so
[5.488s] -- Up-to-date symlink: /root/ros_ws/src/install/custom_msgs/local/lib/python3.10/dist-packages/custom_msgs/custom_msgs_s__rosidl_typesupport_introspection_c.cpython-310-x86_64-linux-gnu.so
[5.489s] -- Up-to-date symlink: /root/ros_ws/src/install/custom_msgs/local/lib/python3.10/dist-packages/custom_msgs/custom_msgs_s__rosidl_typesupport_c.cpython-310-x86_64-linux-gnu.so
[5.489s] -- Up-to-date symlink: /root/ros_ws/src/install/custom_msgs/share/ament_index/resource_index/rust_packages/custom_msgs
[5.489s] -- Up-to-date symlink: /root/ros_ws/src/install/custom_msgs/share/custom_msgs/rust/Cargo.toml
[5.489s] -- Up-to-date symlink: /root/ros_ws/src/install/custom_msgs/share/custom_msgs/rust/build.rs
[5.489s] -- Up-to-date symlink: /root/ros_ws/src/install/custom_msgs/share/custom_msgs/rust/src/action.rs
[5.489s] -- Up-to-date symlink: /root/ros_ws/src/install/custom_msgs/share/custom_msgs/rust/src/action/rmw.rs
[5.489s] -- Up-to-date symlink: /root/ros_ws/src/install/custom_msgs/share/custom_msgs/rust/src/lib.rs
[5.489s] -- Up-to-date symlink: /root/ros_ws/src/install/custom_msgs/share/custom_msgs/rust/src/msg.rs
[5.489s] -- Up-to-date symlink: /root/ros_ws/src/install/custom_msgs/share/custom_msgs/rust/src/msg/rmw.rs
[5.489s] -- Up-to-date symlink: /root/ros_ws/src/install/custom_msgs/share/custom_msgs/rust/src/srv.rs
[5.490s] -- Up-to-date symlink: /root/ros_ws/src/install/custom_msgs/share/custom_msgs/rust/src/srv/rmw.rs
[5.490s] -- Up-to-date symlink: /root/ros_ws/src/install/custom_msgs/share/custom_msgs/msg/ExtendedVector3.idl
[5.490s] -- Up-to-date symlink: /root/ros_ws/src/install/custom_msgs/share/custom_msgs/msg/RobotStatus.idl
[5.490s] -- Up-to-date symlink: /root/ros_ws/src/install/custom_msgs/share/custom_msgs/srv/AddNumber.idl
[5.490s] -- Up-to-date symlink: /root/ros_ws/src/install/custom_msgs/share/custom_msgs/action/CountDown.idl
[5.490s] -- Symlinking: /root/ros_ws/src/install/custom_msgs/share/custom_msgs/action/Nav.idl
[5.493s] -- Up-to-date symlink: /root/ros_ws/src/install/custom_msgs/share/custom_msgs/msg/ExtendedVector3.msg
[5.493s] -- Up-to-date symlink: /root/ros_ws/src/install/custom_msgs/share/custom_msgs/msg/RobotStatus.msg
[5.493s] -- Up-to-date symlink: /root/ros_ws/src/install/custom_msgs/share/custom_msgs/srv/AddNumber.srv
[5.493s] -- Up-to-date symlink: /root/ros_ws/src/install/custom_msgs/share/custom_msgs/srv/AddNumber_Request.msg
[5.493s] -- Up-to-date symlink: /root/ros_ws/src/install/custom_msgs/share/custom_msgs/srv/AddNumber_Response.msg
[5.493s] -- Up-to-date symlink: /root/ros_ws/src/install/custom_msgs/share/custom_msgs/action/CountDown.action
[5.494s] -- Symlinking: /root/ros_ws/src/install/custom_msgs/share/custom_msgs/action/Nav.action
[5.496s] -- Up-to-date symlink: /root/ros_ws/src/install/custom_msgs/share/ament_index/resource_index/package_run_dependencies/custom_msgs
[5.497s] -- Up-to-date symlink: /root/ros_ws/src/install/custom_msgs/share/ament_index/resource_index/parent_prefix_path/custom_msgs
[5.497s] -- Up-to-date symlink: /root/ros_ws/src/install/custom_msgs/share/custom_msgs/environment/ament_prefix_path.sh
[5.497s] -- Up-to-date symlink: /root/ros_ws/src/install/custom_msgs/share/custom_msgs/environment/ament_prefix_path.dsv
[5.497s] -- Up-to-date symlink: /root/ros_ws/src/install/custom_msgs/share/custom_msgs/environment/path.sh
[5.497s] -- Up-to-date symlink: /root/ros_ws/src/install/custom_msgs/share/custom_msgs/environment/path.dsv
[5.497s] -- Up-to-date symlink: /root/ros_ws/src/install/custom_msgs/share/custom_msgs/local_setup.bash
[5.497s] -- Up-to-date symlink: /root/ros_ws/src/install/custom_msgs/share/custom_msgs/local_setup.sh
[5.497s] -- Up-to-date symlink: /root/ros_ws/src/install/custom_msgs/share/custom_msgs/local_setup.zsh
[5.497s] -- Up-to-date symlink: /root/ros_ws/src/install/custom_msgs/share/custom_msgs/local_setup.dsv
[5.498s] -- Symlinking: /root/ros_ws/src/install/custom_msgs/share/custom_msgs/package.dsv
[5.501s] -- Up-to-date symlink: /root/ros_ws/src/install/custom_msgs/share/ament_index/resource_index/packages/custom_msgs
[5.501s] -- Up-to-date symlink: /root/ros_ws/src/install/custom_msgs/share/custom_msgs/cmake/rosidl_cmake-extras.cmake
[5.501s] -- Up-to-date symlink: /root/ros_ws/src/install/custom_msgs/share/custom_msgs/cmake/ament_cmake_export_dependencies-extras.cmake
[5.501s] -- Up-to-date symlink: /root/ros_ws/src/install/custom_msgs/share/custom_msgs/cmake/ament_cmake_export_include_directories-extras.cmake
[5.501s] -- Up-to-date symlink: /root/ros_ws/src/install/custom_msgs/share/custom_msgs/cmake/ament_cmake_export_libraries-extras.cmake
[5.501s] -- Up-to-date symlink: /root/ros_ws/src/install/custom_msgs/share/custom_msgs/cmake/ament_cmake_export_targets-extras.cmake
[5.502s] -- Up-to-date symlink: /root/ros_ws/src/install/custom_msgs/share/custom_msgs/cmake/rosidl_cmake_export_typesupport_targets-extras.cmake
[5.502s] -- Up-to-date symlink: /root/ros_ws/src/install/custom_msgs/share/custom_msgs/cmake/rosidl_cmake_export_typesupport_libraries-extras.cmake
[5.502s] -- Up-to-date symlink: /root/ros_ws/src/install/custom_msgs/share/custom_msgs/cmake/custom_msgsConfig.cmake
[5.502s] -- Up-to-date symlink: /root/ros_ws/src/install/custom_msgs/share/custom_msgs/cmake/custom_msgsConfig-version.cmake
[5.502s] -- Up-to-date symlink: /root/ros_ws/src/install/custom_msgs/share/custom_msgs/package.xml
[5.502s] -- Installing: /root/ros_ws/src/install/custom_msgs/lib/libcustom_msgs__rosidl_generator_c.so
[5.503s] -- Set non-toolchain portion of runtime path of "/root/ros_ws/src/install/custom_msgs/lib/libcustom_msgs__rosidl_generator_c.so" to ""
[5.503s] -- Installing: /root/ros_ws/src/install/custom_msgs/lib/libcustom_msgs__rosidl_typesupport_fastrtps_c.so
[5.503s] -- Set non-toolchain portion of runtime path of "/root/ros_ws/src/install/custom_msgs/lib/libcustom_msgs__rosidl_typesupport_fastrtps_c.so" to ""
[5.503s] -- Installing: /root/ros_ws/src/install/custom_msgs/lib/libcustom_msgs__rosidl_typesupport_introspection_c.so
[5.503s] -- Set non-toolchain portion of runtime path of "/root/ros_ws/src/install/custom_msgs/lib/libcustom_msgs__rosidl_typesupport_introspection_c.so" to ""
[5.504s] -- Installing: /root/ros_ws/src/install/custom_msgs/lib/libcustom_msgs__rosidl_typesupport_c.so
[5.504s] -- Set non-toolchain portion of runtime path of "/root/ros_ws/src/install/custom_msgs/lib/libcustom_msgs__rosidl_typesupport_c.so" to ""
[5.504s] -- Installing: /root/ros_ws/src/install/custom_msgs/lib/libcustom_msgs__rosidl_typesupport_fastrtps_cpp.so
[5.504s] -- Set non-toolchain portion of runtime path of "/root/ros_ws/src/install/custom_msgs/lib/libcustom_msgs__rosidl_typesupport_fastrtps_cpp.so" to ""
[5.504s] -- Installing: /root/ros_ws/src/install/custom_msgs/lib/libcustom_msgs__rosidl_typesupport_introspection_cpp.so
[5.505s] -- Set non-toolchain portion of runtime path of "/root/ros_ws/src/install/custom_msgs/lib/libcustom_msgs__rosidl_typesupport_introspection_cpp.so" to ""
[5.505s] -- Installing: /root/ros_ws/src/install/custom_msgs/lib/libcustom_msgs__rosidl_typesupport_cpp.so
[5.505s] -- Set non-toolchain portion of runtime path of "/root/ros_ws/src/install/custom_msgs/lib/libcustom_msgs__rosidl_typesupport_cpp.so" to ""
[5.550s] Listing '/root/ros_ws/src/install/custom_msgs/local/lib/python3.10/dist-packages/custom_msgs'...
[5.550s] Compiling '/root/ros_ws/src/install/custom_msgs/local/lib/python3.10/dist-packages/custom_msgs/__init__.py'...
[5.550s] Listing '/root/ros_ws/src/install/custom_msgs/local/lib/python3.10/dist-packages/custom_msgs/action'...
[5.550s] Compiling '/root/ros_ws/src/install/custom_msgs/local/lib/python3.10/dist-packages/custom_msgs/action/__init__.py'...
[5.550s] Compiling '/root/ros_ws/src/install/custom_msgs/local/lib/python3.10/dist-packages/custom_msgs/action/_count_down.py'...
[5.550s] Compiling '/root/ros_ws/src/install/custom_msgs/local/lib/python3.10/dist-packages/custom_msgs/action/_nav.py'...
[5.550s] Listing '/root/ros_ws/src/install/custom_msgs/local/lib/python3.10/dist-packages/custom_msgs/msg'...
[5.550s] Compiling '/root/ros_ws/src/install/custom_msgs/local/lib/python3.10/dist-packages/custom_msgs/msg/__init__.py'...
[5.550s] Compiling '/root/ros_ws/src/install/custom_msgs/local/lib/python3.10/dist-packages/custom_msgs/msg/_extended_vector3.py'...
[5.550s] Compiling '/root/ros_ws/src/install/custom_msgs/local/lib/python3.10/dist-packages/custom_msgs/msg/_robot_status.py'...
[5.550s] Listing '/root/ros_ws/src/install/custom_msgs/local/lib/python3.10/dist-packages/custom_msgs/srv'...
[5.550s] Compiling '/root/ros_ws/src/install/custom_msgs/local/lib/python3.10/dist-packages/custom_msgs/srv/__init__.py'...
[5.550s] Compiling '/root/ros_ws/src/install/custom_msgs/local/lib/python3.10/dist-packages/custom_msgs/srv/_add_number.py'...
[5.553s] -- Installing: /root/ros_ws/src/install/custom_msgs/lib/libcustom_msgs__rosidl_generator_py.so
[5.554s] -- Set non-toolchain portion of runtime path of "/root/ros_ws/src/install/custom_msgs/lib/libcustom_msgs__rosidl_generator_py.so" to ""
[5.554s] -- Up-to-date: /root/ros_ws/src/install/custom_msgs/share/custom_msgs/cmake/export_custom_msgs__rosidl_generator_cExport.cmake
[5.554s] -- Up-to-date: /root/ros_ws/src/install/custom_msgs/share/custom_msgs/cmake/export_custom_msgs__rosidl_generator_cExport-noconfig.cmake
[5.554s] -- Up-to-date: /root/ros_ws/src/install/custom_msgs/share/custom_msgs/cmake/export_custom_msgs__rosidl_typesupport_fastrtps_cExport.cmake
[5.554s] -- Up-to-date: /root/ros_ws/src/install/custom_msgs/share/custom_msgs/cmake/export_custom_msgs__rosidl_typesupport_fastrtps_cExport-noconfig.cmake
[5.554s] -- Up-to-date: /root/ros_ws/src/install/custom_msgs/share/custom_msgs/cmake/custom_msgs__rosidl_typesupport_introspection_cExport.cmake
[5.554s] -- Up-to-date: /root/ros_ws/src/install/custom_msgs/share/custom_msgs/cmake/custom_msgs__rosidl_typesupport_introspection_cExport-noconfig.cmake
[5.554s] -- Up-to-date: /root/ros_ws/src/install/custom_msgs/share/custom_msgs/cmake/custom_msgs__rosidl_typesupport_cExport.cmake
[5.554s] -- Up-to-date: /root/ros_ws/src/install/custom_msgs/share/custom_msgs/cmake/custom_msgs__rosidl_typesupport_cExport-noconfig.cmake
[5.554s] -- Up-to-date: /root/ros_ws/src/install/custom_msgs/share/custom_msgs/cmake/export_custom_msgs__rosidl_generator_cppExport.cmake
[5.554s] -- Up-to-date: /root/ros_ws/src/install/custom_msgs/share/custom_msgs/cmake/export_custom_msgs__rosidl_typesupport_fastrtps_cppExport.cmake
[5.554s] -- Up-to-date: /root/ros_ws/src/install/custom_msgs/share/custom_msgs/cmake/export_custom_msgs__rosidl_typesupport_fastrtps_cppExport-noconfig.cmake
[5.554s] -- Up-to-date: /root/ros_ws/src/install/custom_msgs/share/custom_msgs/cmake/custom_msgs__rosidl_typesupport_introspection_cppExport.cmake
[5.554s] -- Up-to-date: /root/ros_ws/src/install/custom_msgs/share/custom_msgs/cmake/custom_msgs__rosidl_typesupport_introspection_cppExport-noconfig.cmake
[5.555s] -- Up-to-date: /root/ros_ws/src/install/custom_msgs/share/custom_msgs/cmake/custom_msgs__rosidl_typesupport_cppExport.cmake
[5.555s] -- Up-to-date: /root/ros_ws/src/install/custom_msgs/share/custom_msgs/cmake/custom_msgs__rosidl_typesupport_cppExport-noconfig.cmake
[5.555s] -- Up-to-date: /root/ros_ws/src/install/custom_msgs/share/custom_msgs/cmake/export_custom_msgs__rosidl_generator_pyExport.cmake
[5.555s] -- Up-to-date: /root/ros_ws/src/install/custom_msgs/share/custom_msgs/cmake/export_custom_msgs__rosidl_generator_pyExport-noconfig.cmake
[5.556s] Invoked command in '/root/ros_ws/src/build/custom_msgs' returned '0': CMAKE_PREFIX_PATH=${CMAKE_PREFIX_PATH}:/root/ros_ws/src/install/action_demo_pkg:/root/ros_ws/install/task4:/root/ros_ws/install/py_srvcli:/root/ros_ws/src/install/task4:/root/ros_ws/src/install/task3:/root/ros_ws/src/install/task2:/root/ros_ws/src/install/sensorPkg:/root/ros_ws/src/install/my_robot_controller:/root/ros_ws/install/task3:/root/ros_ws/install/task2:/root/ros_ws/install/sensorPkg:/root/ros_ws/install/my_robot_controller:/opt/ros/humble /usr/bin/cmake --install /root/ros_ws/src/build/custom_msgs
