[0.828s] Invoking command in '/root/ros_ws/build/task2': PYTHONPATH=/root/ros_ws/build/task2/prefix_override:/usr/lib/python3/dist-packages/colcon_core/task/python/colcon_distutils_commands:/root/ros_ws/install/task2/lib/python3.10/site-packages:${PYTHONPATH} /usr/bin/python3 -W ignore:setup.py install is deprecated -W ignore:easy_install command is deprecated setup.py develop --editable --build-directory /root/ros_ws/build/task2/build --no-deps symlink_data
[1.030s] running develop
[1.137s] running egg_info
[1.137s] creating task2.egg-info
[1.137s] writing task2.egg-info/PKG-INFO
[1.138s] writing dependency_links to task2.egg-info/dependency_links.txt
[1.138s] writing entry points to task2.egg-info/entry_points.txt
[1.138s] writing requirements to task2.egg-info/requires.txt
[1.138s] writing top-level names to task2.egg-info/top_level.txt
[1.138s] writing manifest file 'task2.egg-info/SOURCES.txt'
[1.139s] reading manifest file 'task2.egg-info/SOURCES.txt'
[1.140s] writing manifest file 'task2.egg-info/SOURCES.txt'
[1.141s] running build_ext
[1.141s] Creating /root/ros_ws/install/task2/lib/python3.10/site-packages/task2.egg-link (link to .)
[1.142s] Installing publisher script to /root/ros_ws/install/task2/lib/task2
[1.142s] Installing subscriber script to /root/ros_ws/install/task2/lib/task2
[1.142s] 
[1.142s] Installed /root/ros_ws/build/task2
[1.142s] running symlink_data
[1.142s] creating /root/ros_ws/install/task2/share/ament_index
[1.143s] creating /root/ros_ws/install/task2/share/ament_index/resource_index
[1.143s] creating /root/ros_ws/install/task2/share/ament_index/resource_index/packages
[1.143s] symbolically linking /root/ros_ws/build/task2/resource/task2 -> /root/ros_ws/install/task2/share/ament_index/resource_index/packages
[1.143s] symbolically linking /root/ros_ws/build/task2/package.xml -> /root/ros_ws/install/task2/share/task2
[1.178s] Invoked command in '/root/ros_ws/build/task2' returned '0': PYTHONPATH=/root/ros_ws/build/task2/prefix_override:/usr/lib/python3/dist-packages/colcon_core/task/python/colcon_distutils_commands:/root/ros_ws/install/task2/lib/python3.10/site-packages:${PYTHONPATH} /usr/bin/python3 -W ignore:setup.py install is deprecated -W ignore:easy_install command is deprecated setup.py develop --editable --build-directory /root/ros_ws/build/task2/build --no-deps symlink_data
