[0.000000] (-) TimerEvent: {}
[0.000703] (custom_msgs) JobQueued: {'identifier': 'custom_msgs', 'dependencies': OrderedDict()}
[0.000786] (my_robot_controller) JobQueued: {'identifier': 'my_robot_controller', 'dependencies': OrderedDict()}
[0.000840] (py_srvcli) JobQueued: {'identifier': 'py_srvcli', 'dependencies': OrderedDict()}
[0.000854] (sensorPkg) JobQueued: {'identifier': 'sensorPkg', 'dependencies': OrderedDict([('custom_msgs', '/root/ros_ws/install/custom_msgs')])}
[0.000868] (task2) JobQueued: {'identifier': 'task2', 'dependencies': OrderedDict([('custom_msgs', '/root/ros_ws/install/custom_msgs')])}
[0.000879] (task3) JobQueued: {'identifier': 'task3', 'dependencies': OrderedDict([('custom_msgs', '/root/ros_ws/install/custom_msgs')])}
[0.000890] (task4) JobQueued: {'identifier': 'task4', 'dependencies': OrderedDict([('custom_msgs', '/root/ros_ws/install/custom_msgs')])}
[0.000901] (custom_msgs) JobStarted: {'identifier': 'custom_msgs'}
[0.007896] (my_robot_controller) JobStarted: {'identifier': 'my_robot_controller'}
[0.012582] (py_srvcli) JobStarted: {'identifier': 'py_srvcli'}
[0.017023] (custom_msgs) JobProgress: {'identifier': 'custom_msgs', 'progress': 'cmake'}
[0.017422] (custom_msgs) JobProgress: {'identifier': 'custom_msgs', 'progress': 'build'}
[0.018047] (custom_msgs) Command: {'cmd': ['/usr/bin/cmake', '--build', '/root/ros_ws/build/custom_msgs', '--', '-j16', '-l16'], 'cwd': '/root/ros_ws/build/custom_msgs', 'env': OrderedDict([('HOSTNAME', '686253f7c9d4'), ('SHLVL', '1'), ('LD_LIBRARY_PATH', '/root/ros_ws/install/custom_msgs/lib:/opt/ros/humble/opt/rviz_ogre_vendor/lib:/opt/ros/humble/lib/x86_64-linux-gnu:/opt/ros/humble/lib'), ('HOME', '/root'), ('ROS_PYTHON_VERSION', '3'), ('COLCON_PREFIX_PATH', '/root/ros_ws/install'), ('ROS_DISTRO', 'humble'), ('_', '/usr/bin/colcon'), ('ROS_VERSION', '2'), ('TERM', 'xterm-256color'), ('ROS_LOCALHOST_ONLY', '0'), ('QT_X11_NO_MITSHM', '1'), ('PATH', '/opt/ros/humble/bin:/usr/local/sbin:/usr/local/bin:/usr/sbin:/usr/bin:/sbin:/bin'), ('DISPLAY', ':0'), ('LANG', 'C.UTF-8'), ('AMENT_PREFIX_PATH', '/root/ros_ws/install/task4:/root/ros_ws/install/py_srvcli:/root/ros_ws/install/task3:/root/ros_ws/install/task2:/root/ros_ws/install/sensorPkg:/root/ros_ws/install/my_robot_controller:/root/ros_ws/install/custom_msgs:/opt/ros/humble'), ('PWD', '/root/ros_ws/build/custom_msgs'), ('LC_ALL', 'C.UTF-8'), ('PYTHONPATH', '/root/ros_ws/build/task4:/root/ros_ws/install/task4/lib/python3.10/site-packages:/root/ros_ws/build/py_srvcli:/root/ros_ws/install/py_srvcli/lib/python3.10/site-packages:/root/ros_ws/build/task3:/root/ros_ws/install/task3/lib/python3.10/site-packages:/root/ros_ws/build/task2:/root/ros_ws/install/task2/lib/python3.10/site-packages:/root/ros_ws/build/sensorPkg:/root/ros_ws/install/sensorPkg/lib/python3.10/site-packages:/root/ros_ws/build/my_robot_controller:/root/ros_ws/install/my_robot_controller/lib/python3.10/site-packages:/root/ros_ws/install/custom_msgs/local/lib/python3.10/dist-packages:/opt/ros/humble/lib/python3.10/site-packages:/opt/ros/humble/local/lib/python3.10/dist-packages'), ('COLCON', '1'), ('CMAKE_PREFIX_PATH', '/root/ros_ws/install/custom_msgs:/root/ros_ws/install/task4:/root/ros_ws/install/py_srvcli:/root/ros_ws/install/task3:/root/ros_ws/install/task2:/root/ros_ws/install/sensorPkg:/root/ros_ws/install/my_robot_controller:/opt/ros/humble')]), 'shell': False}
[0.099801] (-) TimerEvent: {}
[0.200057] (-) TimerEvent: {}
[0.223165] (custom_msgs) StdoutLine: {'line': b'[  1%] Built target custom_msgs__rs\n'}
[0.223601] (custom_msgs) StdoutLine: {'line': b'[  3%] Built target custom_msgs__cpp\n'}
[0.223713] (custom_msgs) StdoutLine: {'line': b'[ 14%] Built target custom_msgs__rosidl_generator_c\n'}
[0.223839] (custom_msgs) StdoutLine: {'line': b'[ 14%] Built target ament_cmake_python_symlink_custom_msgs\n'}
[0.223895] (custom_msgs) StdoutLine: {'line': b'[ 26%] Built target custom_msgs__rosidl_typesupport_introspection_c\n'}
[0.223946] (custom_msgs) StdoutLine: {'line': b'[ 39%] Built target custom_msgs__rosidl_typesupport_cpp\n'}
[0.223997] (custom_msgs) StdoutLine: {'line': b'[ 46%] Built target custom_msgs__rosidl_typesupport_introspection_cpp\n'}
[0.224091] (custom_msgs) StdoutLine: {'line': b'[ 57%] Built target custom_msgs__rosidl_typesupport_fastrtps_cpp\n'}
[0.224176] (custom_msgs) StdoutLine: {'line': b'[ 67%] Built target custom_msgs__rosidl_typesupport_c\n'}
[0.224240] (custom_msgs) StdoutLine: {'line': b'[ 78%] Built target custom_msgs__rosidl_typesupport_fastrtps_c\n'}
[0.224309] (custom_msgs) StdoutLine: {'line': b'[ 78%] Built target custom_msgs\n'}
[0.224361] (custom_msgs) StdoutLine: {'line': b'[ 80%] Built target custom_msgs__py\n'}
[0.224410] (custom_msgs) StdoutLine: {'line': b'[ 89%] Built target custom_msgs__rosidl_generator_py\n'}
[0.224747] (custom_msgs) StdoutLine: {'line': b'[100%] Built target custom_msgs__rosidl_typesupport_fastrtps_c__pyext\n'}
[0.224816] (custom_msgs) StdoutLine: {'line': b'[100%] Built target custom_msgs__rosidl_typesupport_c__pyext\n'}
[0.224862] (custom_msgs) StdoutLine: {'line': b'[100%] Built target custom_msgs__rosidl_typesupport_introspection_c__pyext\n'}
[0.224900] (custom_msgs) StdoutLine: {'line': b'running egg_info\n'}
[0.224936] (custom_msgs) StdoutLine: {'line': b'writing custom_msgs.egg-info/PKG-INFO\n'}
[0.224971] (custom_msgs) StdoutLine: {'line': b'writing dependency_links to custom_msgs.egg-info/dependency_links.txt\n'}
[0.225005] (custom_msgs) StdoutLine: {'line': b'writing top-level names to custom_msgs.egg-info/top_level.txt\n'}
[0.226264] (custom_msgs) StdoutLine: {'line': b"reading manifest file 'custom_msgs.egg-info/SOURCES.txt'\n"}
[0.226727] (custom_msgs) StdoutLine: {'line': b"writing manifest file 'custom_msgs.egg-info/SOURCES.txt'\n"}
[0.243371] (custom_msgs) StdoutLine: {'line': b'[100%] Built target ament_cmake_python_build_custom_msgs_egg\n'}
[0.300145] (-) TimerEvent: {}
[0.400406] (-) TimerEvent: {}
[0.413723] (custom_msgs) CommandEnded: {'returncode': 0}
[0.414249] (custom_msgs) JobProgress: {'identifier': 'custom_msgs', 'progress': 'install'}
[0.418209] (custom_msgs) Command: {'cmd': ['/usr/bin/cmake', '--install', '/root/ros_ws/build/custom_msgs'], 'cwd': '/root/ros_ws/build/custom_msgs', 'env': OrderedDict([('HOSTNAME', '686253f7c9d4'), ('SHLVL', '1'), ('LD_LIBRARY_PATH', '/root/ros_ws/install/custom_msgs/lib:/opt/ros/humble/opt/rviz_ogre_vendor/lib:/opt/ros/humble/lib/x86_64-linux-gnu:/opt/ros/humble/lib'), ('HOME', '/root'), ('ROS_PYTHON_VERSION', '3'), ('COLCON_PREFIX_PATH', '/root/ros_ws/install'), ('ROS_DISTRO', 'humble'), ('_', '/usr/bin/colcon'), ('ROS_VERSION', '2'), ('TERM', 'xterm-256color'), ('ROS_LOCALHOST_ONLY', '0'), ('QT_X11_NO_MITSHM', '1'), ('PATH', '/opt/ros/humble/bin:/usr/local/sbin:/usr/local/bin:/usr/sbin:/usr/bin:/sbin:/bin'), ('DISPLAY', ':0'), ('LANG', 'C.UTF-8'), ('AMENT_PREFIX_PATH', '/root/ros_ws/install/task4:/root/ros_ws/install/py_srvcli:/root/ros_ws/install/task3:/root/ros_ws/install/task2:/root/ros_ws/install/sensorPkg:/root/ros_ws/install/my_robot_controller:/root/ros_ws/install/custom_msgs:/opt/ros/humble'), ('PWD', '/root/ros_ws/build/custom_msgs'), ('LC_ALL', 'C.UTF-8'), ('PYTHONPATH', '/root/ros_ws/build/task4:/root/ros_ws/install/task4/lib/python3.10/site-packages:/root/ros_ws/build/py_srvcli:/root/ros_ws/install/py_srvcli/lib/python3.10/site-packages:/root/ros_ws/build/task3:/root/ros_ws/install/task3/lib/python3.10/site-packages:/root/ros_ws/build/task2:/root/ros_ws/install/task2/lib/python3.10/site-packages:/root/ros_ws/build/sensorPkg:/root/ros_ws/install/sensorPkg/lib/python3.10/site-packages:/root/ros_ws/build/my_robot_controller:/root/ros_ws/install/my_robot_controller/lib/python3.10/site-packages:/root/ros_ws/install/custom_msgs/local/lib/python3.10/dist-packages:/opt/ros/humble/lib/python3.10/site-packages:/opt/ros/humble/local/lib/python3.10/dist-packages'), ('COLCON', '1'), ('CMAKE_PREFIX_PATH', '/root/ros_ws/install/custom_msgs:/root/ros_ws/install/task4:/root/ros_ws/install/py_srvcli:/root/ros_ws/install/task3:/root/ros_ws/install/task2:/root/ros_ws/install/sensorPkg:/root/ros_ws/install/my_robot_controller:/opt/ros/humble')]), 'shell': False}
[0.421420] (custom_msgs) StdoutLine: {'line': b'-- Install configuration: ""\n'}
[0.421849] (custom_msgs) StdoutLine: {'line': b'-- Execute custom install script\n'}
[0.422000] (custom_msgs) StdoutLine: {'line': b'-- Up-to-date symlink: /root/ros_ws/install/custom_msgs/share/ament_index/resource_index/rosidl_interfaces/custom_msgs\n'}
[0.422420] (custom_msgs) StdoutLine: {'line': b'-- Up-to-date symlink: /root/ros_ws/install/custom_msgs/include/custom_msgs/custom_msgs/action/count_down.h\n'}
[0.422514] (custom_msgs) StdoutLine: {'line': b'-- Up-to-date symlink: /root/ros_ws/install/custom_msgs/include/custom_msgs/custom_msgs/action/detail/count_down__functions.h\n'}
[0.422609] (custom_msgs) StdoutLine: {'line': b'-- Up-to-date symlink: /root/ros_ws/install/custom_msgs/include/custom_msgs/custom_msgs/action/detail/count_down__struct.h\n'}
[0.422719] (custom_msgs) StdoutLine: {'line': b'-- Up-to-date symlink: /root/ros_ws/install/custom_msgs/include/custom_msgs/custom_msgs/action/detail/count_down__type_support.h\n'}
[0.422819] (custom_msgs) StdoutLine: {'line': b'-- Up-to-date symlink: /root/ros_ws/install/custom_msgs/include/custom_msgs/custom_msgs/msg/detail/extended_vector3__functions.h\n'}
[0.422916] (custom_msgs) StdoutLine: {'line': b'-- Up-to-date symlink: /root/ros_ws/install/custom_msgs/include/custom_msgs/custom_msgs/msg/detail/extended_vector3__struct.h\n'}
[0.423012] (custom_msgs) StdoutLine: {'line': b'-- Up-to-date symlink: /root/ros_ws/install/custom_msgs/include/custom_msgs/custom_msgs/msg/detail/extended_vector3__type_support.h\n'}
[0.423103] (custom_msgs) StdoutLine: {'line': b'-- Up-to-date symlink: /root/ros_ws/install/custom_msgs/include/custom_msgs/custom_msgs/msg/detail/robot_status__functions.h\n'}
[0.423196] (custom_msgs) StdoutLine: {'line': b'-- Up-to-date symlink: /root/ros_ws/install/custom_msgs/include/custom_msgs/custom_msgs/msg/detail/robot_status__struct.h\n'}
[0.423288] (custom_msgs) StdoutLine: {'line': b'-- Up-to-date symlink: /root/ros_ws/install/custom_msgs/include/custom_msgs/custom_msgs/msg/detail/robot_status__type_support.h\n'}
[0.423376] (custom_msgs) StdoutLine: {'line': b'-- Up-to-date symlink: /root/ros_ws/install/custom_msgs/include/custom_msgs/custom_msgs/msg/extended_vector3.h\n'}
[0.423461] (custom_msgs) StdoutLine: {'line': b'-- Up-to-date symlink: /root/ros_ws/install/custom_msgs/include/custom_msgs/custom_msgs/msg/robot_status.h\n'}
[0.423556] (custom_msgs) StdoutLine: {'line': b'-- Up-to-date symlink: /root/ros_ws/install/custom_msgs/include/custom_msgs/custom_msgs/msg/rosidl_generator_c__visibility_control.h\n'}
[0.423638] (custom_msgs) StdoutLine: {'line': b'-- Up-to-date symlink: /root/ros_ws/install/custom_msgs/include/custom_msgs/custom_msgs/srv/add_number.h\n'}
[0.423711] (custom_msgs) StdoutLine: {'line': b'-- Up-to-date symlink: /root/ros_ws/install/custom_msgs/include/custom_msgs/custom_msgs/srv/detail/add_number__functions.h\n'}
[0.423786] (custom_msgs) StdoutLine: {'line': b'-- Up-to-date symlink: /root/ros_ws/install/custom_msgs/include/custom_msgs/custom_msgs/srv/detail/add_number__struct.h\n'}
[0.423858] (custom_msgs) StdoutLine: {'line': b'-- Up-to-date symlink: /root/ros_ws/install/custom_msgs/include/custom_msgs/custom_msgs/srv/detail/add_number__type_support.h\n'}
[0.423981] (custom_msgs) StdoutLine: {'line': b'-- Up-to-date symlink: /root/ros_ws/install/custom_msgs/share/custom_msgs/environment/library_path.sh\n'}
[0.424073] (custom_msgs) StdoutLine: {'line': b'-- Up-to-date symlink: /root/ros_ws/install/custom_msgs/share/custom_msgs/environment/library_path.dsv\n'}
[0.424528] (custom_msgs) StdoutLine: {'line': b'-- Up-to-date symlink: /root/ros_ws/install/custom_msgs/include/custom_msgs/custom_msgs/action/detail/count_down__rosidl_typesupport_fastrtps_c.h\n'}
[0.424615] (custom_msgs) StdoutLine: {'line': b'-- Up-to-date symlink: /root/ros_ws/install/custom_msgs/include/custom_msgs/custom_msgs/msg/detail/extended_vector3__rosidl_typesupport_fastrtps_c.h\n'}
[0.424690] (custom_msgs) StdoutLine: {'line': b'-- Up-to-date symlink: /root/ros_ws/install/custom_msgs/include/custom_msgs/custom_msgs/msg/detail/robot_status__rosidl_typesupport_fastrtps_c.h\n'}
[0.424760] (custom_msgs) StdoutLine: {'line': b'-- Up-to-date symlink: /root/ros_ws/install/custom_msgs/include/custom_msgs/custom_msgs/msg/rosidl_typesupport_fastrtps_c__visibility_control.h\n'}
[0.424834] (custom_msgs) StdoutLine: {'line': b'-- Up-to-date symlink: /root/ros_ws/install/custom_msgs/include/custom_msgs/custom_msgs/srv/detail/add_number__rosidl_typesupport_fastrtps_c.h\n'}
[0.425122] (custom_msgs) StdoutLine: {'line': b'-- Up-to-date symlink: /root/ros_ws/install/custom_msgs/include/custom_msgs/custom_msgs/action/detail/count_down__rosidl_typesupport_introspection_c.h\n'}
[0.425199] (custom_msgs) StdoutLine: {'line': b'-- Up-to-date symlink: /root/ros_ws/install/custom_msgs/include/custom_msgs/custom_msgs/msg/detail/extended_vector3__rosidl_typesupport_introspection_c.h\n'}
[0.425274] (custom_msgs) StdoutLine: {'line': b'-- Up-to-date symlink: /root/ros_ws/install/custom_msgs/include/custom_msgs/custom_msgs/msg/detail/robot_status__rosidl_typesupport_introspection_c.h\n'}
[0.425350] (custom_msgs) StdoutLine: {'line': b'-- Up-to-date symlink: /root/ros_ws/install/custom_msgs/include/custom_msgs/custom_msgs/msg/rosidl_typesupport_introspection_c__visibility_control.h\n'}
[0.425420] (custom_msgs) StdoutLine: {'line': b'-- Up-to-date symlink: /root/ros_ws/install/custom_msgs/include/custom_msgs/custom_msgs/srv/detail/add_number__rosidl_typesupport_introspection_c.h\n'}
[0.425813] (custom_msgs) StdoutLine: {'line': b'-- Up-to-date symlink: /root/ros_ws/install/custom_msgs/include/custom_msgs/custom_msgs/action/count_down.hpp\n'}
[0.425884] (custom_msgs) StdoutLine: {'line': b'-- Up-to-date symlink: /root/ros_ws/install/custom_msgs/include/custom_msgs/custom_msgs/action/detail/count_down__builder.hpp\n'}
[0.425962] (custom_msgs) StdoutLine: {'line': b'-- Up-to-date symlink: /root/ros_ws/install/custom_msgs/include/custom_msgs/custom_msgs/action/detail/count_down__struct.hpp\n'}
[0.426024] (custom_msgs) StdoutLine: {'line': b'-- Up-to-date symlink: /root/ros_ws/install/custom_msgs/include/custom_msgs/custom_msgs/action/detail/count_down__traits.hpp\n'}
[0.426097] (custom_msgs) StdoutLine: {'line': b'-- Up-to-date symlink: /root/ros_ws/install/custom_msgs/include/custom_msgs/custom_msgs/action/detail/count_down__type_support.hpp\n'}
[0.426171] (custom_msgs) StdoutLine: {'line': b'-- Up-to-date symlink: /root/ros_ws/install/custom_msgs/include/custom_msgs/custom_msgs/msg/detail/extended_vector3__builder.hpp\n'}
[0.426260] (custom_msgs) StdoutLine: {'line': b'-- Up-to-date symlink: /root/ros_ws/install/custom_msgs/include/custom_msgs/custom_msgs/msg/detail/extended_vector3__struct.hpp\n'}
[0.426355] (custom_msgs) StdoutLine: {'line': b'-- Up-to-date symlink: /root/ros_ws/install/custom_msgs/include/custom_msgs/custom_msgs/msg/detail/extended_vector3__traits.hpp\n'}
[0.426434] (custom_msgs) StdoutLine: {'line': b'-- Up-to-date symlink: /root/ros_ws/install/custom_msgs/include/custom_msgs/custom_msgs/msg/detail/extended_vector3__type_support.hpp\n'}
[0.426532] (custom_msgs) StdoutLine: {'line': b'-- Up-to-date symlink: /root/ros_ws/install/custom_msgs/include/custom_msgs/custom_msgs/msg/detail/robot_status__builder.hpp\n'}
[0.426651] (custom_msgs) StdoutLine: {'line': b'-- Up-to-date symlink: /root/ros_ws/install/custom_msgs/include/custom_msgs/custom_msgs/msg/detail/robot_status__struct.hpp\n'}
[0.426740] (custom_msgs) StdoutLine: {'line': b'-- Up-to-date symlink: /root/ros_ws/install/custom_msgs/include/custom_msgs/custom_msgs/msg/detail/robot_status__traits.hpp\n'}
[0.426824] (custom_msgs) StdoutLine: {'line': b'-- Up-to-date symlink: /root/ros_ws/install/custom_msgs/include/custom_msgs/custom_msgs/msg/detail/robot_status__type_support.hpp\n'}
[0.426890] (custom_msgs) StdoutLine: {'line': b'-- Up-to-date symlink: /root/ros_ws/install/custom_msgs/include/custom_msgs/custom_msgs/msg/extended_vector3.hpp\n'}
[0.426946] (custom_msgs) StdoutLine: {'line': b'-- Up-to-date symlink: /root/ros_ws/install/custom_msgs/include/custom_msgs/custom_msgs/msg/robot_status.hpp\n'}
[0.427015] (custom_msgs) StdoutLine: {'line': b'-- Up-to-date symlink: /root/ros_ws/install/custom_msgs/include/custom_msgs/custom_msgs/msg/rosidl_generator_cpp__visibility_control.hpp\n'}
[0.427079] (custom_msgs) StdoutLine: {'line': b'-- Up-to-date symlink: /root/ros_ws/install/custom_msgs/include/custom_msgs/custom_msgs/srv/add_number.hpp\n'}
[0.427145] (custom_msgs) StdoutLine: {'line': b'-- Up-to-date symlink: /root/ros_ws/install/custom_msgs/include/custom_msgs/custom_msgs/srv/detail/add_number__builder.hpp\n'}
[0.427211] (custom_msgs) StdoutLine: {'line': b'-- Up-to-date symlink: /root/ros_ws/install/custom_msgs/include/custom_msgs/custom_msgs/srv/detail/add_number__struct.hpp\n'}
[0.427276] (custom_msgs) StdoutLine: {'line': b'-- Up-to-date symlink: /root/ros_ws/install/custom_msgs/include/custom_msgs/custom_msgs/srv/detail/add_number__traits.hpp\n'}
[0.427342] (custom_msgs) StdoutLine: {'line': b'-- Up-to-date symlink: /root/ros_ws/install/custom_msgs/include/custom_msgs/custom_msgs/srv/detail/add_number__type_support.hpp\n'}
[0.427813] (custom_msgs) StdoutLine: {'line': b'-- Up-to-date symlink: /root/ros_ws/install/custom_msgs/include/custom_msgs/custom_msgs/action/detail/count_down__rosidl_typesupport_fastrtps_cpp.hpp\n'}
[0.427889] (custom_msgs) StdoutLine: {'line': b'-- Up-to-date symlink: /root/ros_ws/install/custom_msgs/include/custom_msgs/custom_msgs/msg/detail/extended_vector3__rosidl_typesupport_fastrtps_cpp.hpp\n'}
[0.427966] (custom_msgs) StdoutLine: {'line': b'-- Up-to-date symlink: /root/ros_ws/install/custom_msgs/include/custom_msgs/custom_msgs/msg/detail/robot_status__rosidl_typesupport_fastrtps_cpp.hpp\n'}
[0.428037] (custom_msgs) StdoutLine: {'line': b'-- Up-to-date symlink: /root/ros_ws/install/custom_msgs/include/custom_msgs/custom_msgs/msg/rosidl_typesupport_fastrtps_cpp__visibility_control.h\n'}
[0.428109] (custom_msgs) StdoutLine: {'line': b'-- Up-to-date symlink: /root/ros_ws/install/custom_msgs/include/custom_msgs/custom_msgs/srv/detail/add_number__rosidl_typesupport_fastrtps_cpp.hpp\n'}
[0.428377] (custom_msgs) StdoutLine: {'line': b'-- Up-to-date symlink: /root/ros_ws/install/custom_msgs/include/custom_msgs/custom_msgs/action/detail/count_down__rosidl_typesupport_introspection_cpp.hpp\n'}
[0.428451] (custom_msgs) StdoutLine: {'line': b'-- Up-to-date symlink: /root/ros_ws/install/custom_msgs/include/custom_msgs/custom_msgs/msg/detail/extended_vector3__rosidl_typesupport_introspection_cpp.hpp\n'}
[0.428537] (custom_msgs) StdoutLine: {'line': b'-- Up-to-date symlink: /root/ros_ws/install/custom_msgs/include/custom_msgs/custom_msgs/msg/detail/robot_status__rosidl_typesupport_introspection_cpp.hpp\n'}
[0.428612] (custom_msgs) StdoutLine: {'line': b'-- Up-to-date symlink: /root/ros_ws/install/custom_msgs/include/custom_msgs/custom_msgs/srv/detail/add_number__rosidl_typesupport_introspection_cpp.hpp\n'}
[0.428706] (custom_msgs) StdoutLine: {'line': b'-- Up-to-date symlink: /root/ros_ws/install/custom_msgs/share/custom_msgs/environment/pythonpath.sh\n'}
[0.428793] (custom_msgs) StdoutLine: {'line': b'-- Up-to-date symlink: /root/ros_ws/install/custom_msgs/share/custom_msgs/environment/pythonpath.dsv\n'}
[0.428973] (custom_msgs) StdoutLine: {'line': b'-- Up-to-date symlink: /root/ros_ws/install/custom_msgs/local/lib/python3.10/dist-packages/custom_msgs-0.0.0-py3.10.egg-info/PKG-INFO\n'}
[0.429049] (custom_msgs) StdoutLine: {'line': b'-- Up-to-date symlink: /root/ros_ws/install/custom_msgs/local/lib/python3.10/dist-packages/custom_msgs-0.0.0-py3.10.egg-info/SOURCES.txt\n'}
[0.429119] (custom_msgs) StdoutLine: {'line': b'-- Up-to-date symlink: /root/ros_ws/install/custom_msgs/local/lib/python3.10/dist-packages/custom_msgs-0.0.0-py3.10.egg-info/dependency_links.txt\n'}
[0.429189] (custom_msgs) StdoutLine: {'line': b'-- Up-to-date symlink: /root/ros_ws/install/custom_msgs/local/lib/python3.10/dist-packages/custom_msgs-0.0.0-py3.10.egg-info/top_level.txt\n'}
[0.429750] (custom_msgs) StdoutLine: {'line': b'-- Up-to-date symlink: /root/ros_ws/install/custom_msgs/local/lib/python3.10/dist-packages/custom_msgs/__init__.py\n'}
[0.429827] (custom_msgs) StdoutLine: {'line': b'-- Up-to-date symlink: /root/ros_ws/install/custom_msgs/local/lib/python3.10/dist-packages/custom_msgs/_custom_msgs_s.ep.rosidl_typesupport_c.c\n'}
[0.429895] (custom_msgs) StdoutLine: {'line': b'-- Up-to-date symlink: /root/ros_ws/install/custom_msgs/local/lib/python3.10/dist-packages/custom_msgs/_custom_msgs_s.ep.rosidl_typesupport_fastrtps_c.c\n'}
[0.429963] (custom_msgs) StdoutLine: {'line': b'-- Up-to-date symlink: /root/ros_ws/install/custom_msgs/local/lib/python3.10/dist-packages/custom_msgs/_custom_msgs_s.ep.rosidl_typesupport_introspection_c.c\n'}
[0.430030] (custom_msgs) StdoutLine: {'line': b'-- Up-to-date symlink: /root/ros_ws/install/custom_msgs/local/lib/python3.10/dist-packages/custom_msgs/action/__init__.py\n'}
[0.430102] (custom_msgs) StdoutLine: {'line': b'-- Up-to-date symlink: /root/ros_ws/install/custom_msgs/local/lib/python3.10/dist-packages/custom_msgs/action/_count_down.py\n'}
[0.430173] (custom_msgs) StdoutLine: {'line': b'-- Up-to-date symlink: /root/ros_ws/install/custom_msgs/local/lib/python3.10/dist-packages/custom_msgs/action/_count_down_s.c\n'}
[0.430242] (custom_msgs) StdoutLine: {'line': b'-- Up-to-date symlink: /root/ros_ws/install/custom_msgs/local/lib/python3.10/dist-packages/custom_msgs/custom_msgs_s__rosidl_typesupport_c.cpython-310-x86_64-linux-gnu.so\n'}
[0.430311] (custom_msgs) StdoutLine: {'line': b'-- Up-to-date symlink: /root/ros_ws/install/custom_msgs/local/lib/python3.10/dist-packages/custom_msgs/custom_msgs_s__rosidl_typesupport_fastrtps_c.cpython-310-x86_64-linux-gnu.so\n'}
[0.430384] (custom_msgs) StdoutLine: {'line': b'-- Up-to-date symlink: /root/ros_ws/install/custom_msgs/local/lib/python3.10/dist-packages/custom_msgs/custom_msgs_s__rosidl_typesupport_introspection_c.cpython-310-x86_64-linux-gnu.so\n'}
[0.430457] (custom_msgs) StdoutLine: {'line': b'-- Up-to-date symlink: /root/ros_ws/install/custom_msgs/local/lib/python3.10/dist-packages/custom_msgs/libcustom_msgs__rosidl_generator_py.so\n'}
[0.430543] (custom_msgs) StdoutLine: {'line': b'-- Up-to-date symlink: /root/ros_ws/install/custom_msgs/local/lib/python3.10/dist-packages/custom_msgs/msg/__init__.py\n'}
[0.430615] (custom_msgs) StdoutLine: {'line': b'-- Up-to-date symlink: /root/ros_ws/install/custom_msgs/local/lib/python3.10/dist-packages/custom_msgs/msg/_extended_vector3.py\n'}
[0.430688] (custom_msgs) StdoutLine: {'line': b'-- Up-to-date symlink: /root/ros_ws/install/custom_msgs/local/lib/python3.10/dist-packages/custom_msgs/msg/_extended_vector3_s.c\n'}
[0.430760] (custom_msgs) StdoutLine: {'line': b'-- Up-to-date symlink: /root/ros_ws/install/custom_msgs/local/lib/python3.10/dist-packages/custom_msgs/msg/_robot_status.py\n'}
[0.430832] (custom_msgs) StdoutLine: {'line': b'-- Up-to-date symlink: /root/ros_ws/install/custom_msgs/local/lib/python3.10/dist-packages/custom_msgs/msg/_robot_status_s.c\n'}
[0.430904] (custom_msgs) StdoutLine: {'line': b'-- Up-to-date symlink: /root/ros_ws/install/custom_msgs/local/lib/python3.10/dist-packages/custom_msgs/srv/__init__.py\n'}
[0.430976] (custom_msgs) StdoutLine: {'line': b'-- Up-to-date symlink: /root/ros_ws/install/custom_msgs/local/lib/python3.10/dist-packages/custom_msgs/srv/_add_number.py\n'}
[0.431047] (custom_msgs) StdoutLine: {'line': b'-- Up-to-date symlink: /root/ros_ws/install/custom_msgs/local/lib/python3.10/dist-packages/custom_msgs/srv/_add_number_s.c\n'}
[0.431199] (custom_msgs) StdoutLine: {'line': b'-- Up-to-date symlink: /root/ros_ws/install/custom_msgs/local/lib/python3.10/dist-packages/custom_msgs/custom_msgs_s__rosidl_typesupport_fastrtps_c.cpython-310-x86_64-linux-gnu.so\n'}
[0.431340] (custom_msgs) StdoutLine: {'line': b'-- Up-to-date symlink: /root/ros_ws/install/custom_msgs/local/lib/python3.10/dist-packages/custom_msgs/custom_msgs_s__rosidl_typesupport_introspection_c.cpython-310-x86_64-linux-gnu.so\n'}
[0.431476] (custom_msgs) StdoutLine: {'line': b'-- Up-to-date symlink: /root/ros_ws/install/custom_msgs/local/lib/python3.10/dist-packages/custom_msgs/custom_msgs_s__rosidl_typesupport_c.cpython-310-x86_64-linux-gnu.so\n'}
[0.431599] (custom_msgs) StdoutLine: {'line': b'-- Up-to-date symlink: /root/ros_ws/install/custom_msgs/share/ament_index/resource_index/rust_packages/custom_msgs\n'}
[0.431863] (custom_msgs) StdoutLine: {'line': b'-- Up-to-date symlink: /root/ros_ws/install/custom_msgs/share/custom_msgs/rust/Cargo.toml\n'}
[0.431932] (custom_msgs) StdoutLine: {'line': b'-- Up-to-date symlink: /root/ros_ws/install/custom_msgs/share/custom_msgs/rust/build.rs\n'}
[0.432004] (custom_msgs) StdoutLine: {'line': b'-- Up-to-date symlink: /root/ros_ws/install/custom_msgs/share/custom_msgs/rust/src/action.rs\n'}
[0.432082] (custom_msgs) StdoutLine: {'line': b'-- Up-to-date symlink: /root/ros_ws/install/custom_msgs/share/custom_msgs/rust/src/action/rmw.rs\n'}
[0.432154] (custom_msgs) StdoutLine: {'line': b'-- Up-to-date symlink: /root/ros_ws/install/custom_msgs/share/custom_msgs/rust/src/lib.rs\n'}
[0.432225] (custom_msgs) StdoutLine: {'line': b'-- Up-to-date symlink: /root/ros_ws/install/custom_msgs/share/custom_msgs/rust/src/msg.rs\n'}
[0.432299] (custom_msgs) StdoutLine: {'line': b'-- Up-to-date symlink: /root/ros_ws/install/custom_msgs/share/custom_msgs/rust/src/msg/rmw.rs\n'}
[0.432369] (custom_msgs) StdoutLine: {'line': b'-- Up-to-date symlink: /root/ros_ws/install/custom_msgs/share/custom_msgs/rust/src/srv.rs\n'}
[0.432443] (custom_msgs) StdoutLine: {'line': b'-- Up-to-date symlink: /root/ros_ws/install/custom_msgs/share/custom_msgs/rust/src/srv/rmw.rs\n'}
[0.432553] (custom_msgs) StdoutLine: {'line': b'-- Up-to-date symlink: /root/ros_ws/install/custom_msgs/share/custom_msgs/msg/ExtendedVector3.idl\n'}
[0.432647] (custom_msgs) StdoutLine: {'line': b'-- Up-to-date symlink: /root/ros_ws/install/custom_msgs/share/custom_msgs/msg/RobotStatus.idl\n'}
[0.432738] (custom_msgs) StdoutLine: {'line': b'-- Up-to-date symlink: /root/ros_ws/install/custom_msgs/share/custom_msgs/srv/AddNumber.idl\n'}
[0.432830] (custom_msgs) StdoutLine: {'line': b'-- Up-to-date symlink: /root/ros_ws/install/custom_msgs/share/custom_msgs/action/CountDown.idl\n'}
[0.432918] (custom_msgs) StdoutLine: {'line': b'-- Up-to-date symlink: /root/ros_ws/install/custom_msgs/share/custom_msgs/msg/ExtendedVector3.msg\n'}
[0.433002] (custom_msgs) StdoutLine: {'line': b'-- Up-to-date symlink: /root/ros_ws/install/custom_msgs/share/custom_msgs/msg/RobotStatus.msg\n'}
[0.433086] (custom_msgs) StdoutLine: {'line': b'-- Up-to-date symlink: /root/ros_ws/install/custom_msgs/share/custom_msgs/srv/AddNumber.srv\n'}
[0.433175] (custom_msgs) StdoutLine: {'line': b'-- Up-to-date symlink: /root/ros_ws/install/custom_msgs/share/custom_msgs/srv/AddNumber_Request.msg\n'}
[0.433262] (custom_msgs) StdoutLine: {'line': b'-- Up-to-date symlink: /root/ros_ws/install/custom_msgs/share/custom_msgs/srv/AddNumber_Response.msg\n'}
[0.433346] (custom_msgs) StdoutLine: {'line': b'-- Up-to-date symlink: /root/ros_ws/install/custom_msgs/share/custom_msgs/action/CountDown.action\n'}
[0.433447] (custom_msgs) StdoutLine: {'line': b'-- Up-to-date symlink: /root/ros_ws/install/custom_msgs/share/ament_index/resource_index/package_run_dependencies/custom_msgs\n'}
[0.433554] (custom_msgs) StdoutLine: {'line': b'-- Up-to-date symlink: /root/ros_ws/install/custom_msgs/share/ament_index/resource_index/parent_prefix_path/custom_msgs\n'}
[0.433659] (custom_msgs) StdoutLine: {'line': b'-- Up-to-date symlink: /root/ros_ws/install/custom_msgs/share/custom_msgs/environment/ament_prefix_path.sh\n'}
[0.433746] (custom_msgs) StdoutLine: {'line': b'-- Up-to-date symlink: /root/ros_ws/install/custom_msgs/share/custom_msgs/environment/ament_prefix_path.dsv\n'}
[0.433845] (custom_msgs) StdoutLine: {'line': b'-- Up-to-date symlink: /root/ros_ws/install/custom_msgs/share/custom_msgs/environment/path.sh\n'}
[0.433932] (custom_msgs) StdoutLine: {'line': b'-- Up-to-date symlink: /root/ros_ws/install/custom_msgs/share/custom_msgs/environment/path.dsv\n'}
[0.434015] (custom_msgs) StdoutLine: {'line': b'-- Up-to-date symlink: /root/ros_ws/install/custom_msgs/share/custom_msgs/local_setup.bash\n'}
[0.434099] (custom_msgs) StdoutLine: {'line': b'-- Up-to-date symlink: /root/ros_ws/install/custom_msgs/share/custom_msgs/local_setup.sh\n'}
[0.434182] (custom_msgs) StdoutLine: {'line': b'-- Up-to-date symlink: /root/ros_ws/install/custom_msgs/share/custom_msgs/local_setup.zsh\n'}
[0.434265] (custom_msgs) StdoutLine: {'line': b'-- Up-to-date symlink: /root/ros_ws/install/custom_msgs/share/custom_msgs/local_setup.dsv\n'}
[0.434323] (custom_msgs) StdoutLine: {'line': b'-- Symlinking: /root/ros_ws/install/custom_msgs/share/custom_msgs/package.dsv\n'}
[0.438159] (custom_msgs) StdoutLine: {'line': b'-- Up-to-date symlink: /root/ros_ws/install/custom_msgs/share/ament_index/resource_index/packages/custom_msgs\n'}
[0.438271] (custom_msgs) StdoutLine: {'line': b'-- Up-to-date symlink: /root/ros_ws/install/custom_msgs/share/custom_msgs/cmake/rosidl_cmake-extras.cmake\n'}
[0.438387] (custom_msgs) StdoutLine: {'line': b'-- Up-to-date symlink: /root/ros_ws/install/custom_msgs/share/custom_msgs/cmake/ament_cmake_export_dependencies-extras.cmake\n'}
[0.438517] (custom_msgs) StdoutLine: {'line': b'-- Up-to-date symlink: /root/ros_ws/install/custom_msgs/share/custom_msgs/cmake/ament_cmake_export_include_directories-extras.cmake\n'}
[0.438657] (custom_msgs) StdoutLine: {'line': b'-- Up-to-date symlink: /root/ros_ws/install/custom_msgs/share/custom_msgs/cmake/ament_cmake_export_libraries-extras.cmake\n'}
[0.438745] (custom_msgs) StdoutLine: {'line': b'-- Up-to-date symlink: /root/ros_ws/install/custom_msgs/share/custom_msgs/cmake/ament_cmake_export_targets-extras.cmake\n'}
[0.438830] (custom_msgs) StdoutLine: {'line': b'-- Up-to-date symlink: /root/ros_ws/install/custom_msgs/share/custom_msgs/cmake/rosidl_cmake_export_typesupport_targets-extras.cmake\n'}
[0.438914] (custom_msgs) StdoutLine: {'line': b'-- Up-to-date symlink: /root/ros_ws/install/custom_msgs/share/custom_msgs/cmake/rosidl_cmake_export_typesupport_libraries-extras.cmake\n'}
[0.439011] (custom_msgs) StdoutLine: {'line': b'-- Up-to-date symlink: /root/ros_ws/install/custom_msgs/share/custom_msgs/cmake/custom_msgsConfig.cmake\n'}
[0.439091] (custom_msgs) StdoutLine: {'line': b'-- Up-to-date symlink: /root/ros_ws/install/custom_msgs/share/custom_msgs/cmake/custom_msgsConfig-version.cmake\n'}
[0.439162] (custom_msgs) StdoutLine: {'line': b'-- Up-to-date symlink: /root/ros_ws/install/custom_msgs/share/custom_msgs/package.xml\n'}
[0.439317] (custom_msgs) StdoutLine: {'line': b'-- Up-to-date: /root/ros_ws/install/custom_msgs/lib/libcustom_msgs__rosidl_generator_c.so\n'}
[0.439531] (custom_msgs) StdoutLine: {'line': b'-- Up-to-date: /root/ros_ws/install/custom_msgs/lib/libcustom_msgs__rosidl_typesupport_fastrtps_c.so\n'}
[0.439729] (custom_msgs) StdoutLine: {'line': b'-- Up-to-date: /root/ros_ws/install/custom_msgs/lib/libcustom_msgs__rosidl_typesupport_introspection_c.so\n'}
[0.439921] (custom_msgs) StdoutLine: {'line': b'-- Up-to-date: /root/ros_ws/install/custom_msgs/lib/libcustom_msgs__rosidl_typesupport_c.so\n'}
[0.440107] (custom_msgs) StdoutLine: {'line': b'-- Up-to-date: /root/ros_ws/install/custom_msgs/lib/libcustom_msgs__rosidl_typesupport_fastrtps_cpp.so\n'}
[0.440305] (custom_msgs) StdoutLine: {'line': b'-- Up-to-date: /root/ros_ws/install/custom_msgs/lib/libcustom_msgs__rosidl_typesupport_introspection_cpp.so\n'}
[0.440494] (custom_msgs) StdoutLine: {'line': b'-- Up-to-date: /root/ros_ws/install/custom_msgs/lib/libcustom_msgs__rosidl_typesupport_cpp.so\n'}
[0.468487] (custom_msgs) StdoutLine: {'line': b"Listing '/root/ros_ws/install/custom_msgs/local/lib/python3.10/dist-packages/custom_msgs'...\n"}
[0.468697] (custom_msgs) StdoutLine: {'line': b"Listing '/root/ros_ws/install/custom_msgs/local/lib/python3.10/dist-packages/custom_msgs/action'...\n"}
[0.468777] (custom_msgs) StdoutLine: {'line': b"Listing '/root/ros_ws/install/custom_msgs/local/lib/python3.10/dist-packages/custom_msgs/msg'...\n"}
[0.468849] (custom_msgs) StdoutLine: {'line': b"Listing '/root/ros_ws/install/custom_msgs/local/lib/python3.10/dist-packages/custom_msgs/srv'...\n"}
[0.471864] (custom_msgs) StdoutLine: {'line': b'-- Up-to-date: /root/ros_ws/install/custom_msgs/lib/libcustom_msgs__rosidl_generator_py.so\n'}
[0.472061] (custom_msgs) StdoutLine: {'line': b'-- Up-to-date: /root/ros_ws/install/custom_msgs/share/custom_msgs/cmake/export_custom_msgs__rosidl_generator_cExport.cmake\n'}
[0.472167] (custom_msgs) StdoutLine: {'line': b'-- Up-to-date: /root/ros_ws/install/custom_msgs/share/custom_msgs/cmake/export_custom_msgs__rosidl_generator_cExport-noconfig.cmake\n'}
[0.472266] (custom_msgs) StdoutLine: {'line': b'-- Up-to-date: /root/ros_ws/install/custom_msgs/share/custom_msgs/cmake/export_custom_msgs__rosidl_typesupport_fastrtps_cExport.cmake\n'}
[0.472356] (custom_msgs) StdoutLine: {'line': b'-- Up-to-date: /root/ros_ws/install/custom_msgs/share/custom_msgs/cmake/export_custom_msgs__rosidl_typesupport_fastrtps_cExport-noconfig.cmake\n'}
[0.472427] (custom_msgs) StdoutLine: {'line': b'-- Up-to-date: /root/ros_ws/install/custom_msgs/share/custom_msgs/cmake/custom_msgs__rosidl_typesupport_introspection_cExport.cmake\n'}
[0.472497] (custom_msgs) StdoutLine: {'line': b'-- Up-to-date: /root/ros_ws/install/custom_msgs/share/custom_msgs/cmake/custom_msgs__rosidl_typesupport_introspection_cExport-noconfig.cmake\n'}
[0.472620] (custom_msgs) StdoutLine: {'line': b'-- Up-to-date: /root/ros_ws/install/custom_msgs/share/custom_msgs/cmake/custom_msgs__rosidl_typesupport_cExport.cmake\n'}
[0.472710] (custom_msgs) StdoutLine: {'line': b'-- Up-to-date: /root/ros_ws/install/custom_msgs/share/custom_msgs/cmake/custom_msgs__rosidl_typesupport_cExport-noconfig.cmake\n'}
[0.472782] (custom_msgs) StdoutLine: {'line': b'-- Up-to-date: /root/ros_ws/install/custom_msgs/share/custom_msgs/cmake/export_custom_msgs__rosidl_generator_cppExport.cmake\n'}
[0.472848] (custom_msgs) StdoutLine: {'line': b'-- Up-to-date: /root/ros_ws/install/custom_msgs/share/custom_msgs/cmake/export_custom_msgs__rosidl_typesupport_fastrtps_cppExport.cmake\n'}
[0.472911] (custom_msgs) StdoutLine: {'line': b'-- Up-to-date: /root/ros_ws/install/custom_msgs/share/custom_msgs/cmake/export_custom_msgs__rosidl_typesupport_fastrtps_cppExport-noconfig.cmake\n'}
[0.473013] (custom_msgs) StdoutLine: {'line': b'-- Up-to-date: /root/ros_ws/install/custom_msgs/share/custom_msgs/cmake/custom_msgs__rosidl_typesupport_introspection_cppExport.cmake\n'}
[0.473081] (custom_msgs) StdoutLine: {'line': b'-- Up-to-date: /root/ros_ws/install/custom_msgs/share/custom_msgs/cmake/custom_msgs__rosidl_typesupport_introspection_cppExport-noconfig.cmake\n'}
[0.473145] (custom_msgs) StdoutLine: {'line': b'-- Up-to-date: /root/ros_ws/install/custom_msgs/share/custom_msgs/cmake/custom_msgs__rosidl_typesupport_cppExport.cmake\n'}
[0.473208] (custom_msgs) StdoutLine: {'line': b'-- Up-to-date: /root/ros_ws/install/custom_msgs/share/custom_msgs/cmake/custom_msgs__rosidl_typesupport_cppExport-noconfig.cmake\n'}
[0.473286] (custom_msgs) StdoutLine: {'line': b'-- Up-to-date: /root/ros_ws/install/custom_msgs/share/custom_msgs/cmake/export_custom_msgs__rosidl_generator_pyExport.cmake\n'}
[0.473349] (custom_msgs) StdoutLine: {'line': b'-- Up-to-date: /root/ros_ws/install/custom_msgs/share/custom_msgs/cmake/export_custom_msgs__rosidl_generator_pyExport-noconfig.cmake\n'}
[0.474493] (custom_msgs) CommandEnded: {'returncode': 0}
[0.491683] (custom_msgs) JobEnded: {'identifier': 'custom_msgs', 'rc': 0}
[0.492394] (sensorPkg) JobStarted: {'identifier': 'sensorPkg'}
[0.495925] (task2) JobStarted: {'identifier': 'task2'}
[0.500221] (task3) JobStarted: {'identifier': 'task3'}
[0.500557] (-) TimerEvent: {}
[0.504708] (task4) JobStarted: {'identifier': 'task4'}
[0.600670] (-) TimerEvent: {}
[0.700971] (-) TimerEvent: {}
[0.801195] (-) TimerEvent: {}
[0.901437] (-) TimerEvent: {}
[1.001704] (-) TimerEvent: {}
[1.101963] (-) TimerEvent: {}
[1.202236] (-) TimerEvent: {}
[1.250752] (my_robot_controller) Command: {'cmd': ['/usr/bin/python3', '-W', 'ignore:setup.py install is deprecated', '-W', 'ignore:easy_install command is deprecated', 'setup.py', 'develop', '--editable', '--build-directory', '/root/ros_ws/build/my_robot_controller/build', '--no-deps', 'symlink_data'], 'cwd': '/root/ros_ws/build/my_robot_controller', 'env': {'HOSTNAME': '686253f7c9d4', 'SHLVL': '1', 'LD_LIBRARY_PATH': '/root/ros_ws/install/custom_msgs/lib:/opt/ros/humble/opt/rviz_ogre_vendor/lib:/opt/ros/humble/lib/x86_64-linux-gnu:/opt/ros/humble/lib', 'HOME': '/root', 'ROS_PYTHON_VERSION': '3', 'COLCON_PREFIX_PATH': '/root/ros_ws/install', 'ROS_DISTRO': 'humble', '_': '/usr/bin/colcon', 'ROS_VERSION': '2', 'TERM': 'xterm-256color', 'ROS_LOCALHOST_ONLY': '0', 'QT_X11_NO_MITSHM': '1', 'PATH': '/opt/ros/humble/bin:/usr/local/sbin:/usr/local/bin:/usr/sbin:/usr/bin:/sbin:/bin', 'DISPLAY': ':0', 'LANG': 'C.UTF-8', 'AMENT_PREFIX_PATH': '/root/ros_ws/install/task4:/root/ros_ws/install/py_srvcli:/root/ros_ws/install/task3:/root/ros_ws/install/task2:/root/ros_ws/install/sensorPkg:/root/ros_ws/install/my_robot_controller:/root/ros_ws/install/custom_msgs:/opt/ros/humble', 'PWD': '/root/ros_ws/build/my_robot_controller', 'LC_ALL': 'C.UTF-8', 'PYTHONPATH': '/root/ros_ws/build/my_robot_controller/prefix_override:/usr/lib/python3/dist-packages/colcon_core/task/python/colcon_distutils_commands:/root/ros_ws/install/my_robot_controller/lib/python3.10/site-packages:/root/ros_ws/build/task4:/root/ros_ws/install/task4/lib/python3.10/site-packages:/root/ros_ws/build/py_srvcli:/root/ros_ws/install/py_srvcli/lib/python3.10/site-packages:/root/ros_ws/build/task3:/root/ros_ws/install/task3/lib/python3.10/site-packages:/root/ros_ws/build/task2:/root/ros_ws/install/task2/lib/python3.10/site-packages:/root/ros_ws/build/sensorPkg:/root/ros_ws/install/sensorPkg/lib/python3.10/site-packages:/root/ros_ws/build/my_robot_controller:/root/ros_ws/install/my_robot_controller/lib/python3.10/site-packages:/root/ros_ws/install/custom_msgs/local/lib/python3.10/dist-packages:/opt/ros/humble/lib/python3.10/site-packages:/opt/ros/humble/local/lib/python3.10/dist-packages', 'COLCON': '1', 'CMAKE_PREFIX_PATH': '/root/ros_ws/install/custom_msgs'}, 'shell': False}
[1.252464] (py_srvcli) Command: {'cmd': ['/usr/bin/python3', '-W', 'ignore:setup.py install is deprecated', '-W', 'ignore:easy_install command is deprecated', 'setup.py', 'develop', '--editable', '--build-directory', '/root/ros_ws/build/py_srvcli/build', '--no-deps', 'symlink_data'], 'cwd': '/root/ros_ws/build/py_srvcli', 'env': {'HOSTNAME': '686253f7c9d4', 'SHLVL': '1', 'LD_LIBRARY_PATH': '/root/ros_ws/install/custom_msgs/lib:/opt/ros/humble/opt/rviz_ogre_vendor/lib:/opt/ros/humble/lib/x86_64-linux-gnu:/opt/ros/humble/lib', 'HOME': '/root', 'ROS_PYTHON_VERSION': '3', 'COLCON_PREFIX_PATH': '/root/ros_ws/install', 'ROS_DISTRO': 'humble', '_': '/usr/bin/colcon', 'ROS_VERSION': '2', 'TERM': 'xterm-256color', 'ROS_LOCALHOST_ONLY': '0', 'QT_X11_NO_MITSHM': '1', 'PATH': '/opt/ros/humble/bin:/usr/local/sbin:/usr/local/bin:/usr/sbin:/usr/bin:/sbin:/bin', 'DISPLAY': ':0', 'LANG': 'C.UTF-8', 'AMENT_PREFIX_PATH': '/root/ros_ws/install/task4:/root/ros_ws/install/py_srvcli:/root/ros_ws/install/task3:/root/ros_ws/install/task2:/root/ros_ws/install/sensorPkg:/root/ros_ws/install/my_robot_controller:/root/ros_ws/install/custom_msgs:/opt/ros/humble', 'PWD': '/root/ros_ws/build/py_srvcli', 'LC_ALL': 'C.UTF-8', 'PYTHONPATH': '/root/ros_ws/build/py_srvcli/prefix_override:/usr/lib/python3/dist-packages/colcon_core/task/python/colcon_distutils_commands:/root/ros_ws/install/py_srvcli/lib/python3.10/site-packages:/root/ros_ws/build/task4:/root/ros_ws/install/task4/lib/python3.10/site-packages:/root/ros_ws/build/py_srvcli:/root/ros_ws/install/py_srvcli/lib/python3.10/site-packages:/root/ros_ws/build/task3:/root/ros_ws/install/task3/lib/python3.10/site-packages:/root/ros_ws/build/task2:/root/ros_ws/install/task2/lib/python3.10/site-packages:/root/ros_ws/build/sensorPkg:/root/ros_ws/install/sensorPkg/lib/python3.10/site-packages:/root/ros_ws/build/my_robot_controller:/root/ros_ws/install/my_robot_controller/lib/python3.10/site-packages:/root/ros_ws/install/custom_msgs/local/lib/python3.10/dist-packages:/opt/ros/humble/lib/python3.10/site-packages:/opt/ros/humble/local/lib/python3.10/dist-packages', 'COLCON': '1', 'CMAKE_PREFIX_PATH': '/root/ros_ws/install/custom_msgs'}, 'shell': False}
[1.302331] (-) TimerEvent: {}
[1.402629] (-) TimerEvent: {}
[1.459528] (py_srvcli) StdoutLine: {'line': b'running develop\n'}
[1.460087] (my_robot_controller) StdoutLine: {'line': b'running develop\n'}
[1.502724] (-) TimerEvent: {}
[1.541236] (sensorPkg) Command: {'cmd': ['/usr/bin/python3', '-W', 'ignore:setup.py install is deprecated', '-W', 'ignore:easy_install command is deprecated', 'setup.py', 'develop', '--editable', '--build-directory', '/root/ros_ws/build/sensorPkg/build', '--no-deps', 'symlink_data'], 'cwd': '/root/ros_ws/build/sensorPkg', 'env': {'HOSTNAME': '686253f7c9d4', 'SHLVL': '1', 'LD_LIBRARY_PATH': '/root/ros_ws/install/custom_msgs/lib:/opt/ros/humble/opt/rviz_ogre_vendor/lib:/opt/ros/humble/lib/x86_64-linux-gnu:/opt/ros/humble/lib', 'HOME': '/root', 'ROS_PYTHON_VERSION': '3', 'COLCON_PREFIX_PATH': '/root/ros_ws/install', 'ROS_DISTRO': 'humble', '_': '/usr/bin/colcon', 'ROS_VERSION': '2', 'TERM': 'xterm-256color', 'ROS_LOCALHOST_ONLY': '0', 'QT_X11_NO_MITSHM': '1', 'PATH': '/opt/ros/humble/bin:/usr/local/sbin:/usr/local/bin:/usr/sbin:/usr/bin:/sbin:/bin', 'DISPLAY': ':0', 'LANG': 'C.UTF-8', 'AMENT_PREFIX_PATH': '/root/ros_ws/install/task4:/root/ros_ws/install/py_srvcli:/root/ros_ws/install/task3:/root/ros_ws/install/task2:/root/ros_ws/install/sensorPkg:/root/ros_ws/install/my_robot_controller:/root/ros_ws/install/custom_msgs:/opt/ros/humble', 'PWD': '/root/ros_ws/build/sensorPkg', 'LC_ALL': 'C.UTF-8', 'PYTHONPATH': '/root/ros_ws/build/sensorPkg/prefix_override:/usr/lib/python3/dist-packages/colcon_core/task/python/colcon_distutils_commands:/root/ros_ws/install/sensorPkg/lib/python3.10/site-packages:/root/ros_ws/build/task4:/root/ros_ws/install/task4/lib/python3.10/site-packages:/root/ros_ws/build/py_srvcli:/root/ros_ws/install/py_srvcli/lib/python3.10/site-packages:/root/ros_ws/build/task3:/root/ros_ws/install/task3/lib/python3.10/site-packages:/root/ros_ws/build/task2:/root/ros_ws/install/task2/lib/python3.10/site-packages:/root/ros_ws/build/sensorPkg:/root/ros_ws/install/sensorPkg/lib/python3.10/site-packages:/root/ros_ws/build/my_robot_controller:/root/ros_ws/install/my_robot_controller/lib/python3.10/site-packages:/root/ros_ws/install/custom_msgs/local/lib/python3.10/dist-packages:/opt/ros/humble/lib/python3.10/site-packages:/opt/ros/humble/local/lib/python3.10/dist-packages', 'COLCON': '1', 'CMAKE_PREFIX_PATH': '/root/ros_ws/install/custom_msgs'}, 'shell': False}
[1.543758] (task4) Command: {'cmd': ['/usr/bin/python3', '-W', 'ignore:setup.py install is deprecated', '-W', 'ignore:easy_install command is deprecated', 'setup.py', 'develop', '--editable', '--build-directory', '/root/ros_ws/build/task4/build', '--no-deps', 'symlink_data'], 'cwd': '/root/ros_ws/build/task4', 'env': {'HOSTNAME': '686253f7c9d4', 'SHLVL': '1', 'LD_LIBRARY_PATH': '/root/ros_ws/install/custom_msgs/lib:/opt/ros/humble/opt/rviz_ogre_vendor/lib:/opt/ros/humble/lib/x86_64-linux-gnu:/opt/ros/humble/lib', 'HOME': '/root', 'ROS_PYTHON_VERSION': '3', 'COLCON_PREFIX_PATH': '/root/ros_ws/install', 'ROS_DISTRO': 'humble', '_': '/usr/bin/colcon', 'ROS_VERSION': '2', 'TERM': 'xterm-256color', 'ROS_LOCALHOST_ONLY': '0', 'QT_X11_NO_MITSHM': '1', 'PATH': '/opt/ros/humble/bin:/usr/local/sbin:/usr/local/bin:/usr/sbin:/usr/bin:/sbin:/bin', 'DISPLAY': ':0', 'LANG': 'C.UTF-8', 'AMENT_PREFIX_PATH': '/root/ros_ws/install/task4:/root/ros_ws/install/py_srvcli:/root/ros_ws/install/task3:/root/ros_ws/install/task2:/root/ros_ws/install/sensorPkg:/root/ros_ws/install/my_robot_controller:/root/ros_ws/install/custom_msgs:/opt/ros/humble', 'PWD': '/root/ros_ws/build/task4', 'LC_ALL': 'C.UTF-8', 'PYTHONPATH': '/root/ros_ws/build/task4/prefix_override:/usr/lib/python3/dist-packages/colcon_core/task/python/colcon_distutils_commands:/root/ros_ws/install/task4/lib/python3.10/site-packages:/root/ros_ws/build/task4:/root/ros_ws/install/task4/lib/python3.10/site-packages:/root/ros_ws/build/py_srvcli:/root/ros_ws/install/py_srvcli/lib/python3.10/site-packages:/root/ros_ws/build/task3:/root/ros_ws/install/task3/lib/python3.10/site-packages:/root/ros_ws/build/task2:/root/ros_ws/install/task2/lib/python3.10/site-packages:/root/ros_ws/build/sensorPkg:/root/ros_ws/install/sensorPkg/lib/python3.10/site-packages:/root/ros_ws/build/my_robot_controller:/root/ros_ws/install/my_robot_controller/lib/python3.10/site-packages:/root/ros_ws/install/custom_msgs/local/lib/python3.10/dist-packages:/opt/ros/humble/lib/python3.10/site-packages:/opt/ros/humble/local/lib/python3.10/dist-packages', 'COLCON': '1', 'CMAKE_PREFIX_PATH': '/root/ros_ws/install/custom_msgs'}, 'shell': False}
[1.546990] (task3) Command: {'cmd': ['/usr/bin/python3', '-W', 'ignore:setup.py install is deprecated', '-W', 'ignore:easy_install command is deprecated', 'setup.py', 'develop', '--editable', '--build-directory', '/root/ros_ws/build/task3/build', '--no-deps', 'symlink_data'], 'cwd': '/root/ros_ws/build/task3', 'env': {'HOSTNAME': '686253f7c9d4', 'SHLVL': '1', 'LD_LIBRARY_PATH': '/root/ros_ws/install/custom_msgs/lib:/opt/ros/humble/opt/rviz_ogre_vendor/lib:/opt/ros/humble/lib/x86_64-linux-gnu:/opt/ros/humble/lib', 'HOME': '/root', 'ROS_PYTHON_VERSION': '3', 'COLCON_PREFIX_PATH': '/root/ros_ws/install', 'ROS_DISTRO': 'humble', '_': '/usr/bin/colcon', 'ROS_VERSION': '2', 'TERM': 'xterm-256color', 'ROS_LOCALHOST_ONLY': '0', 'QT_X11_NO_MITSHM': '1', 'PATH': '/opt/ros/humble/bin:/usr/local/sbin:/usr/local/bin:/usr/sbin:/usr/bin:/sbin:/bin', 'DISPLAY': ':0', 'LANG': 'C.UTF-8', 'AMENT_PREFIX_PATH': '/root/ros_ws/install/task4:/root/ros_ws/install/py_srvcli:/root/ros_ws/install/task3:/root/ros_ws/install/task2:/root/ros_ws/install/sensorPkg:/root/ros_ws/install/my_robot_controller:/root/ros_ws/install/custom_msgs:/opt/ros/humble', 'PWD': '/root/ros_ws/build/task3', 'LC_ALL': 'C.UTF-8', 'PYTHONPATH': '/root/ros_ws/build/task3/prefix_override:/usr/lib/python3/dist-packages/colcon_core/task/python/colcon_distutils_commands:/root/ros_ws/install/task3/lib/python3.10/site-packages:/root/ros_ws/build/task4:/root/ros_ws/install/task4/lib/python3.10/site-packages:/root/ros_ws/build/py_srvcli:/root/ros_ws/install/py_srvcli/lib/python3.10/site-packages:/root/ros_ws/build/task3:/root/ros_ws/install/task3/lib/python3.10/site-packages:/root/ros_ws/build/task2:/root/ros_ws/install/task2/lib/python3.10/site-packages:/root/ros_ws/build/sensorPkg:/root/ros_ws/install/sensorPkg/lib/python3.10/site-packages:/root/ros_ws/build/my_robot_controller:/root/ros_ws/install/my_robot_controller/lib/python3.10/site-packages:/root/ros_ws/install/custom_msgs/local/lib/python3.10/dist-packages:/opt/ros/humble/lib/python3.10/site-packages:/opt/ros/humble/local/lib/python3.10/dist-packages', 'COLCON': '1', 'CMAKE_PREFIX_PATH': '/root/ros_ws/install/custom_msgs'}, 'shell': False}
[1.550474] (task2) Command: {'cmd': ['/usr/bin/python3', '-W', 'ignore:setup.py install is deprecated', '-W', 'ignore:easy_install command is deprecated', 'setup.py', 'develop', '--editable', '--build-directory', '/root/ros_ws/build/task2/build', '--no-deps', 'symlink_data'], 'cwd': '/root/ros_ws/build/task2', 'env': {'HOSTNAME': '686253f7c9d4', 'SHLVL': '1', 'LD_LIBRARY_PATH': '/root/ros_ws/install/custom_msgs/lib:/opt/ros/humble/opt/rviz_ogre_vendor/lib:/opt/ros/humble/lib/x86_64-linux-gnu:/opt/ros/humble/lib', 'HOME': '/root', 'ROS_PYTHON_VERSION': '3', 'COLCON_PREFIX_PATH': '/root/ros_ws/install', 'ROS_DISTRO': 'humble', '_': '/usr/bin/colcon', 'ROS_VERSION': '2', 'TERM': 'xterm-256color', 'ROS_LOCALHOST_ONLY': '0', 'QT_X11_NO_MITSHM': '1', 'PATH': '/opt/ros/humble/bin:/usr/local/sbin:/usr/local/bin:/usr/sbin:/usr/bin:/sbin:/bin', 'DISPLAY': ':0', 'LANG': 'C.UTF-8', 'AMENT_PREFIX_PATH': '/root/ros_ws/install/task4:/root/ros_ws/install/py_srvcli:/root/ros_ws/install/task3:/root/ros_ws/install/task2:/root/ros_ws/install/sensorPkg:/root/ros_ws/install/my_robot_controller:/root/ros_ws/install/custom_msgs:/opt/ros/humble', 'PWD': '/root/ros_ws/build/task2', 'LC_ALL': 'C.UTF-8', 'PYTHONPATH': '/root/ros_ws/build/task2/prefix_override:/usr/lib/python3/dist-packages/colcon_core/task/python/colcon_distutils_commands:/root/ros_ws/install/task2/lib/python3.10/site-packages:/root/ros_ws/build/task4:/root/ros_ws/install/task4/lib/python3.10/site-packages:/root/ros_ws/build/py_srvcli:/root/ros_ws/install/py_srvcli/lib/python3.10/site-packages:/root/ros_ws/build/task3:/root/ros_ws/install/task3/lib/python3.10/site-packages:/root/ros_ws/build/task2:/root/ros_ws/install/task2/lib/python3.10/site-packages:/root/ros_ws/build/sensorPkg:/root/ros_ws/install/sensorPkg/lib/python3.10/site-packages:/root/ros_ws/build/my_robot_controller:/root/ros_ws/install/my_robot_controller/lib/python3.10/site-packages:/root/ros_ws/install/custom_msgs/local/lib/python3.10/dist-packages:/opt/ros/humble/lib/python3.10/site-packages:/opt/ros/humble/local/lib/python3.10/dist-packages', 'COLCON': '1', 'CMAKE_PREFIX_PATH': '/root/ros_ws/install/custom_msgs'}, 'shell': False}
[1.573705] (py_srvcli) StdoutLine: {'line': b'running egg_info\n'}
[1.573905] (py_srvcli) StdoutLine: {'line': b'writing py_srvcli.egg-info/PKG-INFO\n'}
[1.574054] (py_srvcli) StdoutLine: {'line': b'writing dependency_links to py_srvcli.egg-info/dependency_links.txt\n'}
[1.574166] (py_srvcli) StdoutLine: {'line': b'writing entry points to py_srvcli.egg-info/entry_points.txt\n'}
[1.574272] (py_srvcli) StdoutLine: {'line': b'writing requirements to py_srvcli.egg-info/requires.txt\n'}
[1.574364] (py_srvcli) StdoutLine: {'line': b'writing top-level names to py_srvcli.egg-info/top_level.txt\n'}
[1.575732] (py_srvcli) StdoutLine: {'line': b"reading manifest file 'py_srvcli.egg-info/SOURCES.txt'\n"}
[1.576223] (py_srvcli) StdoutLine: {'line': b"writing manifest file 'py_srvcli.egg-info/SOURCES.txt'\n"}
[1.577447] (py_srvcli) StdoutLine: {'line': b'running build_ext\n'}
[1.577617] (py_srvcli) StdoutLine: {'line': b'Creating /root/ros_ws/install/py_srvcli/lib/python3.10/site-packages/py-srvcli.egg-link (link to .)\n'}
[1.577994] (my_robot_controller) StdoutLine: {'line': b'running egg_info\n'}
[1.578153] (my_robot_controller) StdoutLine: {'line': b'writing my_robot_controller.egg-info/PKG-INFO\n'}
[1.578320] (py_srvcli) StdoutLine: {'line': b'\n'}
[1.578409] (py_srvcli) StdoutLine: {'line': b'Installed /root/ros_ws/build/py_srvcli\n'}
[1.578494] (py_srvcli) StdoutLine: {'line': b'running symlink_data\n'}
[1.578582] (my_robot_controller) StdoutLine: {'line': b'writing dependency_links to my_robot_controller.egg-info/dependency_links.txt\n'}
[1.578643] (my_robot_controller) StdoutLine: {'line': b'writing entry points to my_robot_controller.egg-info/entry_points.txt\n'}
[1.578744] (my_robot_controller) StdoutLine: {'line': b'writing requirements to my_robot_controller.egg-info/requires.txt\n'}
[1.578806] (my_robot_controller) StdoutLine: {'line': b'writing top-level names to my_robot_controller.egg-info/top_level.txt\n'}
[1.580201] (my_robot_controller) StdoutLine: {'line': b"reading manifest file 'my_robot_controller.egg-info/SOURCES.txt'\n"}
[1.580809] (my_robot_controller) StdoutLine: {'line': b"writing manifest file 'my_robot_controller.egg-info/SOURCES.txt'\n"}
[1.582110] (my_robot_controller) StdoutLine: {'line': b'running build_ext\n'}
[1.582271] (my_robot_controller) StdoutLine: {'line': b'Creating /root/ros_ws/install/my_robot_controller/lib/python3.10/site-packages/my-robot-controller.egg-link (link to .)\n'}
[1.583013] (my_robot_controller) StdoutLine: {'line': b'Installing draw_circle script to /root/ros_ws/install/my_robot_controller/lib/my_robot_controller\n'}
[1.583174] (my_robot_controller) StdoutLine: {'line': b'Installing firstNode script to /root/ros_ws/install/my_robot_controller/lib/my_robot_controller\n'}
[1.583289] (my_robot_controller) StdoutLine: {'line': b'Installing listen script to /root/ros_ws/install/my_robot_controller/lib/my_robot_controller\n'}
[1.583399] (my_robot_controller) StdoutLine: {'line': b'Installing sensor script to /root/ros_ws/install/my_robot_controller/lib/my_robot_controller\n'}
[1.583513] (my_robot_controller) StdoutLine: {'line': b'Installing test script to /root/ros_ws/install/my_robot_controller/lib/my_robot_controller\n'}
[1.583776] (my_robot_controller) StdoutLine: {'line': b'\n'}
[1.583837] (my_robot_controller) StdoutLine: {'line': b'Installed /root/ros_ws/build/my_robot_controller\n'}
[1.583907] (my_robot_controller) StdoutLine: {'line': b'running symlink_data\n'}
[1.602815] (-) TimerEvent: {}
[1.616044] (py_srvcli) CommandEnded: {'returncode': 0}
[1.625117] (py_srvcli) JobEnded: {'identifier': 'py_srvcli', 'rc': 0}
[1.626077] (my_robot_controller) CommandEnded: {'returncode': 0}
[1.632745] (my_robot_controller) JobEnded: {'identifier': 'my_robot_controller', 'rc': 0}
[1.702900] (-) TimerEvent: {}
[1.749836] (sensorPkg) StdoutLine: {'line': b'running develop\n'}
[1.754899] (task4) StdoutLine: {'line': b'running develop\n'}
[1.756954] (task3) StdoutLine: {'line': b'running develop\n'}
[1.758425] (task2) StdoutLine: {'line': b'running develop\n'}
[1.803001] (-) TimerEvent: {}
[1.859118] (sensorPkg) StdoutLine: {'line': b'running egg_info\n'}
[1.859317] (sensorPkg) StdoutLine: {'line': b'writing sensorPkg.egg-info/PKG-INFO\n'}
[1.859469] (sensorPkg) StdoutLine: {'line': b'writing dependency_links to sensorPkg.egg-info/dependency_links.txt\n'}
[1.859613] (sensorPkg) StdoutLine: {'line': b'writing entry points to sensorPkg.egg-info/entry_points.txt\n'}
[1.859722] (sensorPkg) StdoutLine: {'line': b'writing requirements to sensorPkg.egg-info/requires.txt\n'}
[1.859845] (sensorPkg) StdoutLine: {'line': b'writing top-level names to sensorPkg.egg-info/top_level.txt\n'}
[1.861187] (sensorPkg) StdoutLine: {'line': b"reading manifest file 'sensorPkg.egg-info/SOURCES.txt'\n"}
[1.861710] (sensorPkg) StdoutLine: {'line': b"writing manifest file 'sensorPkg.egg-info/SOURCES.txt'\n"}
[1.862817] (sensorPkg) StdoutLine: {'line': b'running build_ext\n'}
[1.862991] (sensorPkg) StdoutLine: {'line': b'Creating /root/ros_ws/install/sensorPkg/lib/python3.10/site-packages/sensorPkg.egg-link (link to .)\n'}
[1.863617] (sensorPkg) StdoutLine: {'line': b'Installing logger script to /root/ros_ws/install/sensorPkg/lib/sensorPkg\n'}
[1.863738] (sensorPkg) StdoutLine: {'line': b'Installing sensor script to /root/ros_ws/install/sensorPkg/lib/sensorPkg\n'}
[1.863842] (sensorPkg) StdoutLine: {'line': b'Installing subscriber script to /root/ros_ws/install/sensorPkg/lib/sensorPkg\n'}
[1.864004] (sensorPkg) StdoutLine: {'line': b'\n'}
[1.864113] (sensorPkg) StdoutLine: {'line': b'Installed /root/ros_ws/build/sensorPkg\n'}
[1.864167] (task4) StdoutLine: {'line': b'running egg_info\n'}
[1.864266] (sensorPkg) StdoutLine: {'line': b'running symlink_data\n'}
[1.864320] (task4) StdoutLine: {'line': b'writing task4.egg-info/PKG-INFO\n'}
[1.864393] (task4) StdoutLine: {'line': b'writing dependency_links to task4.egg-info/dependency_links.txt\n'}
[1.864569] (task4) StdoutLine: {'line': b'writing entry points to task4.egg-info/entry_points.txt\n'}
[1.864663] (task4) StdoutLine: {'line': b'writing requirements to task4.egg-info/requires.txt\n'}
[1.864744] (task4) StdoutLine: {'line': b'writing top-level names to task4.egg-info/top_level.txt\n'}
[1.866141] (task3) StdoutLine: {'line': b'running egg_info\n'}
[1.866272] (task4) StdoutLine: {'line': b"reading manifest file 'task4.egg-info/SOURCES.txt'\n"}
[1.866363] (task3) StdoutLine: {'line': b'writing task3.egg-info/PKG-INFO\n'}
[1.866570] (task3) StdoutLine: {'line': b'writing dependency_links to task3.egg-info/dependency_links.txt\n'}
[1.866713] (task3) StdoutLine: {'line': b'writing entry points to task3.egg-info/entry_points.txt\n'}
[1.866811] (task4) StdoutLine: {'line': b"writing manifest file 'task4.egg-info/SOURCES.txt'\n"}
[1.866900] (task3) StdoutLine: {'line': b'writing requirements to task3.egg-info/requires.txt\n'}
[1.866985] (task2) StdoutLine: {'line': b'running egg_info\n'}
[1.867067] (task3) StdoutLine: {'line': b'writing top-level names to task3.egg-info/top_level.txt\n'}
[1.867138] (task2) StdoutLine: {'line': b'writing task2.egg-info/PKG-INFO\n'}
[1.867301] (task2) StdoutLine: {'line': b'writing dependency_links to task2.egg-info/dependency_links.txt\n'}
[1.867432] (task2) StdoutLine: {'line': b'writing entry points to task2.egg-info/entry_points.txt\n'}
[1.867566] (task2) StdoutLine: {'line': b'writing requirements to task2.egg-info/requires.txt\n'}
[1.867649] (task2) StdoutLine: {'line': b'writing top-level names to task2.egg-info/top_level.txt\n'}
[1.868086] (task4) StdoutLine: {'line': b'running build_ext\n'}
[1.868250] (task4) StdoutLine: {'line': b'Creating /root/ros_ws/install/task4/lib/python3.10/site-packages/task4.egg-link (link to .)\n'}
[1.868551] (task3) StdoutLine: {'line': b"reading manifest file 'task3.egg-info/SOURCES.txt'\n"}
[1.868911] (task4) StdoutLine: {'line': b'Installing client script to /root/ros_ws/install/task4/lib/task4\n'}
[1.868975] (task2) StdoutLine: {'line': b"reading manifest file 'task2.egg-info/SOURCES.txt'\n"}
[1.869052] (task4) StdoutLine: {'line': b'Installing server script to /root/ros_ws/install/task4/lib/task4\n'}
[1.869114] (task3) StdoutLine: {'line': b"writing manifest file 'task3.egg-info/SOURCES.txt'\n"}
[1.869216] (task4) StdoutLine: {'line': b'\n'}
[1.869279] (task4) StdoutLine: {'line': b'Installed /root/ros_ws/build/task4\n'}
[1.869322] (task4) StdoutLine: {'line': b'running symlink_data\n'}
[1.869453] (task2) StdoutLine: {'line': b"writing manifest file 'task2.egg-info/SOURCES.txt'\n"}
[1.870334] (task3) StdoutLine: {'line': b'running build_ext\n'}
[1.870504] (task3) StdoutLine: {'line': b'Creating /root/ros_ws/install/task3/lib/python3.10/site-packages/task3.egg-link (link to .)\n'}
[1.870591] (task2) StdoutLine: {'line': b'running build_ext\n'}
[1.870692] (task2) StdoutLine: {'line': b'Creating /root/ros_ws/install/task2/lib/python3.10/site-packages/task2.egg-link (link to .)\n'}
[1.871185] (task3) StdoutLine: {'line': b'Installing client script to /root/ros_ws/install/task3/lib/task3\n'}
[1.871305] (task2) StdoutLine: {'line': b'Installing publisher script to /root/ros_ws/install/task2/lib/task2\n'}
[1.871371] (task3) StdoutLine: {'line': b'Installing service script to /root/ros_ws/install/task3/lib/task3\n'}
[1.871434] (task2) StdoutLine: {'line': b'Installing subscriber script to /root/ros_ws/install/task2/lib/task2\n'}
[1.871497] (task3) StdoutLine: {'line': b'\n'}
[1.871572] (task3) StdoutLine: {'line': b'Installed /root/ros_ws/build/task3\n'}
[1.871616] (task3) StdoutLine: {'line': b'running symlink_data\n'}
[1.871670] (task2) StdoutLine: {'line': b'\n'}
[1.871727] (task2) StdoutLine: {'line': b'Installed /root/ros_ws/build/task2\n'}
[1.871767] (task2) StdoutLine: {'line': b'running symlink_data\n'}
[1.893753] (sensorPkg) CommandEnded: {'returncode': 0}
[1.900473] (sensorPkg) JobEnded: {'identifier': 'sensorPkg', 'rc': 0}
[1.903054] (task2) CommandEnded: {'returncode': 0}
[1.903664] (-) TimerEvent: {}
[1.910134] (task2) JobEnded: {'identifier': 'task2', 'rc': 0}
[1.914736] (task4) CommandEnded: {'returncode': 0}
[1.920588] (task4) JobEnded: {'identifier': 'task4', 'rc': 0}
[1.921542] (task3) CommandEnded: {'returncode': 0}
[1.926777] (task3) JobEnded: {'identifier': 'task3', 'rc': 0}
[1.927279] (-) EventReactorShutdown: {}
