[1.248s] Invoking command in '/root/ros_ws/build/action_demo_pkg': PYTHONPATH=/root/ros_ws/build/action_demo_pkg/prefix_override:/usr/lib/python3/dist-packages/colcon_core/task/python/colcon_distutils_commands:/root/ros_ws/install/action_demo_pkg/lib/python3.10/site-packages:${PYTHONPATH} /usr/bin/python3 -W ignore:setup.py install is deprecated -W ignore:easy_install command is deprecated setup.py develop --editable --build-directory /root/ros_ws/build/action_demo_pkg/build --no-deps symlink_data
[1.451s] running develop
[1.565s] running egg_info
[1.565s] creating action_demo_pkg.egg-info
[1.565s] writing action_demo_pkg.egg-info/PKG-INFO
[1.565s] writing dependency_links to action_demo_pkg.egg-info/dependency_links.txt
[1.565s] writing entry points to action_demo_pkg.egg-info/entry_points.txt
[1.565s] writing requirements to action_demo_pkg.egg-info/requires.txt
[1.565s] writing top-level names to action_demo_pkg.egg-info/top_level.txt
[1.566s] writing manifest file 'action_demo_pkg.egg-info/SOURCES.txt'
[1.567s] reading manifest file 'action_demo_pkg.egg-info/SOURCES.txt'
[1.568s] writing manifest file 'action_demo_pkg.egg-info/SOURCES.txt'
[1.569s] running build_ext
[1.569s] Creating /root/ros_ws/install/action_demo_pkg/lib/python3.10/site-packages/action-demo-pkg.egg-link (link to .)
[1.570s] Installing client script to /root/ros_ws/install/action_demo_pkg/lib/action_demo_pkg
[1.570s] Installing server script to /root/ros_ws/install/action_demo_pkg/lib/action_demo_pkg
[1.570s] 
[1.570s] Installed /root/ros_ws/build/action_demo_pkg
[1.570s] running symlink_data
[1.571s] creating /root/ros_ws/install/action_demo_pkg/share/ament_index
[1.571s] creating /root/ros_ws/install/action_demo_pkg/share/ament_index/resource_index
[1.571s] creating /root/ros_ws/install/action_demo_pkg/share/ament_index/resource_index/packages
[1.571s] symbolically linking /root/ros_ws/build/action_demo_pkg/resource/action_demo_pkg -> /root/ros_ws/install/action_demo_pkg/share/ament_index/resource_index/packages
[1.571s] symbolically linking /root/ros_ws/build/action_demo_pkg/package.xml -> /root/ros_ws/install/action_demo_pkg/share/action_demo_pkg
[1.618s] Invoked command in '/root/ros_ws/build/action_demo_pkg' returned '0': PYTHONPATH=/root/ros_ws/build/action_demo_pkg/prefix_override:/usr/lib/python3/dist-packages/colcon_core/task/python/colcon_distutils_commands:/root/ros_ws/install/action_demo_pkg/lib/python3.10/site-packages:${PYTHONPATH} /usr/bin/python3 -W ignore:setup.py install is deprecated -W ignore:easy_install command is deprecated setup.py develop --editable --build-directory /root/ros_ws/build/action_demo_pkg/build --no-deps symlink_data
