running develop
running egg_info
creating sensorPkg.egg-info
writing sensorPkg.egg-info/PKG-INFO
writing dependency_links to sensorPkg.egg-info/dependency_links.txt
writing entry points to sensorPkg.egg-info/entry_points.txt
writing requirements to sensorPkg.egg-info/requires.txt
writing top-level names to sensorPkg.egg-info/top_level.txt
writing manifest file 'sensorPkg.egg-info/SOURCES.txt'
reading manifest file 'sensorPkg.egg-info/SOURCES.txt'
writing manifest file 'sensorPkg.egg-info/SOURCES.txt'
running build_ext
Creating /root/ros_ws/install/sensorPkg/lib/python3.10/site-packages/sensorPkg.egg-link (link to .)
Installing logger script to /root/ros_ws/install/sensorPkg/lib/sensorPkg
Installing sensor script to /root/ros_ws/install/sensorPkg/lib/sensorPkg
Installing subscriber script to /root/ros_ws/install/sensorPkg/lib/sensorPkg

Installed /root/ros_ws/build/sensorPkg
running symlink_data
creating /root/ros_ws/install/sensorPkg/share/ament_index
creating /root/ros_ws/install/sensorPkg/share/ament_index/resource_index
creating /root/ros_ws/install/sensorPkg/share/ament_index/resource_index/packages
symbolically linking /root/ros_ws/build/sensorPkg/resource/sensorPkg -> /root/ros_ws/install/sensorPkg/share/ament_index/resource_index/packages
symbolically linking /root/ros_ws/build/sensorPkg/package.xml -> /root/ros_ws/install/sensorPkg/share/sensorPkg
