[0.824s] Invoking command in '/root/ros_ws/build/sensorPkg': PYTHONPATH=/root/ros_ws/build/sensorPkg/prefix_override:/usr/lib/python3/dist-packages/colcon_core/task/python/colcon_distutils_commands:/root/ros_ws/install/sensorPkg/lib/python3.10/site-packages:${PYTHONPATH} /usr/bin/python3 -W ignore:setup.py install is deprecated -W ignore:easy_install command is deprecated setup.py develop --editable --build-directory /root/ros_ws/build/sensorPkg/build --no-deps symlink_data
[1.023s] running develop
[1.128s] running egg_info
[1.128s] creating sensorPkg.egg-info
[1.128s] writing sensorPkg.egg-info/PKG-INFO
[1.129s] writing dependency_links to sensorPkg.egg-info/dependency_links.txt
[1.129s] writing entry points to sensorPkg.egg-info/entry_points.txt
[1.129s] writing requirements to sensorPkg.egg-info/requires.txt
[1.129s] writing top-level names to sensorPkg.egg-info/top_level.txt
[1.129s] writing manifest file 'sensorPkg.egg-info/SOURCES.txt'
[1.130s] reading manifest file 'sensorPkg.egg-info/SOURCES.txt'
[1.131s] writing manifest file 'sensorPkg.egg-info/SOURCES.txt'
[1.132s] running build_ext
[1.132s] Creating /root/ros_ws/install/sensorPkg/lib/python3.10/site-packages/sensorPkg.egg-link (link to .)
[1.133s] Installing logger script to /root/ros_ws/install/sensorPkg/lib/sensorPkg
[1.133s] Installing sensor script to /root/ros_ws/install/sensorPkg/lib/sensorPkg
[1.133s] Installing subscriber script to /root/ros_ws/install/sensorPkg/lib/sensorPkg
[1.133s] 
[1.133s] Installed /root/ros_ws/build/sensorPkg
[1.133s] running symlink_data
[1.133s] creating /root/ros_ws/install/sensorPkg/share/ament_index
[1.133s] creating /root/ros_ws/install/sensorPkg/share/ament_index/resource_index
[1.133s] creating /root/ros_ws/install/sensorPkg/share/ament_index/resource_index/packages
[1.133s] symbolically linking /root/ros_ws/build/sensorPkg/resource/sensorPkg -> /root/ros_ws/install/sensorPkg/share/ament_index/resource_index/packages
[1.133s] symbolically linking /root/ros_ws/build/sensorPkg/package.xml -> /root/ros_ws/install/sensorPkg/share/sensorPkg
[1.162s] Invoked command in '/root/ros_ws/build/sensorPkg' returned '0': PYTHONPATH=/root/ros_ws/build/sensorPkg/prefix_override:/usr/lib/python3/dist-packages/colcon_core/task/python/colcon_distutils_commands:/root/ros_ws/install/sensorPkg/lib/python3.10/site-packages:${PYTHONPATH} /usr/bin/python3 -W ignore:setup.py install is deprecated -W ignore:easy_install command is deprecated setup.py develop --editable --build-directory /root/ros_ws/build/sensorPkg/build --no-deps symlink_data
