[0.016s] Invoking command in '/root/ros_ws/src/build/custom_msgs': CMAKE_PREFIX_PATH=${CMAKE_PREFIX_PATH}:/root/ros_ws/install/task3:/root/ros_ws/install/task2:/root/ros_ws/install/sensorPkg:/root/ros_ws/install/my_robot_controller:/opt/ros/humble /usr/bin/cmake /root/ros_ws/src/custom_msgs -DAMENT_CMAKE_SYMLINK_INSTALL=1 -DCMAKE_INSTALL_PREFIX=/root/ros_ws/src/install/custom_msgs
[0.022s] [0mCMake Deprecation Warning at CMakeLists.txt:1 (cmake_minimum_required):
[0.022s]   Compatibility with CMake < 3.10 will be removed from a future version of
[0.022s]   CMake.
[0.022s] 
[0.022s]   Update the VERSION argument <min> value.  Or, use the <min>...<max> syntax
[0.022s]   to tell CMake that the project requires at least <min> but has been updated
[0.022s]   to work with policies introduced by <max> or earlier.
[0.022s] 
[0.022s] [0m
[0.065s] -- The C compiler identification is GNU 11.4.0
[0.122s] -- The CXX compiler identification is GNU 11.4.0
[0.129s] -- Detecting C compiler ABI info
[0.179s] -- Detecting C compiler ABI info - done
[0.190s] -- Check for working C compiler: /usr/bin/cc - skipped
[0.192s] -- Detecting C compile features
[0.192s] -- Detecting C compile features - done
[0.202s] -- Detecting CXX compiler ABI info
[0.258s] -- Detecting CXX compiler ABI info - done
[0.270s] -- Check for working CXX compiler: /usr/bin/c++ - skipped
[0.270s] -- Detecting CXX compile features
[0.270s] -- Detecting CXX compile features - done
[0.280s] -- Found ament_cmake: 1.3.14 (/opt/ros/humble/share/ament_cmake/cmake)
[0.388s] -- Found Python3: /usr/bin/python3 (found version "3.10.12") found components: Interpreter
[0.446s] -- Override CMake install command with custom implementation using symlinks instead of copying resources
[0.479s] -- Found rosidl_default_generators: 1.2.1 (/opt/ros/humble/share/rosidl_default_generators/cmake)
[0.483s] -- Using all available rosidl_typesupport_c: rosidl_typesupport_fastrtps_c;rosidl_typesupport_introspection_c
[0.492s] -- Found rosidl_adapter: 3.1.8 (/opt/ros/humble/share/rosidl_adapter/cmake)
[0.537s] -- Using all available rosidl_typesupport_cpp: rosidl_typesupport_fastrtps_cpp;rosidl_typesupport_introspection_cpp
[0.578s] -- Found geometry_msgs: 4.9.1 (/opt/ros/humble/share/geometry_msgs/cmake)
[0.624s] -- Found action_msgs: 1.2.2 (/opt/ros/humble/share/action_msgs/cmake)
[1.005s] -- Found ament_cmake_ros: 0.10.0 (/opt/ros/humble/share/ament_cmake_ros/cmake)
[1.393s] -- Using all available rosidl_typesupport_c: rosidl_typesupport_fastrtps_c;rosidl_typesupport_introspection_c
[1.902s] -- Using all available rosidl_typesupport_cpp: rosidl_typesupport_fastrtps_cpp;rosidl_typesupport_introspection_cpp
[1.904s] [33mCMake Warning (dev) at /opt/ros/humble/share/rosidl_generator_py/cmake/rosidl_generator_py_generate_interfaces.cmake:20 (find_package):
[1.904s]   Policy CMP0148 is not set: The FindPythonInterp and FindPythonLibs modules
[1.904s]   are removed.  Run "cmake --help-policy CMP0148" for policy details.  Use
[1.904s]   the cmake_policy command to set the policy and suppress this warning.
[1.904s] 
[1.904s] Call Stack (most recent call first):
[1.904s]   /opt/ros/humble/share/ament_cmake_core/cmake/core/ament_execute_extensions.cmake:48 (include)
[1.905s]   /opt/ros/humble/share/rosidl_cmake/cmake/rosidl_generate_interfaces.cmake:286 (ament_execute_extensions)
[1.905s]   CMakeLists.txt:9 (rosidl_generate_interfaces)
[1.905s] This warning is for project developers.  Use -Wno-dev to suppress it.
[1.905s] [0m
[1.922s] -- Found PythonInterp: /usr/bin/python3 (found suitable version "3.10.12", minimum required is "3.6")
[1.924s] -- Found python_cmake_module: 0.10.0 (/opt/ros/humble/share/python_cmake_module/cmake)
[1.925s] [33mCMake Warning (dev) at /opt/ros/humble/share/python_cmake_module/cmake/Modules/FindPythonExtra.cmake:52 (find_package):
[1.925s]   Policy CMP0148 is not set: The FindPythonInterp and FindPythonLibs modules
[1.925s]   are removed.  Run "cmake --help-policy CMP0148" for policy details.  Use
[1.925s]   the cmake_policy command to set the policy and suppress this warning.
[1.925s] 
[1.925s] Call Stack (most recent call first):
[1.925s]   /opt/ros/humble/share/rosidl_generator_py/cmake/rosidl_generator_py_generate_interfaces.cmake:23 (find_package)
[1.925s]   /opt/ros/humble/share/ament_cmake_core/cmake/core/ament_execute_extensions.cmake:48 (include)
[1.925s]   /opt/ros/humble/share/rosidl_cmake/cmake/rosidl_generate_interfaces.cmake:286 (ament_execute_extensions)
[1.925s]   CMakeLists.txt:9 (rosidl_generate_interfaces)
[1.925s] This warning is for project developers.  Use -Wno-dev to suppress it.
[1.925s] [0m
[1.941s] [33mCMake Warning (dev) at /opt/ros/humble/share/python_cmake_module/cmake/Modules/FindPythonExtra.cmake:140 (find_package):
[1.942s]   Policy CMP0148 is not set: The FindPythonInterp and FindPythonLibs modules
[1.942s]   are removed.  Run "cmake --help-policy CMP0148" for policy details.  Use
[1.942s]   the cmake_policy command to set the policy and suppress this warning.
[1.942s] 
[1.942s] Call Stack (most recent call first):
[1.942s]   /opt/ros/humble/share/rosidl_generator_py/cmake/rosidl_generator_py_generate_interfaces.cmake:23 (find_package)
[1.942s]   /opt/ros/humble/share/ament_cmake_core/cmake/core/ament_execute_extensions.cmake:48 (include)
[1.942s]   /opt/ros/humble/share/rosidl_cmake/cmake/rosidl_generate_interfaces.cmake:286 (ament_execute_extensions)
[1.942s]   CMakeLists.txt:9 (rosidl_generate_interfaces)
[1.942s] This warning is for project developers.  Use -Wno-dev to suppress it.
[1.942s] [0m
[1.951s] -- Found PythonLibs: /usr/lib/x86_64-linux-gnu/libpython3.10.so (found suitable version "3.10.12", minimum required is "3.5")
[1.951s] -- Using PYTHON_EXECUTABLE: /usr/bin/python3
[1.951s] -- Using PYTHON_INCLUDE_DIRS: /usr/include/python3.10
[1.951s] -- Using PYTHON_LIBRARIES: /usr/lib/x86_64-linux-gnu/libpython3.10.so
[1.968s] -- Found PythonExtra: .so
[2.156s] -- Found ament_lint_auto: 0.12.15 (/opt/ros/humble/share/ament_lint_auto/cmake)
[2.181s] -- Added test 'lint_cmake' to check CMake code style
[2.182s] -- Added test 'xmllint' to check XML markup files
[2.186s] -- Configuring done (2.2s)
[2.230s] -- Generating done (0.0s)
[2.246s] -- Build files have been written to: /root/ros_ws/src/build/custom_msgs
[2.257s] Invoked command in '/root/ros_ws/src/build/custom_msgs' returned '0': CMAKE_PREFIX_PATH=${CMAKE_PREFIX_PATH}:/root/ros_ws/install/task3:/root/ros_ws/install/task2:/root/ros_ws/install/sensorPkg:/root/ros_ws/install/my_robot_controller:/opt/ros/humble /usr/bin/cmake /root/ros_ws/src/custom_msgs -DAMENT_CMAKE_SYMLINK_INSTALL=1 -DCMAKE_INSTALL_PREFIX=/root/ros_ws/src/install/custom_msgs
[2.258s] Invoking command in '/root/ros_ws/src/build/custom_msgs': CMAKE_PREFIX_PATH=${CMAKE_PREFIX_PATH}:/root/ros_ws/install/task3:/root/ros_ws/install/task2:/root/ros_ws/install/sensorPkg:/root/ros_ws/install/my_robot_controller:/opt/ros/humble /usr/bin/cmake --build /root/ros_ws/src/build/custom_msgs -- -j16 -l16
[2.279s] [  1%] [1m[34mGenerating C code for ROS interfaces[0m
[2.283s] [  3%] [1m[34mGenerating Rust code for ROS interfaces[0m
[2.283s] [  5%] [1m[34mGenerating C++ code for ROS interfaces[0m
[2.285s] [  5%] Built target ament_cmake_python_symlink_custom_msgs
[2.459s] running egg_info
[2.460s] creating custom_msgs.egg-info
[2.460s] writing custom_msgs.egg-info/PKG-INFO
[2.460s] writing dependency_links to custom_msgs.egg-info/dependency_links.txt
[2.460s] writing top-level names to custom_msgs.egg-info/top_level.txt
[2.460s] writing manifest file 'custom_msgs.egg-info/SOURCES.txt'
[2.462s] reading manifest file 'custom_msgs.egg-info/SOURCES.txt'
[2.462s] writing manifest file 'custom_msgs.egg-info/SOURCES.txt'
[2.479s] [  5%] Built target ament_cmake_python_build_custom_msgs_egg
[2.509s] [  5%] Built target custom_msgs__rs
[2.684s] [  5%] Built target custom_msgs__cpp
[2.690s] [ 10%] [1m[34mGenerating C++ type support dispatch for ROS interfaces[0m
[2.690s] [ 10%] [1m[34mGenerating C++ introspection for ROS interfaces[0m
[2.690s] [ 14%] [32mBuilding C object CMakeFiles/custom_msgs__rosidl_generator_c.dir/rosidl_generator_c/custom_msgs/msg/detail/robot_status__functions.c.o[0m
[2.690s] [ 14%] [1m[34mGenerating C++ type support for eProsima Fast-RTPS[0m
[2.690s] [ 14%] [32mBuilding C object CMakeFiles/custom_msgs__rosidl_generator_c.dir/rosidl_generator_c/custom_msgs/msg/detail/extended_vector3__functions.c.o[0m
[2.690s] [ 16%] [32mBuilding C object CMakeFiles/custom_msgs__rosidl_generator_c.dir/rosidl_generator_c/custom_msgs/srv/detail/add_number__functions.c.o[0m
[2.690s] [ 17%] [32mBuilding C object CMakeFiles/custom_msgs__rosidl_generator_c.dir/rosidl_generator_c/custom_msgs/action/detail/count_down__functions.c.o[0m
[2.786s] [ 19%] [1m[32mLinking C shared library libcustom_msgs__rosidl_generator_c.so[0m
[2.813s] [ 19%] Built target custom_msgs__rosidl_generator_c
[2.819s] [ 25%] [1m[34mGenerating C type support for eProsima Fast-RTPS[0m
[2.819s] [ 25%] [1m[34mGenerating C type support dispatch for ROS interfaces[0m
[2.819s] [ 25%] [1m[34mGenerating C introspection for ROS interfaces[0m
[2.954s] [ 30%] [32mBuilding CXX object CMakeFiles/custom_msgs__rosidl_typesupport_cpp.dir/rosidl_typesupport_cpp/custom_msgs/action/count_down__type_support.cpp.o[0m
[2.954s] [ 30%] [32mBuilding CXX object CMakeFiles/custom_msgs__rosidl_typesupport_cpp.dir/rosidl_typesupport_cpp/custom_msgs/srv/add_number__type_support.cpp.o[0m
[2.954s] [ 30%] [32mBuilding CXX object CMakeFiles/custom_msgs__rosidl_typesupport_cpp.dir/rosidl_typesupport_cpp/custom_msgs/msg/extended_vector3__type_support.cpp.o[0m
[2.954s] [ 32%] [32mBuilding CXX object CMakeFiles/custom_msgs__rosidl_typesupport_cpp.dir/rosidl_typesupport_cpp/custom_msgs/msg/robot_status__type_support.cpp.o[0m
[3.013s] [ 33%] [32mBuilding CXX object CMakeFiles/custom_msgs__rosidl_typesupport_introspection_cpp.dir/rosidl_typesupport_introspection_cpp/custom_msgs/srv/detail/add_number__type_support.cpp.o[0m
[3.013s] [ 37%] [32mBuilding CXX object CMakeFiles/custom_msgs__rosidl_typesupport_introspection_cpp.dir/rosidl_typesupport_introspection_cpp/custom_msgs/msg/detail/extended_vector3__type_support.cpp.o[0m
[3.013s] [ 37%] [32mBuilding CXX object CMakeFiles/custom_msgs__rosidl_typesupport_introspection_cpp.dir/rosidl_typesupport_introspection_cpp/custom_msgs/msg/detail/robot_status__type_support.cpp.o[0m
[3.013s] [ 39%] [32mBuilding CXX object CMakeFiles/custom_msgs__rosidl_typesupport_introspection_cpp.dir/rosidl_typesupport_introspection_cpp/custom_msgs/action/detail/count_down__type_support.cpp.o[0m
[3.129s] [ 44%] [32mBuilding CXX object CMakeFiles/custom_msgs__rosidl_typesupport_fastrtps_cpp.dir/rosidl_typesupport_fastrtps_cpp/custom_msgs/msg/detail/dds_fastrtps/extended_vector3__type_support.cpp.o[0m
[3.129s] [ 44%] [32mBuilding CXX object CMakeFiles/custom_msgs__rosidl_typesupport_fastrtps_cpp.dir/rosidl_typesupport_fastrtps_cpp/custom_msgs/msg/detail/dds_fastrtps/robot_status__type_support.cpp.o[0m
[3.129s] [ 44%] [32mBuilding CXX object CMakeFiles/custom_msgs__rosidl_typesupport_fastrtps_cpp.dir/rosidl_typesupport_fastrtps_cpp/custom_msgs/srv/detail/dds_fastrtps/add_number__type_support.cpp.o[0m
[3.129s] [ 46%] [32mBuilding CXX object CMakeFiles/custom_msgs__rosidl_typesupport_fastrtps_cpp.dir/rosidl_typesupport_fastrtps_cpp/custom_msgs/action/detail/dds_fastrtps/count_down__type_support.cpp.o[0m
[3.157s] [ 50%] [32mBuilding CXX object CMakeFiles/custom_msgs__rosidl_typesupport_c.dir/rosidl_typesupport_c/custom_msgs/msg/extended_vector3__type_support.cpp.o[0m
[3.157s] [ 50%] [32mBuilding CXX object CMakeFiles/custom_msgs__rosidl_typesupport_c.dir/rosidl_typesupport_c/custom_msgs/msg/robot_status__type_support.cpp.o[0m
[3.196s] [ 51%] [32mBuilding CXX object CMakeFiles/custom_msgs__rosidl_typesupport_c.dir/rosidl_typesupport_c/custom_msgs/srv/add_number__type_support.cpp.o[0m
[3.197s] [ 53%] [32mBuilding CXX object CMakeFiles/custom_msgs__rosidl_typesupport_c.dir/rosidl_typesupport_c/custom_msgs/action/count_down__type_support.cpp.o[0m
[3.262s] [ 55%] [1m[32mLinking CXX shared library libcustom_msgs__rosidl_typesupport_c.so[0m
[3.298s] [ 58%] [32mBuilding CXX object CMakeFiles/custom_msgs__rosidl_typesupport_fastrtps_c.dir/rosidl_typesupport_fastrtps_c/custom_msgs/msg/detail/extended_vector3__type_support_c.cpp.o[0m
[3.298s] [ 58%] [32mBuilding CXX object CMakeFiles/custom_msgs__rosidl_typesupport_fastrtps_c.dir/rosidl_typesupport_fastrtps_c/custom_msgs/msg/detail/robot_status__type_support_c.cpp.o[0m
[3.298s] [ 60%] [32mBuilding CXX object CMakeFiles/custom_msgs__rosidl_typesupport_fastrtps_c.dir/rosidl_typesupport_fastrtps_c/custom_msgs/srv/detail/add_number__type_support_c.cpp.o[0m
[3.299s] [ 62%] [32mBuilding CXX object CMakeFiles/custom_msgs__rosidl_typesupport_fastrtps_c.dir/rosidl_typesupport_fastrtps_c/custom_msgs/action/detail/count_down__type_support_c.cpp.o[0m
[3.311s] [ 62%] Built target custom_msgs__rosidl_typesupport_c
[3.363s] [ 67%] [32mBuilding C object CMakeFiles/custom_msgs__rosidl_typesupport_introspection_c.dir/rosidl_typesupport_introspection_c/custom_msgs/msg/detail/extended_vector3__type_support.c.o[0m
[3.363s] [ 67%] [32mBuilding C object CMakeFiles/custom_msgs__rosidl_typesupport_introspection_c.dir/rosidl_typesupport_introspection_c/custom_msgs/srv/detail/add_number__type_support.c.o[0m
[3.363s] [ 67%] [32mBuilding C object CMakeFiles/custom_msgs__rosidl_typesupport_introspection_c.dir/rosidl_typesupport_introspection_c/custom_msgs/msg/detail/robot_status__type_support.c.o[0m
[3.408s] [ 69%] [32mBuilding C object CMakeFiles/custom_msgs__rosidl_typesupport_introspection_c.dir/rosidl_typesupport_introspection_c/custom_msgs/action/detail/count_down__type_support.c.o[0m
[3.457s] [ 71%] [1m[32mLinking C shared library libcustom_msgs__rosidl_typesupport_introspection_c.so[0m
[3.486s] [ 71%] Built target custom_msgs__rosidl_typesupport_introspection_c
[3.622s] [ 73%] [1m[32mLinking CXX shared library libcustom_msgs__rosidl_typesupport_cpp.so[0m
[3.659s] [ 73%] Built target custom_msgs__rosidl_typesupport_cpp
[3.744s] [ 75%] [1m[32mLinking CXX shared library libcustom_msgs__rosidl_typesupport_fastrtps_c.so[0m
[3.772s] [ 76%] [1m[32mLinking CXX shared library libcustom_msgs__rosidl_typesupport_introspection_cpp.so[0m
[3.795s] [ 76%] Built target custom_msgs__rosidl_typesupport_fastrtps_c
[3.797s] [ 78%] [1m[32mLinking CXX shared library libcustom_msgs__rosidl_typesupport_fastrtps_cpp.so[0m
[3.826s] [ 78%] Built target custom_msgs__rosidl_typesupport_introspection_cpp
[3.850s] [ 78%] Built target custom_msgs__rosidl_typesupport_fastrtps_cpp
[3.860s] [ 78%] Built target custom_msgs
[3.870s] [ 80%] [1m[34mGenerating Python code for ROS interfaces[0m
[4.511s] [ 80%] Built target custom_msgs__py
[4.520s] [ 82%] [32mBuilding C object CMakeFiles/custom_msgs__rosidl_generator_py.dir/rosidl_generator_py/custom_msgs/msg/_extended_vector3_s.c.o[0m
[4.520s] [ 83%] [32mBuilding C object CMakeFiles/custom_msgs__rosidl_generator_py.dir/rosidl_generator_py/custom_msgs/msg/_robot_status_s.c.o[0m
[4.520s] [ 87%] [32mBuilding C object CMakeFiles/custom_msgs__rosidl_generator_py.dir/rosidl_generator_py/custom_msgs/action/_count_down_s.c.o[0m
[4.520s] [ 87%] [32mBuilding C object CMakeFiles/custom_msgs__rosidl_generator_py.dir/rosidl_generator_py/custom_msgs/srv/_add_number_s.c.o[0m
[4.623s] [ 89%] [1m[32mLinking C shared library rosidl_generator_py/custom_msgs/libcustom_msgs__rosidl_generator_py.so[0m
[4.651s] [ 89%] Built target custom_msgs__rosidl_generator_py
[4.661s] [ 91%] [32mBuilding C object CMakeFiles/custom_msgs__rosidl_typesupport_c__pyext.dir/rosidl_generator_py/custom_msgs/_custom_msgs_s.ep.rosidl_typesupport_c.c.o[0m
[4.661s] [ 92%] [32mBuilding C object CMakeFiles/custom_msgs__rosidl_typesupport_fastrtps_c__pyext.dir/rosidl_generator_py/custom_msgs/_custom_msgs_s.ep.rosidl_typesupport_fastrtps_c.c.o[0m
[4.661s] [ 94%] [32mBuilding C object CMakeFiles/custom_msgs__rosidl_typesupport_introspection_c__pyext.dir/rosidl_generator_py/custom_msgs/_custom_msgs_s.ep.rosidl_typesupport_introspection_c.c.o[0m
[4.762s] [ 96%] [1m[32mLinking C shared library rosidl_generator_py/custom_msgs/custom_msgs_s__rosidl_typesupport_c.cpython-310-x86_64-linux-gnu.so[0m
[4.763s] [100%] [1m[32mLinking C shared library rosidl_generator_py/custom_msgs/custom_msgs_s__rosidl_typesupport_fastrtps_c.cpython-310-x86_64-linux-gnu.so[0m
[4.763s] [100%] [1m[32mLinking C shared library rosidl_generator_py/custom_msgs/custom_msgs_s__rosidl_typesupport_introspection_c.cpython-310-x86_64-linux-gnu.so[0m
[4.791s] [100%] Built target custom_msgs__rosidl_typesupport_c__pyext
[4.792s] [100%] Built target custom_msgs__rosidl_typesupport_fastrtps_c__pyext
[4.793s] [100%] Built target custom_msgs__rosidl_typesupport_introspection_c__pyext
[4.799s] Invoked command in '/root/ros_ws/src/build/custom_msgs' returned '0': CMAKE_PREFIX_PATH=${CMAKE_PREFIX_PATH}:/root/ros_ws/install/task3:/root/ros_ws/install/task2:/root/ros_ws/install/sensorPkg:/root/ros_ws/install/my_robot_controller:/opt/ros/humble /usr/bin/cmake --build /root/ros_ws/src/build/custom_msgs -- -j16 -l16
[4.803s] Invoking command in '/root/ros_ws/src/build/custom_msgs': CMAKE_PREFIX_PATH=${CMAKE_PREFIX_PATH}:/root/ros_ws/install/task3:/root/ros_ws/install/task2:/root/ros_ws/install/sensorPkg:/root/ros_ws/install/my_robot_controller:/opt/ros/humble /usr/bin/cmake --install /root/ros_ws/src/build/custom_msgs
[4.806s] -- Install configuration: ""
[4.806s] -- Execute custom install script
[4.807s] -- Symlinking: /root/ros_ws/src/install/custom_msgs/share/ament_index/resource_index/rosidl_interfaces/custom_msgs
[4.811s] -- Symlinking: /root/ros_ws/src/install/custom_msgs/include/custom_msgs/custom_msgs/action/count_down.h
[4.814s] -- Symlinking: /root/ros_ws/src/install/custom_msgs/include/custom_msgs/custom_msgs/action/detail/count_down__functions.h
[4.816s] -- Symlinking: /root/ros_ws/src/install/custom_msgs/include/custom_msgs/custom_msgs/action/detail/count_down__struct.h
[4.819s] -- Symlinking: /root/ros_ws/src/install/custom_msgs/include/custom_msgs/custom_msgs/action/detail/count_down__type_support.h
[4.822s] -- Symlinking: /root/ros_ws/src/install/custom_msgs/include/custom_msgs/custom_msgs/msg/detail/extended_vector3__functions.h
[4.825s] -- Symlinking: /root/ros_ws/src/install/custom_msgs/include/custom_msgs/custom_msgs/msg/detail/extended_vector3__struct.h
[4.828s] -- Symlinking: /root/ros_ws/src/install/custom_msgs/include/custom_msgs/custom_msgs/msg/detail/extended_vector3__type_support.h
[4.832s] -- Symlinking: /root/ros_ws/src/install/custom_msgs/include/custom_msgs/custom_msgs/msg/detail/robot_status__functions.h
[4.834s] -- Symlinking: /root/ros_ws/src/install/custom_msgs/include/custom_msgs/custom_msgs/msg/detail/robot_status__struct.h
[4.837s] -- Symlinking: /root/ros_ws/src/install/custom_msgs/include/custom_msgs/custom_msgs/msg/detail/robot_status__type_support.h
[4.840s] -- Symlinking: /root/ros_ws/src/install/custom_msgs/include/custom_msgs/custom_msgs/msg/extended_vector3.h
[4.843s] -- Symlinking: /root/ros_ws/src/install/custom_msgs/include/custom_msgs/custom_msgs/msg/robot_status.h
[4.845s] -- Symlinking: /root/ros_ws/src/install/custom_msgs/include/custom_msgs/custom_msgs/msg/rosidl_generator_c__visibility_control.h
[4.848s] -- Symlinking: /root/ros_ws/src/install/custom_msgs/include/custom_msgs/custom_msgs/srv/add_number.h
[4.851s] -- Symlinking: /root/ros_ws/src/install/custom_msgs/include/custom_msgs/custom_msgs/srv/detail/add_number__functions.h
[4.854s] -- Symlinking: /root/ros_ws/src/install/custom_msgs/include/custom_msgs/custom_msgs/srv/detail/add_number__struct.h
[4.856s] -- Symlinking: /root/ros_ws/src/install/custom_msgs/include/custom_msgs/custom_msgs/srv/detail/add_number__type_support.h
[4.859s] -- Symlinking: /root/ros_ws/src/install/custom_msgs/share/custom_msgs/environment/library_path.sh
[4.862s] -- Symlinking: /root/ros_ws/src/install/custom_msgs/share/custom_msgs/environment/library_path.dsv
[4.865s] -- Symlinking: /root/ros_ws/src/install/custom_msgs/include/custom_msgs/custom_msgs/action/detail/count_down__rosidl_typesupport_fastrtps_c.h
[4.868s] -- Symlinking: /root/ros_ws/src/install/custom_msgs/include/custom_msgs/custom_msgs/msg/detail/extended_vector3__rosidl_typesupport_fastrtps_c.h
[4.871s] -- Symlinking: /root/ros_ws/src/install/custom_msgs/include/custom_msgs/custom_msgs/msg/detail/robot_status__rosidl_typesupport_fastrtps_c.h
[4.874s] -- Symlinking: /root/ros_ws/src/install/custom_msgs/include/custom_msgs/custom_msgs/msg/rosidl_typesupport_fastrtps_c__visibility_control.h
[4.877s] -- Symlinking: /root/ros_ws/src/install/custom_msgs/include/custom_msgs/custom_msgs/srv/detail/add_number__rosidl_typesupport_fastrtps_c.h
[4.880s] -- Symlinking: /root/ros_ws/src/install/custom_msgs/include/custom_msgs/custom_msgs/action/detail/count_down__rosidl_typesupport_introspection_c.h
[4.883s] -- Symlinking: /root/ros_ws/src/install/custom_msgs/include/custom_msgs/custom_msgs/msg/detail/extended_vector3__rosidl_typesupport_introspection_c.h
[4.885s] -- Symlinking: /root/ros_ws/src/install/custom_msgs/include/custom_msgs/custom_msgs/msg/detail/robot_status__rosidl_typesupport_introspection_c.h
[4.888s] -- Symlinking: /root/ros_ws/src/install/custom_msgs/include/custom_msgs/custom_msgs/msg/rosidl_typesupport_introspection_c__visibility_control.h
[4.891s] -- Symlinking: /root/ros_ws/src/install/custom_msgs/include/custom_msgs/custom_msgs/srv/detail/add_number__rosidl_typesupport_introspection_c.h
[4.894s] -- Symlinking: /root/ros_ws/src/install/custom_msgs/include/custom_msgs/custom_msgs/action/count_down.hpp
[4.897s] -- Symlinking: /root/ros_ws/src/install/custom_msgs/include/custom_msgs/custom_msgs/action/detail/count_down__builder.hpp
[4.899s] -- Symlinking: /root/ros_ws/src/install/custom_msgs/include/custom_msgs/custom_msgs/action/detail/count_down__struct.hpp
[4.902s] -- Symlinking: /root/ros_ws/src/install/custom_msgs/include/custom_msgs/custom_msgs/action/detail/count_down__traits.hpp
[4.905s] -- Symlinking: /root/ros_ws/src/install/custom_msgs/include/custom_msgs/custom_msgs/action/detail/count_down__type_support.hpp
[4.908s] -- Symlinking: /root/ros_ws/src/install/custom_msgs/include/custom_msgs/custom_msgs/msg/detail/extended_vector3__builder.hpp
[4.911s] -- Symlinking: /root/ros_ws/src/install/custom_msgs/include/custom_msgs/custom_msgs/msg/detail/extended_vector3__struct.hpp
[4.914s] -- Symlinking: /root/ros_ws/src/install/custom_msgs/include/custom_msgs/custom_msgs/msg/detail/extended_vector3__traits.hpp
[4.917s] -- Symlinking: /root/ros_ws/src/install/custom_msgs/include/custom_msgs/custom_msgs/msg/detail/extended_vector3__type_support.hpp
[4.919s] -- Symlinking: /root/ros_ws/src/install/custom_msgs/include/custom_msgs/custom_msgs/msg/detail/robot_status__builder.hpp
[4.922s] -- Symlinking: /root/ros_ws/src/install/custom_msgs/include/custom_msgs/custom_msgs/msg/detail/robot_status__struct.hpp
[4.925s] -- Symlinking: /root/ros_ws/src/install/custom_msgs/include/custom_msgs/custom_msgs/msg/detail/robot_status__traits.hpp
[4.928s] -- Symlinking: /root/ros_ws/src/install/custom_msgs/include/custom_msgs/custom_msgs/msg/detail/robot_status__type_support.hpp
[4.931s] -- Symlinking: /root/ros_ws/src/install/custom_msgs/include/custom_msgs/custom_msgs/msg/extended_vector3.hpp
[4.934s] -- Symlinking: /root/ros_ws/src/install/custom_msgs/include/custom_msgs/custom_msgs/msg/robot_status.hpp
[4.936s] -- Symlinking: /root/ros_ws/src/install/custom_msgs/include/custom_msgs/custom_msgs/msg/rosidl_generator_cpp__visibility_control.hpp
[4.939s] -- Symlinking: /root/ros_ws/src/install/custom_msgs/include/custom_msgs/custom_msgs/srv/add_number.hpp
[4.942s] -- Symlinking: /root/ros_ws/src/install/custom_msgs/include/custom_msgs/custom_msgs/srv/detail/add_number__builder.hpp
[4.945s] -- Symlinking: /root/ros_ws/src/install/custom_msgs/include/custom_msgs/custom_msgs/srv/detail/add_number__struct.hpp
[4.948s] -- Symlinking: /root/ros_ws/src/install/custom_msgs/include/custom_msgs/custom_msgs/srv/detail/add_number__traits.hpp
[4.951s] -- Symlinking: /root/ros_ws/src/install/custom_msgs/include/custom_msgs/custom_msgs/srv/detail/add_number__type_support.hpp
[4.954s] -- Symlinking: /root/ros_ws/src/install/custom_msgs/include/custom_msgs/custom_msgs/action/detail/count_down__rosidl_typesupport_fastrtps_cpp.hpp
[4.957s] -- Symlinking: /root/ros_ws/src/install/custom_msgs/include/custom_msgs/custom_msgs/msg/detail/extended_vector3__rosidl_typesupport_fastrtps_cpp.hpp
[4.960s] -- Symlinking: /root/ros_ws/src/install/custom_msgs/include/custom_msgs/custom_msgs/msg/detail/robot_status__rosidl_typesupport_fastrtps_cpp.hpp
[4.963s] -- Symlinking: /root/ros_ws/src/install/custom_msgs/include/custom_msgs/custom_msgs/msg/rosidl_typesupport_fastrtps_cpp__visibility_control.h
[4.966s] -- Symlinking: /root/ros_ws/src/install/custom_msgs/include/custom_msgs/custom_msgs/srv/detail/add_number__rosidl_typesupport_fastrtps_cpp.hpp
[4.969s] -- Symlinking: /root/ros_ws/src/install/custom_msgs/include/custom_msgs/custom_msgs/action/detail/count_down__rosidl_typesupport_introspection_cpp.hpp
[4.972s] -- Symlinking: /root/ros_ws/src/install/custom_msgs/include/custom_msgs/custom_msgs/msg/detail/extended_vector3__rosidl_typesupport_introspection_cpp.hpp
[4.975s] -- Symlinking: /root/ros_ws/src/install/custom_msgs/include/custom_msgs/custom_msgs/msg/detail/robot_status__rosidl_typesupport_introspection_cpp.hpp
[4.978s] -- Symlinking: /root/ros_ws/src/install/custom_msgs/include/custom_msgs/custom_msgs/srv/detail/add_number__rosidl_typesupport_introspection_cpp.hpp
[4.980s] -- Symlinking: /root/ros_ws/src/install/custom_msgs/share/custom_msgs/environment/pythonpath.sh
[4.983s] -- Symlinking: /root/ros_ws/src/install/custom_msgs/share/custom_msgs/environment/pythonpath.dsv
[4.986s] -- Symlinking: /root/ros_ws/src/install/custom_msgs/local/lib/python3.10/dist-packages/custom_msgs-0.0.0-py3.10.egg-info/PKG-INFO
[4.989s] -- Symlinking: /root/ros_ws/src/install/custom_msgs/local/lib/python3.10/dist-packages/custom_msgs-0.0.0-py3.10.egg-info/SOURCES.txt
[4.992s] -- Symlinking: /root/ros_ws/src/install/custom_msgs/local/lib/python3.10/dist-packages/custom_msgs-0.0.0-py3.10.egg-info/dependency_links.txt
[4.995s] -- Symlinking: /root/ros_ws/src/install/custom_msgs/local/lib/python3.10/dist-packages/custom_msgs-0.0.0-py3.10.egg-info/top_level.txt
[4.999s] -- Symlinking: /root/ros_ws/src/install/custom_msgs/local/lib/python3.10/dist-packages/custom_msgs/__init__.py
[5.001s] -- Symlinking: /root/ros_ws/src/install/custom_msgs/local/lib/python3.10/dist-packages/custom_msgs/_custom_msgs_s.ep.rosidl_typesupport_c.c
[5.004s] -- Symlinking: /root/ros_ws/src/install/custom_msgs/local/lib/python3.10/dist-packages/custom_msgs/_custom_msgs_s.ep.rosidl_typesupport_fastrtps_c.c
[5.007s] -- Symlinking: /root/ros_ws/src/install/custom_msgs/local/lib/python3.10/dist-packages/custom_msgs/_custom_msgs_s.ep.rosidl_typesupport_introspection_c.c
[5.010s] -- Symlinking: /root/ros_ws/src/install/custom_msgs/local/lib/python3.10/dist-packages/custom_msgs/action/__init__.py
[5.013s] -- Symlinking: /root/ros_ws/src/install/custom_msgs/local/lib/python3.10/dist-packages/custom_msgs/action/_count_down.py
[5.016s] -- Symlinking: /root/ros_ws/src/install/custom_msgs/local/lib/python3.10/dist-packages/custom_msgs/action/_count_down_s.c
[5.019s] -- Symlinking: /root/ros_ws/src/install/custom_msgs/local/lib/python3.10/dist-packages/custom_msgs/custom_msgs_s__rosidl_typesupport_c.cpython-310-x86_64-linux-gnu.so
[5.022s] -- Symlinking: /root/ros_ws/src/install/custom_msgs/local/lib/python3.10/dist-packages/custom_msgs/custom_msgs_s__rosidl_typesupport_fastrtps_c.cpython-310-x86_64-linux-gnu.so
[5.025s] -- Symlinking: /root/ros_ws/src/install/custom_msgs/local/lib/python3.10/dist-packages/custom_msgs/custom_msgs_s__rosidl_typesupport_introspection_c.cpython-310-x86_64-linux-gnu.so
[5.028s] -- Symlinking: /root/ros_ws/src/install/custom_msgs/local/lib/python3.10/dist-packages/custom_msgs/libcustom_msgs__rosidl_generator_py.so
[5.030s] -- Symlinking: /root/ros_ws/src/install/custom_msgs/local/lib/python3.10/dist-packages/custom_msgs/msg/__init__.py
[5.033s] -- Symlinking: /root/ros_ws/src/install/custom_msgs/local/lib/python3.10/dist-packages/custom_msgs/msg/_extended_vector3.py
[5.036s] -- Symlinking: /root/ros_ws/src/install/custom_msgs/local/lib/python3.10/dist-packages/custom_msgs/msg/_extended_vector3_s.c
[5.039s] -- Symlinking: /root/ros_ws/src/install/custom_msgs/local/lib/python3.10/dist-packages/custom_msgs/msg/_robot_status.py
[5.042s] -- Symlinking: /root/ros_ws/src/install/custom_msgs/local/lib/python3.10/dist-packages/custom_msgs/msg/_robot_status_s.c
[5.045s] -- Symlinking: /root/ros_ws/src/install/custom_msgs/local/lib/python3.10/dist-packages/custom_msgs/srv/__init__.py
[5.047s] -- Symlinking: /root/ros_ws/src/install/custom_msgs/local/lib/python3.10/dist-packages/custom_msgs/srv/_add_number.py
[5.050s] -- Symlinking: /root/ros_ws/src/install/custom_msgs/local/lib/python3.10/dist-packages/custom_msgs/srv/_add_number_s.c
[5.053s] -- Up-to-date symlink: /root/ros_ws/src/install/custom_msgs/local/lib/python3.10/dist-packages/custom_msgs/custom_msgs_s__rosidl_typesupport_fastrtps_c.cpython-310-x86_64-linux-gnu.so
[5.053s] -- Up-to-date symlink: /root/ros_ws/src/install/custom_msgs/local/lib/python3.10/dist-packages/custom_msgs/custom_msgs_s__rosidl_typesupport_introspection_c.cpython-310-x86_64-linux-gnu.so
[5.053s] -- Up-to-date symlink: /root/ros_ws/src/install/custom_msgs/local/lib/python3.10/dist-packages/custom_msgs/custom_msgs_s__rosidl_typesupport_c.cpython-310-x86_64-linux-gnu.so
[5.054s] -- Symlinking: /root/ros_ws/src/install/custom_msgs/share/ament_index/resource_index/rust_packages/custom_msgs
[5.057s] -- Symlinking: /root/ros_ws/src/install/custom_msgs/share/custom_msgs/rust/Cargo.toml
[5.060s] -- Symlinking: /root/ros_ws/src/install/custom_msgs/share/custom_msgs/rust/build.rs
[5.063s] -- Symlinking: /root/ros_ws/src/install/custom_msgs/share/custom_msgs/rust/src/action.rs
[5.065s] -- Symlinking: /root/ros_ws/src/install/custom_msgs/share/custom_msgs/rust/src/action/rmw.rs
[5.068s] -- Symlinking: /root/ros_ws/src/install/custom_msgs/share/custom_msgs/rust/src/lib.rs
[5.071s] -- Symlinking: /root/ros_ws/src/install/custom_msgs/share/custom_msgs/rust/src/msg.rs
[5.074s] -- Symlinking: /root/ros_ws/src/install/custom_msgs/share/custom_msgs/rust/src/msg/rmw.rs
[5.077s] -- Symlinking: /root/ros_ws/src/install/custom_msgs/share/custom_msgs/rust/src/srv.rs
[5.079s] -- Symlinking: /root/ros_ws/src/install/custom_msgs/share/custom_msgs/rust/src/srv/rmw.rs
[5.083s] -- Symlinking: /root/ros_ws/src/install/custom_msgs/share/custom_msgs/msg/ExtendedVector3.idl
[5.086s] -- Symlinking: /root/ros_ws/src/install/custom_msgs/share/custom_msgs/msg/RobotStatus.idl
[5.089s] -- Symlinking: /root/ros_ws/src/install/custom_msgs/share/custom_msgs/srv/AddNumber.idl
[5.092s] -- Symlinking: /root/ros_ws/src/install/custom_msgs/share/custom_msgs/action/CountDown.idl
[5.095s] -- Symlinking: /root/ros_ws/src/install/custom_msgs/share/custom_msgs/msg/ExtendedVector3.msg
[5.098s] -- Symlinking: /root/ros_ws/src/install/custom_msgs/share/custom_msgs/msg/RobotStatus.msg
[5.101s] -- Symlinking: /root/ros_ws/src/install/custom_msgs/share/custom_msgs/srv/AddNumber.srv
[5.104s] -- Symlinking: /root/ros_ws/src/install/custom_msgs/share/custom_msgs/srv/AddNumber_Request.msg
[5.107s] -- Symlinking: /root/ros_ws/src/install/custom_msgs/share/custom_msgs/srv/AddNumber_Response.msg
[5.110s] -- Symlinking: /root/ros_ws/src/install/custom_msgs/share/custom_msgs/action/CountDown.action
[5.113s] -- Symlinking: /root/ros_ws/src/install/custom_msgs/share/ament_index/resource_index/package_run_dependencies/custom_msgs
[5.116s] -- Symlinking: /root/ros_ws/src/install/custom_msgs/share/ament_index/resource_index/parent_prefix_path/custom_msgs
[5.119s] -- Symlinking: /root/ros_ws/src/install/custom_msgs/share/custom_msgs/environment/ament_prefix_path.sh
[5.122s] -- Symlinking: /root/ros_ws/src/install/custom_msgs/share/custom_msgs/environment/ament_prefix_path.dsv
[5.124s] -- Symlinking: /root/ros_ws/src/install/custom_msgs/share/custom_msgs/environment/path.sh
[5.127s] -- Symlinking: /root/ros_ws/src/install/custom_msgs/share/custom_msgs/environment/path.dsv
[5.130s] -- Symlinking: /root/ros_ws/src/install/custom_msgs/share/custom_msgs/local_setup.bash
[5.133s] -- Symlinking: /root/ros_ws/src/install/custom_msgs/share/custom_msgs/local_setup.sh
[5.135s] -- Symlinking: /root/ros_ws/src/install/custom_msgs/share/custom_msgs/local_setup.zsh
[5.138s] -- Symlinking: /root/ros_ws/src/install/custom_msgs/share/custom_msgs/local_setup.dsv
[5.141s] -- Symlinking: /root/ros_ws/src/install/custom_msgs/share/custom_msgs/package.dsv
[5.144s] -- Symlinking: /root/ros_ws/src/install/custom_msgs/share/ament_index/resource_index/packages/custom_msgs
[5.147s] -- Symlinking: /root/ros_ws/src/install/custom_msgs/share/custom_msgs/cmake/rosidl_cmake-extras.cmake
[5.150s] -- Symlinking: /root/ros_ws/src/install/custom_msgs/share/custom_msgs/cmake/ament_cmake_export_dependencies-extras.cmake
[5.153s] -- Symlinking: /root/ros_ws/src/install/custom_msgs/share/custom_msgs/cmake/ament_cmake_export_include_directories-extras.cmake
[5.156s] -- Symlinking: /root/ros_ws/src/install/custom_msgs/share/custom_msgs/cmake/ament_cmake_export_libraries-extras.cmake
[5.159s] -- Symlinking: /root/ros_ws/src/install/custom_msgs/share/custom_msgs/cmake/ament_cmake_export_targets-extras.cmake
[5.161s] -- Symlinking: /root/ros_ws/src/install/custom_msgs/share/custom_msgs/cmake/rosidl_cmake_export_typesupport_targets-extras.cmake
[5.164s] -- Symlinking: /root/ros_ws/src/install/custom_msgs/share/custom_msgs/cmake/rosidl_cmake_export_typesupport_libraries-extras.cmake
[5.167s] -- Symlinking: /root/ros_ws/src/install/custom_msgs/share/custom_msgs/cmake/custom_msgsConfig.cmake
[5.170s] -- Symlinking: /root/ros_ws/src/install/custom_msgs/share/custom_msgs/cmake/custom_msgsConfig-version.cmake
[5.173s] -- Symlinking: /root/ros_ws/src/install/custom_msgs/share/custom_msgs/package.xml
[5.176s] -- Installing: /root/ros_ws/src/install/custom_msgs/lib/libcustom_msgs__rosidl_generator_c.so
[5.176s] -- Set non-toolchain portion of runtime path of "/root/ros_ws/src/install/custom_msgs/lib/libcustom_msgs__rosidl_generator_c.so" to ""
[5.176s] -- Installing: /root/ros_ws/src/install/custom_msgs/lib/libcustom_msgs__rosidl_typesupport_fastrtps_c.so
[5.177s] -- Set non-toolchain portion of runtime path of "/root/ros_ws/src/install/custom_msgs/lib/libcustom_msgs__rosidl_typesupport_fastrtps_c.so" to ""
[5.177s] -- Installing: /root/ros_ws/src/install/custom_msgs/lib/libcustom_msgs__rosidl_typesupport_introspection_c.so
[5.177s] -- Set non-toolchain portion of runtime path of "/root/ros_ws/src/install/custom_msgs/lib/libcustom_msgs__rosidl_typesupport_introspection_c.so" to ""
[5.177s] -- Installing: /root/ros_ws/src/install/custom_msgs/lib/libcustom_msgs__rosidl_typesupport_c.so
[5.177s] -- Set non-toolchain portion of runtime path of "/root/ros_ws/src/install/custom_msgs/lib/libcustom_msgs__rosidl_typesupport_c.so" to ""
[5.177s] -- Installing: /root/ros_ws/src/install/custom_msgs/lib/libcustom_msgs__rosidl_typesupport_fastrtps_cpp.so
[5.178s] -- Set non-toolchain portion of runtime path of "/root/ros_ws/src/install/custom_msgs/lib/libcustom_msgs__rosidl_typesupport_fastrtps_cpp.so" to ""
[5.178s] -- Installing: /root/ros_ws/src/install/custom_msgs/lib/libcustom_msgs__rosidl_typesupport_introspection_cpp.so
[5.178s] -- Set non-toolchain portion of runtime path of "/root/ros_ws/src/install/custom_msgs/lib/libcustom_msgs__rosidl_typesupport_introspection_cpp.so" to ""
[5.178s] -- Installing: /root/ros_ws/src/install/custom_msgs/lib/libcustom_msgs__rosidl_typesupport_cpp.so
[5.178s] -- Set non-toolchain portion of runtime path of "/root/ros_ws/src/install/custom_msgs/lib/libcustom_msgs__rosidl_typesupport_cpp.so" to ""
[5.212s] Listing '/root/ros_ws/src/install/custom_msgs/local/lib/python3.10/dist-packages/custom_msgs'...
[5.212s] Compiling '/root/ros_ws/src/install/custom_msgs/local/lib/python3.10/dist-packages/custom_msgs/__init__.py'...
[5.212s] Listing '/root/ros_ws/src/install/custom_msgs/local/lib/python3.10/dist-packages/custom_msgs/action'...
[5.212s] Compiling '/root/ros_ws/src/install/custom_msgs/local/lib/python3.10/dist-packages/custom_msgs/action/__init__.py'...
[5.212s] Compiling '/root/ros_ws/src/install/custom_msgs/local/lib/python3.10/dist-packages/custom_msgs/action/_count_down.py'...
[5.213s] Listing '/root/ros_ws/src/install/custom_msgs/local/lib/python3.10/dist-packages/custom_msgs/msg'...
[5.213s] Compiling '/root/ros_ws/src/install/custom_msgs/local/lib/python3.10/dist-packages/custom_msgs/msg/__init__.py'...
[5.213s] Compiling '/root/ros_ws/src/install/custom_msgs/local/lib/python3.10/dist-packages/custom_msgs/msg/_extended_vector3.py'...
[5.213s] Compiling '/root/ros_ws/src/install/custom_msgs/local/lib/python3.10/dist-packages/custom_msgs/msg/_robot_status.py'...
[5.213s] Listing '/root/ros_ws/src/install/custom_msgs/local/lib/python3.10/dist-packages/custom_msgs/srv'...
[5.213s] Compiling '/root/ros_ws/src/install/custom_msgs/local/lib/python3.10/dist-packages/custom_msgs/srv/__init__.py'...
[5.213s] Compiling '/root/ros_ws/src/install/custom_msgs/local/lib/python3.10/dist-packages/custom_msgs/srv/_add_number.py'...
[5.216s] -- Installing: /root/ros_ws/src/install/custom_msgs/lib/libcustom_msgs__rosidl_generator_py.so
[5.217s] -- Set non-toolchain portion of runtime path of "/root/ros_ws/src/install/custom_msgs/lib/libcustom_msgs__rosidl_generator_py.so" to ""
[5.217s] -- Installing: /root/ros_ws/src/install/custom_msgs/share/custom_msgs/cmake/export_custom_msgs__rosidl_generator_cExport.cmake
[5.217s] -- Installing: /root/ros_ws/src/install/custom_msgs/share/custom_msgs/cmake/export_custom_msgs__rosidl_generator_cExport-noconfig.cmake
[5.217s] -- Installing: /root/ros_ws/src/install/custom_msgs/share/custom_msgs/cmake/export_custom_msgs__rosidl_typesupport_fastrtps_cExport.cmake
[5.217s] -- Installing: /root/ros_ws/src/install/custom_msgs/share/custom_msgs/cmake/export_custom_msgs__rosidl_typesupport_fastrtps_cExport-noconfig.cmake
[5.218s] -- Installing: /root/ros_ws/src/install/custom_msgs/share/custom_msgs/cmake/custom_msgs__rosidl_typesupport_introspection_cExport.cmake
[5.218s] -- Installing: /root/ros_ws/src/install/custom_msgs/share/custom_msgs/cmake/custom_msgs__rosidl_typesupport_introspection_cExport-noconfig.cmake
[5.218s] -- Installing: /root/ros_ws/src/install/custom_msgs/share/custom_msgs/cmake/custom_msgs__rosidl_typesupport_cExport.cmake
[5.218s] -- Installing: /root/ros_ws/src/install/custom_msgs/share/custom_msgs/cmake/custom_msgs__rosidl_typesupport_cExport-noconfig.cmake
[5.218s] -- Installing: /root/ros_ws/src/install/custom_msgs/share/custom_msgs/cmake/export_custom_msgs__rosidl_generator_cppExport.cmake
[5.218s] -- Installing: /root/ros_ws/src/install/custom_msgs/share/custom_msgs/cmake/export_custom_msgs__rosidl_typesupport_fastrtps_cppExport.cmake
[5.218s] -- Installing: /root/ros_ws/src/install/custom_msgs/share/custom_msgs/cmake/export_custom_msgs__rosidl_typesupport_fastrtps_cppExport-noconfig.cmake
[5.218s] -- Installing: /root/ros_ws/src/install/custom_msgs/share/custom_msgs/cmake/custom_msgs__rosidl_typesupport_introspection_cppExport.cmake
[5.219s] -- Installing: /root/ros_ws/src/install/custom_msgs/share/custom_msgs/cmake/custom_msgs__rosidl_typesupport_introspection_cppExport-noconfig.cmake
[5.219s] -- Installing: /root/ros_ws/src/install/custom_msgs/share/custom_msgs/cmake/custom_msgs__rosidl_typesupport_cppExport.cmake
[5.219s] -- Installing: /root/ros_ws/src/install/custom_msgs/share/custom_msgs/cmake/custom_msgs__rosidl_typesupport_cppExport-noconfig.cmake
[5.219s] -- Installing: /root/ros_ws/src/install/custom_msgs/share/custom_msgs/cmake/export_custom_msgs__rosidl_generator_pyExport.cmake
[5.219s] -- Installing: /root/ros_ws/src/install/custom_msgs/share/custom_msgs/cmake/export_custom_msgs__rosidl_generator_pyExport-noconfig.cmake
[5.221s] Invoked command in '/root/ros_ws/src/build/custom_msgs' returned '0': CMAKE_PREFIX_PATH=${CMAKE_PREFIX_PATH}:/root/ros_ws/install/task3:/root/ros_ws/install/task2:/root/ros_ws/install/sensorPkg:/root/ros_ws/install/my_robot_controller:/opt/ros/humble /usr/bin/cmake --install /root/ros_ws/src/build/custom_msgs
