[0.918s] Invoking command in '/root/ros_ws/build/my_robot_controller': PYTHONPATH=/root/ros_ws/build/my_robot_controller/prefix_override:/usr/lib/python3/dist-packages/colcon_core/task/python/colcon_distutils_commands:/root/ros_ws/install/my_robot_controller/lib/python3.10/site-packages:${PYTHONPATH} /usr/bin/python3 -W ignore:setup.py install is deprecated -W ignore:easy_install command is deprecated setup.py develop --editable --build-directory /root/ros_ws/build/my_robot_controller/build --no-deps symlink_data
[1.119s] running develop
[1.234s] running egg_info
[1.234s] writing my_robot_controller.egg-info/PKG-INFO
[1.234s] writing dependency_links to my_robot_controller.egg-info/dependency_links.txt
[1.234s] writing entry points to my_robot_controller.egg-info/entry_points.txt
[1.234s] writing requirements to my_robot_controller.egg-info/requires.txt
[1.234s] writing top-level names to my_robot_controller.egg-info/top_level.txt
[1.236s] reading manifest file 'my_robot_controller.egg-info/SOURCES.txt'
[1.237s] writing manifest file 'my_robot_controller.egg-info/SOURCES.txt'
[1.238s] running build_ext
[1.238s] Creating /root/ros_ws/install/my_robot_controller/lib/python3.10/site-packages/my-robot-controller.egg-link (link to .)
[1.239s] Installing draw_circle script to /root/ros_ws/install/my_robot_controller/lib/my_robot_controller
[1.239s] Installing firstNode script to /root/ros_ws/install/my_robot_controller/lib/my_robot_controller
[1.239s] Installing listen script to /root/ros_ws/install/my_robot_controller/lib/my_robot_controller
[1.239s] Installing sensor script to /root/ros_ws/install/my_robot_controller/lib/my_robot_controller
[1.239s] Installing test script to /root/ros_ws/install/my_robot_controller/lib/my_robot_controller
[1.239s] 
[1.239s] Installed /root/ros_ws/build/my_robot_controller
[1.239s] running symlink_data
[1.273s] Invoked command in '/root/ros_ws/build/my_robot_controller' returned '0': PYTHONPATH=/root/ros_ws/build/my_robot_controller/prefix_override:/usr/lib/python3/dist-packages/colcon_core/task/python/colcon_distutils_commands:/root/ros_ws/install/my_robot_controller/lib/python3.10/site-packages:${PYTHONPATH} /usr/bin/python3 -W ignore:setup.py install is deprecated -W ignore:easy_install command is deprecated setup.py develop --editable --build-directory /root/ros_ws/build/my_robot_controller/build --no-deps symlink_data
