[0.000000] (-) TimerEvent: {}
[0.000581] (custom_msgs) JobQueued: {'identifier': 'custom_msgs', 'dependencies': OrderedDict()}
[0.000654] (my_robot_controller) JobQueued: {'identifier': 'my_robot_controller', 'dependencies': OrderedDict()}
[0.000688] (sensorPkg) JobQueued: {'identifier': 'sensorPkg', 'dependencies': OrderedDict([('custom_msgs', '/root/ros_ws/install/custom_msgs')])}
[0.000707] (task2) JobQueued: {'identifier': 'task2', 'dependencies': OrderedDict([('custom_msgs', '/root/ros_ws/install/custom_msgs')])}
[0.000721] (task3) JobQueued: {'identifier': 'task3', 'dependencies': OrderedDict([('custom_msgs', '/root/ros_ws/install/custom_msgs')])}
[0.000737] (custom_msgs) JobStarted: {'identifier': 'custom_msgs'}
[0.009612] (my_robot_controller) JobStarted: {'identifier': 'my_robot_controller'}
[0.014853] (custom_msgs) JobProgress: {'identifier': 'custom_msgs', 'progress': 'cmake'}
[0.015656] (custom_msgs) JobProgress: {'identifier': 'custom_msgs', 'progress': 'build'}
[0.017106] (custom_msgs) Command: {'cmd': ['/usr/bin/cmake', '--build', '/root/ros_ws/build/custom_msgs', '--', '-j16', '-l16'], 'cwd': '/root/ros_ws/build/custom_msgs', 'env': OrderedDict([('HOSTNAME', '686253f7c9d4'), ('SHLVL', '1'), ('LD_LIBRARY_PATH', '/opt/ros/humble/opt/rviz_ogre_vendor/lib:/opt/ros/humble/lib/x86_64-linux-gnu:/opt/ros/humble/lib'), ('HOME', '/root'), ('ROS_PYTHON_VERSION', '3'), ('ROS_DISTRO', 'humble'), ('_', '/usr/bin/colcon'), ('ROS_VERSION', '2'), ('TERM', 'xterm-256color'), ('ROS_LOCALHOST_ONLY', '0'), ('QT_X11_NO_MITSHM', '1'), ('PATH', '/opt/ros/humble/bin:/usr/local/sbin:/usr/local/bin:/usr/sbin:/usr/bin:/sbin:/bin'), ('DISPLAY', ':0'), ('LANG', 'C.UTF-8'), ('AMENT_PREFIX_PATH', '/opt/ros/humble'), ('PWD', '/root/ros_ws/build/custom_msgs'), ('LC_ALL', 'C.UTF-8'), ('PYTHONPATH', '/opt/ros/humble/lib/python3.10/site-packages:/opt/ros/humble/local/lib/python3.10/dist-packages'), ('COLCON', '1'), ('CMAKE_PREFIX_PATH', '/opt/ros/humble')]), 'shell': False}
[0.087805] (custom_msgs) StderrLine: {'line': b'\x1b[0mCMake Deprecation Warning at CMakeLists.txt:1 (cmake_minimum_required):\n'}
[0.087971] (custom_msgs) StderrLine: {'line': b'  Compatibility with CMake < 3.10 will be removed from a future version of\n'}
[0.088032] (custom_msgs) StderrLine: {'line': b'  CMake.\n'}
[0.088081] (custom_msgs) StderrLine: {'line': b'\n'}
[0.088126] (custom_msgs) StderrLine: {'line': b'  Update the VERSION argument <min> value.  Or, use the <min>...<max> syntax\n'}
[0.088170] (custom_msgs) StderrLine: {'line': b'  to tell CMake that the project requires at least <min> but has been updated\n'}
[0.088213] (custom_msgs) StderrLine: {'line': b'  to work with policies introduced by <max> or earlier.\n'}
[0.088256] (custom_msgs) StderrLine: {'line': b'\n'}
[0.088297] (custom_msgs) StderrLine: {'line': b'\x1b[0m\n'}
[0.099816] (-) TimerEvent: {}
[0.101138] (custom_msgs) StdoutLine: {'line': b'-- Found ament_cmake: 1.3.14 (/opt/ros/humble/share/ament_cmake/cmake)\n'}
[0.199901] (-) TimerEvent: {}
[0.247022] (custom_msgs) StdoutLine: {'line': b'-- Override CMake install command with custom implementation using symlinks instead of copying resources\n'}
[0.261932] (custom_msgs) StdoutLine: {'line': b'-- Found rosidl_default_generators: 1.2.1 (/opt/ros/humble/share/rosidl_default_generators/cmake)\n'}
[0.264754] (custom_msgs) StdoutLine: {'line': b'-- Using all available rosidl_typesupport_c: rosidl_typesupport_fastrtps_c;rosidl_typesupport_introspection_c\n'}
[0.268199] (custom_msgs) StdoutLine: {'line': b'-- Found rosidl_adapter: 3.1.8 (/opt/ros/humble/share/rosidl_adapter/cmake)\n'}
[0.299982] (-) TimerEvent: {}
[0.305348] (custom_msgs) StdoutLine: {'line': b'-- Using all available rosidl_typesupport_cpp: rosidl_typesupport_fastrtps_cpp;rosidl_typesupport_introspection_cpp\n'}
[0.336126] (custom_msgs) StdoutLine: {'line': b'-- Found geometry_msgs: 4.9.1 (/opt/ros/humble/share/geometry_msgs/cmake)\n'}
[0.385971] (custom_msgs) StdoutLine: {'line': b'-- Found action_msgs: 1.2.2 (/opt/ros/humble/share/action_msgs/cmake)\n'}
[0.400070] (-) TimerEvent: {}
[0.439182] (my_robot_controller) Command: {'cmd': ['/usr/bin/python3', '-W', 'ignore:setup.py install is deprecated', '-W', 'ignore:easy_install command is deprecated', 'setup.py', 'develop', '--editable', '--build-directory', '/root/ros_ws/build/my_robot_controller/build', '--no-deps', 'symlink_data'], 'cwd': '/root/ros_ws/build/my_robot_controller', 'env': {'HOSTNAME': '686253f7c9d4', 'SHLVL': '1', 'LD_LIBRARY_PATH': '/opt/ros/humble/opt/rviz_ogre_vendor/lib:/opt/ros/humble/lib/x86_64-linux-gnu:/opt/ros/humble/lib', 'HOME': '/root', 'ROS_PYTHON_VERSION': '3', 'ROS_DISTRO': 'humble', '_': '/usr/bin/colcon', 'ROS_VERSION': '2', 'TERM': 'xterm-256color', 'ROS_LOCALHOST_ONLY': '0', 'QT_X11_NO_MITSHM': '1', 'PATH': '/opt/ros/humble/bin:/usr/local/sbin:/usr/local/bin:/usr/sbin:/usr/bin:/sbin:/bin', 'DISPLAY': ':0', 'LANG': 'C.UTF-8', 'AMENT_PREFIX_PATH': '/opt/ros/humble', 'PWD': '/root/ros_ws/build/my_robot_controller', 'LC_ALL': 'C.UTF-8', 'PYTHONPATH': '/root/ros_ws/build/my_robot_controller/prefix_override:/usr/lib/python3/dist-packages/colcon_core/task/python/colcon_distutils_commands:/root/ros_ws/install/my_robot_controller/lib/python3.10/site-packages:/opt/ros/humble/lib/python3.10/site-packages:/opt/ros/humble/local/lib/python3.10/dist-packages', 'COLCON': '1'}, 'shell': False}
[0.500164] (-) TimerEvent: {}
[0.565406] (custom_msgs) StderrLine: {'line': b'\x1b[31mCMake Error at /opt/ros/humble/share/rosidl_adapter/cmake/rosidl_adapt_interfaces.cmake:59 (message):\n'}
[0.565571] (custom_msgs) StderrLine: {'line': b'  execute_process(/usr/bin/python3 -m rosidl_adapter --package-name\n'}
[0.565630] (custom_msgs) StderrLine: {'line': b'  custom_msgs --arguments-file\n'}
[0.565677] (custom_msgs) StderrLine: {'line': b'  /root/ros_ws/build/custom_msgs/rosidl_adapter__arguments__custom_msgs.json\n'}
[0.565721] (custom_msgs) StderrLine: {'line': b'  --output-dir /root/ros_ws/build/custom_msgs/rosidl_adapter/custom_msgs\n'}
[0.565763] (custom_msgs) StderrLine: {'line': b'  --output-file\n'}
[0.565804] (custom_msgs) StderrLine: {'line': b'  /root/ros_ws/build/custom_msgs/rosidl_adapter/custom_msgs.idls) returned\n'}
[0.565845] (custom_msgs) StderrLine: {'line': b'  error code 1:\n'}
[0.565887] (custom_msgs) StderrLine: {'line': b'\n'}
[0.565933] (custom_msgs) StderrLine: {'line': b"  Error processing 'Feedback: int32 current_count' of\n"}
[0.566029] (custom_msgs) StderrLine: {'line': b"  'custom_msgs/CountDown_Result': ''Feedback:' is an invalid message name.\n"}
[0.566068] (custom_msgs) StderrLine: {'line': b"  It should have the pattern '^[A-Z][A-Za-z0-9]*$''\n"}
[0.566103] (custom_msgs) StderrLine: {'line': b'\n'}
[0.566135] (custom_msgs) StderrLine: {'line': b'  Traceback (most recent call last):\n'}
[0.566168] (custom_msgs) StderrLine: {'line': b'\n'}
[0.566206] (custom_msgs) StderrLine: {'line': b'    File "/usr/lib/python3.10/runpy.py", line 196, in _run_module_as_main\n'}
[0.566241] (custom_msgs) StderrLine: {'line': b'      return _run_code(code, main_globals, None,\n'}
[0.566273] (custom_msgs) StderrLine: {'line': b'    File "/usr/lib/python3.10/runpy.py", line 86, in _run_code\n'}
[0.566310] (custom_msgs) StderrLine: {'line': b'      exec(code, run_globals)\n'}
[0.566342] (custom_msgs) StderrLine: {'line': b'    File "/opt/ros/humble/local/lib/python3.10/dist-packages/rosidl_adapter/__main__.py", line 19, in <module>\n'}
[0.566379] (custom_msgs) StderrLine: {'line': b'      sys.exit(main())\n'}
[0.566414] (custom_msgs) StderrLine: {'line': b'    File "/opt/ros/humble/local/lib/python3.10/dist-packages/rosidl_adapter/main.py", line 53, in main\n'}
[0.566446] (custom_msgs) StderrLine: {'line': b'      abs_idl_file = convert_to_idl(\n'}
[0.566482] (custom_msgs) StderrLine: {'line': b'    File "/opt/ros/humble/local/lib/python3.10/dist-packages/rosidl_adapter/__init__.py", line 29, in convert_to_idl\n'}
[0.566532] (custom_msgs) StderrLine: {'line': b'      return convert_action_to_idl(\n'}
[0.566566] (custom_msgs) StderrLine: {'line': b'    File "/opt/ros/humble/local/lib/python3.10/dist-packages/rosidl_adapter/action/__init__.py", line 28, in convert_action_to_idl\n'}
[0.566606] (custom_msgs) StderrLine: {'line': b'      action = parse_action_string(package_name, input_file.stem, content)\n'}
[0.566637] (custom_msgs) StderrLine: {'line': b'    File "/opt/ros/humble/local/lib/python3.10/dist-packages/rosidl_adapter/parser.py", line 904, in parse_action_string\n'}
[0.566668] (custom_msgs) StderrLine: {'line': b'      result_message = parse_message_string(\n'}
[0.566698] (custom_msgs) StderrLine: {'line': b'    File "/opt/ros/humble/local/lib/python3.10/dist-packages/rosidl_adapter/parser.py", line 520, in parse_message_string\n'}
[0.566729] (custom_msgs) StderrLine: {'line': b'      Type(type_string, context_package_name=pkg_name),\n'}
[0.566761] (custom_msgs) StderrLine: {'line': b'    File "/opt/ros/humble/local/lib/python3.10/dist-packages/rosidl_adapter/parser.py", line 277, in __init__\n'}
[0.566793] (custom_msgs) StderrLine: {'line': b'      super(Type, self).__init__(\n'}
[0.566825] (custom_msgs) StderrLine: {'line': b'    File "/opt/ros/humble/local/lib/python3.10/dist-packages/rosidl_adapter/parser.py", line 205, in __init__\n'}
[0.566856] (custom_msgs) StderrLine: {'line': b'      raise InvalidResourceName(\n'}
[0.566887] (custom_msgs) StderrLine: {'line': b'\n'}
[0.566918] (custom_msgs) StderrLine: {'line': b"  rosidl_adapter.parser.InvalidResourceName: 'Feedback:' is an invalid\n"}
[0.566949] (custom_msgs) StderrLine: {'line': b"  message name.  It should have the pattern '^[A-Z][A-Za-z0-9]*$'\n"}
[0.566980] (custom_msgs) StderrLine: {'line': b'\n'}
[0.567010] (custom_msgs) StderrLine: {'line': b'Call Stack (most recent call first):\n'}
[0.567045] (custom_msgs) StderrLine: {'line': b'  /opt/ros/humble/share/rosidl_cmake/cmake/rosidl_generate_interfaces.cmake:130 (rosidl_adapt_interfaces)\n'}
[0.567078] (custom_msgs) StderrLine: {'line': b'  CMakeLists.txt:9 (rosidl_generate_interfaces)\n'}
[0.567107] (custom_msgs) StderrLine: {'line': b'\n'}
[0.567137] (custom_msgs) StderrLine: {'line': b'\x1b[0m\n'}
[0.567167] (custom_msgs) StdoutLine: {'line': b'-- Configuring incomplete, errors occurred!\n'}
[0.571924] (custom_msgs) StderrLine: {'line': b'gmake: *** [Makefile:1193: cmake_check_build_system] Error 1\n'}
[0.573622] (custom_msgs) CommandEnded: {'returncode': 2}
[0.600235] (-) TimerEvent: {}
[0.605849] (custom_msgs) JobEnded: {'identifier': 'custom_msgs', 'rc': 2}
[0.611951] (my_robot_controller) StdoutLine: {'line': b'running develop\n'}
[0.700338] (-) TimerEvent: {}
[0.709779] (my_robot_controller) StdoutLine: {'line': b'running egg_info\n'}
[0.709985] (my_robot_controller) StdoutLine: {'line': b'writing my_robot_controller.egg-info/PKG-INFO\n'}
[0.710194] (my_robot_controller) StdoutLine: {'line': b'writing dependency_links to my_robot_controller.egg-info/dependency_links.txt\n'}
[0.710375] (my_robot_controller) StdoutLine: {'line': b'writing entry points to my_robot_controller.egg-info/entry_points.txt\n'}
[0.710507] (my_robot_controller) StdoutLine: {'line': b'writing requirements to my_robot_controller.egg-info/requires.txt\n'}
[0.710615] (my_robot_controller) StdoutLine: {'line': b'writing top-level names to my_robot_controller.egg-info/top_level.txt\n'}
[0.711968] (my_robot_controller) StdoutLine: {'line': b"reading manifest file 'my_robot_controller.egg-info/SOURCES.txt'\n"}
[0.712664] (my_robot_controller) StdoutLine: {'line': b"writing manifest file 'my_robot_controller.egg-info/SOURCES.txt'\n"}
[0.713569] (my_robot_controller) StdoutLine: {'line': b'running build_ext\n'}
[0.713715] (my_robot_controller) StdoutLine: {'line': b'Creating /root/ros_ws/install/my_robot_controller/lib/python3.10/site-packages/my-robot-controller.egg-link (link to .)\n'}
[0.714291] (my_robot_controller) StdoutLine: {'line': b'Installing draw_circle script to /root/ros_ws/install/my_robot_controller/lib/my_robot_controller\n'}
[0.714418] (my_robot_controller) StdoutLine: {'line': b'Installing firstNode script to /root/ros_ws/install/my_robot_controller/lib/my_robot_controller\n'}
[0.714542] (my_robot_controller) StdoutLine: {'line': b'Installing listen script to /root/ros_ws/install/my_robot_controller/lib/my_robot_controller\n'}
[0.714643] (my_robot_controller) StdoutLine: {'line': b'Installing sensor script to /root/ros_ws/install/my_robot_controller/lib/my_robot_controller\n'}
[0.714734] (my_robot_controller) StdoutLine: {'line': b'Installing test script to /root/ros_ws/install/my_robot_controller/lib/my_robot_controller\n'}
[0.714888] (my_robot_controller) StdoutLine: {'line': b'\n'}
[0.714946] (my_robot_controller) StdoutLine: {'line': b'Installed /root/ros_ws/build/my_robot_controller\n'}
[0.715011] (my_robot_controller) StdoutLine: {'line': b'running symlink_data\n'}
[0.736749] (my_robot_controller) JobEnded: {'identifier': 'my_robot_controller', 'rc': 'SIGINT'}
[0.737642] (sensorPkg) JobSkipped: {'identifier': 'sensorPkg'}
[0.737676] (task2) JobSkipped: {'identifier': 'task2'}
[0.737690] (task3) JobSkipped: {'identifier': 'task3'}
[0.737703] (-) EventReactorShutdown: {}
