[0.461s] Invoking command in '/root/ros_ws/src/build/my_robot_controller': PYTHONPATH=/root/ros_ws/src/build/my_robot_controller/prefix_override:/usr/lib/python3/dist-packages/colcon_core/task/python/colcon_distutils_commands:/root/ros_ws/src/install/my_robot_controller/lib/python3.10/site-packages:${PYTHONPATH} /usr/bin/python3 -W ignore:setup.py install is deprecated -W ignore:easy_install command is deprecated setup.py develop --editable --build-directory /root/ros_ws/src/build/my_robot_controller/build --no-deps symlink_data
[0.655s] running develop
[0.764s] running egg_info
[0.764s] writing my_robot_controller.egg-info/PKG-INFO
[0.764s] writing dependency_links to my_robot_controller.egg-info/dependency_links.txt
[0.764s] writing entry points to my_robot_controller.egg-info/entry_points.txt
[0.764s] writing requirements to my_robot_controller.egg-info/requires.txt
[0.764s] writing top-level names to my_robot_controller.egg-info/top_level.txt
[0.766s] reading manifest file 'my_robot_controller.egg-info/SOURCES.txt'
[0.766s] writing manifest file 'my_robot_controller.egg-info/SOURCES.txt'
[0.767s] running build_ext
[0.768s] Creating /root/ros_ws/src/install/my_robot_controller/lib/python3.10/site-packages/my-robot-controller.egg-link (link to .)
[0.768s] Installing draw_circle script to /root/ros_ws/src/install/my_robot_controller/lib/my_robot_controller
[0.768s] Installing firstNode script to /root/ros_ws/src/install/my_robot_controller/lib/my_robot_controller
[0.768s] Installing listen script to /root/ros_ws/src/install/my_robot_controller/lib/my_robot_controller
[0.769s] Installing sensor script to /root/ros_ws/src/install/my_robot_controller/lib/my_robot_controller
[0.769s] Installing test script to /root/ros_ws/src/install/my_robot_controller/lib/my_robot_controller
[0.769s] 
[0.769s] Installed /root/ros_ws/src/build/my_robot_controller
[0.769s] running symlink_data
[0.792s] Invoked command in '/root/ros_ws/src/build/my_robot_controller' returned '0': PYTHONPATH=/root/ros_ws/src/build/my_robot_controller/prefix_override:/usr/lib/python3/dist-packages/colcon_core/task/python/colcon_distutils_commands:/root/ros_ws/src/install/my_robot_controller/lib/python3.10/site-packages:${PYTHONPATH} /usr/bin/python3 -W ignore:setup.py install is deprecated -W ignore:easy_install command is deprecated setup.py develop --editable --build-directory /root/ros_ws/src/build/my_robot_controller/build --no-deps symlink_data
