[0.017s] Invoking command in '/root/ros_ws/build/custom_msgs': CMAKE_PREFIX_PATH=/opt/ros/humble /usr/bin/cmake --build /root/ros_ws/build/custom_msgs -- -j16 -l16
[0.087s] [0mCMake Deprecation Warning at CMakeLists.txt:1 (cmake_minimum_required):
[0.087s]   Compatibility with CMake < 3.10 will be removed from a future version of
[0.087s]   CMake.
[0.087s] 
[0.087s]   Update the VERSION argument <min> value.  Or, use the <min>...<max> syntax
[0.087s]   to tell CMake that the project requires at least <min> but has been updated
[0.088s]   to work with policies introduced by <max> or earlier.
[0.088s] 
[0.088s] [0m
[0.100s] -- Found ament_cmake: 1.3.14 (/opt/ros/humble/share/ament_cmake/cmake)
[0.246s] -- Override CMake install command with custom implementation using symlinks instead of copying resources
[0.261s] -- Found rosidl_default_generators: 1.2.1 (/opt/ros/humble/share/rosidl_default_generators/cmake)
[0.264s] -- Using all available rosidl_typesupport_c: rosidl_typesupport_fastrtps_c;rosidl_typesupport_introspection_c
[0.268s] -- Found rosidl_adapter: 3.1.8 (/opt/ros/humble/share/rosidl_adapter/cmake)
[0.305s] -- Using all available rosidl_typesupport_cpp: rosidl_typesupport_fastrtps_cpp;rosidl_typesupport_introspection_cpp
[0.335s] -- Found geometry_msgs: 4.9.1 (/opt/ros/humble/share/geometry_msgs/cmake)
[0.385s] -- Found action_msgs: 1.2.2 (/opt/ros/humble/share/action_msgs/cmake)
[0.565s] [31mCMake Error at /opt/ros/humble/share/rosidl_adapter/cmake/rosidl_adapt_interfaces.cmake:59 (message):
[0.565s]   execute_process(/usr/bin/python3 -m rosidl_adapter --package-name
[0.565s]   custom_msgs --arguments-file
[0.565s]   /root/ros_ws/build/custom_msgs/rosidl_adapter__arguments__custom_msgs.json
[0.565s]   --output-dir /root/ros_ws/build/custom_msgs/rosidl_adapter/custom_msgs
[0.565s]   --output-file
[0.565s]   /root/ros_ws/build/custom_msgs/rosidl_adapter/custom_msgs.idls) returned
[0.565s]   error code 1:
[0.565s] 
[0.565s]   Error processing 'Feedback: int32 current_count' of
[0.565s]   'custom_msgs/CountDown_Result': ''Feedback:' is an invalid message name.
[0.565s]   It should have the pattern '^[A-Z][A-Za-z0-9]*$''
[0.565s] 
[0.565s]   Traceback (most recent call last):
[0.565s] 
[0.565s]     File "/usr/lib/python3.10/runpy.py", line 196, in _run_module_as_main
[0.566s]       return _run_code(code, main_globals, None,
[0.566s]     File "/usr/lib/python3.10/runpy.py", line 86, in _run_code
[0.566s]       exec(code, run_globals)
[0.566s]     File "/opt/ros/humble/local/lib/python3.10/dist-packages/rosidl_adapter/__main__.py", line 19, in <module>
[0.566s]       sys.exit(main())
[0.566s]     File "/opt/ros/humble/local/lib/python3.10/dist-packages/rosidl_adapter/main.py", line 53, in main
[0.566s]       abs_idl_file = convert_to_idl(
[0.566s]     File "/opt/ros/humble/local/lib/python3.10/dist-packages/rosidl_adapter/__init__.py", line 29, in convert_to_idl
[0.566s]       return convert_action_to_idl(
[0.566s]     File "/opt/ros/humble/local/lib/python3.10/dist-packages/rosidl_adapter/action/__init__.py", line 28, in convert_action_to_idl
[0.566s]       action = parse_action_string(package_name, input_file.stem, content)
[0.566s]     File "/opt/ros/humble/local/lib/python3.10/dist-packages/rosidl_adapter/parser.py", line 904, in parse_action_string
[0.566s]       result_message = parse_message_string(
[0.566s]     File "/opt/ros/humble/local/lib/python3.10/dist-packages/rosidl_adapter/parser.py", line 520, in parse_message_string
[0.566s]       Type(type_string, context_package_name=pkg_name),
[0.566s]     File "/opt/ros/humble/local/lib/python3.10/dist-packages/rosidl_adapter/parser.py", line 277, in __init__
[0.566s]       super(Type, self).__init__(
[0.566s]     File "/opt/ros/humble/local/lib/python3.10/dist-packages/rosidl_adapter/parser.py", line 205, in __init__
[0.566s]       raise InvalidResourceName(
[0.566s] 
[0.566s]   rosidl_adapter.parser.InvalidResourceName: 'Feedback:' is an invalid
[0.566s]   message name.  It should have the pattern '^[A-Z][A-Za-z0-9]*$'
[0.566s] 
[0.566s] Call Stack (most recent call first):
[0.566s]   /opt/ros/humble/share/rosidl_cmake/cmake/rosidl_generate_interfaces.cmake:130 (rosidl_adapt_interfaces)
[0.566s]   CMakeLists.txt:9 (rosidl_generate_interfaces)
[0.566s] 
[0.566s] [0m
[0.566s] -- Configuring incomplete, errors occurred!
[0.571s] gmake: *** [Makefile:1193: cmake_check_build_system] Error 1
[0.573s] Invoked command in '/root/ros_ws/build/custom_msgs' returned '2': CMAKE_PREFIX_PATH=/opt/ros/humble /usr/bin/cmake --build /root/ros_ws/build/custom_msgs -- -j16 -l16
