[0.821s] Invoking command in '/root/ros_ws/build/task3': PYTHONPATH=/root/ros_ws/build/task3/prefix_override:/usr/lib/python3/dist-packages/colcon_core/task/python/colcon_distutils_commands:/root/ros_ws/install/task3/lib/python3.10/site-packages:${PYTHONPATH} /usr/bin/python3 -W ignore:setup.py install is deprecated -W ignore:easy_install command is deprecated setup.py develop --editable --build-directory /root/ros_ws/build/task3/build --no-deps symlink_data
[1.021s] running develop
[1.128s] running egg_info
[1.128s] creating task3.egg-info
[1.128s] writing task3.egg-info/PKG-INFO
[1.128s] writing dependency_links to task3.egg-info/dependency_links.txt
[1.128s] writing entry points to task3.egg-info/entry_points.txt
[1.128s] writing requirements to task3.egg-info/requires.txt
[1.129s] writing top-level names to task3.egg-info/top_level.txt
[1.129s] writing manifest file 'task3.egg-info/SOURCES.txt'
[1.130s] reading manifest file 'task3.egg-info/SOURCES.txt'
[1.130s] writing manifest file 'task3.egg-info/SOURCES.txt'
[1.132s] running build_ext
[1.132s] Creating /root/ros_ws/install/task3/lib/python3.10/site-packages/task3.egg-link (link to .)
[1.132s] Installing service script to /root/ros_ws/install/task3/lib/task3
[1.133s] 
[1.133s] Installed /root/ros_ws/build/task3
[1.133s] running symlink_data
[1.133s] creating /root/ros_ws/install/task3/share/ament_index
[1.133s] creating /root/ros_ws/install/task3/share/ament_index/resource_index
[1.133s] creating /root/ros_ws/install/task3/share/ament_index/resource_index/packages
[1.133s] symbolically linking /root/ros_ws/build/task3/resource/task3 -> /root/ros_ws/install/task3/share/ament_index/resource_index/packages
[1.133s] symbolically linking /root/ros_ws/build/task3/package.xml -> /root/ros_ws/install/task3/share/task3
[1.167s] Invoked command in '/root/ros_ws/build/task3' returned '0': PYTHONPATH=/root/ros_ws/build/task3/prefix_override:/usr/lib/python3/dist-packages/colcon_core/task/python/colcon_distutils_commands:/root/ros_ws/install/task3/lib/python3.10/site-packages:${PYTHONPATH} /usr/bin/python3 -W ignore:setup.py install is deprecated -W ignore:easy_install command is deprecated setup.py develop --editable --build-directory /root/ros_ws/build/task3/build --no-deps symlink_data
