[0.107s] DEBUG:colcon:Command line arguments: ['/usr/bin/colcon', 'build', '--symlink']
[0.107s] DEBUG:colcon:Parsed command line arguments: Namespace(log_base=None, log_level=None, verb_name='build', build_base='build', install_base='install', merge_install=False, symlink_install=True, test_result_base=None, continue_on_error=False, executor='parallel', parallel_workers=16, event_handlers=None, ignore_user_meta=False, metas=['./colcon.meta'], base_paths=['.'], packages_ignore=None, packages_ignore_regex=None, paths=None, packages_up_to=None, packages_up_to_regex=None, packages_above=None, packages_above_and_dependencies=None, packages_above_depth=None, packages_select_by_dep=None, packages_skip_by_dep=None, packages_skip_up_to=None, packages_select_build_failed=False, packages_skip_build_finished=False, packages_select_test_failures=False, packages_skip_test_passed=False, packages_select=None, packages_skip=None, packages_select_regex=None, packages_skip_regex=None, packages_start=None, packages_end=None, cmake_args=None, cmake_target=None, cmake_target_skip_unavailable=False, cmake_clean_cache=False, cmake_clean_first=False, cmake_force_configure=False, ament_cmake_args=None, catkin_cmake_args=None, catkin_skip_building_tests=False, mixin_files=None, mixin=None, verb_parser=<colcon_mixin.mixin.mixin_argument.MixinArgumentDecorator object at 0x754e7c121750>, verb_extension=<colcon_core.verb.build.BuildVerb object at 0x754e7c316fb0>, main=<bound method BuildVerb.main of <colcon_core.verb.build.BuildVerb object at 0x754e7c316fb0>>, mixin_verb=('build',))
[0.220s] Level 1:colcon.colcon_core.package_discovery:discover_packages(colcon_meta) check parameters
[0.221s] INFO:colcon.colcon_metadata.package_discovery.colcon_meta:Using configuration from '/root/.colcon/metadata/default/Gazebo.meta'
[0.221s] INFO:colcon.colcon_metadata.package_discovery.colcon_meta:Using configuration from '/root/.colcon/metadata/default/fastdds.meta'
[0.222s] INFO:colcon.colcon_metadata.package_discovery.colcon_meta:Using configuration from '/root/.colcon/metadata/default/fastrtps.meta'
[0.222s] Level 1:colcon.colcon_core.package_discovery:discover_packages(recursive) check parameters
[0.222s] Level 1:colcon.colcon_core.package_discovery:discover_packages(ignore) check parameters
[0.222s] Level 1:colcon.colcon_core.package_discovery:discover_packages(path) check parameters
[0.222s] Level 1:colcon.colcon_core.package_discovery:discover_packages(colcon_meta) discover
[0.222s] Level 1:colcon.colcon_core.package_discovery:discover_packages(recursive) discover
[0.222s] INFO:colcon.colcon_core.package_discovery:Crawling recursively for packages in '/root/ros_ws/src'
[0.222s] Level 1:colcon.colcon_core.package_identification:_identify(.) by extensions ['ignore', 'ignore_ament_install']
[0.222s] Level 1:colcon.colcon_core.package_identification:_identify(.) by extension 'ignore'
[0.222s] Level 1:colcon.colcon_core.package_identification:_identify(.) by extension 'ignore_ament_install'
[0.222s] Level 1:colcon.colcon_core.package_identification:_identify(.) by extensions ['colcon_pkg']
[0.222s] Level 1:colcon.colcon_core.package_identification:_identify(.) by extension 'colcon_pkg'
[0.222s] Level 1:colcon.colcon_core.package_identification:_identify(.) by extensions ['colcon_meta']
[0.222s] Level 1:colcon.colcon_core.package_identification:_identify(.) by extension 'colcon_meta'
[0.222s] Level 1:colcon.colcon_core.package_identification:_identify(.) by extensions ['ros']
[0.222s] Level 1:colcon.colcon_core.package_identification:_identify(.) by extension 'ros'
[0.230s] Level 1:colcon.colcon_core.package_identification:_identify(.) by extensions ['cmake', 'python']
[0.230s] Level 1:colcon.colcon_core.package_identification:_identify(.) by extension 'cmake'
[0.230s] Level 1:colcon.colcon_core.package_identification:_identify(.) by extension 'python'
[0.230s] Level 1:colcon.colcon_core.package_identification:_identify(.) by extensions ['python_setup_py']
[0.230s] Level 1:colcon.colcon_core.package_identification:_identify(.) by extension 'python_setup_py'
[0.230s] Level 1:colcon.colcon_core.package_identification:_identify(build) by extensions ['ignore', 'ignore_ament_install']
[0.230s] Level 1:colcon.colcon_core.package_identification:_identify(build) by extension 'ignore'
[0.230s] Level 1:colcon.colcon_core.package_identification:_identify(build) ignored
[0.230s] Level 1:colcon.colcon_core.package_identification:_identify(custom_msgs) by extensions ['ignore', 'ignore_ament_install']
[0.230s] Level 1:colcon.colcon_core.package_identification:_identify(custom_msgs) by extension 'ignore'
[0.230s] Level 1:colcon.colcon_core.package_identification:_identify(custom_msgs) by extension 'ignore_ament_install'
[0.230s] Level 1:colcon.colcon_core.package_identification:_identify(custom_msgs) by extensions ['colcon_pkg']
[0.230s] Level 1:colcon.colcon_core.package_identification:_identify(custom_msgs) by extension 'colcon_pkg'
[0.230s] Level 1:colcon.colcon_core.package_identification:_identify(custom_msgs) by extensions ['colcon_meta']
[0.230s] Level 1:colcon.colcon_core.package_identification:_identify(custom_msgs) by extension 'colcon_meta'
[0.230s] Level 1:colcon.colcon_core.package_identification:_identify(custom_msgs) by extensions ['ros']
[0.230s] Level 1:colcon.colcon_core.package_identification:_identify(custom_msgs) by extension 'ros'
[0.232s] DEBUG:colcon.colcon_core.package_identification:Package 'custom_msgs' with type 'ros.ament_cmake' and name 'custom_msgs'
[0.232s] Level 1:colcon.colcon_core.package_identification:_identify(install) by extensions ['ignore', 'ignore_ament_install']
[0.232s] Level 1:colcon.colcon_core.package_identification:_identify(install) by extension 'ignore'
[0.232s] Level 1:colcon.colcon_core.package_identification:_identify(install) ignored
[0.232s] Level 1:colcon.colcon_core.package_identification:_identify(log) by extensions ['ignore', 'ignore_ament_install']
[0.232s] Level 1:colcon.colcon_core.package_identification:_identify(log) by extension 'ignore'
[0.232s] Level 1:colcon.colcon_core.package_identification:_identify(log) ignored
[0.232s] Level 1:colcon.colcon_core.package_identification:_identify(my_robot_controller) by extensions ['ignore', 'ignore_ament_install']
[0.232s] Level 1:colcon.colcon_core.package_identification:_identify(my_robot_controller) by extension 'ignore'
[0.232s] Level 1:colcon.colcon_core.package_identification:_identify(my_robot_controller) by extension 'ignore_ament_install'
[0.232s] Level 1:colcon.colcon_core.package_identification:_identify(my_robot_controller) by extensions ['colcon_pkg']
[0.232s] Level 1:colcon.colcon_core.package_identification:_identify(my_robot_controller) by extension 'colcon_pkg'
[0.232s] Level 1:colcon.colcon_core.package_identification:_identify(my_robot_controller) by extensions ['colcon_meta']
[0.232s] Level 1:colcon.colcon_core.package_identification:_identify(my_robot_controller) by extension 'colcon_meta'
[0.233s] Level 1:colcon.colcon_core.package_identification:_identify(my_robot_controller) by extensions ['ros']
[0.233s] Level 1:colcon.colcon_core.package_identification:_identify(my_robot_controller) by extension 'ros'
[0.233s] DEBUG:colcon.colcon_core.package_identification:Package 'my_robot_controller' with type 'ros.ament_python' and name 'my_robot_controller'
[0.233s] Level 1:colcon.colcon_core.package_identification:_identify(sensorPkg) by extensions ['ignore', 'ignore_ament_install']
[0.233s] Level 1:colcon.colcon_core.package_identification:_identify(sensorPkg) by extension 'ignore'
[0.233s] Level 1:colcon.colcon_core.package_identification:_identify(sensorPkg) by extension 'ignore_ament_install'
[0.233s] Level 1:colcon.colcon_core.package_identification:_identify(sensorPkg) by extensions ['colcon_pkg']
[0.233s] Level 1:colcon.colcon_core.package_identification:_identify(sensorPkg) by extension 'colcon_pkg'
[0.233s] Level 1:colcon.colcon_core.package_identification:_identify(sensorPkg) by extensions ['colcon_meta']
[0.233s] Level 1:colcon.colcon_core.package_identification:_identify(sensorPkg) by extension 'colcon_meta'
[0.233s] Level 1:colcon.colcon_core.package_identification:_identify(sensorPkg) by extensions ['ros']
[0.233s] Level 1:colcon.colcon_core.package_identification:_identify(sensorPkg) by extension 'ros'
[0.234s] DEBUG:colcon.colcon_core.package_identification:Package 'sensorPkg' with type 'ros.ament_python' and name 'sensorPkg'
[0.234s] Level 1:colcon.colcon_core.package_identification:_identify(task2) by extensions ['ignore', 'ignore_ament_install']
[0.234s] Level 1:colcon.colcon_core.package_identification:_identify(task2) by extension 'ignore'
[0.234s] Level 1:colcon.colcon_core.package_identification:_identify(task2) by extension 'ignore_ament_install'
[0.234s] Level 1:colcon.colcon_core.package_identification:_identify(task2) by extensions ['colcon_pkg']
[0.234s] Level 1:colcon.colcon_core.package_identification:_identify(task2) by extension 'colcon_pkg'
[0.234s] Level 1:colcon.colcon_core.package_identification:_identify(task2) by extensions ['colcon_meta']
[0.234s] Level 1:colcon.colcon_core.package_identification:_identify(task2) by extension 'colcon_meta'
[0.234s] Level 1:colcon.colcon_core.package_identification:_identify(task2) by extensions ['ros']
[0.234s] Level 1:colcon.colcon_core.package_identification:_identify(task2) by extension 'ros'
[0.235s] DEBUG:colcon.colcon_core.package_identification:Package 'task2' with type 'ros.ament_python' and name 'task2'
[0.235s] Level 1:colcon.colcon_core.package_identification:_identify(task3) by extensions ['ignore', 'ignore_ament_install']
[0.235s] Level 1:colcon.colcon_core.package_identification:_identify(task3) by extension 'ignore'
[0.235s] Level 1:colcon.colcon_core.package_identification:_identify(task3) by extension 'ignore_ament_install'
[0.235s] Level 1:colcon.colcon_core.package_identification:_identify(task3) by extensions ['colcon_pkg']
[0.235s] Level 1:colcon.colcon_core.package_identification:_identify(task3) by extension 'colcon_pkg'
[0.235s] Level 1:colcon.colcon_core.package_identification:_identify(task3) by extensions ['colcon_meta']
[0.235s] Level 1:colcon.colcon_core.package_identification:_identify(task3) by extension 'colcon_meta'
[0.235s] Level 1:colcon.colcon_core.package_identification:_identify(task3) by extensions ['ros']
[0.235s] Level 1:colcon.colcon_core.package_identification:_identify(task3) by extension 'ros'
[0.236s] DEBUG:colcon.colcon_core.package_identification:Package 'task3' with type 'ros.ament_python' and name 'task3'
[0.236s] Level 1:colcon.colcon_core.package_identification:_identify(task4) by extensions ['ignore', 'ignore_ament_install']
[0.236s] Level 1:colcon.colcon_core.package_identification:_identify(task4) by extension 'ignore'
[0.236s] Level 1:colcon.colcon_core.package_identification:_identify(task4) by extension 'ignore_ament_install'
[0.236s] Level 1:colcon.colcon_core.package_identification:_identify(task4) by extensions ['colcon_pkg']
[0.236s] Level 1:colcon.colcon_core.package_identification:_identify(task4) by extension 'colcon_pkg'
[0.236s] Level 1:colcon.colcon_core.package_identification:_identify(task4) by extensions ['colcon_meta']
[0.236s] Level 1:colcon.colcon_core.package_identification:_identify(task4) by extension 'colcon_meta'
[0.236s] Level 1:colcon.colcon_core.package_identification:_identify(task4) by extensions ['ros']
[0.236s] Level 1:colcon.colcon_core.package_identification:_identify(task4) by extension 'ros'
[0.237s] DEBUG:colcon.colcon_core.package_identification:Package 'task4' with type 'ros.ament_python' and name 'task4'
[0.237s] Level 1:colcon.colcon_core.package_discovery:discover_packages(recursive) using defaults
[0.237s] Level 1:colcon.colcon_core.package_discovery:discover_packages(ignore) discover
[0.237s] Level 1:colcon.colcon_core.package_discovery:discover_packages(ignore) using defaults
[0.237s] Level 1:colcon.colcon_core.package_discovery:discover_packages(path) discover
[0.237s] Level 1:colcon.colcon_core.package_discovery:discover_packages(path) using defaults
[0.252s] Level 5:colcon.colcon_core.verb:set package 'custom_msgs' build argument 'cmake_args' from command line to 'None'
[0.252s] Level 5:colcon.colcon_core.verb:set package 'custom_msgs' build argument 'cmake_target' from command line to 'None'
[0.252s] Level 5:colcon.colcon_core.verb:set package 'custom_msgs' build argument 'cmake_target_skip_unavailable' from command line to 'False'
[0.252s] Level 5:colcon.colcon_core.verb:set package 'custom_msgs' build argument 'cmake_clean_cache' from command line to 'False'
[0.252s] Level 5:colcon.colcon_core.verb:set package 'custom_msgs' build argument 'cmake_clean_first' from command line to 'False'
[0.252s] Level 5:colcon.colcon_core.verb:set package 'custom_msgs' build argument 'cmake_force_configure' from command line to 'False'
[0.252s] Level 5:colcon.colcon_core.verb:set package 'custom_msgs' build argument 'ament_cmake_args' from command line to 'None'
[0.252s] Level 5:colcon.colcon_core.verb:set package 'custom_msgs' build argument 'catkin_cmake_args' from command line to 'None'
[0.252s] Level 5:colcon.colcon_core.verb:set package 'custom_msgs' build argument 'catkin_skip_building_tests' from command line to 'False'
[0.252s] DEBUG:colcon.colcon_core.verb:Building package 'custom_msgs' with the following arguments: {'ament_cmake_args': None, 'build_base': '/root/ros_ws/src/build/custom_msgs', 'catkin_cmake_args': None, 'catkin_skip_building_tests': False, 'cmake_args': None, 'cmake_clean_cache': False, 'cmake_clean_first': False, 'cmake_force_configure': False, 'cmake_target': None, 'cmake_target_skip_unavailable': False, 'install_base': '/root/ros_ws/src/install/custom_msgs', 'merge_install': False, 'path': '/root/ros_ws/src/custom_msgs', 'symlink_install': True, 'test_result_base': None}
[0.253s] Level 5:colcon.colcon_core.verb:set package 'my_robot_controller' build argument 'cmake_args' from command line to 'None'
[0.253s] Level 5:colcon.colcon_core.verb:set package 'my_robot_controller' build argument 'cmake_target' from command line to 'None'
[0.253s] Level 5:colcon.colcon_core.verb:set package 'my_robot_controller' build argument 'cmake_target_skip_unavailable' from command line to 'False'
[0.253s] Level 5:colcon.colcon_core.verb:set package 'my_robot_controller' build argument 'cmake_clean_cache' from command line to 'False'
[0.253s] Level 5:colcon.colcon_core.verb:set package 'my_robot_controller' build argument 'cmake_clean_first' from command line to 'False'
[0.253s] Level 5:colcon.colcon_core.verb:set package 'my_robot_controller' build argument 'cmake_force_configure' from command line to 'False'
[0.253s] Level 5:colcon.colcon_core.verb:set package 'my_robot_controller' build argument 'ament_cmake_args' from command line to 'None'
[0.253s] Level 5:colcon.colcon_core.verb:set package 'my_robot_controller' build argument 'catkin_cmake_args' from command line to 'None'
[0.253s] Level 5:colcon.colcon_core.verb:set package 'my_robot_controller' build argument 'catkin_skip_building_tests' from command line to 'False'
[0.253s] DEBUG:colcon.colcon_core.verb:Building package 'my_robot_controller' with the following arguments: {'ament_cmake_args': None, 'build_base': '/root/ros_ws/src/build/my_robot_controller', 'catkin_cmake_args': None, 'catkin_skip_building_tests': False, 'cmake_args': None, 'cmake_clean_cache': False, 'cmake_clean_first': False, 'cmake_force_configure': False, 'cmake_target': None, 'cmake_target_skip_unavailable': False, 'install_base': '/root/ros_ws/src/install/my_robot_controller', 'merge_install': False, 'path': '/root/ros_ws/src/my_robot_controller', 'symlink_install': True, 'test_result_base': None}
[0.253s] Level 5:colcon.colcon_core.verb:set package 'sensorPkg' build argument 'cmake_args' from command line to 'None'
[0.253s] Level 5:colcon.colcon_core.verb:set package 'sensorPkg' build argument 'cmake_target' from command line to 'None'
[0.253s] Level 5:colcon.colcon_core.verb:set package 'sensorPkg' build argument 'cmake_target_skip_unavailable' from command line to 'False'
[0.253s] Level 5:colcon.colcon_core.verb:set package 'sensorPkg' build argument 'cmake_clean_cache' from command line to 'False'
[0.253s] Level 5:colcon.colcon_core.verb:set package 'sensorPkg' build argument 'cmake_clean_first' from command line to 'False'
[0.253s] Level 5:colcon.colcon_core.verb:set package 'sensorPkg' build argument 'cmake_force_configure' from command line to 'False'
[0.253s] Level 5:colcon.colcon_core.verb:set package 'sensorPkg' build argument 'ament_cmake_args' from command line to 'None'
[0.253s] Level 5:colcon.colcon_core.verb:set package 'sensorPkg' build argument 'catkin_cmake_args' from command line to 'None'
[0.253s] Level 5:colcon.colcon_core.verb:set package 'sensorPkg' build argument 'catkin_skip_building_tests' from command line to 'False'
[0.253s] DEBUG:colcon.colcon_core.verb:Building package 'sensorPkg' with the following arguments: {'ament_cmake_args': None, 'build_base': '/root/ros_ws/src/build/sensorPkg', 'catkin_cmake_args': None, 'catkin_skip_building_tests': False, 'cmake_args': None, 'cmake_clean_cache': False, 'cmake_clean_first': False, 'cmake_force_configure': False, 'cmake_target': None, 'cmake_target_skip_unavailable': False, 'install_base': '/root/ros_ws/src/install/sensorPkg', 'merge_install': False, 'path': '/root/ros_ws/src/sensorPkg', 'symlink_install': True, 'test_result_base': None}
[0.253s] Level 5:colcon.colcon_core.verb:set package 'task2' build argument 'cmake_args' from command line to 'None'
[0.253s] Level 5:colcon.colcon_core.verb:set package 'task2' build argument 'cmake_target' from command line to 'None'
[0.253s] Level 5:colcon.colcon_core.verb:set package 'task2' build argument 'cmake_target_skip_unavailable' from command line to 'False'
[0.253s] Level 5:colcon.colcon_core.verb:set package 'task2' build argument 'cmake_clean_cache' from command line to 'False'
[0.253s] Level 5:colcon.colcon_core.verb:set package 'task2' build argument 'cmake_clean_first' from command line to 'False'
[0.253s] Level 5:colcon.colcon_core.verb:set package 'task2' build argument 'cmake_force_configure' from command line to 'False'
[0.253s] Level 5:colcon.colcon_core.verb:set package 'task2' build argument 'ament_cmake_args' from command line to 'None'
[0.253s] Level 5:colcon.colcon_core.verb:set package 'task2' build argument 'catkin_cmake_args' from command line to 'None'
[0.253s] Level 5:colcon.colcon_core.verb:set package 'task2' build argument 'catkin_skip_building_tests' from command line to 'False'
[0.253s] DEBUG:colcon.colcon_core.verb:Building package 'task2' with the following arguments: {'ament_cmake_args': None, 'build_base': '/root/ros_ws/src/build/task2', 'catkin_cmake_args': None, 'catkin_skip_building_tests': False, 'cmake_args': None, 'cmake_clean_cache': False, 'cmake_clean_first': False, 'cmake_force_configure': False, 'cmake_target': None, 'cmake_target_skip_unavailable': False, 'install_base': '/root/ros_ws/src/install/task2', 'merge_install': False, 'path': '/root/ros_ws/src/task2', 'symlink_install': True, 'test_result_base': None}
[0.254s] Level 5:colcon.colcon_core.verb:set package 'task3' build argument 'cmake_args' from command line to 'None'
[0.254s] Level 5:colcon.colcon_core.verb:set package 'task3' build argument 'cmake_target' from command line to 'None'
[0.254s] Level 5:colcon.colcon_core.verb:set package 'task3' build argument 'cmake_target_skip_unavailable' from command line to 'False'
[0.254s] Level 5:colcon.colcon_core.verb:set package 'task3' build argument 'cmake_clean_cache' from command line to 'False'
[0.254s] Level 5:colcon.colcon_core.verb:set package 'task3' build argument 'cmake_clean_first' from command line to 'False'
[0.254s] Level 5:colcon.colcon_core.verb:set package 'task3' build argument 'cmake_force_configure' from command line to 'False'
[0.254s] Level 5:colcon.colcon_core.verb:set package 'task3' build argument 'ament_cmake_args' from command line to 'None'
[0.254s] Level 5:colcon.colcon_core.verb:set package 'task3' build argument 'catkin_cmake_args' from command line to 'None'
[0.254s] Level 5:colcon.colcon_core.verb:set package 'task3' build argument 'catkin_skip_building_tests' from command line to 'False'
[0.254s] DEBUG:colcon.colcon_core.verb:Building package 'task3' with the following arguments: {'ament_cmake_args': None, 'build_base': '/root/ros_ws/src/build/task3', 'catkin_cmake_args': None, 'catkin_skip_building_tests': False, 'cmake_args': None, 'cmake_clean_cache': False, 'cmake_clean_first': False, 'cmake_force_configure': False, 'cmake_target': None, 'cmake_target_skip_unavailable': False, 'install_base': '/root/ros_ws/src/install/task3', 'merge_install': False, 'path': '/root/ros_ws/src/task3', 'symlink_install': True, 'test_result_base': None}
[0.254s] Level 5:colcon.colcon_core.verb:set package 'task4' build argument 'cmake_args' from command line to 'None'
[0.254s] Level 5:colcon.colcon_core.verb:set package 'task4' build argument 'cmake_target' from command line to 'None'
[0.254s] Level 5:colcon.colcon_core.verb:set package 'task4' build argument 'cmake_target_skip_unavailable' from command line to 'False'
[0.254s] Level 5:colcon.colcon_core.verb:set package 'task4' build argument 'cmake_clean_cache' from command line to 'False'
[0.254s] Level 5:colcon.colcon_core.verb:set package 'task4' build argument 'cmake_clean_first' from command line to 'False'
[0.254s] Level 5:colcon.colcon_core.verb:set package 'task4' build argument 'cmake_force_configure' from command line to 'False'
[0.254s] Level 5:colcon.colcon_core.verb:set package 'task4' build argument 'ament_cmake_args' from command line to 'None'
[0.254s] Level 5:colcon.colcon_core.verb:set package 'task4' build argument 'catkin_cmake_args' from command line to 'None'
[0.254s] Level 5:colcon.colcon_core.verb:set package 'task4' build argument 'catkin_skip_building_tests' from command line to 'False'
[0.254s] DEBUG:colcon.colcon_core.verb:Building package 'task4' with the following arguments: {'ament_cmake_args': None, 'build_base': '/root/ros_ws/src/build/task4', 'catkin_cmake_args': None, 'catkin_skip_building_tests': False, 'cmake_args': None, 'cmake_clean_cache': False, 'cmake_clean_first': False, 'cmake_force_configure': False, 'cmake_target': None, 'cmake_target_skip_unavailable': False, 'install_base': '/root/ros_ws/src/install/task4', 'merge_install': False, 'path': '/root/ros_ws/src/task4', 'symlink_install': True, 'test_result_base': None}
[0.254s] INFO:colcon.colcon_core.executor:Executing jobs using 'parallel' executor
[0.255s] DEBUG:colcon.colcon_parallel_executor.executor.parallel:run_until_complete
[0.255s] INFO:colcon.colcon_ros.task.ament_cmake.build:Building ROS package in '/root/ros_ws/src/custom_msgs' with build type 'ament_cmake'
[0.255s] INFO:colcon.colcon_cmake.task.cmake.build:Building CMake package in '/root/ros_ws/src/custom_msgs'
[0.257s] INFO:colcon.colcon_core.plugin_system:Skipping extension 'colcon_core.shell.bat': Not used on non-Windows systems
[0.257s] INFO:colcon.colcon_core.shell:Skip shell extension 'powershell' for command environment: Not usable outside of PowerShell
[0.257s] DEBUG:colcon.colcon_core.shell:Skip shell extension 'dsv' for command environment
[0.261s] INFO:colcon.colcon_ros.task.ament_python.build:Building ROS package in '/root/ros_ws/src/my_robot_controller' with build type 'ament_python'
[0.261s] Level 1:colcon.colcon_core.shell:create_environment_hook('my_robot_controller', 'ament_prefix_path')
[0.261s] INFO:colcon.colcon_core.shell:Creating environment hook '/root/ros_ws/src/install/my_robot_controller/share/my_robot_controller/hook/ament_prefix_path.ps1'
[0.265s] INFO:colcon.colcon_core.shell:Creating environment descriptor '/root/ros_ws/src/install/my_robot_controller/share/my_robot_controller/hook/ament_prefix_path.dsv'
[0.266s] INFO:colcon.colcon_core.shell:Creating environment hook '/root/ros_ws/src/install/my_robot_controller/share/my_robot_controller/hook/ament_prefix_path.sh'
[0.266s] INFO:colcon.colcon_core.shell:Skip shell extension 'powershell' for command environment: Not usable outside of PowerShell
[0.266s] DEBUG:colcon.colcon_core.shell:Skip shell extension 'dsv' for command environment
[0.272s] DEBUG:colcon.colcon_core.event_handler.log_command:Invoking command in '/root/ros_ws/src/build/custom_msgs': CMAKE_PREFIX_PATH=${CMAKE_PREFIX_PATH}:/root/ros_ws/install/task3:/root/ros_ws/install/task2:/root/ros_ws/install/sensorPkg:/root/ros_ws/install/my_robot_controller:/opt/ros/humble /usr/bin/cmake /root/ros_ws/src/custom_msgs -DAMENT_CMAKE_SYMLINK_INSTALL=1 -DCMAKE_INSTALL_PREFIX=/root/ros_ws/src/install/custom_msgs
[0.447s] INFO:colcon.colcon_core.task.python.build:Building Python package in '/root/ros_ws/src/my_robot_controller'
[0.447s] INFO:colcon.colcon_core.shell:Skip shell extension 'powershell' for command environment: Not usable outside of PowerShell
[0.447s] DEBUG:colcon.colcon_core.shell:Skip shell extension 'dsv' for command environment
[0.689s] DEBUG:colcon.colcon_core.task.python.build:While undoing a previous installation files outside the Python library path are being ignored: /root/ros_ws/src/install/my_robot_controller/share/ament_index/resource_index/packages/my_robot_controller
[0.689s] DEBUG:colcon.colcon_core.task.python.build:While undoing a previous installation files outside the Python library path are being ignored: /root/ros_ws/src/install/my_robot_controller/share/my_robot_controller/package.xml
[0.701s] DEBUG:colcon.colcon_core.event_handler.log_command:Invoking command in '/root/ros_ws/src/build/my_robot_controller': PYTHONPATH=/root/ros_ws/src/build/my_robot_controller/prefix_override:/usr/lib/python3/dist-packages/colcon_core/task/python/colcon_distutils_commands:/root/ros_ws/src/install/my_robot_controller/lib/python3.10/site-packages:${PYTHONPATH} /usr/bin/python3 -W ignore:setup.py install is deprecated -W ignore:easy_install command is deprecated setup.py develop --editable --build-directory /root/ros_ws/src/build/my_robot_controller/build --no-deps symlink_data --force
[1.005s] Level 1:colcon.colcon_core.shell:create_environment_hook('my_robot_controller', 'pythonpath_develop')
[1.006s] INFO:colcon.colcon_core.shell:Creating environment hook '/root/ros_ws/src/build/my_robot_controller/share/my_robot_controller/hook/pythonpath_develop.ps1'
[1.006s] DEBUG:colcon.colcon_core.event_handler.log_command:Invoked command in '/root/ros_ws/src/build/my_robot_controller' returned '0': PYTHONPATH=/root/ros_ws/src/build/my_robot_controller/prefix_override:/usr/lib/python3/dist-packages/colcon_core/task/python/colcon_distutils_commands:/root/ros_ws/src/install/my_robot_controller/lib/python3.10/site-packages:${PYTHONPATH} /usr/bin/python3 -W ignore:setup.py install is deprecated -W ignore:easy_install command is deprecated setup.py develop --editable --build-directory /root/ros_ws/src/build/my_robot_controller/build --no-deps symlink_data --force
[1.006s] INFO:colcon.colcon_core.shell:Creating environment descriptor '/root/ros_ws/src/build/my_robot_controller/share/my_robot_controller/hook/pythonpath_develop.dsv'
[1.007s] INFO:colcon.colcon_core.shell:Creating environment hook '/root/ros_ws/src/build/my_robot_controller/share/my_robot_controller/hook/pythonpath_develop.sh'
[1.009s] Level 1:colcon.colcon_core.environment:checking '/root/ros_ws/src/install/my_robot_controller' for CMake module files
[1.009s] Level 1:colcon.colcon_core.environment:checking '/root/ros_ws/src/install/my_robot_controller' for CMake config files
[1.010s] Level 1:colcon.colcon_core.environment:checking '/root/ros_ws/src/install/my_robot_controller/lib'
[1.011s] Level 1:colcon.colcon_core.environment:checking '/root/ros_ws/src/install/my_robot_controller/bin'
[1.011s] Level 1:colcon.colcon_core.environment:checking '/root/ros_ws/src/install/my_robot_controller/lib/pkgconfig/my_robot_controller.pc'
[1.011s] Level 1:colcon.colcon_core.environment:checking '/root/ros_ws/src/install/my_robot_controller/lib/python3.10/site-packages'
[1.011s] Level 1:colcon.colcon_core.shell:create_environment_hook('my_robot_controller', 'pythonpath')
[1.011s] INFO:colcon.colcon_core.shell:Creating environment hook '/root/ros_ws/src/install/my_robot_controller/share/my_robot_controller/hook/pythonpath.ps1'
[1.011s] INFO:colcon.colcon_core.shell:Creating environment descriptor '/root/ros_ws/src/install/my_robot_controller/share/my_robot_controller/hook/pythonpath.dsv'
[1.012s] INFO:colcon.colcon_core.shell:Creating environment hook '/root/ros_ws/src/install/my_robot_controller/share/my_robot_controller/hook/pythonpath.sh'
[1.012s] Level 1:colcon.colcon_core.environment:checking '/root/ros_ws/src/install/my_robot_controller/bin'
[1.012s] Level 1:colcon.colcon_core.environment:create_environment_scripts_only(my_robot_controller)
[1.012s] INFO:colcon.colcon_core.shell:Creating package script '/root/ros_ws/src/install/my_robot_controller/share/my_robot_controller/package.ps1'
[1.013s] INFO:colcon.colcon_core.shell:Creating package descriptor '/root/ros_ws/src/install/my_robot_controller/share/my_robot_controller/package.dsv'
[1.013s] INFO:colcon.colcon_core.shell:Creating package script '/root/ros_ws/src/install/my_robot_controller/share/my_robot_controller/package.sh'
[1.014s] INFO:colcon.colcon_core.shell:Creating package script '/root/ros_ws/src/install/my_robot_controller/share/my_robot_controller/package.bash'
[1.014s] INFO:colcon.colcon_core.shell:Creating package script '/root/ros_ws/src/install/my_robot_controller/share/my_robot_controller/package.zsh'
[1.015s] Level 1:colcon.colcon_core.environment:create_file_with_runtime_dependencies(/root/ros_ws/src/install/my_robot_controller/share/colcon-core/packages/my_robot_controller)
[2.512s] DEBUG:colcon.colcon_core.event_handler.log_command:Invoked command in '/root/ros_ws/src/build/custom_msgs' returned '0': CMAKE_PREFIX_PATH=${CMAKE_PREFIX_PATH}:/root/ros_ws/install/task3:/root/ros_ws/install/task2:/root/ros_ws/install/sensorPkg:/root/ros_ws/install/my_robot_controller:/opt/ros/humble /usr/bin/cmake /root/ros_ws/src/custom_msgs -DAMENT_CMAKE_SYMLINK_INSTALL=1 -DCMAKE_INSTALL_PREFIX=/root/ros_ws/src/install/custom_msgs
[2.514s] DEBUG:colcon.colcon_core.event_handler.log_command:Invoking command in '/root/ros_ws/src/build/custom_msgs': CMAKE_PREFIX_PATH=${CMAKE_PREFIX_PATH}:/root/ros_ws/install/task3:/root/ros_ws/install/task2:/root/ros_ws/install/sensorPkg:/root/ros_ws/install/my_robot_controller:/opt/ros/humble /usr/bin/cmake --build /root/ros_ws/src/build/custom_msgs -- -j16 -l16
[5.055s] DEBUG:colcon.colcon_core.event_handler.log_command:Invoked command in '/root/ros_ws/src/build/custom_msgs' returned '0': CMAKE_PREFIX_PATH=${CMAKE_PREFIX_PATH}:/root/ros_ws/install/task3:/root/ros_ws/install/task2:/root/ros_ws/install/sensorPkg:/root/ros_ws/install/my_robot_controller:/opt/ros/humble /usr/bin/cmake --build /root/ros_ws/src/build/custom_msgs -- -j16 -l16
[5.059s] DEBUG:colcon.colcon_core.event_handler.log_command:Invoking command in '/root/ros_ws/src/build/custom_msgs': CMAKE_PREFIX_PATH=${CMAKE_PREFIX_PATH}:/root/ros_ws/install/task3:/root/ros_ws/install/task2:/root/ros_ws/install/sensorPkg:/root/ros_ws/install/my_robot_controller:/opt/ros/humble /usr/bin/cmake --install /root/ros_ws/src/build/custom_msgs
[5.476s] Level 1:colcon.colcon_core.environment:create_environment_scripts_only(custom_msgs)
[5.476s] DEBUG:colcon.colcon_core.event_handler.log_command:Invoked command in '/root/ros_ws/src/build/custom_msgs' returned '0': CMAKE_PREFIX_PATH=${CMAKE_PREFIX_PATH}:/root/ros_ws/install/task3:/root/ros_ws/install/task2:/root/ros_ws/install/sensorPkg:/root/ros_ws/install/my_robot_controller:/opt/ros/humble /usr/bin/cmake --install /root/ros_ws/src/build/custom_msgs
[5.477s] Level 1:colcon.colcon_core.environment:checking '/root/ros_ws/src/install/custom_msgs' for CMake module files
[5.477s] Level 1:colcon.colcon_core.environment:checking '/root/ros_ws/src/install/custom_msgs' for CMake config files
[5.478s] Level 1:colcon.colcon_core.shell:create_environment_hook('custom_msgs', 'cmake_prefix_path')
[5.478s] INFO:colcon.colcon_core.shell:Creating environment hook '/root/ros_ws/src/install/custom_msgs/share/custom_msgs/hook/cmake_prefix_path.ps1'
[5.479s] INFO:colcon.colcon_core.shell:Creating environment descriptor '/root/ros_ws/src/install/custom_msgs/share/custom_msgs/hook/cmake_prefix_path.dsv'
[5.479s] INFO:colcon.colcon_core.shell:Creating environment hook '/root/ros_ws/src/install/custom_msgs/share/custom_msgs/hook/cmake_prefix_path.sh'
[5.479s] Level 1:colcon.colcon_core.environment:checking '/root/ros_ws/src/install/custom_msgs/lib'
[5.479s] Level 1:colcon.colcon_core.shell:create_environment_hook('custom_msgs', 'ld_library_path_lib')
[5.479s] INFO:colcon.colcon_core.shell:Creating environment hook '/root/ros_ws/src/install/custom_msgs/share/custom_msgs/hook/ld_library_path_lib.ps1'
[5.480s] INFO:colcon.colcon_core.shell:Creating environment descriptor '/root/ros_ws/src/install/custom_msgs/share/custom_msgs/hook/ld_library_path_lib.dsv'
[5.480s] INFO:colcon.colcon_core.shell:Creating environment hook '/root/ros_ws/src/install/custom_msgs/share/custom_msgs/hook/ld_library_path_lib.sh'
[5.480s] Level 1:colcon.colcon_core.environment:checking '/root/ros_ws/src/install/custom_msgs/bin'
[5.480s] Level 1:colcon.colcon_core.environment:checking '/root/ros_ws/src/install/custom_msgs/lib/pkgconfig/custom_msgs.pc'
[5.480s] Level 1:colcon.colcon_core.environment:checking '/root/ros_ws/src/install/custom_msgs/lib/python3.10/site-packages'
[5.481s] Level 1:colcon.colcon_core.environment:checking '/root/ros_ws/src/install/custom_msgs/bin'
[5.481s] INFO:colcon.colcon_core.shell:Creating package script '/root/ros_ws/src/install/custom_msgs/share/custom_msgs/package.ps1'
[5.481s] INFO:colcon.colcon_core.shell:Creating package descriptor '/root/ros_ws/src/install/custom_msgs/share/custom_msgs/package.dsv'
[5.481s] INFO:colcon.colcon_core.shell:Creating package script '/root/ros_ws/src/install/custom_msgs/share/custom_msgs/package.sh'
[5.482s] INFO:colcon.colcon_core.shell:Creating package script '/root/ros_ws/src/install/custom_msgs/share/custom_msgs/package.bash'
[5.482s] INFO:colcon.colcon_core.shell:Creating package script '/root/ros_ws/src/install/custom_msgs/share/custom_msgs/package.zsh'
[5.482s] Level 1:colcon.colcon_core.environment:create_file_with_runtime_dependencies(/root/ros_ws/src/install/custom_msgs/share/colcon-core/packages/custom_msgs)
[5.483s] Level 1:colcon.colcon_core.environment:create_environment_scripts_only(custom_msgs)
[5.483s] Level 1:colcon.colcon_core.environment:checking '/root/ros_ws/src/install/custom_msgs' for CMake module files
[5.483s] Level 1:colcon.colcon_core.environment:checking '/root/ros_ws/src/install/custom_msgs' for CMake config files
[5.484s] Level 1:colcon.colcon_core.shell:create_environment_hook('custom_msgs', 'cmake_prefix_path')
[5.484s] INFO:colcon.colcon_core.shell:Creating environment hook '/root/ros_ws/src/install/custom_msgs/share/custom_msgs/hook/cmake_prefix_path.ps1'
[5.484s] INFO:colcon.colcon_core.shell:Creating environment descriptor '/root/ros_ws/src/install/custom_msgs/share/custom_msgs/hook/cmake_prefix_path.dsv'
[5.485s] INFO:colcon.colcon_core.shell:Creating environment hook '/root/ros_ws/src/install/custom_msgs/share/custom_msgs/hook/cmake_prefix_path.sh'
[5.485s] Level 1:colcon.colcon_core.environment:checking '/root/ros_ws/src/install/custom_msgs/lib'
[5.485s] Level 1:colcon.colcon_core.shell:create_environment_hook('custom_msgs', 'ld_library_path_lib')
[5.485s] INFO:colcon.colcon_core.shell:Creating environment hook '/root/ros_ws/src/install/custom_msgs/share/custom_msgs/hook/ld_library_path_lib.ps1'
[5.485s] INFO:colcon.colcon_core.shell:Creating environment descriptor '/root/ros_ws/src/install/custom_msgs/share/custom_msgs/hook/ld_library_path_lib.dsv'
[5.486s] INFO:colcon.colcon_core.shell:Creating environment hook '/root/ros_ws/src/install/custom_msgs/share/custom_msgs/hook/ld_library_path_lib.sh'
[5.486s] Level 1:colcon.colcon_core.environment:checking '/root/ros_ws/src/install/custom_msgs/bin'
[5.486s] Level 1:colcon.colcon_core.environment:checking '/root/ros_ws/src/install/custom_msgs/lib/pkgconfig/custom_msgs.pc'
[5.486s] Level 1:colcon.colcon_core.environment:checking '/root/ros_ws/src/install/custom_msgs/lib/python3.10/site-packages'
[5.486s] Level 1:colcon.colcon_core.environment:checking '/root/ros_ws/src/install/custom_msgs/bin'
[5.486s] INFO:colcon.colcon_core.shell:Creating package script '/root/ros_ws/src/install/custom_msgs/share/custom_msgs/package.ps1'
[5.487s] INFO:colcon.colcon_core.shell:Creating package descriptor '/root/ros_ws/src/install/custom_msgs/share/custom_msgs/package.dsv'
[5.487s] INFO:colcon.colcon_core.shell:Creating package script '/root/ros_ws/src/install/custom_msgs/share/custom_msgs/package.sh'
[5.487s] INFO:colcon.colcon_core.shell:Creating package script '/root/ros_ws/src/install/custom_msgs/share/custom_msgs/package.bash'
[5.488s] INFO:colcon.colcon_core.shell:Creating package script '/root/ros_ws/src/install/custom_msgs/share/custom_msgs/package.zsh'
[5.488s] Level 1:colcon.colcon_core.environment:create_file_with_runtime_dependencies(/root/ros_ws/src/install/custom_msgs/share/colcon-core/packages/custom_msgs)
[5.488s] INFO:colcon.colcon_ros.task.ament_python.build:Building ROS package in '/root/ros_ws/src/sensorPkg' with build type 'ament_python'
[5.488s] Level 1:colcon.colcon_core.shell:create_environment_hook('sensorPkg', 'ament_prefix_path')
[5.489s] INFO:colcon.colcon_core.shell:Creating environment hook '/root/ros_ws/src/install/sensorPkg/share/sensorPkg/hook/ament_prefix_path.ps1'
[5.489s] INFO:colcon.colcon_core.shell:Creating environment descriptor '/root/ros_ws/src/install/sensorPkg/share/sensorPkg/hook/ament_prefix_path.dsv'
[5.489s] INFO:colcon.colcon_core.shell:Creating environment hook '/root/ros_ws/src/install/sensorPkg/share/sensorPkg/hook/ament_prefix_path.sh'
[5.490s] INFO:colcon.colcon_core.shell:Skip shell extension 'powershell' for command environment: Not usable outside of PowerShell
[5.490s] DEBUG:colcon.colcon_core.shell:Skip shell extension 'dsv' for command environment
[5.492s] INFO:colcon.colcon_ros.task.ament_python.build:Building ROS package in '/root/ros_ws/src/task2' with build type 'ament_python'
[5.493s] Level 1:colcon.colcon_core.shell:create_environment_hook('task2', 'ament_prefix_path')
[5.493s] INFO:colcon.colcon_core.shell:Creating environment hook '/root/ros_ws/src/install/task2/share/task2/hook/ament_prefix_path.ps1'
[5.493s] INFO:colcon.colcon_core.shell:Creating environment descriptor '/root/ros_ws/src/install/task2/share/task2/hook/ament_prefix_path.dsv'
[5.493s] INFO:colcon.colcon_core.shell:Creating environment hook '/root/ros_ws/src/install/task2/share/task2/hook/ament_prefix_path.sh'
[5.494s] INFO:colcon.colcon_core.shell:Skip shell extension 'powershell' for command environment: Not usable outside of PowerShell
[5.494s] DEBUG:colcon.colcon_core.shell:Skip shell extension 'dsv' for command environment
[5.496s] INFO:colcon.colcon_ros.task.ament_python.build:Building ROS package in '/root/ros_ws/src/task3' with build type 'ament_python'
[5.496s] Level 1:colcon.colcon_core.shell:create_environment_hook('task3', 'ament_prefix_path')
[5.497s] INFO:colcon.colcon_core.shell:Creating environment hook '/root/ros_ws/src/install/task3/share/task3/hook/ament_prefix_path.ps1'
[5.497s] INFO:colcon.colcon_core.shell:Creating environment descriptor '/root/ros_ws/src/install/task3/share/task3/hook/ament_prefix_path.dsv'
[5.497s] INFO:colcon.colcon_core.shell:Creating environment hook '/root/ros_ws/src/install/task3/share/task3/hook/ament_prefix_path.sh'
[5.498s] INFO:colcon.colcon_core.shell:Skip shell extension 'powershell' for command environment: Not usable outside of PowerShell
[5.498s] DEBUG:colcon.colcon_core.shell:Skip shell extension 'dsv' for command environment
[5.500s] INFO:colcon.colcon_ros.task.ament_python.build:Building ROS package in '/root/ros_ws/src/task4' with build type 'ament_python'
[5.501s] Level 1:colcon.colcon_core.shell:create_environment_hook('task4', 'ament_prefix_path')
[5.501s] INFO:colcon.colcon_core.shell:Creating environment hook '/root/ros_ws/src/install/task4/share/task4/hook/ament_prefix_path.ps1'
[5.501s] INFO:colcon.colcon_core.shell:Creating environment descriptor '/root/ros_ws/src/install/task4/share/task4/hook/ament_prefix_path.dsv'
[5.501s] INFO:colcon.colcon_core.shell:Creating environment hook '/root/ros_ws/src/install/task4/share/task4/hook/ament_prefix_path.sh'
[5.502s] INFO:colcon.colcon_core.shell:Skip shell extension 'powershell' for command environment: Not usable outside of PowerShell
[5.502s] DEBUG:colcon.colcon_core.shell:Skip shell extension 'dsv' for command environment
[5.679s] INFO:colcon.colcon_core.task.python.build:Building Python package in '/root/ros_ws/src/sensorPkg'
[5.679s] INFO:colcon.colcon_core.shell:Skip shell extension 'powershell' for command environment: Not usable outside of PowerShell
[5.679s] DEBUG:colcon.colcon_core.shell:Skip shell extension 'dsv' for command environment
[5.858s] INFO:colcon.colcon_core.task.python.build:Building Python package in '/root/ros_ws/src/task2'
[5.858s] INFO:colcon.colcon_core.shell:Skip shell extension 'powershell' for command environment: Not usable outside of PowerShell
[5.858s] DEBUG:colcon.colcon_core.shell:Skip shell extension 'dsv' for command environment
[6.042s] INFO:colcon.colcon_core.task.python.build:Building Python package in '/root/ros_ws/src/task3'
[6.042s] INFO:colcon.colcon_core.shell:Skip shell extension 'powershell' for command environment: Not usable outside of PowerShell
[6.042s] DEBUG:colcon.colcon_core.shell:Skip shell extension 'dsv' for command environment
[6.221s] INFO:colcon.colcon_core.task.python.build:Building Python package in '/root/ros_ws/src/task4'
[6.222s] INFO:colcon.colcon_core.shell:Skip shell extension 'powershell' for command environment: Not usable outside of PowerShell
[6.222s] DEBUG:colcon.colcon_core.shell:Skip shell extension 'dsv' for command environment
[6.478s] DEBUG:colcon.colcon_core.event_handler.log_command:Invoking command in '/root/ros_ws/src/build/task2': AMENT_PREFIX_PATH=/root/ros_ws/src/install/custom_msgs:${AMENT_PREFIX_PATH} CMAKE_PREFIX_PATH=/root/ros_ws/src/install/custom_msgs:${CMAKE_PREFIX_PATH} LD_LIBRARY_PATH=/root/ros_ws/src/install/custom_msgs/lib:${LD_LIBRARY_PATH} PYTHONPATH=/root/ros_ws/src/build/task2/prefix_override:/usr/lib/python3/dist-packages/colcon_core/task/python/colcon_distutils_commands:/root/ros_ws/src/install/task2/lib/python3.10/site-packages:/root/ros_ws/src/install/custom_msgs/local/lib/python3.10/dist-packages:${PYTHONPATH} /usr/bin/python3 -W ignore:setup.py install is deprecated -W ignore:easy_install command is deprecated setup.py develop --editable --build-directory /root/ros_ws/src/build/task2/build --no-deps symlink_data
[6.483s] DEBUG:colcon.colcon_core.event_handler.log_command:Invoking command in '/root/ros_ws/src/build/task4': AMENT_PREFIX_PATH=/root/ros_ws/src/install/custom_msgs:${AMENT_PREFIX_PATH} CMAKE_PREFIX_PATH=/root/ros_ws/src/install/custom_msgs:${CMAKE_PREFIX_PATH} LD_LIBRARY_PATH=/root/ros_ws/src/install/custom_msgs/lib:${LD_LIBRARY_PATH} PYTHONPATH=/root/ros_ws/src/build/task4/prefix_override:/usr/lib/python3/dist-packages/colcon_core/task/python/colcon_distutils_commands:/root/ros_ws/src/install/task4/lib/python3.10/site-packages:/root/ros_ws/src/install/custom_msgs/local/lib/python3.10/dist-packages:${PYTHONPATH} /usr/bin/python3 -W ignore:setup.py install is deprecated -W ignore:easy_install command is deprecated setup.py develop --editable --build-directory /root/ros_ws/src/build/task4/build --no-deps symlink_data
[6.494s] DEBUG:colcon.colcon_core.event_handler.log_command:Invoking command in '/root/ros_ws/src/build/sensorPkg': AMENT_PREFIX_PATH=/root/ros_ws/src/install/custom_msgs:${AMENT_PREFIX_PATH} CMAKE_PREFIX_PATH=/root/ros_ws/src/install/custom_msgs:${CMAKE_PREFIX_PATH} LD_LIBRARY_PATH=/root/ros_ws/src/install/custom_msgs/lib:${LD_LIBRARY_PATH} PYTHONPATH=/root/ros_ws/src/build/sensorPkg/prefix_override:/usr/lib/python3/dist-packages/colcon_core/task/python/colcon_distutils_commands:/root/ros_ws/src/install/sensorPkg/lib/python3.10/site-packages:/root/ros_ws/src/install/custom_msgs/local/lib/python3.10/dist-packages:${PYTHONPATH} /usr/bin/python3 -W ignore:setup.py install is deprecated -W ignore:easy_install command is deprecated setup.py develop --editable --build-directory /root/ros_ws/src/build/sensorPkg/build --no-deps symlink_data
[6.497s] DEBUG:colcon.colcon_core.event_handler.log_command:Invoking command in '/root/ros_ws/src/build/task3': AMENT_PREFIX_PATH=/root/ros_ws/src/install/custom_msgs:${AMENT_PREFIX_PATH} CMAKE_PREFIX_PATH=/root/ros_ws/src/install/custom_msgs:${CMAKE_PREFIX_PATH} LD_LIBRARY_PATH=/root/ros_ws/src/install/custom_msgs/lib:${LD_LIBRARY_PATH} PYTHONPATH=/root/ros_ws/src/build/task3/prefix_override:/usr/lib/python3/dist-packages/colcon_core/task/python/colcon_distutils_commands:/root/ros_ws/src/install/task3/lib/python3.10/site-packages:/root/ros_ws/src/install/custom_msgs/local/lib/python3.10/dist-packages:${PYTHONPATH} /usr/bin/python3 -W ignore:setup.py install is deprecated -W ignore:easy_install command is deprecated setup.py develop --editable --build-directory /root/ros_ws/src/build/task3/build --no-deps symlink_data
[6.814s] Level 1:colcon.colcon_core.shell:create_environment_hook('task2', 'pythonpath_develop')
[6.814s] INFO:colcon.colcon_core.shell:Creating environment hook '/root/ros_ws/src/build/task2/share/task2/hook/pythonpath_develop.ps1'
[6.815s] DEBUG:colcon.colcon_core.event_handler.log_command:Invoked command in '/root/ros_ws/src/build/task2' returned '0': AMENT_PREFIX_PATH=/root/ros_ws/src/install/custom_msgs:${AMENT_PREFIX_PATH} CMAKE_PREFIX_PATH=/root/ros_ws/src/install/custom_msgs:${CMAKE_PREFIX_PATH} LD_LIBRARY_PATH=/root/ros_ws/src/install/custom_msgs/lib:${LD_LIBRARY_PATH} PYTHONPATH=/root/ros_ws/src/build/task2/prefix_override:/usr/lib/python3/dist-packages/colcon_core/task/python/colcon_distutils_commands:/root/ros_ws/src/install/task2/lib/python3.10/site-packages:/root/ros_ws/src/install/custom_msgs/local/lib/python3.10/dist-packages:${PYTHONPATH} /usr/bin/python3 -W ignore:setup.py install is deprecated -W ignore:easy_install command is deprecated setup.py develop --editable --build-directory /root/ros_ws/src/build/task2/build --no-deps symlink_data
[6.815s] INFO:colcon.colcon_core.shell:Creating environment descriptor '/root/ros_ws/src/build/task2/share/task2/hook/pythonpath_develop.dsv'
[6.816s] INFO:colcon.colcon_core.shell:Creating environment hook '/root/ros_ws/src/build/task2/share/task2/hook/pythonpath_develop.sh'
[6.816s] Level 1:colcon.colcon_core.environment:checking '/root/ros_ws/src/install/task2' for CMake module files
[6.816s] Level 1:colcon.colcon_core.environment:checking '/root/ros_ws/src/install/task2' for CMake config files
[6.817s] Level 1:colcon.colcon_core.environment:checking '/root/ros_ws/src/install/task2/lib'
[6.817s] Level 1:colcon.colcon_core.environment:checking '/root/ros_ws/src/install/task2/bin'
[6.817s] Level 1:colcon.colcon_core.environment:checking '/root/ros_ws/src/install/task2/lib/pkgconfig/task2.pc'
[6.817s] Level 1:colcon.colcon_core.environment:checking '/root/ros_ws/src/install/task2/lib/python3.10/site-packages'
[6.817s] Level 1:colcon.colcon_core.shell:create_environment_hook('task2', 'pythonpath')
[6.817s] INFO:colcon.colcon_core.shell:Creating environment hook '/root/ros_ws/src/install/task2/share/task2/hook/pythonpath.ps1'
[6.818s] INFO:colcon.colcon_core.shell:Creating environment descriptor '/root/ros_ws/src/install/task2/share/task2/hook/pythonpath.dsv'
[6.818s] INFO:colcon.colcon_core.shell:Creating environment hook '/root/ros_ws/src/install/task2/share/task2/hook/pythonpath.sh'
[6.818s] Level 1:colcon.colcon_core.environment:checking '/root/ros_ws/src/install/task2/bin'
[6.818s] Level 1:colcon.colcon_core.environment:create_environment_scripts_only(task2)
[6.819s] INFO:colcon.colcon_core.shell:Creating package script '/root/ros_ws/src/install/task2/share/task2/package.ps1'
[6.820s] INFO:colcon.colcon_core.shell:Creating package descriptor '/root/ros_ws/src/install/task2/share/task2/package.dsv'
[6.820s] INFO:colcon.colcon_core.shell:Creating package script '/root/ros_ws/src/install/task2/share/task2/package.sh'
[6.820s] INFO:colcon.colcon_core.shell:Creating package script '/root/ros_ws/src/install/task2/share/task2/package.bash'
[6.820s] INFO:colcon.colcon_core.shell:Creating package script '/root/ros_ws/src/install/task2/share/task2/package.zsh'
[6.821s] Level 1:colcon.colcon_core.environment:create_file_with_runtime_dependencies(/root/ros_ws/src/install/task2/share/colcon-core/packages/task2)
[6.826s] Level 1:colcon.colcon_core.shell:create_environment_hook('task4', 'pythonpath_develop')
[6.826s] INFO:colcon.colcon_core.shell:Creating environment hook '/root/ros_ws/src/build/task4/share/task4/hook/pythonpath_develop.ps1'
[6.827s] DEBUG:colcon.colcon_core.event_handler.log_command:Invoked command in '/root/ros_ws/src/build/task4' returned '0': AMENT_PREFIX_PATH=/root/ros_ws/src/install/custom_msgs:${AMENT_PREFIX_PATH} CMAKE_PREFIX_PATH=/root/ros_ws/src/install/custom_msgs:${CMAKE_PREFIX_PATH} LD_LIBRARY_PATH=/root/ros_ws/src/install/custom_msgs/lib:${LD_LIBRARY_PATH} PYTHONPATH=/root/ros_ws/src/build/task4/prefix_override:/usr/lib/python3/dist-packages/colcon_core/task/python/colcon_distutils_commands:/root/ros_ws/src/install/task4/lib/python3.10/site-packages:/root/ros_ws/src/install/custom_msgs/local/lib/python3.10/dist-packages:${PYTHONPATH} /usr/bin/python3 -W ignore:setup.py install is deprecated -W ignore:easy_install command is deprecated setup.py develop --editable --build-directory /root/ros_ws/src/build/task4/build --no-deps symlink_data
[6.827s] INFO:colcon.colcon_core.shell:Creating environment descriptor '/root/ros_ws/src/build/task4/share/task4/hook/pythonpath_develop.dsv'
[6.827s] INFO:colcon.colcon_core.shell:Creating environment hook '/root/ros_ws/src/build/task4/share/task4/hook/pythonpath_develop.sh'
[6.828s] Level 1:colcon.colcon_core.environment:checking '/root/ros_ws/src/install/task4' for CMake module files
[6.828s] Level 1:colcon.colcon_core.environment:checking '/root/ros_ws/src/install/task4' for CMake config files
[6.828s] Level 1:colcon.colcon_core.environment:checking '/root/ros_ws/src/install/task4/lib'
[6.828s] Level 1:colcon.colcon_core.environment:checking '/root/ros_ws/src/install/task4/bin'
[6.828s] Level 1:colcon.colcon_core.environment:checking '/root/ros_ws/src/install/task4/lib/pkgconfig/task4.pc'
[6.829s] Level 1:colcon.colcon_core.environment:checking '/root/ros_ws/src/install/task4/lib/python3.10/site-packages'
[6.829s] Level 1:colcon.colcon_core.shell:create_environment_hook('task4', 'pythonpath')
[6.829s] INFO:colcon.colcon_core.shell:Creating environment hook '/root/ros_ws/src/install/task4/share/task4/hook/pythonpath.ps1'
[6.829s] INFO:colcon.colcon_core.shell:Creating environment descriptor '/root/ros_ws/src/install/task4/share/task4/hook/pythonpath.dsv'
[6.829s] INFO:colcon.colcon_core.shell:Creating environment hook '/root/ros_ws/src/install/task4/share/task4/hook/pythonpath.sh'
[6.830s] Level 1:colcon.colcon_core.environment:checking '/root/ros_ws/src/install/task4/bin'
[6.830s] Level 1:colcon.colcon_core.environment:create_environment_scripts_only(task4)
[6.830s] INFO:colcon.colcon_core.shell:Creating package script '/root/ros_ws/src/install/task4/share/task4/package.ps1'
[6.831s] INFO:colcon.colcon_core.shell:Creating package descriptor '/root/ros_ws/src/install/task4/share/task4/package.dsv'
[6.831s] INFO:colcon.colcon_core.shell:Creating package script '/root/ros_ws/src/install/task4/share/task4/package.sh'
[6.831s] INFO:colcon.colcon_core.shell:Creating package script '/root/ros_ws/src/install/task4/share/task4/package.bash'
[6.831s] INFO:colcon.colcon_core.shell:Creating package script '/root/ros_ws/src/install/task4/share/task4/package.zsh'
[6.832s] Level 1:colcon.colcon_core.environment:create_file_with_runtime_dependencies(/root/ros_ws/src/install/task4/share/colcon-core/packages/task4)
[6.833s] Level 1:colcon.colcon_core.shell:create_environment_hook('task3', 'pythonpath_develop')
[6.833s] INFO:colcon.colcon_core.shell:Creating environment hook '/root/ros_ws/src/build/task3/share/task3/hook/pythonpath_develop.ps1'
[6.833s] DEBUG:colcon.colcon_core.event_handler.log_command:Invoked command in '/root/ros_ws/src/build/task3' returned '0': AMENT_PREFIX_PATH=/root/ros_ws/src/install/custom_msgs:${AMENT_PREFIX_PATH} CMAKE_PREFIX_PATH=/root/ros_ws/src/install/custom_msgs:${CMAKE_PREFIX_PATH} LD_LIBRARY_PATH=/root/ros_ws/src/install/custom_msgs/lib:${LD_LIBRARY_PATH} PYTHONPATH=/root/ros_ws/src/build/task3/prefix_override:/usr/lib/python3/dist-packages/colcon_core/task/python/colcon_distutils_commands:/root/ros_ws/src/install/task3/lib/python3.10/site-packages:/root/ros_ws/src/install/custom_msgs/local/lib/python3.10/dist-packages:${PYTHONPATH} /usr/bin/python3 -W ignore:setup.py install is deprecated -W ignore:easy_install command is deprecated setup.py develop --editable --build-directory /root/ros_ws/src/build/task3/build --no-deps symlink_data
[6.833s] INFO:colcon.colcon_core.shell:Creating environment descriptor '/root/ros_ws/src/build/task3/share/task3/hook/pythonpath_develop.dsv'
[6.834s] INFO:colcon.colcon_core.shell:Creating environment hook '/root/ros_ws/src/build/task3/share/task3/hook/pythonpath_develop.sh'
[6.834s] Level 1:colcon.colcon_core.environment:checking '/root/ros_ws/src/install/task3' for CMake module files
[6.834s] Level 1:colcon.colcon_core.environment:checking '/root/ros_ws/src/install/task3' for CMake config files
[6.834s] Level 1:colcon.colcon_core.environment:checking '/root/ros_ws/src/install/task3/lib'
[6.835s] Level 1:colcon.colcon_core.environment:checking '/root/ros_ws/src/install/task3/bin'
[6.835s] Level 1:colcon.colcon_core.environment:checking '/root/ros_ws/src/install/task3/lib/pkgconfig/task3.pc'
[6.835s] Level 1:colcon.colcon_core.environment:checking '/root/ros_ws/src/install/task3/lib/python3.10/site-packages'
[6.835s] Level 1:colcon.colcon_core.shell:create_environment_hook('task3', 'pythonpath')
[6.835s] INFO:colcon.colcon_core.shell:Creating environment hook '/root/ros_ws/src/install/task3/share/task3/hook/pythonpath.ps1'
[6.835s] INFO:colcon.colcon_core.shell:Creating environment descriptor '/root/ros_ws/src/install/task3/share/task3/hook/pythonpath.dsv'
[6.835s] INFO:colcon.colcon_core.shell:Creating environment hook '/root/ros_ws/src/install/task3/share/task3/hook/pythonpath.sh'
[6.836s] Level 1:colcon.colcon_core.environment:checking '/root/ros_ws/src/install/task3/bin'
[6.836s] Level 1:colcon.colcon_core.environment:create_environment_scripts_only(task3)
[6.836s] INFO:colcon.colcon_core.shell:Creating package script '/root/ros_ws/src/install/task3/share/task3/package.ps1'
[6.836s] INFO:colcon.colcon_core.shell:Creating package descriptor '/root/ros_ws/src/install/task3/share/task3/package.dsv'
[6.837s] INFO:colcon.colcon_core.shell:Creating package script '/root/ros_ws/src/install/task3/share/task3/package.sh'
[6.837s] INFO:colcon.colcon_core.shell:Creating package script '/root/ros_ws/src/install/task3/share/task3/package.bash'
[6.837s] INFO:colcon.colcon_core.shell:Creating package script '/root/ros_ws/src/install/task3/share/task3/package.zsh'
[6.837s] Level 1:colcon.colcon_core.environment:create_file_with_runtime_dependencies(/root/ros_ws/src/install/task3/share/colcon-core/packages/task3)
[6.838s] Level 1:colcon.colcon_core.shell:create_environment_hook('sensorPkg', 'pythonpath_develop')
[6.838s] INFO:colcon.colcon_core.shell:Creating environment hook '/root/ros_ws/src/build/sensorPkg/share/sensorPkg/hook/pythonpath_develop.ps1'
[6.838s] DEBUG:colcon.colcon_core.event_handler.log_command:Invoked command in '/root/ros_ws/src/build/sensorPkg' returned '0': AMENT_PREFIX_PATH=/root/ros_ws/src/install/custom_msgs:${AMENT_PREFIX_PATH} CMAKE_PREFIX_PATH=/root/ros_ws/src/install/custom_msgs:${CMAKE_PREFIX_PATH} LD_LIBRARY_PATH=/root/ros_ws/src/install/custom_msgs/lib:${LD_LIBRARY_PATH} PYTHONPATH=/root/ros_ws/src/build/sensorPkg/prefix_override:/usr/lib/python3/dist-packages/colcon_core/task/python/colcon_distutils_commands:/root/ros_ws/src/install/sensorPkg/lib/python3.10/site-packages:/root/ros_ws/src/install/custom_msgs/local/lib/python3.10/dist-packages:${PYTHONPATH} /usr/bin/python3 -W ignore:setup.py install is deprecated -W ignore:easy_install command is deprecated setup.py develop --editable --build-directory /root/ros_ws/src/build/sensorPkg/build --no-deps symlink_data
[6.838s] INFO:colcon.colcon_core.shell:Creating environment descriptor '/root/ros_ws/src/build/sensorPkg/share/sensorPkg/hook/pythonpath_develop.dsv'
[6.839s] INFO:colcon.colcon_core.shell:Creating environment hook '/root/ros_ws/src/build/sensorPkg/share/sensorPkg/hook/pythonpath_develop.sh'
[6.839s] Level 1:colcon.colcon_core.environment:checking '/root/ros_ws/src/install/sensorPkg' for CMake module files
[6.839s] Level 1:colcon.colcon_core.environment:checking '/root/ros_ws/src/install/sensorPkg' for CMake config files
[6.840s] Level 1:colcon.colcon_core.environment:checking '/root/ros_ws/src/install/sensorPkg/lib'
[6.840s] Level 1:colcon.colcon_core.environment:checking '/root/ros_ws/src/install/sensorPkg/bin'
[6.840s] Level 1:colcon.colcon_core.environment:checking '/root/ros_ws/src/install/sensorPkg/lib/pkgconfig/sensorPkg.pc'
[6.840s] Level 1:colcon.colcon_core.environment:checking '/root/ros_ws/src/install/sensorPkg/lib/python3.10/site-packages'
[6.840s] Level 1:colcon.colcon_core.shell:create_environment_hook('sensorPkg', 'pythonpath')
[6.840s] INFO:colcon.colcon_core.shell:Creating environment hook '/root/ros_ws/src/install/sensorPkg/share/sensorPkg/hook/pythonpath.ps1'
[6.840s] INFO:colcon.colcon_core.shell:Creating environment descriptor '/root/ros_ws/src/install/sensorPkg/share/sensorPkg/hook/pythonpath.dsv'
[6.840s] INFO:colcon.colcon_core.shell:Creating environment hook '/root/ros_ws/src/install/sensorPkg/share/sensorPkg/hook/pythonpath.sh'
[6.841s] Level 1:colcon.colcon_core.environment:checking '/root/ros_ws/src/install/sensorPkg/bin'
[6.841s] Level 1:colcon.colcon_core.environment:create_environment_scripts_only(sensorPkg)
[6.841s] INFO:colcon.colcon_core.shell:Creating package script '/root/ros_ws/src/install/sensorPkg/share/sensorPkg/package.ps1'
[6.841s] INFO:colcon.colcon_core.shell:Creating package descriptor '/root/ros_ws/src/install/sensorPkg/share/sensorPkg/package.dsv'
[6.842s] INFO:colcon.colcon_core.shell:Creating package script '/root/ros_ws/src/install/sensorPkg/share/sensorPkg/package.sh'
[6.842s] INFO:colcon.colcon_core.shell:Creating package script '/root/ros_ws/src/install/sensorPkg/share/sensorPkg/package.bash'
[6.842s] INFO:colcon.colcon_core.shell:Creating package script '/root/ros_ws/src/install/sensorPkg/share/sensorPkg/package.zsh'
[6.842s] Level 1:colcon.colcon_core.environment:create_file_with_runtime_dependencies(/root/ros_ws/src/install/sensorPkg/share/colcon-core/packages/sensorPkg)
[6.843s] DEBUG:colcon.colcon_parallel_executor.executor.parallel:closing loop
[6.843s] DEBUG:colcon.colcon_parallel_executor.executor.parallel:loop closed
[6.843s] DEBUG:colcon.colcon_parallel_executor.executor.parallel:run_until_complete finished with '0'
[6.843s] DEBUG:colcon.colcon_core.event_reactor:joining thread
[6.848s] INFO:colcon.colcon_core.plugin_system:Skipping extension 'colcon_notification.desktop_notification.notify_send': Could not find 'notify-send'
[6.848s] INFO:colcon.colcon_core.plugin_system:Skipping extension 'colcon_notification.desktop_notification.terminal_notifier': Not used on non-Darwin systems
[6.848s] INFO:colcon.colcon_core.plugin_system:Skipping extension 'colcon_notification.desktop_notification.win32': Not used on non-Windows systems
[6.848s] INFO:colcon.colcon_notification.desktop_notification:Sending desktop notification using 'notify2'
[6.851s] DEBUG:colcon.colcon_notification.desktop_notification.notify2:Failed to initialize notify2: org.freedesktop.DBus.Error.Spawn.ExecFailed: /usr/bin/dbus-launch terminated abnormally without any error message
[6.851s] DEBUG:colcon.colcon_core.event_reactor:joined thread
[6.852s] INFO:colcon.colcon_core.shell:Creating prefix script '/root/ros_ws/src/install/local_setup.ps1'
[6.853s] INFO:colcon.colcon_core.shell:Creating prefix util module '/root/ros_ws/src/install/_local_setup_util_ps1.py'
[6.854s] INFO:colcon.colcon_core.shell:Creating prefix chain script '/root/ros_ws/src/install/setup.ps1'
[6.855s] INFO:colcon.colcon_core.shell:Creating prefix script '/root/ros_ws/src/install/local_setup.sh'
[6.855s] INFO:colcon.colcon_core.shell:Creating prefix util module '/root/ros_ws/src/install/_local_setup_util_sh.py'
[6.856s] INFO:colcon.colcon_core.shell:Creating prefix chain script '/root/ros_ws/src/install/setup.sh'
[6.856s] INFO:colcon.colcon_core.shell:Creating prefix script '/root/ros_ws/src/install/local_setup.bash'
[6.857s] INFO:colcon.colcon_core.shell:Creating prefix chain script '/root/ros_ws/src/install/setup.bash'
[6.858s] INFO:colcon.colcon_core.shell:Creating prefix script '/root/ros_ws/src/install/local_setup.zsh'
[6.858s] INFO:colcon.colcon_core.shell:Creating prefix chain script '/root/ros_ws/src/install/setup.zsh'
