[1.273s] Invoking command in '/root/ros_ws/src/build/my_robot_controller': PYTHONPATH=/root/ros_ws/src/build/my_robot_controller/prefix_override:/usr/lib/python3/dist-packages/colcon_core/task/python/colcon_distutils_commands:/root/ros_ws/src/install/my_robot_controller/lib/python3.10/site-packages:${PYTHONPATH} /usr/bin/python3 -W ignore:setup.py install is deprecated -W ignore:easy_install command is deprecated setup.py develop --editable --build-directory /root/ros_ws/src/build/my_robot_controller/build --no-deps symlink_data
[1.488s] running develop
[1.608s] running egg_info
[1.609s] writing my_robot_controller.egg-info/PKG-INFO
[1.609s] writing dependency_links to my_robot_controller.egg-info/dependency_links.txt
[1.609s] writing entry points to my_robot_controller.egg-info/entry_points.txt
[1.609s] writing requirements to my_robot_controller.egg-info/requires.txt
[1.609s] writing top-level names to my_robot_controller.egg-info/top_level.txt
[1.610s] reading manifest file 'my_robot_controller.egg-info/SOURCES.txt'
[1.611s] writing manifest file 'my_robot_controller.egg-info/SOURCES.txt'
[1.612s] running build_ext
[1.613s] Creating /root/ros_ws/src/install/my_robot_controller/lib/python3.10/site-packages/my-robot-controller.egg-link (link to .)
[1.613s] Installing draw_circle script to /root/ros_ws/src/install/my_robot_controller/lib/my_robot_controller
[1.614s] Installing firstNode script to /root/ros_ws/src/install/my_robot_controller/lib/my_robot_controller
[1.614s] Installing listen script to /root/ros_ws/src/install/my_robot_controller/lib/my_robot_controller
[1.614s] Installing sensor script to /root/ros_ws/src/install/my_robot_controller/lib/my_robot_controller
[1.614s] Installing test script to /root/ros_ws/src/install/my_robot_controller/lib/my_robot_controller
[1.614s] 
[1.614s] Installed /root/ros_ws/src/build/my_robot_controller
[1.614s] running symlink_data
[1.644s] Invoked command in '/root/ros_ws/src/build/my_robot_controller' returned '0': PYTHONPATH=/root/ros_ws/src/build/my_robot_controller/prefix_override:/usr/lib/python3/dist-packages/colcon_core/task/python/colcon_distutils_commands:/root/ros_ws/src/install/my_robot_controller/lib/python3.10/site-packages:${PYTHONPATH} /usr/bin/python3 -W ignore:setup.py install is deprecated -W ignore:easy_install command is deprecated setup.py develop --editable --build-directory /root/ros_ws/src/build/my_robot_controller/build --no-deps symlink_data
