[0.433s] Invoking command in '/root/ros_ws/src/my_robot_controller': PYTHONPATH=/root/ros_ws/src/build/my_robot_controller/prefix_override:/usr/lib/python3/dist-packages/colcon_core/task/python/colcon_distutils_commands:/root/ros_ws/src/install/my_robot_controller/lib/python3.10/site-packages:${PYTHONPATH} /usr/bin/python3 -W ignore:setup.py install is deprecated -W ignore:easy_install command is deprecated setup.py egg_info --egg-base ../build/my_robot_controller build --build-base /root/ros_ws/src/build/my_robot_controller/build install --record /root/ros_ws/src/build/my_robot_controller/install.log --single-version-externally-managed install_data
[0.586s] running egg_info
[0.586s] creating ../build/my_robot_controller/my_robot_controller.egg-info
[0.586s] writing ../build/my_robot_controller/my_robot_controller.egg-info/PKG-INFO
[0.587s] writing dependency_links to ../build/my_robot_controller/my_robot_controller.egg-info/dependency_links.txt
[0.587s] writing entry points to ../build/my_robot_controller/my_robot_controller.egg-info/entry_points.txt
[0.587s] writing requirements to ../build/my_robot_controller/my_robot_controller.egg-info/requires.txt
[0.587s] writing top-level names to ../build/my_robot_controller/my_robot_controller.egg-info/top_level.txt
[0.587s] writing manifest file '../build/my_robot_controller/my_robot_controller.egg-info/SOURCES.txt'
[0.588s] reading manifest file '../build/my_robot_controller/my_robot_controller.egg-info/SOURCES.txt'
[0.588s] writing manifest file '../build/my_robot_controller/my_robot_controller.egg-info/SOURCES.txt'
[0.588s] running build
[0.588s] running build_py
[0.589s] creating /root/ros_ws/src/build/my_robot_controller/build
[0.589s] creating /root/ros_ws/src/build/my_robot_controller/build/lib
[0.589s] creating /root/ros_ws/src/build/my_robot_controller/build/lib/my_robot_controller
[0.589s] copying my_robot_controller/__init__.py -> /root/ros_ws/src/build/my_robot_controller/build/lib/my_robot_controller
[0.589s] running install
[0.589s] running install_lib
[0.589s] creating /root/ros_ws/src/install/my_robot_controller/lib/python3.10/site-packages/my_robot_controller
[0.589s] copying /root/ros_ws/src/build/my_robot_controller/build/lib/my_robot_controller/__init__.py -> /root/ros_ws/src/install/my_robot_controller/lib/python3.10/site-packages/my_robot_controller
[0.590s] byte-compiling /root/ros_ws/src/install/my_robot_controller/lib/python3.10/site-packages/my_robot_controller/__init__.py to __init__.cpython-310.pyc
[0.590s] running install_data
[0.590s] creating /root/ros_ws/src/install/my_robot_controller/share/ament_index
[0.590s] creating /root/ros_ws/src/install/my_robot_controller/share/ament_index/resource_index
[0.590s] creating /root/ros_ws/src/install/my_robot_controller/share/ament_index/resource_index/packages
[0.590s] copying resource/my_robot_controller -> /root/ros_ws/src/install/my_robot_controller/share/ament_index/resource_index/packages
[0.590s] copying package.xml -> /root/ros_ws/src/install/my_robot_controller/share/my_robot_controller
[0.590s] running install_egg_info
[0.591s] Copying ../build/my_robot_controller/my_robot_controller.egg-info to /root/ros_ws/src/install/my_robot_controller/lib/python3.10/site-packages/my_robot_controller-0.0.0-py3.10.egg-info
[0.592s] running install_scripts
[0.607s] writing list of installed files to '/root/ros_ws/src/build/my_robot_controller/install.log'
[0.623s] Invoked command in '/root/ros_ws/src/my_robot_controller' returned '0': PYTHONPATH=/root/ros_ws/src/build/my_robot_controller/prefix_override:/usr/lib/python3/dist-packages/colcon_core/task/python/colcon_distutils_commands:/root/ros_ws/src/install/my_robot_controller/lib/python3.10/site-packages:${PYTHONPATH} /usr/bin/python3 -W ignore:setup.py install is deprecated -W ignore:easy_install command is deprecated setup.py egg_info --egg-base ../build/my_robot_controller build --build-base /root/ros_ws/src/build/my_robot_controller/build install --record /root/ros_ws/src/build/my_robot_controller/install.log --single-version-externally-managed install_data
