[1.106s] Invoking command in '/root/ros_ws/src/build/my_robot_controller': PYTHONPATH=/root/ros_ws/src/build/my_robot_controller/prefix_override:/usr/lib/python3/dist-packages/colcon_core/task/python/colcon_distutils_commands:/root/ros_ws/src/install/my_robot_controller/lib/python3.10/site-packages:${PYTHONPATH} /usr/bin/python3 -W ignore:setup.py install is deprecated -W ignore:easy_install command is deprecated setup.py develop --editable --build-directory /root/ros_ws/src/build/my_robot_controller/build --no-deps symlink_data
[1.319s] running develop
[1.436s] running egg_info
[1.436s] writing my_robot_controller.egg-info/PKG-INFO
[1.436s] writing dependency_links to my_robot_controller.egg-info/dependency_links.txt
[1.437s] writing entry points to my_robot_controller.egg-info/entry_points.txt
[1.437s] writing requirements to my_robot_controller.egg-info/requires.txt
[1.437s] writing top-level names to my_robot_controller.egg-info/top_level.txt
[1.438s] reading manifest file 'my_robot_controller.egg-info/SOURCES.txt'
[1.439s] writing manifest file 'my_robot_controller.egg-info/SOURCES.txt'
[1.440s] running build_ext
[1.441s] Creating /root/ros_ws/src/install/my_robot_controller/lib/python3.10/site-packages/my-robot-controller.egg-link (link to .)
[1.441s] Installing draw_circle script to /root/ros_ws/src/install/my_robot_controller/lib/my_robot_controller
[1.442s] Installing firstNode script to /root/ros_ws/src/install/my_robot_controller/lib/my_robot_controller
[1.442s] Installing listen script to /root/ros_ws/src/install/my_robot_controller/lib/my_robot_controller
[1.442s] Installing sensor script to /root/ros_ws/src/install/my_robot_controller/lib/my_robot_controller
[1.442s] Installing test script to /root/ros_ws/src/install/my_robot_controller/lib/my_robot_controller
[1.442s] 
[1.442s] Installed /root/ros_ws/src/build/my_robot_controller
[1.442s] running symlink_data
[1.471s] Invoked command in '/root/ros_ws/src/build/my_robot_controller' returned '0': PYTHONPATH=/root/ros_ws/src/build/my_robot_controller/prefix_override:/usr/lib/python3/dist-packages/colcon_core/task/python/colcon_distutils_commands:/root/ros_ws/src/install/my_robot_controller/lib/python3.10/site-packages:${PYTHONPATH} /usr/bin/python3 -W ignore:setup.py install is deprecated -W ignore:easy_install command is deprecated setup.py develop --editable --build-directory /root/ros_ws/src/build/my_robot_controller/build --no-deps symlink_data
