[0.986s] Invoking command in '/root/ros_ws/src/build/task2': AMENT_PREFIX_PATH=/root/ros_ws/src/install/custom_msgs:${AMENT_PREFIX_PATH} CMAKE_PREFIX_PATH=/root/ros_ws/src/install/custom_msgs:${CMAKE_PREFIX_PATH} LD_LIBRARY_PATH=/root/ros_ws/src/install/custom_msgs/lib:${LD_LIBRARY_PATH} PYTHONPATH=/root/ros_ws/src/build/task2/prefix_override:/usr/lib/python3/dist-packages/colcon_core/task/python/colcon_distutils_commands:/root/ros_ws/src/install/task2/lib/python3.10/site-packages:/root/ros_ws/src/install/custom_msgs/local/lib/python3.10/dist-packages:${PYTHONPATH} /usr/bin/python3 -W ignore:setup.py install is deprecated -W ignore:easy_install command is deprecated setup.py develop --editable --build-directory /root/ros_ws/src/build/task2/build --no-deps symlink_data
[1.179s] running develop
[1.286s] running egg_info
[1.286s] creating task2.egg-info
[1.287s] writing task2.egg-info/PKG-INFO
[1.287s] writing dependency_links to task2.egg-info/dependency_links.txt
[1.287s] writing entry points to task2.egg-info/entry_points.txt
[1.287s] writing requirements to task2.egg-info/requires.txt
[1.287s] writing top-level names to task2.egg-info/top_level.txt
[1.287s] writing manifest file 'task2.egg-info/SOURCES.txt'
[1.288s] reading manifest file 'task2.egg-info/SOURCES.txt'
[1.288s] writing manifest file 'task2.egg-info/SOURCES.txt'
[1.290s] running build_ext
[1.290s] Creating /root/ros_ws/src/install/task2/lib/python3.10/site-packages/task2.egg-link (link to .)
[1.290s] Installing publisher script to /root/ros_ws/src/install/task2/lib/task2
[1.290s] Installing subscriber script to /root/ros_ws/src/install/task2/lib/task2
[1.291s] 
[1.291s] Installed /root/ros_ws/src/build/task2
[1.291s] running symlink_data
[1.291s] creating /root/ros_ws/src/install/task2/share/ament_index
[1.291s] creating /root/ros_ws/src/install/task2/share/ament_index/resource_index
[1.291s] creating /root/ros_ws/src/install/task2/share/ament_index/resource_index/packages
[1.291s] symbolically linking /root/ros_ws/src/build/task2/resource/task2 -> /root/ros_ws/src/install/task2/share/ament_index/resource_index/packages
[1.291s] symbolically linking /root/ros_ws/src/build/task2/package.xml -> /root/ros_ws/src/install/task2/share/task2
[1.322s] Invoked command in '/root/ros_ws/src/build/task2' returned '0': AMENT_PREFIX_PATH=/root/ros_ws/src/install/custom_msgs:${AMENT_PREFIX_PATH} CMAKE_PREFIX_PATH=/root/ros_ws/src/install/custom_msgs:${CMAKE_PREFIX_PATH} LD_LIBRARY_PATH=/root/ros_ws/src/install/custom_msgs/lib:${LD_LIBRARY_PATH} PYTHONPATH=/root/ros_ws/src/build/task2/prefix_override:/usr/lib/python3/dist-packages/colcon_core/task/python/colcon_distutils_commands:/root/ros_ws/src/install/task2/lib/python3.10/site-packages:/root/ros_ws/src/install/custom_msgs/local/lib/python3.10/dist-packages:${PYTHONPATH} /usr/bin/python3 -W ignore:setup.py install is deprecated -W ignore:easy_install command is deprecated setup.py develop --editable --build-directory /root/ros_ws/src/build/task2/build --no-deps symlink_data
