running develop
running egg_info
creating task3.egg-info
writing task3.egg-info/PKG-INFO
writing dependency_links to task3.egg-info/dependency_links.txt
writing entry points to task3.egg-info/entry_points.txt
writing requirements to task3.egg-info/requires.txt
writing top-level names to task3.egg-info/top_level.txt
writing manifest file 'task3.egg-info/SOURCES.txt'
reading manifest file 'task3.egg-info/SOURCES.txt'
writing manifest file 'task3.egg-info/SOURCES.txt'
running build_ext
Creating /root/ros_ws/src/install/task3/lib/python3.10/site-packages/task3.egg-link (link to .)
Installing client script to /root/ros_ws/src/install/task3/lib/task3
Installing service script to /root/ros_ws/src/install/task3/lib/task3

Installed /root/ros_ws/src/build/task3
running symlink_data
creating /root/ros_ws/src/install/task3/share/ament_index
creating /root/ros_ws/src/install/task3/share/ament_index/resource_index
creating /root/ros_ws/src/install/task3/share/ament_index/resource_index/packages
symbolically linking /root/ros_ws/src/build/task3/resource/task3 -> /root/ros_ws/src/install/task3/share/ament_index/resource_index/packages
symbolically linking /root/ros_ws/src/build/task3/package.xml -> /root/ros_ws/src/install/task3/share/task3
