[0.996s] Invoking command in '/root/ros_ws/build/task4': PYTHONPATH=/root/ros_ws/build/task4/prefix_override:/usr/lib/python3/dist-packages/colcon_core/task/python/colcon_distutils_commands:/root/ros_ws/install/task4/lib/python3.10/site-packages:${PYTHONPATH} /usr/bin/python3 -W ignore:setup.py install is deprecated -W ignore:easy_install command is deprecated setup.py develop --editable --build-directory /root/ros_ws/build/task4/build --no-deps symlink_data
[1.191s] running develop
[1.302s] running egg_info
[1.302s] creating task4.egg-info
[1.302s] writing task4.egg-info/PKG-INFO
[1.303s] writing dependency_links to task4.egg-info/dependency_links.txt
[1.303s] writing entry points to task4.egg-info/entry_points.txt
[1.303s] writing requirements to task4.egg-info/requires.txt
[1.303s] writing top-level names to task4.egg-info/top_level.txt
[1.303s] writing manifest file 'task4.egg-info/SOURCES.txt'
[1.305s] reading manifest file 'task4.egg-info/SOURCES.txt'
[1.305s] writing manifest file 'task4.egg-info/SOURCES.txt'
[1.306s] running build_ext
[1.307s] Creating /root/ros_ws/install/task4/lib/python3.10/site-packages/task4.egg-link (link to .)
[1.307s] Installing client script to /root/ros_ws/install/task4/lib/task4
[1.308s] Installing server script to /root/ros_ws/install/task4/lib/task4
[1.308s] 
[1.308s] Installed /root/ros_ws/build/task4
[1.308s] running symlink_data
[1.308s] creating /root/ros_ws/install/task4/share/ament_index
[1.308s] creating /root/ros_ws/install/task4/share/ament_index/resource_index
[1.308s] creating /root/ros_ws/install/task4/share/ament_index/resource_index/packages
[1.308s] symbolically linking /root/ros_ws/build/task4/resource/task4 -> /root/ros_ws/install/task4/share/ament_index/resource_index/packages
[1.308s] symbolically linking /root/ros_ws/build/task4/package.xml -> /root/ros_ws/install/task4/share/task4
[1.343s] Invoked command in '/root/ros_ws/build/task4' returned '0': PYTHONPATH=/root/ros_ws/build/task4/prefix_override:/usr/lib/python3/dist-packages/colcon_core/task/python/colcon_distutils_commands:/root/ros_ws/install/task4/lib/python3.10/site-packages:${PYTHONPATH} /usr/bin/python3 -W ignore:setup.py install is deprecated -W ignore:easy_install command is deprecated setup.py develop --editable --build-directory /root/ros_ws/build/task4/build --no-deps symlink_data
