[0.135s] DEBUG:colcon:Command line arguments: ['/usr/bin/colcon', 'build', '--symlink']
[0.135s] DEBUG:colcon:Parsed command line arguments: Namespace(log_base=None, log_level=None, verb_name='build', build_base='build', install_base='install', merge_install=False, symlink_install=True, test_result_base=None, continue_on_error=False, executor='parallel', parallel_workers=16, event_handlers=None, ignore_user_meta=False, metas=['./colcon.meta'], base_paths=['.'], packages_ignore=None, packages_ignore_regex=None, paths=None, packages_up_to=None, packages_up_to_regex=None, packages_above=None, packages_above_and_dependencies=None, packages_above_depth=None, packages_select_by_dep=None, packages_skip_by_dep=None, packages_skip_up_to=None, packages_select_build_failed=False, packages_skip_build_finished=False, packages_select_test_failures=False, packages_skip_test_passed=False, packages_select=None, packages_skip=None, packages_select_regex=None, packages_skip_regex=None, packages_start=None, packages_end=None, cmake_args=None, cmake_target=None, cmake_target_skip_unavailable=False, cmake_clean_cache=False, cmake_clean_first=False, cmake_force_configure=False, ament_cmake_args=None, catkin_cmake_args=None, catkin_skip_building_tests=False, mixin_files=None, mixin=None, verb_parser=<colcon_mixin.mixin.mixin_argument.MixinArgumentDecorator object at 0x78448dcee1a0>, verb_extension=<colcon_core.verb.build.BuildVerb object at 0x78448def3a00>, main=<bound method BuildVerb.main of <colcon_core.verb.build.BuildVerb object at 0x78448def3a00>>, mixin_verb=('build',))
[0.307s] Level 1:colcon.colcon_core.package_discovery:discover_packages(colcon_meta) check parameters
[0.308s] INFO:colcon.colcon_metadata.package_discovery.colcon_meta:Using configuration from '/root/.colcon/metadata/default/Gazebo.meta'
[0.309s] INFO:colcon.colcon_metadata.package_discovery.colcon_meta:Using configuration from '/root/.colcon/metadata/default/fastdds.meta'
[0.309s] INFO:colcon.colcon_metadata.package_discovery.colcon_meta:Using configuration from '/root/.colcon/metadata/default/fastrtps.meta'
[0.309s] Level 1:colcon.colcon_core.package_discovery:discover_packages(recursive) check parameters
[0.309s] Level 1:colcon.colcon_core.package_discovery:discover_packages(ignore) check parameters
[0.309s] Level 1:colcon.colcon_core.package_discovery:discover_packages(path) check parameters
[0.309s] Level 1:colcon.colcon_core.package_discovery:discover_packages(colcon_meta) discover
[0.309s] Level 1:colcon.colcon_core.package_discovery:discover_packages(recursive) discover
[0.309s] INFO:colcon.colcon_core.package_discovery:Crawling recursively for packages in '/root/ros_ws'
[0.309s] Level 1:colcon.colcon_core.package_identification:_identify(.) by extensions ['ignore', 'ignore_ament_install']
[0.309s] Level 1:colcon.colcon_core.package_identification:_identify(.) by extension 'ignore'
[0.309s] Level 1:colcon.colcon_core.package_identification:_identify(.) by extension 'ignore_ament_install'
[0.309s] Level 1:colcon.colcon_core.package_identification:_identify(.) by extensions ['colcon_pkg']
[0.309s] Level 1:colcon.colcon_core.package_identification:_identify(.) by extension 'colcon_pkg'
[0.310s] Level 1:colcon.colcon_core.package_identification:_identify(.) by extensions ['colcon_meta']
[0.310s] Level 1:colcon.colcon_core.package_identification:_identify(.) by extension 'colcon_meta'
[0.310s] Level 1:colcon.colcon_core.package_identification:_identify(.) by extensions ['ros']
[0.310s] Level 1:colcon.colcon_core.package_identification:_identify(.) by extension 'ros'
[0.321s] Level 1:colcon.colcon_core.package_identification:_identify(.) by extensions ['cmake', 'python']
[0.321s] Level 1:colcon.colcon_core.package_identification:_identify(.) by extension 'cmake'
[0.322s] Level 1:colcon.colcon_core.package_identification:_identify(.) by extension 'python'
[0.322s] Level 1:colcon.colcon_core.package_identification:_identify(.) by extensions ['python_setup_py']
[0.322s] Level 1:colcon.colcon_core.package_identification:_identify(.) by extension 'python_setup_py'
[0.322s] Level 1:colcon.colcon_core.package_identification:_identify(build) by extensions ['ignore', 'ignore_ament_install']
[0.322s] Level 1:colcon.colcon_core.package_identification:_identify(build) by extension 'ignore'
[0.322s] Level 1:colcon.colcon_core.package_identification:_identify(build) ignored
[0.322s] Level 1:colcon.colcon_core.package_identification:_identify(install) by extensions ['ignore', 'ignore_ament_install']
[0.322s] Level 1:colcon.colcon_core.package_identification:_identify(install) by extension 'ignore'
[0.322s] Level 1:colcon.colcon_core.package_identification:_identify(install) ignored
[0.322s] Level 1:colcon.colcon_core.package_identification:_identify(log) by extensions ['ignore', 'ignore_ament_install']
[0.322s] Level 1:colcon.colcon_core.package_identification:_identify(log) by extension 'ignore'
[0.322s] Level 1:colcon.colcon_core.package_identification:_identify(log) ignored
[0.322s] Level 1:colcon.colcon_core.package_identification:_identify(py_srvcli) by extensions ['ignore', 'ignore_ament_install']
[0.322s] Level 1:colcon.colcon_core.package_identification:_identify(py_srvcli) by extension 'ignore'
[0.323s] Level 1:colcon.colcon_core.package_identification:_identify(py_srvcli) by extension 'ignore_ament_install'
[0.323s] Level 1:colcon.colcon_core.package_identification:_identify(py_srvcli) by extensions ['colcon_pkg']
[0.323s] Level 1:colcon.colcon_core.package_identification:_identify(py_srvcli) by extension 'colcon_pkg'
[0.323s] Level 1:colcon.colcon_core.package_identification:_identify(py_srvcli) by extensions ['colcon_meta']
[0.323s] Level 1:colcon.colcon_core.package_identification:_identify(py_srvcli) by extension 'colcon_meta'
[0.323s] Level 1:colcon.colcon_core.package_identification:_identify(py_srvcli) by extensions ['ros']
[0.323s] Level 1:colcon.colcon_core.package_identification:_identify(py_srvcli) by extension 'ros'
[0.325s] DEBUG:colcon.colcon_core.package_identification:Package 'py_srvcli' with type 'ros.ament_python' and name 'py_srvcli'
[0.325s] Level 1:colcon.colcon_core.package_identification:_identify(src) by extensions ['ignore', 'ignore_ament_install']
[0.325s] Level 1:colcon.colcon_core.package_identification:_identify(src) by extension 'ignore'
[0.325s] Level 1:colcon.colcon_core.package_identification:_identify(src) by extension 'ignore_ament_install'
[0.325s] Level 1:colcon.colcon_core.package_identification:_identify(src) by extensions ['colcon_pkg']
[0.325s] Level 1:colcon.colcon_core.package_identification:_identify(src) by extension 'colcon_pkg'
[0.326s] Level 1:colcon.colcon_core.package_identification:_identify(src) by extensions ['colcon_meta']
[0.326s] Level 1:colcon.colcon_core.package_identification:_identify(src) by extension 'colcon_meta'
[0.326s] Level 1:colcon.colcon_core.package_identification:_identify(src) by extensions ['ros']
[0.326s] Level 1:colcon.colcon_core.package_identification:_identify(src) by extension 'ros'
[0.326s] Level 1:colcon.colcon_core.package_identification:_identify(src) by extensions ['cmake', 'python']
[0.326s] Level 1:colcon.colcon_core.package_identification:_identify(src) by extension 'cmake'
[0.326s] Level 1:colcon.colcon_core.package_identification:_identify(src) by extension 'python'
[0.326s] Level 1:colcon.colcon_core.package_identification:_identify(src) by extensions ['python_setup_py']
[0.326s] Level 1:colcon.colcon_core.package_identification:_identify(src) by extension 'python_setup_py'
[0.326s] Level 1:colcon.colcon_core.package_identification:_identify(src/action_demo_pkg) by extensions ['ignore', 'ignore_ament_install']
[0.326s] Level 1:colcon.colcon_core.package_identification:_identify(src/action_demo_pkg) by extension 'ignore'
[0.326s] Level 1:colcon.colcon_core.package_identification:_identify(src/action_demo_pkg) by extension 'ignore_ament_install'
[0.326s] Level 1:colcon.colcon_core.package_identification:_identify(src/action_demo_pkg) by extensions ['colcon_pkg']
[0.326s] Level 1:colcon.colcon_core.package_identification:_identify(src/action_demo_pkg) by extension 'colcon_pkg'
[0.326s] Level 1:colcon.colcon_core.package_identification:_identify(src/action_demo_pkg) by extensions ['colcon_meta']
[0.326s] Level 1:colcon.colcon_core.package_identification:_identify(src/action_demo_pkg) by extension 'colcon_meta'
[0.326s] Level 1:colcon.colcon_core.package_identification:_identify(src/action_demo_pkg) by extensions ['ros']
[0.326s] Level 1:colcon.colcon_core.package_identification:_identify(src/action_demo_pkg) by extension 'ros'
[0.327s] DEBUG:colcon.colcon_core.package_identification:Package 'src/action_demo_pkg' with type 'ros.ament_python' and name 'action_demo_pkg'
[0.327s] Level 1:colcon.colcon_core.package_identification:_identify(src/build) by extensions ['ignore', 'ignore_ament_install']
[0.327s] Level 1:colcon.colcon_core.package_identification:_identify(src/build) by extension 'ignore'
[0.327s] Level 1:colcon.colcon_core.package_identification:_identify(src/build) ignored
[0.327s] Level 1:colcon.colcon_core.package_identification:_identify(src/custom_msgs) by extensions ['ignore', 'ignore_ament_install']
[0.327s] Level 1:colcon.colcon_core.package_identification:_identify(src/custom_msgs) by extension 'ignore'
[0.327s] Level 1:colcon.colcon_core.package_identification:_identify(src/custom_msgs) by extension 'ignore_ament_install'
[0.327s] Level 1:colcon.colcon_core.package_identification:_identify(src/custom_msgs) by extensions ['colcon_pkg']
[0.327s] Level 1:colcon.colcon_core.package_identification:_identify(src/custom_msgs) by extension 'colcon_pkg'
[0.328s] Level 1:colcon.colcon_core.package_identification:_identify(src/custom_msgs) by extensions ['colcon_meta']
[0.328s] Level 1:colcon.colcon_core.package_identification:_identify(src/custom_msgs) by extension 'colcon_meta'
[0.328s] Level 1:colcon.colcon_core.package_identification:_identify(src/custom_msgs) by extensions ['ros']
[0.328s] Level 1:colcon.colcon_core.package_identification:_identify(src/custom_msgs) by extension 'ros'
[0.328s] DEBUG:colcon.colcon_core.package_identification:Package 'src/custom_msgs' with type 'ros.ament_cmake' and name 'custom_msgs'
[0.328s] Level 1:colcon.colcon_core.package_identification:_identify(src/install) by extensions ['ignore', 'ignore_ament_install']
[0.328s] Level 1:colcon.colcon_core.package_identification:_identify(src/install) by extension 'ignore'
[0.329s] Level 1:colcon.colcon_core.package_identification:_identify(src/install) ignored
[0.329s] Level 1:colcon.colcon_core.package_identification:_identify(src/log) by extensions ['ignore', 'ignore_ament_install']
[0.329s] Level 1:colcon.colcon_core.package_identification:_identify(src/log) by extension 'ignore'
[0.329s] Level 1:colcon.colcon_core.package_identification:_identify(src/log) ignored
[0.329s] Level 1:colcon.colcon_core.package_identification:_identify(src/my_robot_controller) by extensions ['ignore', 'ignore_ament_install']
[0.329s] Level 1:colcon.colcon_core.package_identification:_identify(src/my_robot_controller) by extension 'ignore'
[0.329s] Level 1:colcon.colcon_core.package_identification:_identify(src/my_robot_controller) by extension 'ignore_ament_install'
[0.329s] Level 1:colcon.colcon_core.package_identification:_identify(src/my_robot_controller) by extensions ['colcon_pkg']
[0.329s] Level 1:colcon.colcon_core.package_identification:_identify(src/my_robot_controller) by extension 'colcon_pkg'
[0.329s] Level 1:colcon.colcon_core.package_identification:_identify(src/my_robot_controller) by extensions ['colcon_meta']
[0.329s] Level 1:colcon.colcon_core.package_identification:_identify(src/my_robot_controller) by extension 'colcon_meta'
[0.329s] Level 1:colcon.colcon_core.package_identification:_identify(src/my_robot_controller) by extensions ['ros']
[0.329s] Level 1:colcon.colcon_core.package_identification:_identify(src/my_robot_controller) by extension 'ros'
[0.330s] DEBUG:colcon.colcon_core.package_identification:Package 'src/my_robot_controller' with type 'ros.ament_python' and name 'my_robot_controller'
[0.330s] Level 1:colcon.colcon_core.package_identification:_identify(src/sensorPkg) by extensions ['ignore', 'ignore_ament_install']
[0.330s] Level 1:colcon.colcon_core.package_identification:_identify(src/sensorPkg) by extension 'ignore'
[0.330s] Level 1:colcon.colcon_core.package_identification:_identify(src/sensorPkg) by extension 'ignore_ament_install'
[0.330s] Level 1:colcon.colcon_core.package_identification:_identify(src/sensorPkg) by extensions ['colcon_pkg']
[0.330s] Level 1:colcon.colcon_core.package_identification:_identify(src/sensorPkg) by extension 'colcon_pkg'
[0.331s] Level 1:colcon.colcon_core.package_identification:_identify(src/sensorPkg) by extensions ['colcon_meta']
[0.331s] Level 1:colcon.colcon_core.package_identification:_identify(src/sensorPkg) by extension 'colcon_meta'
[0.331s] Level 1:colcon.colcon_core.package_identification:_identify(src/sensorPkg) by extensions ['ros']
[0.331s] Level 1:colcon.colcon_core.package_identification:_identify(src/sensorPkg) by extension 'ros'
[0.331s] DEBUG:colcon.colcon_core.package_identification:Package 'src/sensorPkg' with type 'ros.ament_python' and name 'sensorPkg'
[0.332s] Level 1:colcon.colcon_core.package_identification:_identify(src/task2) by extensions ['ignore', 'ignore_ament_install']
[0.332s] Level 1:colcon.colcon_core.package_identification:_identify(src/task2) by extension 'ignore'
[0.332s] Level 1:colcon.colcon_core.package_identification:_identify(src/task2) by extension 'ignore_ament_install'
[0.332s] Level 1:colcon.colcon_core.package_identification:_identify(src/task2) by extensions ['colcon_pkg']
[0.332s] Level 1:colcon.colcon_core.package_identification:_identify(src/task2) by extension 'colcon_pkg'
[0.332s] Level 1:colcon.colcon_core.package_identification:_identify(src/task2) by extensions ['colcon_meta']
[0.332s] Level 1:colcon.colcon_core.package_identification:_identify(src/task2) by extension 'colcon_meta'
[0.332s] Level 1:colcon.colcon_core.package_identification:_identify(src/task2) by extensions ['ros']
[0.332s] Level 1:colcon.colcon_core.package_identification:_identify(src/task2) by extension 'ros'
[0.333s] DEBUG:colcon.colcon_core.package_identification:Package 'src/task2' with type 'ros.ament_python' and name 'task2'
[0.333s] Level 1:colcon.colcon_core.package_identification:_identify(src/task3) by extensions ['ignore', 'ignore_ament_install']
[0.333s] Level 1:colcon.colcon_core.package_identification:_identify(src/task3) by extension 'ignore'
[0.333s] Level 1:colcon.colcon_core.package_identification:_identify(src/task3) by extension 'ignore_ament_install'
[0.333s] Level 1:colcon.colcon_core.package_identification:_identify(src/task3) by extensions ['colcon_pkg']
[0.333s] Level 1:colcon.colcon_core.package_identification:_identify(src/task3) by extension 'colcon_pkg'
[0.333s] Level 1:colcon.colcon_core.package_identification:_identify(src/task3) by extensions ['colcon_meta']
[0.333s] Level 1:colcon.colcon_core.package_identification:_identify(src/task3) by extension 'colcon_meta'
[0.333s] Level 1:colcon.colcon_core.package_identification:_identify(src/task3) by extensions ['ros']
[0.333s] Level 1:colcon.colcon_core.package_identification:_identify(src/task3) by extension 'ros'
[0.334s] DEBUG:colcon.colcon_core.package_identification:Package 'src/task3' with type 'ros.ament_python' and name 'task3'
[0.334s] Level 1:colcon.colcon_core.package_identification:_identify(src/task4) by extensions ['ignore', 'ignore_ament_install']
[0.334s] Level 1:colcon.colcon_core.package_identification:_identify(src/task4) by extension 'ignore'
[0.334s] Level 1:colcon.colcon_core.package_identification:_identify(src/task4) by extension 'ignore_ament_install'
[0.334s] Level 1:colcon.colcon_core.package_identification:_identify(src/task4) by extensions ['colcon_pkg']
[0.334s] Level 1:colcon.colcon_core.package_identification:_identify(src/task4) by extension 'colcon_pkg'
[0.334s] Level 1:colcon.colcon_core.package_identification:_identify(src/task4) by extensions ['colcon_meta']
[0.334s] Level 1:colcon.colcon_core.package_identification:_identify(src/task4) by extension 'colcon_meta'
[0.334s] Level 1:colcon.colcon_core.package_identification:_identify(src/task4) by extensions ['ros']
[0.334s] Level 1:colcon.colcon_core.package_identification:_identify(src/task4) by extension 'ros'
[0.335s] DEBUG:colcon.colcon_core.package_identification:Package 'src/task4' with type 'ros.ament_python' and name 'task4'
[0.335s] Level 1:colcon.colcon_core.package_discovery:discover_packages(recursive) using defaults
[0.335s] Level 1:colcon.colcon_core.package_discovery:discover_packages(ignore) discover
[0.335s] Level 1:colcon.colcon_core.package_discovery:discover_packages(ignore) using defaults
[0.335s] Level 1:colcon.colcon_core.package_discovery:discover_packages(path) discover
[0.335s] Level 1:colcon.colcon_core.package_discovery:discover_packages(path) using defaults
[0.357s] Level 5:colcon.colcon_core.verb:set package 'custom_msgs' build argument 'cmake_args' from command line to 'None'
[0.357s] Level 5:colcon.colcon_core.verb:set package 'custom_msgs' build argument 'cmake_target' from command line to 'None'
[0.357s] Level 5:colcon.colcon_core.verb:set package 'custom_msgs' build argument 'cmake_target_skip_unavailable' from command line to 'False'
[0.357s] Level 5:colcon.colcon_core.verb:set package 'custom_msgs' build argument 'cmake_clean_cache' from command line to 'False'
[0.357s] Level 5:colcon.colcon_core.verb:set package 'custom_msgs' build argument 'cmake_clean_first' from command line to 'False'
[0.357s] Level 5:colcon.colcon_core.verb:set package 'custom_msgs' build argument 'cmake_force_configure' from command line to 'False'
[0.357s] Level 5:colcon.colcon_core.verb:set package 'custom_msgs' build argument 'ament_cmake_args' from command line to 'None'
[0.357s] Level 5:colcon.colcon_core.verb:set package 'custom_msgs' build argument 'catkin_cmake_args' from command line to 'None'
[0.357s] Level 5:colcon.colcon_core.verb:set package 'custom_msgs' build argument 'catkin_skip_building_tests' from command line to 'False'
[0.357s] DEBUG:colcon.colcon_core.verb:Building package 'custom_msgs' with the following arguments: {'ament_cmake_args': None, 'build_base': '/root/ros_ws/build/custom_msgs', 'catkin_cmake_args': None, 'catkin_skip_building_tests': False, 'cmake_args': None, 'cmake_clean_cache': False, 'cmake_clean_first': False, 'cmake_force_configure': False, 'cmake_target': None, 'cmake_target_skip_unavailable': False, 'install_base': '/root/ros_ws/install/custom_msgs', 'merge_install': False, 'path': '/root/ros_ws/src/custom_msgs', 'symlink_install': True, 'test_result_base': None}
[0.357s] Level 5:colcon.colcon_core.verb:set package 'my_robot_controller' build argument 'cmake_args' from command line to 'None'
[0.357s] Level 5:colcon.colcon_core.verb:set package 'my_robot_controller' build argument 'cmake_target' from command line to 'None'
[0.357s] Level 5:colcon.colcon_core.verb:set package 'my_robot_controller' build argument 'cmake_target_skip_unavailable' from command line to 'False'
[0.357s] Level 5:colcon.colcon_core.verb:set package 'my_robot_controller' build argument 'cmake_clean_cache' from command line to 'False'
[0.357s] Level 5:colcon.colcon_core.verb:set package 'my_robot_controller' build argument 'cmake_clean_first' from command line to 'False'
[0.357s] Level 5:colcon.colcon_core.verb:set package 'my_robot_controller' build argument 'cmake_force_configure' from command line to 'False'
[0.357s] Level 5:colcon.colcon_core.verb:set package 'my_robot_controller' build argument 'ament_cmake_args' from command line to 'None'
[0.357s] Level 5:colcon.colcon_core.verb:set package 'my_robot_controller' build argument 'catkin_cmake_args' from command line to 'None'
[0.357s] Level 5:colcon.colcon_core.verb:set package 'my_robot_controller' build argument 'catkin_skip_building_tests' from command line to 'False'
[0.357s] DEBUG:colcon.colcon_core.verb:Building package 'my_robot_controller' with the following arguments: {'ament_cmake_args': None, 'build_base': '/root/ros_ws/build/my_robot_controller', 'catkin_cmake_args': None, 'catkin_skip_building_tests': False, 'cmake_args': None, 'cmake_clean_cache': False, 'cmake_clean_first': False, 'cmake_force_configure': False, 'cmake_target': None, 'cmake_target_skip_unavailable': False, 'install_base': '/root/ros_ws/install/my_robot_controller', 'merge_install': False, 'path': '/root/ros_ws/src/my_robot_controller', 'symlink_install': True, 'test_result_base': None}
[0.357s] Level 5:colcon.colcon_core.verb:set package 'py_srvcli' build argument 'cmake_args' from command line to 'None'
[0.357s] Level 5:colcon.colcon_core.verb:set package 'py_srvcli' build argument 'cmake_target' from command line to 'None'
[0.357s] Level 5:colcon.colcon_core.verb:set package 'py_srvcli' build argument 'cmake_target_skip_unavailable' from command line to 'False'
[0.357s] Level 5:colcon.colcon_core.verb:set package 'py_srvcli' build argument 'cmake_clean_cache' from command line to 'False'
[0.357s] Level 5:colcon.colcon_core.verb:set package 'py_srvcli' build argument 'cmake_clean_first' from command line to 'False'
[0.357s] Level 5:colcon.colcon_core.verb:set package 'py_srvcli' build argument 'cmake_force_configure' from command line to 'False'
[0.358s] Level 5:colcon.colcon_core.verb:set package 'py_srvcli' build argument 'ament_cmake_args' from command line to 'None'
[0.358s] Level 5:colcon.colcon_core.verb:set package 'py_srvcli' build argument 'catkin_cmake_args' from command line to 'None'
[0.358s] Level 5:colcon.colcon_core.verb:set package 'py_srvcli' build argument 'catkin_skip_building_tests' from command line to 'False'
[0.358s] DEBUG:colcon.colcon_core.verb:Building package 'py_srvcli' with the following arguments: {'ament_cmake_args': None, 'build_base': '/root/ros_ws/build/py_srvcli', 'catkin_cmake_args': None, 'catkin_skip_building_tests': False, 'cmake_args': None, 'cmake_clean_cache': False, 'cmake_clean_first': False, 'cmake_force_configure': False, 'cmake_target': None, 'cmake_target_skip_unavailable': False, 'install_base': '/root/ros_ws/install/py_srvcli', 'merge_install': False, 'path': '/root/ros_ws/py_srvcli', 'symlink_install': True, 'test_result_base': None}
[0.358s] Level 5:colcon.colcon_core.verb:set package 'action_demo_pkg' build argument 'cmake_args' from command line to 'None'
[0.358s] Level 5:colcon.colcon_core.verb:set package 'action_demo_pkg' build argument 'cmake_target' from command line to 'None'
[0.358s] Level 5:colcon.colcon_core.verb:set package 'action_demo_pkg' build argument 'cmake_target_skip_unavailable' from command line to 'False'
[0.358s] Level 5:colcon.colcon_core.verb:set package 'action_demo_pkg' build argument 'cmake_clean_cache' from command line to 'False'
[0.358s] Level 5:colcon.colcon_core.verb:set package 'action_demo_pkg' build argument 'cmake_clean_first' from command line to 'False'
[0.358s] Level 5:colcon.colcon_core.verb:set package 'action_demo_pkg' build argument 'cmake_force_configure' from command line to 'False'
[0.358s] Level 5:colcon.colcon_core.verb:set package 'action_demo_pkg' build argument 'ament_cmake_args' from command line to 'None'
[0.358s] Level 5:colcon.colcon_core.verb:set package 'action_demo_pkg' build argument 'catkin_cmake_args' from command line to 'None'
[0.358s] Level 5:colcon.colcon_core.verb:set package 'action_demo_pkg' build argument 'catkin_skip_building_tests' from command line to 'False'
[0.358s] DEBUG:colcon.colcon_core.verb:Building package 'action_demo_pkg' with the following arguments: {'ament_cmake_args': None, 'build_base': '/root/ros_ws/build/action_demo_pkg', 'catkin_cmake_args': None, 'catkin_skip_building_tests': False, 'cmake_args': None, 'cmake_clean_cache': False, 'cmake_clean_first': False, 'cmake_force_configure': False, 'cmake_target': None, 'cmake_target_skip_unavailable': False, 'install_base': '/root/ros_ws/install/action_demo_pkg', 'merge_install': False, 'path': '/root/ros_ws/src/action_demo_pkg', 'symlink_install': True, 'test_result_base': None}
[0.358s] Level 5:colcon.colcon_core.verb:set package 'sensorPkg' build argument 'cmake_args' from command line to 'None'
[0.358s] Level 5:colcon.colcon_core.verb:set package 'sensorPkg' build argument 'cmake_target' from command line to 'None'
[0.358s] Level 5:colcon.colcon_core.verb:set package 'sensorPkg' build argument 'cmake_target_skip_unavailable' from command line to 'False'
[0.358s] Level 5:colcon.colcon_core.verb:set package 'sensorPkg' build argument 'cmake_clean_cache' from command line to 'False'
[0.358s] Level 5:colcon.colcon_core.verb:set package 'sensorPkg' build argument 'cmake_clean_first' from command line to 'False'
[0.358s] Level 5:colcon.colcon_core.verb:set package 'sensorPkg' build argument 'cmake_force_configure' from command line to 'False'
[0.358s] Level 5:colcon.colcon_core.verb:set package 'sensorPkg' build argument 'ament_cmake_args' from command line to 'None'
[0.358s] Level 5:colcon.colcon_core.verb:set package 'sensorPkg' build argument 'catkin_cmake_args' from command line to 'None'
[0.358s] Level 5:colcon.colcon_core.verb:set package 'sensorPkg' build argument 'catkin_skip_building_tests' from command line to 'False'
[0.358s] DEBUG:colcon.colcon_core.verb:Building package 'sensorPkg' with the following arguments: {'ament_cmake_args': None, 'build_base': '/root/ros_ws/build/sensorPkg', 'catkin_cmake_args': None, 'catkin_skip_building_tests': False, 'cmake_args': None, 'cmake_clean_cache': False, 'cmake_clean_first': False, 'cmake_force_configure': False, 'cmake_target': None, 'cmake_target_skip_unavailable': False, 'install_base': '/root/ros_ws/install/sensorPkg', 'merge_install': False, 'path': '/root/ros_ws/src/sensorPkg', 'symlink_install': True, 'test_result_base': None}
[0.359s] Level 5:colcon.colcon_core.verb:set package 'task2' build argument 'cmake_args' from command line to 'None'
[0.359s] Level 5:colcon.colcon_core.verb:set package 'task2' build argument 'cmake_target' from command line to 'None'
[0.359s] Level 5:colcon.colcon_core.verb:set package 'task2' build argument 'cmake_target_skip_unavailable' from command line to 'False'
[0.359s] Level 5:colcon.colcon_core.verb:set package 'task2' build argument 'cmake_clean_cache' from command line to 'False'
[0.359s] Level 5:colcon.colcon_core.verb:set package 'task2' build argument 'cmake_clean_first' from command line to 'False'
[0.359s] Level 5:colcon.colcon_core.verb:set package 'task2' build argument 'cmake_force_configure' from command line to 'False'
[0.359s] Level 5:colcon.colcon_core.verb:set package 'task2' build argument 'ament_cmake_args' from command line to 'None'
[0.359s] Level 5:colcon.colcon_core.verb:set package 'task2' build argument 'catkin_cmake_args' from command line to 'None'
[0.359s] Level 5:colcon.colcon_core.verb:set package 'task2' build argument 'catkin_skip_building_tests' from command line to 'False'
[0.359s] DEBUG:colcon.colcon_core.verb:Building package 'task2' with the following arguments: {'ament_cmake_args': None, 'build_base': '/root/ros_ws/build/task2', 'catkin_cmake_args': None, 'catkin_skip_building_tests': False, 'cmake_args': None, 'cmake_clean_cache': False, 'cmake_clean_first': False, 'cmake_force_configure': False, 'cmake_target': None, 'cmake_target_skip_unavailable': False, 'install_base': '/root/ros_ws/install/task2', 'merge_install': False, 'path': '/root/ros_ws/src/task2', 'symlink_install': True, 'test_result_base': None}
[0.359s] Level 5:colcon.colcon_core.verb:set package 'task3' build argument 'cmake_args' from command line to 'None'
[0.359s] Level 5:colcon.colcon_core.verb:set package 'task3' build argument 'cmake_target' from command line to 'None'
[0.359s] Level 5:colcon.colcon_core.verb:set package 'task3' build argument 'cmake_target_skip_unavailable' from command line to 'False'
[0.359s] Level 5:colcon.colcon_core.verb:set package 'task3' build argument 'cmake_clean_cache' from command line to 'False'
[0.359s] Level 5:colcon.colcon_core.verb:set package 'task3' build argument 'cmake_clean_first' from command line to 'False'
[0.359s] Level 5:colcon.colcon_core.verb:set package 'task3' build argument 'cmake_force_configure' from command line to 'False'
[0.359s] Level 5:colcon.colcon_core.verb:set package 'task3' build argument 'ament_cmake_args' from command line to 'None'
[0.359s] Level 5:colcon.colcon_core.verb:set package 'task3' build argument 'catkin_cmake_args' from command line to 'None'
[0.359s] Level 5:colcon.colcon_core.verb:set package 'task3' build argument 'catkin_skip_building_tests' from command line to 'False'
[0.359s] DEBUG:colcon.colcon_core.verb:Building package 'task3' with the following arguments: {'ament_cmake_args': None, 'build_base': '/root/ros_ws/build/task3', 'catkin_cmake_args': None, 'catkin_skip_building_tests': False, 'cmake_args': None, 'cmake_clean_cache': False, 'cmake_clean_first': False, 'cmake_force_configure': False, 'cmake_target': None, 'cmake_target_skip_unavailable': False, 'install_base': '/root/ros_ws/install/task3', 'merge_install': False, 'path': '/root/ros_ws/src/task3', 'symlink_install': True, 'test_result_base': None}
[0.360s] Level 5:colcon.colcon_core.verb:set package 'task4' build argument 'cmake_args' from command line to 'None'
[0.360s] Level 5:colcon.colcon_core.verb:set package 'task4' build argument 'cmake_target' from command line to 'None'
[0.360s] Level 5:colcon.colcon_core.verb:set package 'task4' build argument 'cmake_target_skip_unavailable' from command line to 'False'
[0.360s] Level 5:colcon.colcon_core.verb:set package 'task4' build argument 'cmake_clean_cache' from command line to 'False'
[0.360s] Level 5:colcon.colcon_core.verb:set package 'task4' build argument 'cmake_clean_first' from command line to 'False'
[0.360s] Level 5:colcon.colcon_core.verb:set package 'task4' build argument 'cmake_force_configure' from command line to 'False'
[0.360s] Level 5:colcon.colcon_core.verb:set package 'task4' build argument 'ament_cmake_args' from command line to 'None'
[0.360s] Level 5:colcon.colcon_core.verb:set package 'task4' build argument 'catkin_cmake_args' from command line to 'None'
[0.360s] Level 5:colcon.colcon_core.verb:set package 'task4' build argument 'catkin_skip_building_tests' from command line to 'False'
[0.360s] DEBUG:colcon.colcon_core.verb:Building package 'task4' with the following arguments: {'ament_cmake_args': None, 'build_base': '/root/ros_ws/build/task4', 'catkin_cmake_args': None, 'catkin_skip_building_tests': False, 'cmake_args': None, 'cmake_clean_cache': False, 'cmake_clean_first': False, 'cmake_force_configure': False, 'cmake_target': None, 'cmake_target_skip_unavailable': False, 'install_base': '/root/ros_ws/install/task4', 'merge_install': False, 'path': '/root/ros_ws/src/task4', 'symlink_install': True, 'test_result_base': None}
[0.360s] INFO:colcon.colcon_core.executor:Executing jobs using 'parallel' executor
[0.361s] DEBUG:colcon.colcon_parallel_executor.executor.parallel:run_until_complete
[0.361s] INFO:colcon.colcon_ros.task.ament_cmake.build:Building ROS package in '/root/ros_ws/src/custom_msgs' with build type 'ament_cmake'
[0.361s] INFO:colcon.colcon_cmake.task.cmake.build:Building CMake package in '/root/ros_ws/src/custom_msgs'
[0.365s] INFO:colcon.colcon_core.plugin_system:Skipping extension 'colcon_core.shell.bat': Not used on non-Windows systems
[0.365s] INFO:colcon.colcon_core.shell:Skip shell extension 'powershell' for command environment: Not usable outside of PowerShell
[0.366s] DEBUG:colcon.colcon_core.shell:Skip shell extension 'dsv' for command environment
[0.372s] INFO:colcon.colcon_ros.task.ament_python.build:Building ROS package in '/root/ros_ws/src/my_robot_controller' with build type 'ament_python'
[0.372s] Level 1:colcon.colcon_core.shell:create_environment_hook('my_robot_controller', 'ament_prefix_path')
[0.372s] INFO:colcon.colcon_core.shell:Creating environment hook '/root/ros_ws/install/my_robot_controller/share/my_robot_controller/hook/ament_prefix_path.ps1'
[0.373s] INFO:colcon.colcon_core.shell:Creating environment descriptor '/root/ros_ws/install/my_robot_controller/share/my_robot_controller/hook/ament_prefix_path.dsv'
[0.373s] INFO:colcon.colcon_core.shell:Creating environment hook '/root/ros_ws/install/my_robot_controller/share/my_robot_controller/hook/ament_prefix_path.sh'
[0.374s] INFO:colcon.colcon_core.shell:Skip shell extension 'powershell' for command environment: Not usable outside of PowerShell
[0.374s] DEBUG:colcon.colcon_core.shell:Skip shell extension 'dsv' for command environment
[0.377s] INFO:colcon.colcon_ros.task.ament_python.build:Building ROS package in '/root/ros_ws/py_srvcli' with build type 'ament_python'
[0.377s] Level 1:colcon.colcon_core.shell:create_environment_hook('py_srvcli', 'ament_prefix_path')
[0.377s] INFO:colcon.colcon_core.shell:Creating environment hook '/root/ros_ws/install/py_srvcli/share/py_srvcli/hook/ament_prefix_path.ps1'
[0.377s] INFO:colcon.colcon_core.shell:Creating environment descriptor '/root/ros_ws/install/py_srvcli/share/py_srvcli/hook/ament_prefix_path.dsv'
[0.378s] INFO:colcon.colcon_core.shell:Creating environment hook '/root/ros_ws/install/py_srvcli/share/py_srvcli/hook/ament_prefix_path.sh'
[0.378s] INFO:colcon.colcon_core.shell:Skip shell extension 'powershell' for command environment: Not usable outside of PowerShell
[0.378s] DEBUG:colcon.colcon_core.shell:Skip shell extension 'dsv' for command environment
[0.396s] DEBUG:colcon.colcon_core.event_handler.log_command:Invoking command in '/root/ros_ws/build/custom_msgs': CMAKE_PREFIX_PATH=${CMAKE_PREFIX_PATH}:/root/ros_ws/install/task4:/root/ros_ws/install/task3:/root/ros_ws/install/task2:/root/ros_ws/install/sensorPkg:/root/ros_ws/install/py_srvcli:/root/ros_ws/install/my_robot_controller:/opt/ros/humble /usr/bin/cmake --build /root/ros_ws/build/custom_msgs -- -j16 -l16
[0.582s] INFO:colcon.colcon_core.task.python.build:Building Python package in '/root/ros_ws/src/my_robot_controller'
[0.583s] INFO:colcon.colcon_core.shell:Skip shell extension 'powershell' for command environment: Not usable outside of PowerShell
[0.583s] DEBUG:colcon.colcon_core.shell:Skip shell extension 'dsv' for command environment
[0.768s] INFO:colcon.colcon_core.task.python.build:Building Python package in '/root/ros_ws/py_srvcli'
[0.768s] INFO:colcon.colcon_core.shell:Skip shell extension 'powershell' for command environment: Not usable outside of PowerShell
[0.768s] DEBUG:colcon.colcon_core.shell:Skip shell extension 'dsv' for command environment
[1.050s] DEBUG:colcon.colcon_core.event_handler.log_command:Invoking command in '/root/ros_ws/build/py_srvcli': PYTHONPATH=/root/ros_ws/build/py_srvcli/prefix_override:/usr/lib/python3/dist-packages/colcon_core/task/python/colcon_distutils_commands:/root/ros_ws/install/py_srvcli/lib/python3.10/site-packages:${PYTHONPATH} /usr/bin/python3 -W ignore:setup.py install is deprecated -W ignore:easy_install command is deprecated setup.py develop --editable --build-directory /root/ros_ws/build/py_srvcli/build --no-deps symlink_data
[1.052s] DEBUG:colcon.colcon_core.event_handler.log_command:Invoking command in '/root/ros_ws/build/my_robot_controller': PYTHONPATH=/root/ros_ws/build/my_robot_controller/prefix_override:/usr/lib/python3/dist-packages/colcon_core/task/python/colcon_distutils_commands:/root/ros_ws/install/my_robot_controller/lib/python3.10/site-packages:${PYTHONPATH} /usr/bin/python3 -W ignore:setup.py install is deprecated -W ignore:easy_install command is deprecated setup.py develop --editable --build-directory /root/ros_ws/build/my_robot_controller/build --no-deps symlink_data
[1.373s] Level 1:colcon.colcon_core.shell:create_environment_hook('py_srvcli', 'pythonpath_develop')
[1.374s] INFO:colcon.colcon_core.shell:Creating environment hook '/root/ros_ws/build/py_srvcli/share/py_srvcli/hook/pythonpath_develop.ps1'
[1.374s] DEBUG:colcon.colcon_core.event_handler.log_command:Invoked command in '/root/ros_ws/build/py_srvcli' returned '0': PYTHONPATH=/root/ros_ws/build/py_srvcli/prefix_override:/usr/lib/python3/dist-packages/colcon_core/task/python/colcon_distutils_commands:/root/ros_ws/install/py_srvcli/lib/python3.10/site-packages:${PYTHONPATH} /usr/bin/python3 -W ignore:setup.py install is deprecated -W ignore:easy_install command is deprecated setup.py develop --editable --build-directory /root/ros_ws/build/py_srvcli/build --no-deps symlink_data
[1.375s] INFO:colcon.colcon_core.shell:Creating environment descriptor '/root/ros_ws/build/py_srvcli/share/py_srvcli/hook/pythonpath_develop.dsv'
[1.375s] INFO:colcon.colcon_core.shell:Creating environment hook '/root/ros_ws/build/py_srvcli/share/py_srvcli/hook/pythonpath_develop.sh'
[1.381s] Level 1:colcon.colcon_core.environment:checking '/root/ros_ws/install/py_srvcli' for CMake module files
[1.381s] Level 1:colcon.colcon_core.environment:checking '/root/ros_ws/install/py_srvcli' for CMake config files
[1.382s] Level 1:colcon.colcon_core.environment:checking '/root/ros_ws/install/py_srvcli/lib'
[1.382s] Level 1:colcon.colcon_core.environment:checking '/root/ros_ws/install/py_srvcli/bin'
[1.382s] Level 1:colcon.colcon_core.environment:checking '/root/ros_ws/install/py_srvcli/lib/pkgconfig/py_srvcli.pc'
[1.382s] Level 1:colcon.colcon_core.environment:checking '/root/ros_ws/install/py_srvcli/lib/python3.10/site-packages'
[1.382s] Level 1:colcon.colcon_core.shell:create_environment_hook('py_srvcli', 'pythonpath')
[1.382s] INFO:colcon.colcon_core.shell:Creating environment hook '/root/ros_ws/install/py_srvcli/share/py_srvcli/hook/pythonpath.ps1'
[1.382s] INFO:colcon.colcon_core.shell:Creating environment descriptor '/root/ros_ws/install/py_srvcli/share/py_srvcli/hook/pythonpath.dsv'
[1.383s] INFO:colcon.colcon_core.shell:Creating environment hook '/root/ros_ws/install/py_srvcli/share/py_srvcli/hook/pythonpath.sh'
[1.383s] Level 1:colcon.colcon_core.environment:checking '/root/ros_ws/install/py_srvcli/bin'
[1.383s] Level 1:colcon.colcon_core.environment:create_environment_scripts_only(py_srvcli)
[1.383s] INFO:colcon.colcon_core.shell:Creating package script '/root/ros_ws/install/py_srvcli/share/py_srvcli/package.ps1'
[1.384s] INFO:colcon.colcon_core.shell:Creating package descriptor '/root/ros_ws/install/py_srvcli/share/py_srvcli/package.dsv'
[1.385s] INFO:colcon.colcon_core.shell:Creating package script '/root/ros_ws/install/py_srvcli/share/py_srvcli/package.sh'
[1.386s] INFO:colcon.colcon_core.shell:Creating package script '/root/ros_ws/install/py_srvcli/share/py_srvcli/package.bash'
[1.386s] INFO:colcon.colcon_core.shell:Creating package script '/root/ros_ws/install/py_srvcli/share/py_srvcli/package.zsh'
[1.387s] Level 1:colcon.colcon_core.environment:create_file_with_runtime_dependencies(/root/ros_ws/install/py_srvcli/share/colcon-core/packages/py_srvcli)
[1.388s] Level 1:colcon.colcon_core.shell:create_environment_hook('my_robot_controller', 'pythonpath_develop')
[1.388s] INFO:colcon.colcon_core.shell:Creating environment hook '/root/ros_ws/build/my_robot_controller/share/my_robot_controller/hook/pythonpath_develop.ps1'
[1.389s] DEBUG:colcon.colcon_core.event_handler.log_command:Invoked command in '/root/ros_ws/build/my_robot_controller' returned '0': PYTHONPATH=/root/ros_ws/build/my_robot_controller/prefix_override:/usr/lib/python3/dist-packages/colcon_core/task/python/colcon_distutils_commands:/root/ros_ws/install/my_robot_controller/lib/python3.10/site-packages:${PYTHONPATH} /usr/bin/python3 -W ignore:setup.py install is deprecated -W ignore:easy_install command is deprecated setup.py develop --editable --build-directory /root/ros_ws/build/my_robot_controller/build --no-deps symlink_data
[1.389s] INFO:colcon.colcon_core.shell:Creating environment descriptor '/root/ros_ws/build/my_robot_controller/share/my_robot_controller/hook/pythonpath_develop.dsv'
[1.389s] INFO:colcon.colcon_core.shell:Creating environment hook '/root/ros_ws/build/my_robot_controller/share/my_robot_controller/hook/pythonpath_develop.sh'
[1.389s] Level 1:colcon.colcon_core.environment:checking '/root/ros_ws/install/my_robot_controller' for CMake module files
[1.390s] Level 1:colcon.colcon_core.environment:checking '/root/ros_ws/install/my_robot_controller' for CMake config files
[1.390s] Level 1:colcon.colcon_core.environment:checking '/root/ros_ws/install/my_robot_controller/lib'
[1.390s] Level 1:colcon.colcon_core.environment:checking '/root/ros_ws/install/my_robot_controller/bin'
[1.390s] Level 1:colcon.colcon_core.environment:checking '/root/ros_ws/install/my_robot_controller/lib/pkgconfig/my_robot_controller.pc'
[1.390s] Level 1:colcon.colcon_core.environment:checking '/root/ros_ws/install/my_robot_controller/lib/python3.10/site-packages'
[1.390s] Level 1:colcon.colcon_core.shell:create_environment_hook('my_robot_controller', 'pythonpath')
[1.391s] INFO:colcon.colcon_core.shell:Creating environment hook '/root/ros_ws/install/my_robot_controller/share/my_robot_controller/hook/pythonpath.ps1'
[1.391s] INFO:colcon.colcon_core.shell:Creating environment descriptor '/root/ros_ws/install/my_robot_controller/share/my_robot_controller/hook/pythonpath.dsv'
[1.391s] INFO:colcon.colcon_core.shell:Creating environment hook '/root/ros_ws/install/my_robot_controller/share/my_robot_controller/hook/pythonpath.sh'
[1.392s] Level 1:colcon.colcon_core.environment:checking '/root/ros_ws/install/my_robot_controller/bin'
[1.392s] Level 1:colcon.colcon_core.environment:create_environment_scripts_only(my_robot_controller)
[1.392s] INFO:colcon.colcon_core.shell:Creating package script '/root/ros_ws/install/my_robot_controller/share/my_robot_controller/package.ps1'
[1.392s] INFO:colcon.colcon_core.shell:Creating package descriptor '/root/ros_ws/install/my_robot_controller/share/my_robot_controller/package.dsv'
[1.393s] INFO:colcon.colcon_core.shell:Creating package script '/root/ros_ws/install/my_robot_controller/share/my_robot_controller/package.sh'
[1.393s] INFO:colcon.colcon_core.shell:Creating package script '/root/ros_ws/install/my_robot_controller/share/my_robot_controller/package.bash'
[1.393s] INFO:colcon.colcon_core.shell:Creating package script '/root/ros_ws/install/my_robot_controller/share/my_robot_controller/package.zsh'
[1.393s] Level 1:colcon.colcon_core.environment:create_file_with_runtime_dependencies(/root/ros_ws/install/my_robot_controller/share/colcon-core/packages/my_robot_controller)
[5.965s] DEBUG:colcon.colcon_core.event_handler.log_command:Invoked command in '/root/ros_ws/build/custom_msgs' returned '0': CMAKE_PREFIX_PATH=${CMAKE_PREFIX_PATH}:/root/ros_ws/install/task4:/root/ros_ws/install/task3:/root/ros_ws/install/task2:/root/ros_ws/install/sensorPkg:/root/ros_ws/install/py_srvcli:/root/ros_ws/install/my_robot_controller:/opt/ros/humble /usr/bin/cmake --build /root/ros_ws/build/custom_msgs -- -j16 -l16
[5.969s] DEBUG:colcon.colcon_core.event_handler.log_command:Invoking command in '/root/ros_ws/build/custom_msgs': CMAKE_PREFIX_PATH=${CMAKE_PREFIX_PATH}:/root/ros_ws/install/task4:/root/ros_ws/install/task3:/root/ros_ws/install/task2:/root/ros_ws/install/sensorPkg:/root/ros_ws/install/py_srvcli:/root/ros_ws/install/my_robot_controller:/opt/ros/humble /usr/bin/cmake --install /root/ros_ws/build/custom_msgs
[6.116s] Level 1:colcon.colcon_core.environment:create_environment_scripts_only(custom_msgs)
[6.116s] Level 1:colcon.colcon_core.environment:checking '/root/ros_ws/install/custom_msgs' for CMake module files
[6.116s] DEBUG:colcon.colcon_core.event_handler.log_command:Invoked command in '/root/ros_ws/build/custom_msgs' returned '0': CMAKE_PREFIX_PATH=${CMAKE_PREFIX_PATH}:/root/ros_ws/install/task4:/root/ros_ws/install/task3:/root/ros_ws/install/task2:/root/ros_ws/install/sensorPkg:/root/ros_ws/install/py_srvcli:/root/ros_ws/install/my_robot_controller:/opt/ros/humble /usr/bin/cmake --install /root/ros_ws/build/custom_msgs
[6.117s] Level 1:colcon.colcon_core.environment:checking '/root/ros_ws/install/custom_msgs' for CMake config files
[6.118s] Level 1:colcon.colcon_core.shell:create_environment_hook('custom_msgs', 'cmake_prefix_path')
[6.118s] INFO:colcon.colcon_core.shell:Creating environment hook '/root/ros_ws/install/custom_msgs/share/custom_msgs/hook/cmake_prefix_path.ps1'
[6.118s] INFO:colcon.colcon_core.shell:Creating environment descriptor '/root/ros_ws/install/custom_msgs/share/custom_msgs/hook/cmake_prefix_path.dsv'
[6.118s] INFO:colcon.colcon_core.shell:Creating environment hook '/root/ros_ws/install/custom_msgs/share/custom_msgs/hook/cmake_prefix_path.sh'
[6.119s] Level 1:colcon.colcon_core.environment:checking '/root/ros_ws/install/custom_msgs/lib'
[6.119s] Level 1:colcon.colcon_core.shell:create_environment_hook('custom_msgs', 'ld_library_path_lib')
[6.119s] INFO:colcon.colcon_core.shell:Creating environment hook '/root/ros_ws/install/custom_msgs/share/custom_msgs/hook/ld_library_path_lib.ps1'
[6.119s] INFO:colcon.colcon_core.shell:Creating environment descriptor '/root/ros_ws/install/custom_msgs/share/custom_msgs/hook/ld_library_path_lib.dsv'
[6.120s] INFO:colcon.colcon_core.shell:Creating environment hook '/root/ros_ws/install/custom_msgs/share/custom_msgs/hook/ld_library_path_lib.sh'
[6.120s] Level 1:colcon.colcon_core.environment:checking '/root/ros_ws/install/custom_msgs/bin'
[6.120s] Level 1:colcon.colcon_core.environment:checking '/root/ros_ws/install/custom_msgs/lib/pkgconfig/custom_msgs.pc'
[6.120s] Level 1:colcon.colcon_core.environment:checking '/root/ros_ws/install/custom_msgs/lib/python3.10/site-packages'
[6.120s] Level 1:colcon.colcon_core.environment:checking '/root/ros_ws/install/custom_msgs/bin'
[6.121s] INFO:colcon.colcon_core.shell:Creating package script '/root/ros_ws/install/custom_msgs/share/custom_msgs/package.ps1'
[6.121s] INFO:colcon.colcon_core.shell:Creating package descriptor '/root/ros_ws/install/custom_msgs/share/custom_msgs/package.dsv'
[6.121s] INFO:colcon.colcon_core.shell:Creating package script '/root/ros_ws/install/custom_msgs/share/custom_msgs/package.sh'
[6.122s] INFO:colcon.colcon_core.shell:Creating package script '/root/ros_ws/install/custom_msgs/share/custom_msgs/package.bash'
[6.122s] INFO:colcon.colcon_core.shell:Creating package script '/root/ros_ws/install/custom_msgs/share/custom_msgs/package.zsh'
[6.122s] Level 1:colcon.colcon_core.environment:create_file_with_runtime_dependencies(/root/ros_ws/install/custom_msgs/share/colcon-core/packages/custom_msgs)
[6.123s] Level 1:colcon.colcon_core.environment:create_environment_scripts_only(custom_msgs)
[6.123s] Level 1:colcon.colcon_core.environment:checking '/root/ros_ws/install/custom_msgs' for CMake module files
[6.123s] Level 1:colcon.colcon_core.environment:checking '/root/ros_ws/install/custom_msgs' for CMake config files
[6.124s] Level 1:colcon.colcon_core.shell:create_environment_hook('custom_msgs', 'cmake_prefix_path')
[6.124s] INFO:colcon.colcon_core.shell:Creating environment hook '/root/ros_ws/install/custom_msgs/share/custom_msgs/hook/cmake_prefix_path.ps1'
[6.124s] INFO:colcon.colcon_core.shell:Creating environment descriptor '/root/ros_ws/install/custom_msgs/share/custom_msgs/hook/cmake_prefix_path.dsv'
[6.124s] INFO:colcon.colcon_core.shell:Creating environment hook '/root/ros_ws/install/custom_msgs/share/custom_msgs/hook/cmake_prefix_path.sh'
[6.125s] Level 1:colcon.colcon_core.environment:checking '/root/ros_ws/install/custom_msgs/lib'
[6.125s] Level 1:colcon.colcon_core.shell:create_environment_hook('custom_msgs', 'ld_library_path_lib')
[6.125s] INFO:colcon.colcon_core.shell:Creating environment hook '/root/ros_ws/install/custom_msgs/share/custom_msgs/hook/ld_library_path_lib.ps1'
[6.125s] INFO:colcon.colcon_core.shell:Creating environment descriptor '/root/ros_ws/install/custom_msgs/share/custom_msgs/hook/ld_library_path_lib.dsv'
[6.126s] INFO:colcon.colcon_core.shell:Creating environment hook '/root/ros_ws/install/custom_msgs/share/custom_msgs/hook/ld_library_path_lib.sh'
[6.126s] Level 1:colcon.colcon_core.environment:checking '/root/ros_ws/install/custom_msgs/bin'
[6.126s] Level 1:colcon.colcon_core.environment:checking '/root/ros_ws/install/custom_msgs/lib/pkgconfig/custom_msgs.pc'
[6.126s] Level 1:colcon.colcon_core.environment:checking '/root/ros_ws/install/custom_msgs/lib/python3.10/site-packages'
[6.126s] Level 1:colcon.colcon_core.environment:checking '/root/ros_ws/install/custom_msgs/bin'
[6.126s] INFO:colcon.colcon_core.shell:Creating package script '/root/ros_ws/install/custom_msgs/share/custom_msgs/package.ps1'
[6.127s] INFO:colcon.colcon_core.shell:Creating package descriptor '/root/ros_ws/install/custom_msgs/share/custom_msgs/package.dsv'
[6.127s] INFO:colcon.colcon_core.shell:Creating package script '/root/ros_ws/install/custom_msgs/share/custom_msgs/package.sh'
[6.128s] INFO:colcon.colcon_core.shell:Creating package script '/root/ros_ws/install/custom_msgs/share/custom_msgs/package.bash'
[6.128s] INFO:colcon.colcon_core.shell:Creating package script '/root/ros_ws/install/custom_msgs/share/custom_msgs/package.zsh'
[6.128s] Level 1:colcon.colcon_core.environment:create_file_with_runtime_dependencies(/root/ros_ws/install/custom_msgs/share/colcon-core/packages/custom_msgs)
[6.129s] INFO:colcon.colcon_ros.task.ament_python.build:Building ROS package in '/root/ros_ws/src/action_demo_pkg' with build type 'ament_python'
[6.129s] Level 1:colcon.colcon_core.shell:create_environment_hook('action_demo_pkg', 'ament_prefix_path')
[6.129s] INFO:colcon.colcon_core.shell:Creating environment hook '/root/ros_ws/install/action_demo_pkg/share/action_demo_pkg/hook/ament_prefix_path.ps1'
[6.129s] INFO:colcon.colcon_core.shell:Creating environment descriptor '/root/ros_ws/install/action_demo_pkg/share/action_demo_pkg/hook/ament_prefix_path.dsv'
[6.130s] INFO:colcon.colcon_core.shell:Creating environment hook '/root/ros_ws/install/action_demo_pkg/share/action_demo_pkg/hook/ament_prefix_path.sh'
[6.130s] INFO:colcon.colcon_core.shell:Skip shell extension 'powershell' for command environment: Not usable outside of PowerShell
[6.130s] DEBUG:colcon.colcon_core.shell:Skip shell extension 'dsv' for command environment
[6.134s] INFO:colcon.colcon_ros.task.ament_python.build:Building ROS package in '/root/ros_ws/src/sensorPkg' with build type 'ament_python'
[6.135s] Level 1:colcon.colcon_core.shell:create_environment_hook('sensorPkg', 'ament_prefix_path')
[6.135s] INFO:colcon.colcon_core.shell:Creating environment hook '/root/ros_ws/install/sensorPkg/share/sensorPkg/hook/ament_prefix_path.ps1'
[6.135s] INFO:colcon.colcon_core.shell:Creating environment descriptor '/root/ros_ws/install/sensorPkg/share/sensorPkg/hook/ament_prefix_path.dsv'
[6.136s] INFO:colcon.colcon_core.shell:Creating environment hook '/root/ros_ws/install/sensorPkg/share/sensorPkg/hook/ament_prefix_path.sh'
[6.136s] INFO:colcon.colcon_core.shell:Skip shell extension 'powershell' for command environment: Not usable outside of PowerShell
[6.136s] DEBUG:colcon.colcon_core.shell:Skip shell extension 'dsv' for command environment
[6.139s] INFO:colcon.colcon_ros.task.ament_python.build:Building ROS package in '/root/ros_ws/src/task2' with build type 'ament_python'
[6.139s] Level 1:colcon.colcon_core.shell:create_environment_hook('task2', 'ament_prefix_path')
[6.139s] INFO:colcon.colcon_core.shell:Creating environment hook '/root/ros_ws/install/task2/share/task2/hook/ament_prefix_path.ps1'
[6.140s] INFO:colcon.colcon_core.shell:Creating environment descriptor '/root/ros_ws/install/task2/share/task2/hook/ament_prefix_path.dsv'
[6.140s] INFO:colcon.colcon_core.shell:Creating environment hook '/root/ros_ws/install/task2/share/task2/hook/ament_prefix_path.sh'
[6.140s] INFO:colcon.colcon_core.shell:Skip shell extension 'powershell' for command environment: Not usable outside of PowerShell
[6.140s] DEBUG:colcon.colcon_core.shell:Skip shell extension 'dsv' for command environment
[6.143s] INFO:colcon.colcon_ros.task.ament_python.build:Building ROS package in '/root/ros_ws/src/task3' with build type 'ament_python'
[6.143s] Level 1:colcon.colcon_core.shell:create_environment_hook('task3', 'ament_prefix_path')
[6.143s] INFO:colcon.colcon_core.shell:Creating environment hook '/root/ros_ws/install/task3/share/task3/hook/ament_prefix_path.ps1'
[6.144s] INFO:colcon.colcon_core.shell:Creating environment descriptor '/root/ros_ws/install/task3/share/task3/hook/ament_prefix_path.dsv'
[6.144s] INFO:colcon.colcon_core.shell:Creating environment hook '/root/ros_ws/install/task3/share/task3/hook/ament_prefix_path.sh'
[6.144s] INFO:colcon.colcon_core.shell:Skip shell extension 'powershell' for command environment: Not usable outside of PowerShell
[6.144s] DEBUG:colcon.colcon_core.shell:Skip shell extension 'dsv' for command environment
[6.147s] INFO:colcon.colcon_ros.task.ament_python.build:Building ROS package in '/root/ros_ws/src/task4' with build type 'ament_python'
[6.147s] Level 1:colcon.colcon_core.shell:create_environment_hook('task4', 'ament_prefix_path')
[6.147s] INFO:colcon.colcon_core.shell:Creating environment hook '/root/ros_ws/install/task4/share/task4/hook/ament_prefix_path.ps1'
[6.148s] INFO:colcon.colcon_core.shell:Creating environment descriptor '/root/ros_ws/install/task4/share/task4/hook/ament_prefix_path.dsv'
[6.148s] INFO:colcon.colcon_core.shell:Creating environment hook '/root/ros_ws/install/task4/share/task4/hook/ament_prefix_path.sh'
[6.148s] INFO:colcon.colcon_core.shell:Skip shell extension 'powershell' for command environment: Not usable outside of PowerShell
[6.148s] DEBUG:colcon.colcon_core.shell:Skip shell extension 'dsv' for command environment
[6.336s] INFO:colcon.colcon_core.task.python.build:Building Python package in '/root/ros_ws/src/action_demo_pkg'
[6.336s] INFO:colcon.colcon_core.shell:Skip shell extension 'powershell' for command environment: Not usable outside of PowerShell
[6.336s] DEBUG:colcon.colcon_core.shell:Skip shell extension 'dsv' for command environment
[6.522s] INFO:colcon.colcon_core.task.python.build:Building Python package in '/root/ros_ws/src/sensorPkg'
[6.522s] INFO:colcon.colcon_core.shell:Skip shell extension 'powershell' for command environment: Not usable outside of PowerShell
[6.523s] DEBUG:colcon.colcon_core.shell:Skip shell extension 'dsv' for command environment
[6.710s] INFO:colcon.colcon_core.task.python.build:Building Python package in '/root/ros_ws/src/task2'
[6.711s] INFO:colcon.colcon_core.shell:Skip shell extension 'powershell' for command environment: Not usable outside of PowerShell
[6.711s] DEBUG:colcon.colcon_core.shell:Skip shell extension 'dsv' for command environment
[6.894s] INFO:colcon.colcon_core.task.python.build:Building Python package in '/root/ros_ws/src/task3'
[6.894s] INFO:colcon.colcon_core.shell:Skip shell extension 'powershell' for command environment: Not usable outside of PowerShell
[6.894s] DEBUG:colcon.colcon_core.shell:Skip shell extension 'dsv' for command environment
[7.078s] INFO:colcon.colcon_core.task.python.build:Building Python package in '/root/ros_ws/src/task4'
[7.078s] INFO:colcon.colcon_core.shell:Skip shell extension 'powershell' for command environment: Not usable outside of PowerShell
[7.078s] DEBUG:colcon.colcon_core.shell:Skip shell extension 'dsv' for command environment
[7.364s] DEBUG:colcon.colcon_core.event_handler.log_command:Invoking command in '/root/ros_ws/build/task2': PYTHONPATH=/root/ros_ws/build/task2/prefix_override:/usr/lib/python3/dist-packages/colcon_core/task/python/colcon_distutils_commands:/root/ros_ws/install/task2/lib/python3.10/site-packages:${PYTHONPATH} /usr/bin/python3 -W ignore:setup.py install is deprecated -W ignore:easy_install command is deprecated setup.py develop --editable --build-directory /root/ros_ws/build/task2/build --no-deps symlink_data
[7.376s] DEBUG:colcon.colcon_core.event_handler.log_command:Invoking command in '/root/ros_ws/build/task4': PYTHONPATH=/root/ros_ws/build/task4/prefix_override:/usr/lib/python3/dist-packages/colcon_core/task/python/colcon_distutils_commands:/root/ros_ws/install/task4/lib/python3.10/site-packages:${PYTHONPATH} /usr/bin/python3 -W ignore:setup.py install is deprecated -W ignore:easy_install command is deprecated setup.py develop --editable --build-directory /root/ros_ws/build/task4/build --no-deps symlink_data
[7.377s] DEBUG:colcon.colcon_core.event_handler.log_command:Invoking command in '/root/ros_ws/build/action_demo_pkg': PYTHONPATH=/root/ros_ws/build/action_demo_pkg/prefix_override:/usr/lib/python3/dist-packages/colcon_core/task/python/colcon_distutils_commands:/root/ros_ws/install/action_demo_pkg/lib/python3.10/site-packages:${PYTHONPATH} /usr/bin/python3 -W ignore:setup.py install is deprecated -W ignore:easy_install command is deprecated setup.py develop --editable --build-directory /root/ros_ws/build/action_demo_pkg/build --no-deps symlink_data
[7.379s] DEBUG:colcon.colcon_core.event_handler.log_command:Invoking command in '/root/ros_ws/build/sensorPkg': PYTHONPATH=/root/ros_ws/build/sensorPkg/prefix_override:/usr/lib/python3/dist-packages/colcon_core/task/python/colcon_distutils_commands:/root/ros_ws/install/sensorPkg/lib/python3.10/site-packages:${PYTHONPATH} /usr/bin/python3 -W ignore:setup.py install is deprecated -W ignore:easy_install command is deprecated setup.py develop --editable --build-directory /root/ros_ws/build/sensorPkg/build --no-deps symlink_data
[7.381s] DEBUG:colcon.colcon_core.event_handler.log_command:Invoking command in '/root/ros_ws/build/task3': PYTHONPATH=/root/ros_ws/build/task3/prefix_override:/usr/lib/python3/dist-packages/colcon_core/task/python/colcon_distutils_commands:/root/ros_ws/install/task3/lib/python3.10/site-packages:${PYTHONPATH} /usr/bin/python3 -W ignore:setup.py install is deprecated -W ignore:easy_install command is deprecated setup.py develop --editable --build-directory /root/ros_ws/build/task3/build --no-deps symlink_data
[7.718s] Level 1:colcon.colcon_core.shell:create_environment_hook('task2', 'pythonpath_develop')
[7.718s] INFO:colcon.colcon_core.shell:Creating environment hook '/root/ros_ws/build/task2/share/task2/hook/pythonpath_develop.ps1'
[7.718s] DEBUG:colcon.colcon_core.event_handler.log_command:Invoked command in '/root/ros_ws/build/task2' returned '0': PYTHONPATH=/root/ros_ws/build/task2/prefix_override:/usr/lib/python3/dist-packages/colcon_core/task/python/colcon_distutils_commands:/root/ros_ws/install/task2/lib/python3.10/site-packages:${PYTHONPATH} /usr/bin/python3 -W ignore:setup.py install is deprecated -W ignore:easy_install command is deprecated setup.py develop --editable --build-directory /root/ros_ws/build/task2/build --no-deps symlink_data
[7.719s] INFO:colcon.colcon_core.shell:Creating environment descriptor '/root/ros_ws/build/task2/share/task2/hook/pythonpath_develop.dsv'
[7.719s] INFO:colcon.colcon_core.shell:Creating environment hook '/root/ros_ws/build/task2/share/task2/hook/pythonpath_develop.sh'
[7.720s] Level 1:colcon.colcon_core.environment:checking '/root/ros_ws/install/task2' for CMake module files
[7.720s] Level 1:colcon.colcon_core.environment:checking '/root/ros_ws/install/task2' for CMake config files
[7.720s] Level 1:colcon.colcon_core.environment:checking '/root/ros_ws/install/task2/lib'
[7.721s] Level 1:colcon.colcon_core.environment:checking '/root/ros_ws/install/task2/bin'
[7.721s] Level 1:colcon.colcon_core.environment:checking '/root/ros_ws/install/task2/lib/pkgconfig/task2.pc'
[7.721s] Level 1:colcon.colcon_core.environment:checking '/root/ros_ws/install/task2/lib/python3.10/site-packages'
[7.721s] Level 1:colcon.colcon_core.shell:create_environment_hook('task2', 'pythonpath')
[7.721s] INFO:colcon.colcon_core.shell:Creating environment hook '/root/ros_ws/install/task2/share/task2/hook/pythonpath.ps1'
[7.721s] INFO:colcon.colcon_core.shell:Creating environment descriptor '/root/ros_ws/install/task2/share/task2/hook/pythonpath.dsv'
[7.722s] INFO:colcon.colcon_core.shell:Creating environment hook '/root/ros_ws/install/task2/share/task2/hook/pythonpath.sh'
[7.722s] Level 1:colcon.colcon_core.environment:checking '/root/ros_ws/install/task2/bin'
[7.722s] Level 1:colcon.colcon_core.environment:create_environment_scripts_only(task2)
[7.722s] INFO:colcon.colcon_core.shell:Creating package script '/root/ros_ws/install/task2/share/task2/package.ps1'
[7.723s] INFO:colcon.colcon_core.shell:Creating package descriptor '/root/ros_ws/install/task2/share/task2/package.dsv'
[7.723s] INFO:colcon.colcon_core.shell:Creating package script '/root/ros_ws/install/task2/share/task2/package.sh'
[7.724s] INFO:colcon.colcon_core.shell:Creating package script '/root/ros_ws/install/task2/share/task2/package.bash'
[7.724s] INFO:colcon.colcon_core.shell:Creating package script '/root/ros_ws/install/task2/share/task2/package.zsh'
[7.724s] Level 1:colcon.colcon_core.environment:create_file_with_runtime_dependencies(/root/ros_ws/install/task2/share/colcon-core/packages/task2)
[7.732s] Level 1:colcon.colcon_core.shell:create_environment_hook('task4', 'pythonpath_develop')
[7.732s] INFO:colcon.colcon_core.shell:Creating environment hook '/root/ros_ws/build/task4/share/task4/hook/pythonpath_develop.ps1'
[7.732s] DEBUG:colcon.colcon_core.event_handler.log_command:Invoked command in '/root/ros_ws/build/task4' returned '0': PYTHONPATH=/root/ros_ws/build/task4/prefix_override:/usr/lib/python3/dist-packages/colcon_core/task/python/colcon_distutils_commands:/root/ros_ws/install/task4/lib/python3.10/site-packages:${PYTHONPATH} /usr/bin/python3 -W ignore:setup.py install is deprecated -W ignore:easy_install command is deprecated setup.py develop --editable --build-directory /root/ros_ws/build/task4/build --no-deps symlink_data
[7.733s] INFO:colcon.colcon_core.shell:Creating environment descriptor '/root/ros_ws/build/task4/share/task4/hook/pythonpath_develop.dsv'
[7.733s] INFO:colcon.colcon_core.shell:Creating environment hook '/root/ros_ws/build/task4/share/task4/hook/pythonpath_develop.sh'
[7.734s] Level 1:colcon.colcon_core.environment:checking '/root/ros_ws/install/task4' for CMake module files
[7.734s] Level 1:colcon.colcon_core.environment:checking '/root/ros_ws/install/task4' for CMake config files
[7.734s] Level 1:colcon.colcon_core.environment:checking '/root/ros_ws/install/task4/lib'
[7.735s] Level 1:colcon.colcon_core.environment:checking '/root/ros_ws/install/task4/bin'
[7.735s] Level 1:colcon.colcon_core.environment:checking '/root/ros_ws/install/task4/lib/pkgconfig/task4.pc'
[7.735s] Level 1:colcon.colcon_core.environment:checking '/root/ros_ws/install/task4/lib/python3.10/site-packages'
[7.735s] Level 1:colcon.colcon_core.shell:create_environment_hook('task4', 'pythonpath')
[7.735s] INFO:colcon.colcon_core.shell:Creating environment hook '/root/ros_ws/install/task4/share/task4/hook/pythonpath.ps1'
[7.735s] INFO:colcon.colcon_core.shell:Creating environment descriptor '/root/ros_ws/install/task4/share/task4/hook/pythonpath.dsv'
[7.735s] INFO:colcon.colcon_core.shell:Creating environment hook '/root/ros_ws/install/task4/share/task4/hook/pythonpath.sh'
[7.736s] Level 1:colcon.colcon_core.environment:checking '/root/ros_ws/install/task4/bin'
[7.736s] Level 1:colcon.colcon_core.environment:create_environment_scripts_only(task4)
[7.736s] INFO:colcon.colcon_core.shell:Creating package script '/root/ros_ws/install/task4/share/task4/package.ps1'
[7.737s] INFO:colcon.colcon_core.shell:Creating package descriptor '/root/ros_ws/install/task4/share/task4/package.dsv'
[7.737s] INFO:colcon.colcon_core.shell:Creating package script '/root/ros_ws/install/task4/share/task4/package.sh'
[7.737s] INFO:colcon.colcon_core.shell:Creating package script '/root/ros_ws/install/task4/share/task4/package.bash'
[7.738s] INFO:colcon.colcon_core.shell:Creating package script '/root/ros_ws/install/task4/share/task4/package.zsh'
[7.738s] Level 1:colcon.colcon_core.environment:create_file_with_runtime_dependencies(/root/ros_ws/install/task4/share/colcon-core/packages/task4)
[7.747s] Level 1:colcon.colcon_core.shell:create_environment_hook('action_demo_pkg', 'pythonpath_develop')
[7.747s] INFO:colcon.colcon_core.shell:Creating environment hook '/root/ros_ws/build/action_demo_pkg/share/action_demo_pkg/hook/pythonpath_develop.ps1'
[7.748s] DEBUG:colcon.colcon_core.event_handler.log_command:Invoked command in '/root/ros_ws/build/action_demo_pkg' returned '0': PYTHONPATH=/root/ros_ws/build/action_demo_pkg/prefix_override:/usr/lib/python3/dist-packages/colcon_core/task/python/colcon_distutils_commands:/root/ros_ws/install/action_demo_pkg/lib/python3.10/site-packages:${PYTHONPATH} /usr/bin/python3 -W ignore:setup.py install is deprecated -W ignore:easy_install command is deprecated setup.py develop --editable --build-directory /root/ros_ws/build/action_demo_pkg/build --no-deps symlink_data
[7.748s] INFO:colcon.colcon_core.shell:Creating environment descriptor '/root/ros_ws/build/action_demo_pkg/share/action_demo_pkg/hook/pythonpath_develop.dsv'
[7.748s] INFO:colcon.colcon_core.shell:Creating environment hook '/root/ros_ws/build/action_demo_pkg/share/action_demo_pkg/hook/pythonpath_develop.sh'
[7.749s] Level 1:colcon.colcon_core.environment:checking '/root/ros_ws/install/action_demo_pkg' for CMake module files
[7.749s] Level 1:colcon.colcon_core.environment:checking '/root/ros_ws/install/action_demo_pkg' for CMake config files
[7.750s] Level 1:colcon.colcon_core.environment:checking '/root/ros_ws/install/action_demo_pkg/lib'
[7.750s] Level 1:colcon.colcon_core.environment:checking '/root/ros_ws/install/action_demo_pkg/bin'
[7.750s] Level 1:colcon.colcon_core.environment:checking '/root/ros_ws/install/action_demo_pkg/lib/pkgconfig/action_demo_pkg.pc'
[7.750s] Level 1:colcon.colcon_core.environment:checking '/root/ros_ws/install/action_demo_pkg/lib/python3.10/site-packages'
[7.750s] Level 1:colcon.colcon_core.shell:create_environment_hook('action_demo_pkg', 'pythonpath')
[7.750s] INFO:colcon.colcon_core.shell:Creating environment hook '/root/ros_ws/install/action_demo_pkg/share/action_demo_pkg/hook/pythonpath.ps1'
[7.750s] INFO:colcon.colcon_core.shell:Creating environment descriptor '/root/ros_ws/install/action_demo_pkg/share/action_demo_pkg/hook/pythonpath.dsv'
[7.751s] INFO:colcon.colcon_core.shell:Creating environment hook '/root/ros_ws/install/action_demo_pkg/share/action_demo_pkg/hook/pythonpath.sh'
[7.751s] Level 1:colcon.colcon_core.environment:checking '/root/ros_ws/install/action_demo_pkg/bin'
[7.751s] Level 1:colcon.colcon_core.environment:create_environment_scripts_only(action_demo_pkg)
[7.752s] INFO:colcon.colcon_core.shell:Creating package script '/root/ros_ws/install/action_demo_pkg/share/action_demo_pkg/package.ps1'
[7.752s] INFO:colcon.colcon_core.shell:Creating package descriptor '/root/ros_ws/install/action_demo_pkg/share/action_demo_pkg/package.dsv'
[7.752s] INFO:colcon.colcon_core.shell:Creating package script '/root/ros_ws/install/action_demo_pkg/share/action_demo_pkg/package.sh'
[7.753s] INFO:colcon.colcon_core.shell:Creating package script '/root/ros_ws/install/action_demo_pkg/share/action_demo_pkg/package.bash'
[7.753s] INFO:colcon.colcon_core.shell:Creating package script '/root/ros_ws/install/action_demo_pkg/share/action_demo_pkg/package.zsh'
[7.753s] Level 1:colcon.colcon_core.environment:create_file_with_runtime_dependencies(/root/ros_ws/install/action_demo_pkg/share/colcon-core/packages/action_demo_pkg)
[7.754s] Level 1:colcon.colcon_core.shell:create_environment_hook('sensorPkg', 'pythonpath_develop')
[7.754s] INFO:colcon.colcon_core.shell:Creating environment hook '/root/ros_ws/build/sensorPkg/share/sensorPkg/hook/pythonpath_develop.ps1'
[7.755s] DEBUG:colcon.colcon_core.event_handler.log_command:Invoked command in '/root/ros_ws/build/sensorPkg' returned '0': PYTHONPATH=/root/ros_ws/build/sensorPkg/prefix_override:/usr/lib/python3/dist-packages/colcon_core/task/python/colcon_distutils_commands:/root/ros_ws/install/sensorPkg/lib/python3.10/site-packages:${PYTHONPATH} /usr/bin/python3 -W ignore:setup.py install is deprecated -W ignore:easy_install command is deprecated setup.py develop --editable --build-directory /root/ros_ws/build/sensorPkg/build --no-deps symlink_data
[7.755s] INFO:colcon.colcon_core.shell:Creating environment descriptor '/root/ros_ws/build/sensorPkg/share/sensorPkg/hook/pythonpath_develop.dsv'
[7.755s] INFO:colcon.colcon_core.shell:Creating environment hook '/root/ros_ws/build/sensorPkg/share/sensorPkg/hook/pythonpath_develop.sh'
[7.756s] Level 1:colcon.colcon_core.environment:checking '/root/ros_ws/install/sensorPkg' for CMake module files
[7.756s] Level 1:colcon.colcon_core.environment:checking '/root/ros_ws/install/sensorPkg' for CMake config files
[7.756s] Level 1:colcon.colcon_core.environment:checking '/root/ros_ws/install/sensorPkg/lib'
[7.757s] Level 1:colcon.colcon_core.environment:checking '/root/ros_ws/install/sensorPkg/bin'
[7.757s] Level 1:colcon.colcon_core.environment:checking '/root/ros_ws/install/sensorPkg/lib/pkgconfig/sensorPkg.pc'
[7.757s] Level 1:colcon.colcon_core.environment:checking '/root/ros_ws/install/sensorPkg/lib/python3.10/site-packages'
[7.757s] Level 1:colcon.colcon_core.shell:create_environment_hook('sensorPkg', 'pythonpath')
[7.757s] INFO:colcon.colcon_core.shell:Creating environment hook '/root/ros_ws/install/sensorPkg/share/sensorPkg/hook/pythonpath.ps1'
[7.757s] INFO:colcon.colcon_core.shell:Creating environment descriptor '/root/ros_ws/install/sensorPkg/share/sensorPkg/hook/pythonpath.dsv'
[7.757s] INFO:colcon.colcon_core.shell:Creating environment hook '/root/ros_ws/install/sensorPkg/share/sensorPkg/hook/pythonpath.sh'
[7.758s] Level 1:colcon.colcon_core.environment:checking '/root/ros_ws/install/sensorPkg/bin'
[7.758s] Level 1:colcon.colcon_core.environment:create_environment_scripts_only(sensorPkg)
[7.758s] INFO:colcon.colcon_core.shell:Creating package script '/root/ros_ws/install/sensorPkg/share/sensorPkg/package.ps1'
[7.759s] INFO:colcon.colcon_core.shell:Creating package descriptor '/root/ros_ws/install/sensorPkg/share/sensorPkg/package.dsv'
[7.759s] INFO:colcon.colcon_core.shell:Creating package script '/root/ros_ws/install/sensorPkg/share/sensorPkg/package.sh'
[7.760s] INFO:colcon.colcon_core.shell:Creating package script '/root/ros_ws/install/sensorPkg/share/sensorPkg/package.bash'
[7.760s] INFO:colcon.colcon_core.shell:Creating package script '/root/ros_ws/install/sensorPkg/share/sensorPkg/package.zsh'
[7.760s] Level 1:colcon.colcon_core.environment:create_file_with_runtime_dependencies(/root/ros_ws/install/sensorPkg/share/colcon-core/packages/sensorPkg)
[7.761s] Level 1:colcon.colcon_core.shell:create_environment_hook('task3', 'pythonpath_develop')
[7.761s] INFO:colcon.colcon_core.shell:Creating environment hook '/root/ros_ws/build/task3/share/task3/hook/pythonpath_develop.ps1'
[7.761s] DEBUG:colcon.colcon_core.event_handler.log_command:Invoked command in '/root/ros_ws/build/task3' returned '0': PYTHONPATH=/root/ros_ws/build/task3/prefix_override:/usr/lib/python3/dist-packages/colcon_core/task/python/colcon_distutils_commands:/root/ros_ws/install/task3/lib/python3.10/site-packages:${PYTHONPATH} /usr/bin/python3 -W ignore:setup.py install is deprecated -W ignore:easy_install command is deprecated setup.py develop --editable --build-directory /root/ros_ws/build/task3/build --no-deps symlink_data
[7.761s] INFO:colcon.colcon_core.shell:Creating environment descriptor '/root/ros_ws/build/task3/share/task3/hook/pythonpath_develop.dsv'
[7.762s] INFO:colcon.colcon_core.shell:Creating environment hook '/root/ros_ws/build/task3/share/task3/hook/pythonpath_develop.sh'
[7.762s] Level 1:colcon.colcon_core.environment:checking '/root/ros_ws/install/task3' for CMake module files
[7.762s] Level 1:colcon.colcon_core.environment:checking '/root/ros_ws/install/task3' for CMake config files
[7.763s] Level 1:colcon.colcon_core.environment:checking '/root/ros_ws/install/task3/lib'
[7.763s] Level 1:colcon.colcon_core.environment:checking '/root/ros_ws/install/task3/bin'
[7.763s] Level 1:colcon.colcon_core.environment:checking '/root/ros_ws/install/task3/lib/pkgconfig/task3.pc'
[7.763s] Level 1:colcon.colcon_core.environment:checking '/root/ros_ws/install/task3/lib/python3.10/site-packages'
[7.763s] Level 1:colcon.colcon_core.shell:create_environment_hook('task3', 'pythonpath')
[7.763s] INFO:colcon.colcon_core.shell:Creating environment hook '/root/ros_ws/install/task3/share/task3/hook/pythonpath.ps1'
[7.763s] INFO:colcon.colcon_core.shell:Creating environment descriptor '/root/ros_ws/install/task3/share/task3/hook/pythonpath.dsv'
[7.764s] INFO:colcon.colcon_core.shell:Creating environment hook '/root/ros_ws/install/task3/share/task3/hook/pythonpath.sh'
[7.764s] Level 1:colcon.colcon_core.environment:checking '/root/ros_ws/install/task3/bin'
[7.764s] Level 1:colcon.colcon_core.environment:create_environment_scripts_only(task3)
[7.765s] INFO:colcon.colcon_core.shell:Creating package script '/root/ros_ws/install/task3/share/task3/package.ps1'
[7.765s] INFO:colcon.colcon_core.shell:Creating package descriptor '/root/ros_ws/install/task3/share/task3/package.dsv'
[7.766s] INFO:colcon.colcon_core.shell:Creating package script '/root/ros_ws/install/task3/share/task3/package.sh'
[7.766s] INFO:colcon.colcon_core.shell:Creating package script '/root/ros_ws/install/task3/share/task3/package.bash'
[7.766s] INFO:colcon.colcon_core.shell:Creating package script '/root/ros_ws/install/task3/share/task3/package.zsh'
[7.766s] Level 1:colcon.colcon_core.environment:create_file_with_runtime_dependencies(/root/ros_ws/install/task3/share/colcon-core/packages/task3)
[7.767s] DEBUG:colcon.colcon_parallel_executor.executor.parallel:closing loop
[7.767s] DEBUG:colcon.colcon_parallel_executor.executor.parallel:loop closed
[7.767s] DEBUG:colcon.colcon_parallel_executor.executor.parallel:run_until_complete finished with '0'
[7.767s] DEBUG:colcon.colcon_core.event_reactor:joining thread
[7.775s] INFO:colcon.colcon_core.plugin_system:Skipping extension 'colcon_notification.desktop_notification.notify_send': Could not find 'notify-send'
[7.775s] INFO:colcon.colcon_core.plugin_system:Skipping extension 'colcon_notification.desktop_notification.terminal_notifier': Not used on non-Darwin systems
[7.775s] INFO:colcon.colcon_core.plugin_system:Skipping extension 'colcon_notification.desktop_notification.win32': Not used on non-Windows systems
[7.775s] INFO:colcon.colcon_notification.desktop_notification:Sending desktop notification using 'notify2'
[7.781s] DEBUG:colcon.colcon_notification.desktop_notification.notify2:Failed to initialize notify2: org.freedesktop.DBus.Error.Spawn.ExecFailed: /usr/bin/dbus-launch terminated abnormally without any error message
[7.781s] DEBUG:colcon.colcon_core.event_reactor:joined thread
[7.782s] INFO:colcon.colcon_core.shell:Creating prefix script '/root/ros_ws/install/local_setup.ps1'
[7.783s] INFO:colcon.colcon_core.shell:Creating prefix util module '/root/ros_ws/install/_local_setup_util_ps1.py'
[7.784s] INFO:colcon.colcon_core.shell:Creating prefix chain script '/root/ros_ws/install/setup.ps1'
[7.785s] INFO:colcon.colcon_core.shell:Creating prefix script '/root/ros_ws/install/local_setup.sh'
[7.786s] INFO:colcon.colcon_core.shell:Creating prefix util module '/root/ros_ws/install/_local_setup_util_sh.py'
[7.786s] INFO:colcon.colcon_core.shell:Creating prefix chain script '/root/ros_ws/install/setup.sh'
[7.787s] INFO:colcon.colcon_core.shell:Creating prefix script '/root/ros_ws/install/local_setup.bash'
[7.787s] INFO:colcon.colcon_core.shell:Creating prefix chain script '/root/ros_ws/install/setup.bash'
[7.788s] INFO:colcon.colcon_core.shell:Creating prefix script '/root/ros_ws/install/local_setup.zsh'
[7.789s] INFO:colcon.colcon_core.shell:Creating prefix chain script '/root/ros_ws/install/setup.zsh'
