[0.035s] Invoking command in '/root/ros_ws/build/custom_msgs': CMAKE_PREFIX_PATH=${CMAKE_PREFIX_PATH}:/root/ros_ws/install/task4:/root/ros_ws/install/task3:/root/ros_ws/install/task2:/root/ros_ws/install/sensorPkg:/root/ros_ws/install/py_srvcli:/root/ros_ws/install/my_robot_controller:/opt/ros/humble /usr/bin/cmake --build /root/ros_ws/build/custom_msgs -- -j16 -l16
[0.225s] -- Found ament_cmake: 1.3.14 (/opt/ros/humble/share/ament_cmake/cmake)
[0.225s] [0mCMake Deprecation Warning at CMakeLists.txt:1 (cmake_minimum_required):
[0.225s]   Compatibility with CMake < 3.10 will be removed from a future version of
[0.226s]   CMake.
[0.226s] 
[0.226s]   Update the VERSION argument <min> value.  Or, use the <min>...<max> syntax
[0.226s]   to tell CMake that the project requires at least <min> but has been updated
[0.226s]   to work with policies introduced by <max> or earlier.
[0.226s] 
[0.226s] [0m
[0.283s] -- Override CMake install command with custom implementation using symlinks instead of copying resources
[0.298s] -- Found rosidl_default_generators: 1.2.1 (/opt/ros/humble/share/rosidl_default_generators/cmake)
[0.301s] -- Using all available rosidl_typesupport_c: rosidl_typesupport_fastrtps_c;rosidl_typesupport_introspection_c
[0.305s] -- Found rosidl_adapter: 3.1.8 (/opt/ros/humble/share/rosidl_adapter/cmake)
[0.344s] -- Using all available rosidl_typesupport_cpp: rosidl_typesupport_fastrtps_cpp;rosidl_typesupport_introspection_cpp
[0.376s] -- Found geometry_msgs: 4.9.1 (/opt/ros/humble/share/geometry_msgs/cmake)
[0.426s] -- Found action_msgs: 1.2.2 (/opt/ros/humble/share/action_msgs/cmake)
[0.856s] -- Found ament_cmake_ros: 0.10.0 (/opt/ros/humble/share/ament_cmake_ros/cmake)
[1.269s] -- Using all available rosidl_typesupport_c: rosidl_typesupport_fastrtps_c;rosidl_typesupport_introspection_c
[1.812s] -- Using all available rosidl_typesupport_cpp: rosidl_typesupport_fastrtps_cpp;rosidl_typesupport_introspection_cpp
[1.817s] [33mCMake Warning (dev) at /opt/ros/humble/share/rosidl_generator_py/cmake/rosidl_generator_py_generate_interfaces.cmake:20 (find_package):
[1.817s]   Policy CMP0148 is not set: The FindPythonInterp and FindPythonLibs modules
[1.817s]   are removed.  Run "cmake --help-policy CMP0148" for policy details.  Use
[1.817s]   the cmake_policy command to set the policy and suppress this warning.
[1.817s] 
[1.817s] Call Stack (most recent call first):
[1.817s]   /opt/ros/humble/share/ament_cmake_core/cmake/core/ament_execute_extensions.cmake:48 (include)
[1.817s]   /opt/ros/humble/share/rosidl_cmake/cmake/rosidl_generate_interfaces.cmake:286 (ament_execute_extensions)
[1.817s]   CMakeLists.txt:9 (rosidl_generate_interfaces)
[1.817s] This warning is for project developers.  Use -Wno-dev to suppress it.
[1.817s] [0m
[1.836s] -- Found python_cmake_module: 0.10.0 (/opt/ros/humble/share/python_cmake_module/cmake)
[1.837s] [33mCMake Warning (dev) at /opt/ros/humble/share/python_cmake_module/cmake/Modules/FindPythonExtra.cmake:52 (find_package):
[1.837s]   Policy CMP0148 is not set: The FindPythonInterp and FindPythonLibs modules
[1.837s]   are removed.  Run "cmake --help-policy CMP0148" for policy details.  Use
[1.837s]   the cmake_policy command to set the policy and suppress this warning.
[1.837s] 
[1.837s] Call Stack (most recent call first):
[1.837s]   /opt/ros/humble/share/rosidl_generator_py/cmake/rosidl_generator_py_generate_interfaces.cmake:23 (find_package)
[1.837s]   /opt/ros/humble/share/ament_cmake_core/cmake/core/ament_execute_extensions.cmake:48 (include)
[1.837s]   /opt/ros/humble/share/rosidl_cmake/cmake/rosidl_generate_interfaces.cmake:286 (ament_execute_extensions)
[1.837s]   CMakeLists.txt:9 (rosidl_generate_interfaces)
[1.837s] This warning is for project developers.  Use -Wno-dev to suppress it.
[1.837s] [0m
[1.854s] [33mCMake Warning (dev) at /opt/ros/humble/share/python_cmake_module/cmake/Modules/FindPythonExtra.cmake:140 (find_package):
[1.854s]   Policy CMP0148 is not set: The FindPythonInterp and FindPythonLibs modules
[1.854s]   are removed.  Run "cmake --help-policy CMP0148" for policy details.  Use
[1.854s]   the cmake_policy command to set the policy and suppress this warning.
[1.854s] 
[1.854s] Call Stack (most recent call first):
[1.855s]   /opt/ros/humble/share/rosidl_generator_py/cmake/rosidl_generator_py_generate_interfaces.cmake:23 (find_package)
[1.855s]   /opt/ros/humble/share/ament_cmake_core/cmake/core/ament_execute_extensions.cmake:48 (include)
[1.855s]   /opt/ros/humble/share/rosidl_cmake/cmake/rosidl_generate_interfaces.cmake:286 (ament_execute_extensions)
[1.855s]   CMakeLists.txt:9 (rosidl_generate_interfaces)
[1.855s] This warning is for project developers.  Use -Wno-dev to suppress it.
[1.855s] [0m
[1.860s] -- Using PYTHON_EXECUTABLE: /usr/bin/python3
[1.860s] -- Using PYTHON_INCLUDE_DIRS: /usr/include/python3.10
[1.860s] -- Using PYTHON_LIBRARIES: /usr/lib/x86_64-linux-gnu/libpython3.10.so
[2.042s] -- Found ament_lint_auto: 0.12.15 (/opt/ros/humble/share/ament_lint_auto/cmake)
[2.060s] -- Added test 'lint_cmake' to check CMake code style
[2.062s] -- Added test 'xmllint' to check XML markup files
[2.066s] -- Configuring done (2.0s)
[2.140s] -- Generating done (0.1s)
[2.158s] -- Build files have been written to: /root/ros_ws/build/custom_msgs
[2.178s] [  1%] [1m[34mGenerating C code for ROS interfaces[0m
[2.182s] [  3%] [1m[34mGenerating Rust code for ROS interfaces[0m
[2.183s] [  4%] [1m[34mGenerating C++ code for ROS interfaces[0m
[2.185s] [  4%] Built target ament_cmake_python_symlink_custom_msgs
[2.364s] running egg_info
[2.365s] writing custom_msgs.egg-info/PKG-INFO
[2.365s] writing dependency_links to custom_msgs.egg-info/dependency_links.txt
[2.365s] writing top-level names to custom_msgs.egg-info/top_level.txt
[2.367s] reading manifest file 'custom_msgs.egg-info/SOURCES.txt'
[2.367s] writing manifest file 'custom_msgs.egg-info/SOURCES.txt'
[2.386s] [  4%] Built target ament_cmake_python_build_custom_msgs_egg
[2.435s] [  4%] Built target custom_msgs__rs
[2.745s] [  4%] Built target custom_msgs__cpp
[2.750s] [  6%] [1m[34mGenerating C++ type support dispatch for ROS interfaces[0m
[2.750s] [  7%] [1m[34mGenerating C++ introspection for ROS interfaces[0m
[2.750s] [  9%] [1m[34mGenerating C++ type support for eProsima Fast-RTPS[0m
[2.754s] [ 12%] [32mBuilding C object CMakeFiles/custom_msgs__rosidl_generator_c.dir/rosidl_generator_c/custom_msgs/msg/detail/robot_status__functions.c.o[0m
[2.754s] [ 12%] [32mBuilding C object CMakeFiles/custom_msgs__rosidl_generator_c.dir/rosidl_generator_c/custom_msgs/msg/detail/extended_vector3__functions.c.o[0m
[2.754s] [ 14%] [32mBuilding C object CMakeFiles/custom_msgs__rosidl_generator_c.dir/rosidl_generator_c/custom_msgs/srv/detail/add_number__functions.c.o[0m
[2.756s] [ 15%] [32mBuilding C object CMakeFiles/custom_msgs__rosidl_generator_c.dir/rosidl_generator_c/custom_msgs/action/detail/count_down__functions.c.o[0m
[2.756s] [ 17%] [32mBuilding C object CMakeFiles/custom_msgs__rosidl_generator_c.dir/rosidl_generator_c/custom_msgs/action/detail/nav__functions.c.o[0m
[2.897s] [ 18%] [1m[32mLinking C shared library libcustom_msgs__rosidl_generator_c.so[0m
[2.935s] [ 18%] Built target custom_msgs__rosidl_generator_c
[2.941s] [ 23%] [1m[34mGenerating C type support for eProsima Fast-RTPS[0m
[2.941s] [ 23%] [1m[34mGenerating C introspection for ROS interfaces[0m
[2.941s] [ 23%] [1m[34mGenerating C type support dispatch for ROS interfaces[0m
[3.095s] [ 26%] [32mBuilding CXX object CMakeFiles/custom_msgs__rosidl_typesupport_cpp.dir/rosidl_typesupport_cpp/custom_msgs/msg/extended_vector3__type_support.cpp.o[0m
[3.095s] [ 26%] [32mBuilding CXX object CMakeFiles/custom_msgs__rosidl_typesupport_cpp.dir/rosidl_typesupport_cpp/custom_msgs/msg/robot_status__type_support.cpp.o[0m
[3.095s] [ 28%] [32mBuilding CXX object CMakeFiles/custom_msgs__rosidl_typesupport_cpp.dir/rosidl_typesupport_cpp/custom_msgs/srv/add_number__type_support.cpp.o[0m
[3.097s] [ 29%] [32mBuilding CXX object CMakeFiles/custom_msgs__rosidl_typesupport_cpp.dir/rosidl_typesupport_cpp/custom_msgs/action/count_down__type_support.cpp.o[0m
[3.098s] [ 31%] [32mBuilding CXX object CMakeFiles/custom_msgs__rosidl_typesupport_cpp.dir/rosidl_typesupport_cpp/custom_msgs/action/nav__type_support.cpp.o[0m
[3.180s] [ 37%] [32mBuilding CXX object CMakeFiles/custom_msgs__rosidl_typesupport_introspection_cpp.dir/rosidl_typesupport_introspection_cpp/custom_msgs/action/detail/count_down__type_support.cpp.o[0m
[3.180s] [ 37%] [32mBuilding CXX object CMakeFiles/custom_msgs__rosidl_typesupport_introspection_cpp.dir/rosidl_typesupport_introspection_cpp/custom_msgs/msg/detail/extended_vector3__type_support.cpp.o[0m
[3.180s] [ 37%] [32mBuilding CXX object CMakeFiles/custom_msgs__rosidl_typesupport_introspection_cpp.dir/rosidl_typesupport_introspection_cpp/custom_msgs/srv/detail/add_number__type_support.cpp.o[0m
[3.180s] [ 37%] [32mBuilding CXX object CMakeFiles/custom_msgs__rosidl_typesupport_introspection_cpp.dir/rosidl_typesupport_introspection_cpp/custom_msgs/msg/detail/robot_status__type_support.cpp.o[0m
[3.180s] [ 39%] [32mBuilding CXX object CMakeFiles/custom_msgs__rosidl_typesupport_introspection_cpp.dir/rosidl_typesupport_introspection_cpp/custom_msgs/action/detail/nav__type_support.cpp.o[0m
[3.383s] [ 42%] [32mBuilding CXX object CMakeFiles/custom_msgs__rosidl_typesupport_c.dir/rosidl_typesupport_c/custom_msgs/msg/extended_vector3__type_support.cpp.o[0m
[3.383s] [ 42%] [32mBuilding CXX object CMakeFiles/custom_msgs__rosidl_typesupport_c.dir/rosidl_typesupport_c/custom_msgs/msg/robot_status__type_support.cpp.o[0m
[3.383s] [ 43%] [32mBuilding CXX object CMakeFiles/custom_msgs__rosidl_typesupport_c.dir/rosidl_typesupport_c/custom_msgs/srv/add_number__type_support.cpp.o[0m
[3.403s] [ 45%] [32mBuilding CXX object CMakeFiles/custom_msgs__rosidl_typesupport_fastrtps_cpp.dir/rosidl_typesupport_fastrtps_cpp/custom_msgs/msg/detail/dds_fastrtps/extended_vector3__type_support.cpp.o[0m
[3.433s] [ 48%] [32mBuilding CXX object CMakeFiles/custom_msgs__rosidl_typesupport_c.dir/rosidl_typesupport_c/custom_msgs/action/count_down__type_support.cpp.o[0m
[3.433s] [ 48%] [32mBuilding CXX object CMakeFiles/custom_msgs__rosidl_typesupport_c.dir/rosidl_typesupport_c/custom_msgs/action/nav__type_support.cpp.o[0m
[3.433s] [ 50%] [32mBuilding CXX object CMakeFiles/custom_msgs__rosidl_typesupport_fastrtps_cpp.dir/rosidl_typesupport_fastrtps_cpp/custom_msgs/msg/detail/dds_fastrtps/robot_status__type_support.cpp.o[0m
[3.517s] [ 53%] [32mBuilding CXX object CMakeFiles/custom_msgs__rosidl_typesupport_fastrtps_cpp.dir/rosidl_typesupport_fastrtps_cpp/custom_msgs/srv/detail/dds_fastrtps/add_number__type_support.cpp.o[0m
[3.518s] [ 53%] [1m[32mLinking CXX shared library libcustom_msgs__rosidl_typesupport_c.so[0m
[3.530s] [ 54%] [32mBuilding CXX object CMakeFiles/custom_msgs__rosidl_typesupport_fastrtps_cpp.dir/rosidl_typesupport_fastrtps_cpp/custom_msgs/action/detail/dds_fastrtps/count_down__type_support.cpp.o[0m
[3.536s] [ 56%] [32mBuilding CXX object CMakeFiles/custom_msgs__rosidl_typesupport_fastrtps_cpp.dir/rosidl_typesupport_fastrtps_cpp/custom_msgs/action/detail/dds_fastrtps/nav__type_support.cpp.o[0m
[3.580s] [ 56%] Built target custom_msgs__rosidl_typesupport_c
[3.610s] [ 59%] [32mBuilding C object CMakeFiles/custom_msgs__rosidl_typesupport_introspection_c.dir/rosidl_typesupport_introspection_c/custom_msgs/msg/detail/robot_status__type_support.c.o[0m
[3.610s] [ 59%] [32mBuilding C object CMakeFiles/custom_msgs__rosidl_typesupport_introspection_c.dir/rosidl_typesupport_introspection_c/custom_msgs/msg/detail/extended_vector3__type_support.c.o[0m
[3.610s] [ 60%] [32mBuilding C object CMakeFiles/custom_msgs__rosidl_typesupport_introspection_c.dir/rosidl_typesupport_introspection_c/custom_msgs/srv/detail/add_number__type_support.c.o[0m
[3.661s] [ 62%] [32mBuilding C object CMakeFiles/custom_msgs__rosidl_typesupport_introspection_c.dir/rosidl_typesupport_introspection_c/custom_msgs/action/detail/count_down__type_support.c.o[0m
[3.661s] [ 64%] [32mBuilding C object CMakeFiles/custom_msgs__rosidl_typesupport_introspection_c.dir/rosidl_typesupport_introspection_c/custom_msgs/action/detail/nav__type_support.c.o[0m
[3.713s] [ 65%] [32mBuilding CXX object CMakeFiles/custom_msgs__rosidl_typesupport_fastrtps_c.dir/rosidl_typesupport_fastrtps_c/custom_msgs/msg/detail/extended_vector3__type_support_c.cpp.o[0m
[3.715s] [ 67%] [32mBuilding CXX object CMakeFiles/custom_msgs__rosidl_typesupport_fastrtps_c.dir/rosidl_typesupport_fastrtps_c/custom_msgs/msg/detail/robot_status__type_support_c.cpp.o[0m
[3.715s] [ 68%] [32mBuilding CXX object CMakeFiles/custom_msgs__rosidl_typesupport_fastrtps_c.dir/rosidl_typesupport_fastrtps_c/custom_msgs/srv/detail/add_number__type_support_c.cpp.o[0m
[3.717s] [ 70%] [32mBuilding CXX object CMakeFiles/custom_msgs__rosidl_typesupport_fastrtps_c.dir/rosidl_typesupport_fastrtps_c/custom_msgs/action/detail/count_down__type_support_c.cpp.o[0m
[3.729s] [ 73%] [1m[32mLinking C shared library libcustom_msgs__rosidl_typesupport_introspection_c.so[0m
[3.729s] [ 73%] [32mBuilding CXX object CMakeFiles/custom_msgs__rosidl_typesupport_fastrtps_c.dir/rosidl_typesupport_fastrtps_c/custom_msgs/action/detail/nav__type_support_c.cpp.o[0m
[3.772s] [ 73%] Built target custom_msgs__rosidl_typesupport_introspection_c
[3.809s] [ 75%] [1m[32mLinking CXX shared library libcustom_msgs__rosidl_typesupport_cpp.so[0m
[3.867s] [ 75%] Built target custom_msgs__rosidl_typesupport_cpp
[4.024s] [ 76%] [1m[32mLinking CXX shared library libcustom_msgs__rosidl_typesupport_introspection_cpp.so[0m
[4.099s] [ 76%] Built target custom_msgs__rosidl_typesupport_introspection_cpp
[4.168s] [ 78%] [1m[32mLinking CXX shared library libcustom_msgs__rosidl_typesupport_fastrtps_c.so[0m
[4.215s] [ 79%] [1m[32mLinking CXX shared library libcustom_msgs__rosidl_typesupport_fastrtps_cpp.so[0m
[4.225s] [ 79%] Built target custom_msgs__rosidl_typesupport_fastrtps_c
[4.270s] [ 79%] Built target custom_msgs__rosidl_typesupport_fastrtps_cpp
[4.280s] [ 79%] Built target custom_msgs
[4.290s] [ 81%] [1m[34mGenerating Python code for ROS interfaces[0m
[5.260s] [ 81%] Built target custom_msgs__py
[5.277s] [ 84%] [32mBuilding C object CMakeFiles/custom_msgs__rosidl_generator_py.dir/rosidl_generator_py/custom_msgs/msg/_robot_status_s.c.o[0m
[5.277s] [ 84%] [32mBuilding C object CMakeFiles/custom_msgs__rosidl_generator_py.dir/rosidl_generator_py/custom_msgs/msg/_extended_vector3_s.c.o[0m
[5.277s] [ 85%] [32mBuilding C object CMakeFiles/custom_msgs__rosidl_generator_py.dir/rosidl_generator_py/custom_msgs/srv/_add_number_s.c.o[0m
[5.277s] [ 87%] [32mBuilding C object CMakeFiles/custom_msgs__rosidl_generator_py.dir/rosidl_generator_py/custom_msgs/action/_count_down_s.c.o[0m
[5.277s] [ 89%] [32mBuilding C object CMakeFiles/custom_msgs__rosidl_generator_py.dir/rosidl_generator_py/custom_msgs/action/_nav_s.c.o[0m
[5.405s] [ 90%] [1m[32mLinking C shared library rosidl_generator_py/custom_msgs/libcustom_msgs__rosidl_generator_py.so[0m
[5.437s] [ 90%] Built target custom_msgs__rosidl_generator_py
[5.449s] [ 92%] [32mBuilding C object CMakeFiles/custom_msgs__rosidl_typesupport_fastrtps_c__pyext.dir/rosidl_generator_py/custom_msgs/_custom_msgs_s.ep.rosidl_typesupport_fastrtps_c.c.o[0m
[5.449s] [ 95%] [32mBuilding C object CMakeFiles/custom_msgs__rosidl_typesupport_introspection_c__pyext.dir/rosidl_generator_py/custom_msgs/_custom_msgs_s.ep.rosidl_typesupport_introspection_c.c.o[0m
[5.449s] [ 95%] [32mBuilding C object CMakeFiles/custom_msgs__rosidl_typesupport_c__pyext.dir/rosidl_generator_py/custom_msgs/_custom_msgs_s.ep.rosidl_typesupport_c.c.o[0m
[5.567s] [ 96%] [1m[32mLinking C shared library rosidl_generator_py/custom_msgs/custom_msgs_s__rosidl_typesupport_c.cpython-310-x86_64-linux-gnu.so[0m
[5.567s] [ 98%] [1m[32mLinking C shared library rosidl_generator_py/custom_msgs/custom_msgs_s__rosidl_typesupport_fastrtps_c.cpython-310-x86_64-linux-gnu.so[0m
[5.567s] [100%] [1m[32mLinking C shared library rosidl_generator_py/custom_msgs/custom_msgs_s__rosidl_typesupport_introspection_c.cpython-310-x86_64-linux-gnu.so[0m
[5.598s] [100%] Built target custom_msgs__rosidl_typesupport_c__pyext
[5.598s] [100%] Built target custom_msgs__rosidl_typesupport_fastrtps_c__pyext
[5.598s] [100%] Built target custom_msgs__rosidl_typesupport_introspection_c__pyext
[5.604s] Invoked command in '/root/ros_ws/build/custom_msgs' returned '0': CMAKE_PREFIX_PATH=${CMAKE_PREFIX_PATH}:/root/ros_ws/install/task4:/root/ros_ws/install/task3:/root/ros_ws/install/task2:/root/ros_ws/install/sensorPkg:/root/ros_ws/install/py_srvcli:/root/ros_ws/install/my_robot_controller:/opt/ros/humble /usr/bin/cmake --build /root/ros_ws/build/custom_msgs -- -j16 -l16
[5.608s] Invoking command in '/root/ros_ws/build/custom_msgs': CMAKE_PREFIX_PATH=${CMAKE_PREFIX_PATH}:/root/ros_ws/install/task4:/root/ros_ws/install/task3:/root/ros_ws/install/task2:/root/ros_ws/install/sensorPkg:/root/ros_ws/install/py_srvcli:/root/ros_ws/install/my_robot_controller:/opt/ros/humble /usr/bin/cmake --install /root/ros_ws/build/custom_msgs
[5.611s] -- Install configuration: ""
[5.611s] -- Execute custom install script
[5.611s] -- Up-to-date symlink: /root/ros_ws/install/custom_msgs/share/ament_index/resource_index/rosidl_interfaces/custom_msgs
[5.613s] -- Up-to-date symlink: /root/ros_ws/install/custom_msgs/include/custom_msgs/custom_msgs/action/count_down.h
[5.614s] -- Up-to-date symlink: /root/ros_ws/install/custom_msgs/include/custom_msgs/custom_msgs/action/detail/count_down__functions.h
[5.614s] -- Up-to-date symlink: /root/ros_ws/install/custom_msgs/include/custom_msgs/custom_msgs/action/detail/count_down__struct.h
[5.614s] -- Up-to-date symlink: /root/ros_ws/install/custom_msgs/include/custom_msgs/custom_msgs/action/detail/count_down__type_support.h
[5.614s] -- Symlinking: /root/ros_ws/install/custom_msgs/include/custom_msgs/custom_msgs/action/detail/nav__functions.h
[5.619s] -- Symlinking: /root/ros_ws/install/custom_msgs/include/custom_msgs/custom_msgs/action/detail/nav__struct.h
[5.621s] -- Symlinking: /root/ros_ws/install/custom_msgs/include/custom_msgs/custom_msgs/action/detail/nav__type_support.h
[5.624s] -- Symlinking: /root/ros_ws/install/custom_msgs/include/custom_msgs/custom_msgs/action/nav.h
[5.628s] -- Up-to-date symlink: /root/ros_ws/install/custom_msgs/include/custom_msgs/custom_msgs/msg/detail/extended_vector3__functions.h
[5.629s] -- Up-to-date symlink: /root/ros_ws/install/custom_msgs/include/custom_msgs/custom_msgs/msg/detail/extended_vector3__struct.h
[5.629s] -- Up-to-date symlink: /root/ros_ws/install/custom_msgs/include/custom_msgs/custom_msgs/msg/detail/extended_vector3__type_support.h
[5.629s] -- Up-to-date symlink: /root/ros_ws/install/custom_msgs/include/custom_msgs/custom_msgs/msg/detail/robot_status__functions.h
[5.629s] -- Up-to-date symlink: /root/ros_ws/install/custom_msgs/include/custom_msgs/custom_msgs/msg/detail/robot_status__struct.h
[5.629s] -- Up-to-date symlink: /root/ros_ws/install/custom_msgs/include/custom_msgs/custom_msgs/msg/detail/robot_status__type_support.h
[5.630s] -- Up-to-date symlink: /root/ros_ws/install/custom_msgs/include/custom_msgs/custom_msgs/msg/extended_vector3.h
[5.630s] -- Up-to-date symlink: /root/ros_ws/install/custom_msgs/include/custom_msgs/custom_msgs/msg/robot_status.h
[5.630s] -- Up-to-date symlink: /root/ros_ws/install/custom_msgs/include/custom_msgs/custom_msgs/msg/rosidl_generator_c__visibility_control.h
[5.630s] -- Up-to-date symlink: /root/ros_ws/install/custom_msgs/include/custom_msgs/custom_msgs/srv/add_number.h
[5.630s] -- Up-to-date symlink: /root/ros_ws/install/custom_msgs/include/custom_msgs/custom_msgs/srv/detail/add_number__functions.h
[5.631s] -- Up-to-date symlink: /root/ros_ws/install/custom_msgs/include/custom_msgs/custom_msgs/srv/detail/add_number__struct.h
[5.631s] -- Up-to-date symlink: /root/ros_ws/install/custom_msgs/include/custom_msgs/custom_msgs/srv/detail/add_number__type_support.h
[5.631s] -- Up-to-date symlink: /root/ros_ws/install/custom_msgs/share/custom_msgs/environment/library_path.sh
[5.631s] -- Up-to-date symlink: /root/ros_ws/install/custom_msgs/share/custom_msgs/environment/library_path.dsv
[5.632s] -- Up-to-date symlink: /root/ros_ws/install/custom_msgs/include/custom_msgs/custom_msgs/action/detail/count_down__rosidl_typesupport_fastrtps_c.h
[5.632s] -- Symlinking: /root/ros_ws/install/custom_msgs/include/custom_msgs/custom_msgs/action/detail/nav__rosidl_typesupport_fastrtps_c.h
[5.635s] -- Up-to-date symlink: /root/ros_ws/install/custom_msgs/include/custom_msgs/custom_msgs/msg/detail/extended_vector3__rosidl_typesupport_fastrtps_c.h
[5.635s] -- Up-to-date symlink: /root/ros_ws/install/custom_msgs/include/custom_msgs/custom_msgs/msg/detail/robot_status__rosidl_typesupport_fastrtps_c.h
[5.635s] -- Up-to-date symlink: /root/ros_ws/install/custom_msgs/include/custom_msgs/custom_msgs/msg/rosidl_typesupport_fastrtps_c__visibility_control.h
[5.636s] -- Up-to-date symlink: /root/ros_ws/install/custom_msgs/include/custom_msgs/custom_msgs/srv/detail/add_number__rosidl_typesupport_fastrtps_c.h
[5.636s] -- Up-to-date symlink: /root/ros_ws/install/custom_msgs/include/custom_msgs/custom_msgs/action/detail/count_down__rosidl_typesupport_introspection_c.h
[5.636s] -- Symlinking: /root/ros_ws/install/custom_msgs/include/custom_msgs/custom_msgs/action/detail/nav__rosidl_typesupport_introspection_c.h
[5.639s] -- Up-to-date symlink: /root/ros_ws/install/custom_msgs/include/custom_msgs/custom_msgs/msg/detail/extended_vector3__rosidl_typesupport_introspection_c.h
[5.640s] -- Up-to-date symlink: /root/ros_ws/install/custom_msgs/include/custom_msgs/custom_msgs/msg/detail/robot_status__rosidl_typesupport_introspection_c.h
[5.640s] -- Up-to-date symlink: /root/ros_ws/install/custom_msgs/include/custom_msgs/custom_msgs/msg/rosidl_typesupport_introspection_c__visibility_control.h
[5.640s] -- Up-to-date symlink: /root/ros_ws/install/custom_msgs/include/custom_msgs/custom_msgs/srv/detail/add_number__rosidl_typesupport_introspection_c.h
[5.641s] -- Up-to-date symlink: /root/ros_ws/install/custom_msgs/include/custom_msgs/custom_msgs/action/count_down.hpp
[5.641s] -- Up-to-date symlink: /root/ros_ws/install/custom_msgs/include/custom_msgs/custom_msgs/action/detail/count_down__builder.hpp
[5.641s] -- Up-to-date symlink: /root/ros_ws/install/custom_msgs/include/custom_msgs/custom_msgs/action/detail/count_down__struct.hpp
[5.641s] -- Up-to-date symlink: /root/ros_ws/install/custom_msgs/include/custom_msgs/custom_msgs/action/detail/count_down__traits.hpp
[5.641s] -- Up-to-date symlink: /root/ros_ws/install/custom_msgs/include/custom_msgs/custom_msgs/action/detail/count_down__type_support.hpp
[5.642s] -- Symlinking: /root/ros_ws/install/custom_msgs/include/custom_msgs/custom_msgs/action/detail/nav__builder.hpp
[5.644s] -- Symlinking: /root/ros_ws/install/custom_msgs/include/custom_msgs/custom_msgs/action/detail/nav__struct.hpp
[5.647s] -- Symlinking: /root/ros_ws/install/custom_msgs/include/custom_msgs/custom_msgs/action/detail/nav__traits.hpp
[5.650s] -- Symlinking: /root/ros_ws/install/custom_msgs/include/custom_msgs/custom_msgs/action/detail/nav__type_support.hpp
[5.653s] -- Symlinking: /root/ros_ws/install/custom_msgs/include/custom_msgs/custom_msgs/action/nav.hpp
[5.657s] -- Up-to-date symlink: /root/ros_ws/install/custom_msgs/include/custom_msgs/custom_msgs/msg/detail/extended_vector3__builder.hpp
[5.657s] -- Up-to-date symlink: /root/ros_ws/install/custom_msgs/include/custom_msgs/custom_msgs/msg/detail/extended_vector3__struct.hpp
[5.657s] -- Up-to-date symlink: /root/ros_ws/install/custom_msgs/include/custom_msgs/custom_msgs/msg/detail/extended_vector3__traits.hpp
[5.657s] -- Up-to-date symlink: /root/ros_ws/install/custom_msgs/include/custom_msgs/custom_msgs/msg/detail/extended_vector3__type_support.hpp
[5.657s] -- Up-to-date symlink: /root/ros_ws/install/custom_msgs/include/custom_msgs/custom_msgs/msg/detail/robot_status__builder.hpp
[5.658s] -- Up-to-date symlink: /root/ros_ws/install/custom_msgs/include/custom_msgs/custom_msgs/msg/detail/robot_status__struct.hpp
[5.658s] -- Up-to-date symlink: /root/ros_ws/install/custom_msgs/include/custom_msgs/custom_msgs/msg/detail/robot_status__traits.hpp
[5.658s] -- Up-to-date symlink: /root/ros_ws/install/custom_msgs/include/custom_msgs/custom_msgs/msg/detail/robot_status__type_support.hpp
[5.658s] -- Up-to-date symlink: /root/ros_ws/install/custom_msgs/include/custom_msgs/custom_msgs/msg/extended_vector3.hpp
[5.658s] -- Up-to-date symlink: /root/ros_ws/install/custom_msgs/include/custom_msgs/custom_msgs/msg/robot_status.hpp
[5.658s] -- Up-to-date symlink: /root/ros_ws/install/custom_msgs/include/custom_msgs/custom_msgs/msg/rosidl_generator_cpp__visibility_control.hpp
[5.659s] -- Up-to-date symlink: /root/ros_ws/install/custom_msgs/include/custom_msgs/custom_msgs/srv/add_number.hpp
[5.659s] -- Up-to-date symlink: /root/ros_ws/install/custom_msgs/include/custom_msgs/custom_msgs/srv/detail/add_number__builder.hpp
[5.659s] -- Up-to-date symlink: /root/ros_ws/install/custom_msgs/include/custom_msgs/custom_msgs/srv/detail/add_number__struct.hpp
[5.659s] -- Up-to-date symlink: /root/ros_ws/install/custom_msgs/include/custom_msgs/custom_msgs/srv/detail/add_number__traits.hpp
[5.659s] -- Up-to-date symlink: /root/ros_ws/install/custom_msgs/include/custom_msgs/custom_msgs/srv/detail/add_number__type_support.hpp
[5.660s] -- Up-to-date symlink: /root/ros_ws/install/custom_msgs/include/custom_msgs/custom_msgs/action/detail/count_down__rosidl_typesupport_fastrtps_cpp.hpp
[5.660s] -- Symlinking: /root/ros_ws/install/custom_msgs/include/custom_msgs/custom_msgs/action/detail/nav__rosidl_typesupport_fastrtps_cpp.hpp
[5.663s] -- Up-to-date symlink: /root/ros_ws/install/custom_msgs/include/custom_msgs/custom_msgs/msg/detail/extended_vector3__rosidl_typesupport_fastrtps_cpp.hpp
[5.663s] -- Up-to-date symlink: /root/ros_ws/install/custom_msgs/include/custom_msgs/custom_msgs/msg/detail/robot_status__rosidl_typesupport_fastrtps_cpp.hpp
[5.664s] -- Up-to-date symlink: /root/ros_ws/install/custom_msgs/include/custom_msgs/custom_msgs/msg/rosidl_typesupport_fastrtps_cpp__visibility_control.h
[5.664s] -- Up-to-date symlink: /root/ros_ws/install/custom_msgs/include/custom_msgs/custom_msgs/srv/detail/add_number__rosidl_typesupport_fastrtps_cpp.hpp
[5.664s] -- Up-to-date symlink: /root/ros_ws/install/custom_msgs/include/custom_msgs/custom_msgs/action/detail/count_down__rosidl_typesupport_introspection_cpp.hpp
[5.664s] -- Symlinking: /root/ros_ws/install/custom_msgs/include/custom_msgs/custom_msgs/action/detail/nav__rosidl_typesupport_introspection_cpp.hpp
[5.668s] -- Up-to-date symlink: /root/ros_ws/install/custom_msgs/include/custom_msgs/custom_msgs/msg/detail/extended_vector3__rosidl_typesupport_introspection_cpp.hpp
[5.668s] -- Up-to-date symlink: /root/ros_ws/install/custom_msgs/include/custom_msgs/custom_msgs/msg/detail/robot_status__rosidl_typesupport_introspection_cpp.hpp
[5.668s] -- Up-to-date symlink: /root/ros_ws/install/custom_msgs/include/custom_msgs/custom_msgs/srv/detail/add_number__rosidl_typesupport_introspection_cpp.hpp
[5.668s] -- Up-to-date symlink: /root/ros_ws/install/custom_msgs/share/custom_msgs/environment/pythonpath.sh
[5.669s] -- Up-to-date symlink: /root/ros_ws/install/custom_msgs/share/custom_msgs/environment/pythonpath.dsv
[5.669s] -- Up-to-date symlink: /root/ros_ws/install/custom_msgs/local/lib/python3.10/dist-packages/custom_msgs-0.0.0-py3.10.egg-info/PKG-INFO
[5.669s] -- Up-to-date symlink: /root/ros_ws/install/custom_msgs/local/lib/python3.10/dist-packages/custom_msgs-0.0.0-py3.10.egg-info/SOURCES.txt
[5.669s] -- Up-to-date symlink: /root/ros_ws/install/custom_msgs/local/lib/python3.10/dist-packages/custom_msgs-0.0.0-py3.10.egg-info/dependency_links.txt
[5.669s] -- Up-to-date symlink: /root/ros_ws/install/custom_msgs/local/lib/python3.10/dist-packages/custom_msgs-0.0.0-py3.10.egg-info/top_level.txt
[5.670s] -- Up-to-date symlink: /root/ros_ws/install/custom_msgs/local/lib/python3.10/dist-packages/custom_msgs/__init__.py
[5.670s] -- Up-to-date symlink: /root/ros_ws/install/custom_msgs/local/lib/python3.10/dist-packages/custom_msgs/_custom_msgs_s.ep.rosidl_typesupport_c.c
[5.670s] -- Up-to-date symlink: /root/ros_ws/install/custom_msgs/local/lib/python3.10/dist-packages/custom_msgs/_custom_msgs_s.ep.rosidl_typesupport_fastrtps_c.c
[5.671s] -- Up-to-date symlink: /root/ros_ws/install/custom_msgs/local/lib/python3.10/dist-packages/custom_msgs/_custom_msgs_s.ep.rosidl_typesupport_introspection_c.c
[5.671s] -- Up-to-date symlink: /root/ros_ws/install/custom_msgs/local/lib/python3.10/dist-packages/custom_msgs/action/__init__.py
[5.671s] -- Up-to-date symlink: /root/ros_ws/install/custom_msgs/local/lib/python3.10/dist-packages/custom_msgs/action/_count_down.py
[5.671s] -- Up-to-date symlink: /root/ros_ws/install/custom_msgs/local/lib/python3.10/dist-packages/custom_msgs/action/_count_down_s.c
[5.671s] -- Symlinking: /root/ros_ws/install/custom_msgs/local/lib/python3.10/dist-packages/custom_msgs/action/_nav.py
[5.674s] -- Symlinking: /root/ros_ws/install/custom_msgs/local/lib/python3.10/dist-packages/custom_msgs/action/_nav_s.c
[5.677s] -- Up-to-date symlink: /root/ros_ws/install/custom_msgs/local/lib/python3.10/dist-packages/custom_msgs/custom_msgs_s__rosidl_typesupport_c.cpython-310-x86_64-linux-gnu.so
[5.678s] -- Up-to-date symlink: /root/ros_ws/install/custom_msgs/local/lib/python3.10/dist-packages/custom_msgs/custom_msgs_s__rosidl_typesupport_fastrtps_c.cpython-310-x86_64-linux-gnu.so
[5.678s] -- Up-to-date symlink: /root/ros_ws/install/custom_msgs/local/lib/python3.10/dist-packages/custom_msgs/custom_msgs_s__rosidl_typesupport_introspection_c.cpython-310-x86_64-linux-gnu.so
[5.678s] -- Up-to-date symlink: /root/ros_ws/install/custom_msgs/local/lib/python3.10/dist-packages/custom_msgs/libcustom_msgs__rosidl_generator_py.so
[5.678s] -- Up-to-date symlink: /root/ros_ws/install/custom_msgs/local/lib/python3.10/dist-packages/custom_msgs/msg/__init__.py
[5.679s] -- Up-to-date symlink: /root/ros_ws/install/custom_msgs/local/lib/python3.10/dist-packages/custom_msgs/msg/_extended_vector3.py
[5.679s] -- Up-to-date symlink: /root/ros_ws/install/custom_msgs/local/lib/python3.10/dist-packages/custom_msgs/msg/_extended_vector3_s.c
[5.679s] -- Up-to-date symlink: /root/ros_ws/install/custom_msgs/local/lib/python3.10/dist-packages/custom_msgs/msg/_robot_status.py
[5.679s] -- Up-to-date symlink: /root/ros_ws/install/custom_msgs/local/lib/python3.10/dist-packages/custom_msgs/msg/_robot_status_s.c
[5.679s] -- Up-to-date symlink: /root/ros_ws/install/custom_msgs/local/lib/python3.10/dist-packages/custom_msgs/srv/__init__.py
[5.679s] -- Up-to-date symlink: /root/ros_ws/install/custom_msgs/local/lib/python3.10/dist-packages/custom_msgs/srv/_add_number.py
[5.679s] -- Up-to-date symlink: /root/ros_ws/install/custom_msgs/local/lib/python3.10/dist-packages/custom_msgs/srv/_add_number_s.c
[5.680s] -- Up-to-date symlink: /root/ros_ws/install/custom_msgs/local/lib/python3.10/dist-packages/custom_msgs/custom_msgs_s__rosidl_typesupport_fastrtps_c.cpython-310-x86_64-linux-gnu.so
[5.680s] -- Up-to-date symlink: /root/ros_ws/install/custom_msgs/local/lib/python3.10/dist-packages/custom_msgs/custom_msgs_s__rosidl_typesupport_introspection_c.cpython-310-x86_64-linux-gnu.so
[5.680s] -- Up-to-date symlink: /root/ros_ws/install/custom_msgs/local/lib/python3.10/dist-packages/custom_msgs/custom_msgs_s__rosidl_typesupport_c.cpython-310-x86_64-linux-gnu.so
[5.680s] -- Up-to-date symlink: /root/ros_ws/install/custom_msgs/share/ament_index/resource_index/rust_packages/custom_msgs
[5.681s] -- Up-to-date symlink: /root/ros_ws/install/custom_msgs/share/custom_msgs/rust/Cargo.toml
[5.681s] -- Up-to-date symlink: /root/ros_ws/install/custom_msgs/share/custom_msgs/rust/build.rs
[5.681s] -- Up-to-date symlink: /root/ros_ws/install/custom_msgs/share/custom_msgs/rust/src/action.rs
[5.681s] -- Up-to-date symlink: /root/ros_ws/install/custom_msgs/share/custom_msgs/rust/src/action/rmw.rs
[5.682s] -- Up-to-date symlink: /root/ros_ws/install/custom_msgs/share/custom_msgs/rust/src/lib.rs
[5.682s] -- Up-to-date symlink: /root/ros_ws/install/custom_msgs/share/custom_msgs/rust/src/msg.rs
[5.682s] -- Up-to-date symlink: /root/ros_ws/install/custom_msgs/share/custom_msgs/rust/src/msg/rmw.rs
[5.682s] -- Up-to-date symlink: /root/ros_ws/install/custom_msgs/share/custom_msgs/rust/src/srv.rs
[5.683s] -- Up-to-date symlink: /root/ros_ws/install/custom_msgs/share/custom_msgs/rust/src/srv/rmw.rs
[5.683s] -- Up-to-date symlink: /root/ros_ws/install/custom_msgs/share/custom_msgs/msg/ExtendedVector3.idl
[5.683s] -- Up-to-date symlink: /root/ros_ws/install/custom_msgs/share/custom_msgs/msg/RobotStatus.idl
[5.683s] -- Up-to-date symlink: /root/ros_ws/install/custom_msgs/share/custom_msgs/srv/AddNumber.idl
[5.683s] -- Up-to-date symlink: /root/ros_ws/install/custom_msgs/share/custom_msgs/action/CountDown.idl
[5.684s] -- Symlinking: /root/ros_ws/install/custom_msgs/share/custom_msgs/action/Nav.idl
[5.687s] -- Up-to-date symlink: /root/ros_ws/install/custom_msgs/share/custom_msgs/msg/ExtendedVector3.msg
[5.687s] -- Up-to-date symlink: /root/ros_ws/install/custom_msgs/share/custom_msgs/msg/RobotStatus.msg
[5.687s] -- Up-to-date symlink: /root/ros_ws/install/custom_msgs/share/custom_msgs/srv/AddNumber.srv
[5.687s] -- Up-to-date symlink: /root/ros_ws/install/custom_msgs/share/custom_msgs/srv/AddNumber_Request.msg
[5.687s] -- Up-to-date symlink: /root/ros_ws/install/custom_msgs/share/custom_msgs/srv/AddNumber_Response.msg
[5.687s] -- Up-to-date symlink: /root/ros_ws/install/custom_msgs/share/custom_msgs/action/CountDown.action
[5.688s] -- Symlinking: /root/ros_ws/install/custom_msgs/share/custom_msgs/action/Nav.action
[5.691s] -- Up-to-date symlink: /root/ros_ws/install/custom_msgs/share/ament_index/resource_index/package_run_dependencies/custom_msgs
[5.691s] -- Up-to-date symlink: /root/ros_ws/install/custom_msgs/share/ament_index/resource_index/parent_prefix_path/custom_msgs
[5.691s] -- Up-to-date symlink: /root/ros_ws/install/custom_msgs/share/custom_msgs/environment/ament_prefix_path.sh
[5.691s] -- Up-to-date symlink: /root/ros_ws/install/custom_msgs/share/custom_msgs/environment/ament_prefix_path.dsv
[5.692s] -- Up-to-date symlink: /root/ros_ws/install/custom_msgs/share/custom_msgs/environment/path.sh
[5.692s] -- Up-to-date symlink: /root/ros_ws/install/custom_msgs/share/custom_msgs/environment/path.dsv
[5.692s] -- Up-to-date symlink: /root/ros_ws/install/custom_msgs/share/custom_msgs/local_setup.bash
[5.692s] -- Up-to-date symlink: /root/ros_ws/install/custom_msgs/share/custom_msgs/local_setup.sh
[5.692s] -- Up-to-date symlink: /root/ros_ws/install/custom_msgs/share/custom_msgs/local_setup.zsh
[5.692s] -- Up-to-date symlink: /root/ros_ws/install/custom_msgs/share/custom_msgs/local_setup.dsv
[5.692s] -- Symlinking: /root/ros_ws/install/custom_msgs/share/custom_msgs/package.dsv
[5.695s] -- Up-to-date symlink: /root/ros_ws/install/custom_msgs/share/ament_index/resource_index/packages/custom_msgs
[5.696s] -- Up-to-date symlink: /root/ros_ws/install/custom_msgs/share/custom_msgs/cmake/rosidl_cmake-extras.cmake
[5.696s] -- Up-to-date symlink: /root/ros_ws/install/custom_msgs/share/custom_msgs/cmake/ament_cmake_export_dependencies-extras.cmake
[5.696s] -- Up-to-date symlink: /root/ros_ws/install/custom_msgs/share/custom_msgs/cmake/ament_cmake_export_include_directories-extras.cmake
[5.696s] -- Up-to-date symlink: /root/ros_ws/install/custom_msgs/share/custom_msgs/cmake/ament_cmake_export_libraries-extras.cmake
[5.697s] -- Up-to-date symlink: /root/ros_ws/install/custom_msgs/share/custom_msgs/cmake/ament_cmake_export_targets-extras.cmake
[5.697s] -- Up-to-date symlink: /root/ros_ws/install/custom_msgs/share/custom_msgs/cmake/rosidl_cmake_export_typesupport_targets-extras.cmake
[5.697s] -- Up-to-date symlink: /root/ros_ws/install/custom_msgs/share/custom_msgs/cmake/rosidl_cmake_export_typesupport_libraries-extras.cmake
[5.697s] -- Up-to-date symlink: /root/ros_ws/install/custom_msgs/share/custom_msgs/cmake/custom_msgsConfig.cmake
[5.697s] -- Up-to-date symlink: /root/ros_ws/install/custom_msgs/share/custom_msgs/cmake/custom_msgsConfig-version.cmake
[5.698s] -- Up-to-date symlink: /root/ros_ws/install/custom_msgs/share/custom_msgs/package.xml
[5.698s] -- Installing: /root/ros_ws/install/custom_msgs/lib/libcustom_msgs__rosidl_generator_c.so
[5.699s] -- Set non-toolchain portion of runtime path of "/root/ros_ws/install/custom_msgs/lib/libcustom_msgs__rosidl_generator_c.so" to ""
[5.699s] -- Installing: /root/ros_ws/install/custom_msgs/lib/libcustom_msgs__rosidl_typesupport_fastrtps_c.so
[5.700s] -- Set non-toolchain portion of runtime path of "/root/ros_ws/install/custom_msgs/lib/libcustom_msgs__rosidl_typesupport_fastrtps_c.so" to ""
[5.700s] -- Installing: /root/ros_ws/install/custom_msgs/lib/libcustom_msgs__rosidl_typesupport_introspection_c.so
[5.700s] -- Set non-toolchain portion of runtime path of "/root/ros_ws/install/custom_msgs/lib/libcustom_msgs__rosidl_typesupport_introspection_c.so" to ""
[5.701s] -- Installing: /root/ros_ws/install/custom_msgs/lib/libcustom_msgs__rosidl_typesupport_c.so
[5.701s] -- Set non-toolchain portion of runtime path of "/root/ros_ws/install/custom_msgs/lib/libcustom_msgs__rosidl_typesupport_c.so" to ""
[5.702s] -- Installing: /root/ros_ws/install/custom_msgs/lib/libcustom_msgs__rosidl_typesupport_fastrtps_cpp.so
[5.702s] -- Set non-toolchain portion of runtime path of "/root/ros_ws/install/custom_msgs/lib/libcustom_msgs__rosidl_typesupport_fastrtps_cpp.so" to ""
[5.703s] -- Installing: /root/ros_ws/install/custom_msgs/lib/libcustom_msgs__rosidl_typesupport_introspection_cpp.so
[5.703s] -- Set non-toolchain portion of runtime path of "/root/ros_ws/install/custom_msgs/lib/libcustom_msgs__rosidl_typesupport_introspection_cpp.so" to ""
[5.704s] -- Installing: /root/ros_ws/install/custom_msgs/lib/libcustom_msgs__rosidl_typesupport_cpp.so
[5.704s] -- Set non-toolchain portion of runtime path of "/root/ros_ws/install/custom_msgs/lib/libcustom_msgs__rosidl_typesupport_cpp.so" to ""
[5.746s] Listing '/root/ros_ws/install/custom_msgs/local/lib/python3.10/dist-packages/custom_msgs'...
[5.747s] Compiling '/root/ros_ws/install/custom_msgs/local/lib/python3.10/dist-packages/custom_msgs/__init__.py'...
[5.747s] Listing '/root/ros_ws/install/custom_msgs/local/lib/python3.10/dist-packages/custom_msgs/action'...
[5.747s] Compiling '/root/ros_ws/install/custom_msgs/local/lib/python3.10/dist-packages/custom_msgs/action/__init__.py'...
[5.747s] Compiling '/root/ros_ws/install/custom_msgs/local/lib/python3.10/dist-packages/custom_msgs/action/_count_down.py'...
[5.747s] Compiling '/root/ros_ws/install/custom_msgs/local/lib/python3.10/dist-packages/custom_msgs/action/_nav.py'...
[5.747s] Listing '/root/ros_ws/install/custom_msgs/local/lib/python3.10/dist-packages/custom_msgs/msg'...
[5.747s] Compiling '/root/ros_ws/install/custom_msgs/local/lib/python3.10/dist-packages/custom_msgs/msg/__init__.py'...
[5.747s] Compiling '/root/ros_ws/install/custom_msgs/local/lib/python3.10/dist-packages/custom_msgs/msg/_extended_vector3.py'...
[5.747s] Compiling '/root/ros_ws/install/custom_msgs/local/lib/python3.10/dist-packages/custom_msgs/msg/_robot_status.py'...
[5.747s] Listing '/root/ros_ws/install/custom_msgs/local/lib/python3.10/dist-packages/custom_msgs/srv'...
[5.747s] Compiling '/root/ros_ws/install/custom_msgs/local/lib/python3.10/dist-packages/custom_msgs/srv/__init__.py'...
[5.747s] Compiling '/root/ros_ws/install/custom_msgs/local/lib/python3.10/dist-packages/custom_msgs/srv/_add_number.py'...
[5.750s] -- Installing: /root/ros_ws/install/custom_msgs/lib/libcustom_msgs__rosidl_generator_py.so
[5.751s] -- Set non-toolchain portion of runtime path of "/root/ros_ws/install/custom_msgs/lib/libcustom_msgs__rosidl_generator_py.so" to ""
[5.751s] -- Up-to-date: /root/ros_ws/install/custom_msgs/share/custom_msgs/cmake/export_custom_msgs__rosidl_generator_cExport.cmake
[5.751s] -- Up-to-date: /root/ros_ws/install/custom_msgs/share/custom_msgs/cmake/export_custom_msgs__rosidl_generator_cExport-noconfig.cmake
[5.751s] -- Up-to-date: /root/ros_ws/install/custom_msgs/share/custom_msgs/cmake/export_custom_msgs__rosidl_typesupport_fastrtps_cExport.cmake
[5.751s] -- Up-to-date: /root/ros_ws/install/custom_msgs/share/custom_msgs/cmake/export_custom_msgs__rosidl_typesupport_fastrtps_cExport-noconfig.cmake
[5.752s] -- Up-to-date: /root/ros_ws/install/custom_msgs/share/custom_msgs/cmake/custom_msgs__rosidl_typesupport_introspection_cExport.cmake
[5.752s] -- Up-to-date: /root/ros_ws/install/custom_msgs/share/custom_msgs/cmake/custom_msgs__rosidl_typesupport_introspection_cExport-noconfig.cmake
[5.752s] -- Up-to-date: /root/ros_ws/install/custom_msgs/share/custom_msgs/cmake/custom_msgs__rosidl_typesupport_cExport.cmake
[5.752s] -- Up-to-date: /root/ros_ws/install/custom_msgs/share/custom_msgs/cmake/custom_msgs__rosidl_typesupport_cExport-noconfig.cmake
[5.752s] -- Up-to-date: /root/ros_ws/install/custom_msgs/share/custom_msgs/cmake/export_custom_msgs__rosidl_generator_cppExport.cmake
[5.752s] -- Up-to-date: /root/ros_ws/install/custom_msgs/share/custom_msgs/cmake/export_custom_msgs__rosidl_typesupport_fastrtps_cppExport.cmake
[5.752s] -- Up-to-date: /root/ros_ws/install/custom_msgs/share/custom_msgs/cmake/export_custom_msgs__rosidl_typesupport_fastrtps_cppExport-noconfig.cmake
[5.753s] -- Up-to-date: /root/ros_ws/install/custom_msgs/share/custom_msgs/cmake/custom_msgs__rosidl_typesupport_introspection_cppExport.cmake
[5.753s] -- Up-to-date: /root/ros_ws/install/custom_msgs/share/custom_msgs/cmake/custom_msgs__rosidl_typesupport_introspection_cppExport-noconfig.cmake
[5.753s] -- Up-to-date: /root/ros_ws/install/custom_msgs/share/custom_msgs/cmake/custom_msgs__rosidl_typesupport_cppExport.cmake
[5.753s] -- Up-to-date: /root/ros_ws/install/custom_msgs/share/custom_msgs/cmake/custom_msgs__rosidl_typesupport_cppExport-noconfig.cmake
[5.753s] -- Up-to-date: /root/ros_ws/install/custom_msgs/share/custom_msgs/cmake/export_custom_msgs__rosidl_generator_pyExport.cmake
[5.753s] -- Up-to-date: /root/ros_ws/install/custom_msgs/share/custom_msgs/cmake/export_custom_msgs__rosidl_generator_pyExport-noconfig.cmake
[5.755s] Invoked command in '/root/ros_ws/build/custom_msgs' returned '0': CMAKE_PREFIX_PATH=${CMAKE_PREFIX_PATH}:/root/ros_ws/install/task4:/root/ros_ws/install/task3:/root/ros_ws/install/task2:/root/ros_ws/install/sensorPkg:/root/ros_ws/install/py_srvcli:/root/ros_ws/install/my_robot_controller:/opt/ros/humble /usr/bin/cmake --install /root/ros_ws/build/custom_msgs
