[0.000000] (-) TimerEvent: {}
[0.000324] (custom_msgs) JobQueued: {'identifier': 'custom_msgs', 'dependencies': OrderedDict()}
[0.000366] (my_robot_controller) JobQueued: {'identifier': 'my_robot_controller', 'dependencies': OrderedDict()}
[0.000390] (action_demo_pkg) JobQueued: {'identifier': 'action_demo_pkg', 'dependencies': OrderedDict([('custom_msgs', '/root/ros_ws/src/install/custom_msgs')])}
[0.000406] (sensorPkg) JobQueued: {'identifier': 'sensorPkg', 'dependencies': OrderedDict([('custom_msgs', '/root/ros_ws/src/install/custom_msgs')])}
[0.000431] (task2) JobQueued: {'identifier': 'task2', 'dependencies': OrderedDict([('custom_msgs', '/root/ros_ws/src/install/custom_msgs')])}
[0.000453] (task3) JobQueued: {'identifier': 'task3', 'dependencies': OrderedDict([('custom_msgs', '/root/ros_ws/src/install/custom_msgs')])}
[0.000485] (task4) JobQueued: {'identifier': 'task4', 'dependencies': OrderedDict([('custom_msgs', '/root/ros_ws/src/install/custom_msgs')])}
[0.000513] (custom_msgs) JobStarted: {'identifier': 'custom_msgs'}
[0.007402] (my_robot_controller) JobStarted: {'identifier': 'my_robot_controller'}
[0.013405] (custom_msgs) JobProgress: {'identifier': 'custom_msgs', 'progress': 'cmake'}
[0.013876] (custom_msgs) JobProgress: {'identifier': 'custom_msgs', 'progress': 'build'}
[0.014776] (custom_msgs) Command: {'cmd': ['/usr/bin/cmake', '--build', '/root/ros_ws/src/build/custom_msgs', '--', '-j16', '-l16'], 'cwd': '/root/ros_ws/src/build/custom_msgs', 'env': OrderedDict([('HOSTNAME', '686253f7c9d4'), ('SHLVL', '1'), ('LD_LIBRARY_PATH', '/root/ros_ws/src/install/custom_msgs/lib:/root/ros_ws/install/custom_msgs/lib:/opt/ros/humble/opt/rviz_ogre_vendor/lib:/opt/ros/humble/lib/x86_64-linux-gnu:/opt/ros/humble/lib'), ('HOME', '/root'), ('OLDPWD', '/root/ros_ws'), ('ROS_PYTHON_VERSION', '3'), ('COLCON_PREFIX_PATH', '/root/ros_ws/src/install:/root/ros_ws/install'), ('ROS_DISTRO', 'humble'), ('_', '/usr/bin/colcon'), ('ROS_VERSION', '2'), ('TERM', 'xterm-256color'), ('ROS_LOCALHOST_ONLY', '0'), ('QT_X11_NO_MITSHM', '1'), ('PATH', '/opt/ros/humble/bin:/usr/local/sbin:/usr/local/bin:/usr/sbin:/usr/bin:/sbin:/bin'), ('DISPLAY', ':0'), ('LANG', 'C.UTF-8'), ('AMENT_PREFIX_PATH', '/root/ros_ws/src/install/action_demo_pkg:/root/ros_ws/install/task4:/root/ros_ws/install/py_srvcli:/root/ros_ws/src/install/task4:/root/ros_ws/src/install/task3:/root/ros_ws/src/install/task2:/root/ros_ws/src/install/sensorPkg:/root/ros_ws/src/install/my_robot_controller:/root/ros_ws/src/install/custom_msgs:/root/ros_ws/install/task3:/root/ros_ws/install/task2:/root/ros_ws/install/sensorPkg:/root/ros_ws/install/my_robot_controller:/root/ros_ws/install/custom_msgs:/opt/ros/humble'), ('PWD', '/root/ros_ws/src/build/custom_msgs'), ('LC_ALL', 'C.UTF-8'), ('PYTHONPATH', '/root/ros_ws/src/build/action_demo_pkg:/root/ros_ws/src/install/action_demo_pkg/lib/python3.10/site-packages:/root/ros_ws/build/task4:/root/ros_ws/install/task4/lib/python3.10/site-packages:/root/ros_ws/build/py_srvcli:/root/ros_ws/install/py_srvcli/lib/python3.10/site-packages:/root/ros_ws/src/build/task4:/root/ros_ws/src/install/task4/lib/python3.10/site-packages:/root/ros_ws/src/build/task3:/root/ros_ws/src/install/task3/lib/python3.10/site-packages:/root/ros_ws/src/build/task2:/root/ros_ws/src/install/task2/lib/python3.10/site-packages:/root/ros_ws/src/build/sensorPkg:/root/ros_ws/src/install/sensorPkg/lib/python3.10/site-packages:/root/ros_ws/src/build/my_robot_controller:/root/ros_ws/src/install/my_robot_controller/lib/python3.10/site-packages:/root/ros_ws/src/install/custom_msgs/local/lib/python3.10/dist-packages:/root/ros_ws/build/task3:/root/ros_ws/install/task3/lib/python3.10/site-packages:/root/ros_ws/build/task2:/root/ros_ws/install/task2/lib/python3.10/site-packages:/root/ros_ws/build/sensorPkg:/root/ros_ws/install/sensorPkg/lib/python3.10/site-packages:/root/ros_ws/build/my_robot_controller:/root/ros_ws/install/my_robot_controller/lib/python3.10/site-packages:/root/ros_ws/install/custom_msgs/local/lib/python3.10/dist-packages:/opt/ros/humble/lib/python3.10/site-packages:/opt/ros/humble/local/lib/python3.10/dist-packages'), ('COLCON', '1'), ('CMAKE_PREFIX_PATH', '/root/ros_ws/src/install/custom_msgs:/root/ros_ws/install/custom_msgs:/root/ros_ws/src/install/action_demo_pkg:/root/ros_ws/install/task4:/root/ros_ws/install/py_srvcli:/root/ros_ws/src/install/task4:/root/ros_ws/src/install/task3:/root/ros_ws/src/install/task2:/root/ros_ws/src/install/sensorPkg:/root/ros_ws/src/install/my_robot_controller:/root/ros_ws/install/task3:/root/ros_ws/install/task2:/root/ros_ws/install/sensorPkg:/root/ros_ws/install/my_robot_controller:/opt/ros/humble')]), 'shell': False}
[0.029321] (custom_msgs) StderrLine: {'line': b'\x1b[0mCMake Deprecation Warning at CMakeLists.txt:1 (cmake_minimum_required):\n'}
[0.029484] (custom_msgs) StderrLine: {'line': b'  Compatibility with CMake < 3.10 will be removed from a future version of\n'}
[0.029549] (custom_msgs) StderrLine: {'line': b'  CMake.\n'}
[0.029601] (custom_msgs) StderrLine: {'line': b'\n'}
[0.029647] (custom_msgs) StderrLine: {'line': b'  Update the VERSION argument <min> value.  Or, use the <min>...<max> syntax\n'}
[0.029695] (custom_msgs) StderrLine: {'line': b'  to tell CMake that the project requires at least <min> but has been updated\n'}
[0.029744] (custom_msgs) StderrLine: {'line': b'  to work with policies introduced by <max> or earlier.\n'}
[0.029789] (custom_msgs) StderrLine: {'line': b'\n'}
[0.029852] (custom_msgs) StderrLine: {'line': b'\x1b[0m\n'}
[0.034060] (custom_msgs) StdoutLine: {'line': b'-- Found ament_cmake: 1.3.14 (/opt/ros/humble/share/ament_cmake/cmake)\n'}
[0.090296] (-) TimerEvent: {}
[0.190546] (-) TimerEvent: {}
[0.218630] (custom_msgs) StdoutLine: {'line': b'-- Override CMake install command with custom implementation using symlinks instead of copying resources\n'}
[0.224539] (custom_msgs) StdoutLine: {'line': b'-- Found rosidl_default_generators: 1.2.1 (/opt/ros/humble/share/rosidl_default_generators/cmake)\n'}
[0.226786] (custom_msgs) StdoutLine: {'line': b'-- Using all available rosidl_typesupport_c: rosidl_typesupport_fastrtps_c;rosidl_typesupport_introspection_c\n'}
[0.228951] (custom_msgs) StdoutLine: {'line': b'-- Found rosidl_adapter: 3.1.8 (/opt/ros/humble/share/rosidl_adapter/cmake)\n'}
[0.254229] (custom_msgs) StdoutLine: {'line': b'-- Using all available rosidl_typesupport_cpp: rosidl_typesupport_fastrtps_cpp;rosidl_typesupport_introspection_cpp\n'}
[0.276397] (custom_msgs) StdoutLine: {'line': b'-- Found geometry_msgs: 4.9.1 (/opt/ros/humble/share/geometry_msgs/cmake)\n'}
[0.290623] (-) TimerEvent: {}
[0.312585] (custom_msgs) StdoutLine: {'line': b'-- Found action_msgs: 1.2.2 (/opt/ros/humble/share/action_msgs/cmake)\n'}
[0.390737] (-) TimerEvent: {}
[0.459175] (my_robot_controller) Command: {'cmd': ['/usr/bin/python3', '-W', 'ignore:setup.py install is deprecated', '-W', 'ignore:easy_install command is deprecated', 'setup.py', 'develop', '--editable', '--build-directory', '/root/ros_ws/src/build/my_robot_controller/build', '--no-deps', 'symlink_data'], 'cwd': '/root/ros_ws/src/build/my_robot_controller', 'env': {'HOSTNAME': '686253f7c9d4', 'SHLVL': '1', 'LD_LIBRARY_PATH': '/root/ros_ws/src/install/custom_msgs/lib:/root/ros_ws/install/custom_msgs/lib:/opt/ros/humble/opt/rviz_ogre_vendor/lib:/opt/ros/humble/lib/x86_64-linux-gnu:/opt/ros/humble/lib', 'HOME': '/root', 'OLDPWD': '/root/ros_ws', 'ROS_PYTHON_VERSION': '3', 'COLCON_PREFIX_PATH': '/root/ros_ws/src/install:/root/ros_ws/install', 'ROS_DISTRO': 'humble', '_': '/usr/bin/colcon', 'ROS_VERSION': '2', 'TERM': 'xterm-256color', 'ROS_LOCALHOST_ONLY': '0', 'QT_X11_NO_MITSHM': '1', 'PATH': '/opt/ros/humble/bin:/usr/local/sbin:/usr/local/bin:/usr/sbin:/usr/bin:/sbin:/bin', 'DISPLAY': ':0', 'LANG': 'C.UTF-8', 'AMENT_PREFIX_PATH': '/root/ros_ws/src/install/action_demo_pkg:/root/ros_ws/install/task4:/root/ros_ws/install/py_srvcli:/root/ros_ws/src/install/task4:/root/ros_ws/src/install/task3:/root/ros_ws/src/install/task2:/root/ros_ws/src/install/sensorPkg:/root/ros_ws/src/install/my_robot_controller:/root/ros_ws/src/install/custom_msgs:/root/ros_ws/install/task3:/root/ros_ws/install/task2:/root/ros_ws/install/sensorPkg:/root/ros_ws/install/my_robot_controller:/root/ros_ws/install/custom_msgs:/opt/ros/humble', 'PWD': '/root/ros_ws/src/build/my_robot_controller', 'LC_ALL': 'C.UTF-8', 'PYTHONPATH': '/root/ros_ws/src/build/my_robot_controller/prefix_override:/usr/lib/python3/dist-packages/colcon_core/task/python/colcon_distutils_commands:/root/ros_ws/src/install/my_robot_controller/lib/python3.10/site-packages:/root/ros_ws/src/build/action_demo_pkg:/root/ros_ws/src/install/action_demo_pkg/lib/python3.10/site-packages:/root/ros_ws/build/task4:/root/ros_ws/install/task4/lib/python3.10/site-packages:/root/ros_ws/build/py_srvcli:/root/ros_ws/install/py_srvcli/lib/python3.10/site-packages:/root/ros_ws/src/build/task4:/root/ros_ws/src/install/task4/lib/python3.10/site-packages:/root/ros_ws/src/build/task3:/root/ros_ws/src/install/task3/lib/python3.10/site-packages:/root/ros_ws/src/build/task2:/root/ros_ws/src/install/task2/lib/python3.10/site-packages:/root/ros_ws/src/build/sensorPkg:/root/ros_ws/src/install/sensorPkg/lib/python3.10/site-packages:/root/ros_ws/src/build/my_robot_controller:/root/ros_ws/src/install/my_robot_controller/lib/python3.10/site-packages:/root/ros_ws/src/install/custom_msgs/local/lib/python3.10/dist-packages:/root/ros_ws/build/task3:/root/ros_ws/install/task3/lib/python3.10/site-packages:/root/ros_ws/build/task2:/root/ros_ws/install/task2/lib/python3.10/site-packages:/root/ros_ws/build/sensorPkg:/root/ros_ws/install/sensorPkg/lib/python3.10/site-packages:/root/ros_ws/build/my_robot_controller:/root/ros_ws/install/my_robot_controller/lib/python3.10/site-packages:/root/ros_ws/install/custom_msgs/local/lib/python3.10/dist-packages:/opt/ros/humble/lib/python3.10/site-packages:/opt/ros/humble/local/lib/python3.10/dist-packages', 'COLCON': '1', 'CMAKE_PREFIX_PATH': '/root/ros_ws/src/install/custom_msgs:/root/ros_ws/install/custom_msgs'}, 'shell': False}
[0.490841] (-) TimerEvent: {}
[0.591084] (-) TimerEvent: {}
[0.652755] (my_robot_controller) StdoutLine: {'line': b'running develop\n'}
[0.691186] (-) TimerEvent: {}
[0.746293] (custom_msgs) StdoutLine: {'line': b'-- Found ament_cmake_ros: 0.10.0 (/opt/ros/humble/share/ament_cmake_ros/cmake)\n'}
[0.761544] (my_robot_controller) StdoutLine: {'line': b'running egg_info\n'}
[0.761693] (my_robot_controller) StdoutLine: {'line': b'writing my_robot_controller.egg-info/PKG-INFO\n'}
[0.761929] (my_robot_controller) StdoutLine: {'line': b'writing dependency_links to my_robot_controller.egg-info/dependency_links.txt\n'}
[0.762104] (my_robot_controller) StdoutLine: {'line': b'writing entry points to my_robot_controller.egg-info/entry_points.txt\n'}
[0.762282] (my_robot_controller) StdoutLine: {'line': b'writing requirements to my_robot_controller.egg-info/requires.txt\n'}
[0.762383] (my_robot_controller) StdoutLine: {'line': b'writing top-level names to my_robot_controller.egg-info/top_level.txt\n'}
[0.763544] (my_robot_controller) StdoutLine: {'line': b"reading manifest file 'my_robot_controller.egg-info/SOURCES.txt'\n"}
[0.764125] (my_robot_controller) StdoutLine: {'line': b"writing manifest file 'my_robot_controller.egg-info/SOURCES.txt'\n"}
[0.765338] (my_robot_controller) StdoutLine: {'line': b'running build_ext\n'}
[0.765445] (my_robot_controller) StdoutLine: {'line': b'Creating /root/ros_ws/src/install/my_robot_controller/lib/python3.10/site-packages/my-robot-controller.egg-link (link to .)\n'}
[0.766021] (my_robot_controller) StdoutLine: {'line': b'Installing draw_circle script to /root/ros_ws/src/install/my_robot_controller/lib/my_robot_controller\n'}
[0.766141] (my_robot_controller) StdoutLine: {'line': b'Installing firstNode script to /root/ros_ws/src/install/my_robot_controller/lib/my_robot_controller\n'}
[0.766241] (my_robot_controller) StdoutLine: {'line': b'Installing listen script to /root/ros_ws/src/install/my_robot_controller/lib/my_robot_controller\n'}
[0.766337] (my_robot_controller) StdoutLine: {'line': b'Installing sensor script to /root/ros_ws/src/install/my_robot_controller/lib/my_robot_controller\n'}
[0.766431] (my_robot_controller) StdoutLine: {'line': b'Installing test script to /root/ros_ws/src/install/my_robot_controller/lib/my_robot_controller\n'}
[0.766578] (my_robot_controller) StdoutLine: {'line': b'\n'}
[0.766629] (my_robot_controller) StdoutLine: {'line': b'Installed /root/ros_ws/src/build/my_robot_controller\n'}
[0.766685] (my_robot_controller) StdoutLine: {'line': b'running symlink_data\n'}
[0.786996] (my_robot_controller) CommandEnded: {'returncode': 0}
[0.791289] (-) TimerEvent: {}
[0.795897] (my_robot_controller) JobEnded: {'identifier': 'my_robot_controller', 'rc': 0}
[0.891395] (-) TimerEvent: {}
[0.991633] (-) TimerEvent: {}
[1.091881] (-) TimerEvent: {}
[1.180328] (custom_msgs) StdoutLine: {'line': b'-- Using all available rosidl_typesupport_c: rosidl_typesupport_fastrtps_c;rosidl_typesupport_introspection_c\n'}
[1.191960] (-) TimerEvent: {}
[1.292177] (-) TimerEvent: {}
[1.392431] (-) TimerEvent: {}
[1.492685] (-) TimerEvent: {}
[1.592940] (-) TimerEvent: {}
[1.693184] (-) TimerEvent: {}
[1.758243] (custom_msgs) StdoutLine: {'line': b'-- Using all available rosidl_typesupport_cpp: rosidl_typesupport_fastrtps_cpp;rosidl_typesupport_introspection_cpp\n'}
[1.759878] (custom_msgs) StderrLine: {'line': b'\x1b[33mCMake Warning (dev) at /opt/ros/humble/share/rosidl_generator_py/cmake/rosidl_generator_py_generate_interfaces.cmake:20 (find_package):\n'}
[1.759977] (custom_msgs) StderrLine: {'line': b'  Policy CMP0148 is not set: The FindPythonInterp and FindPythonLibs modules\n'}
[1.760035] (custom_msgs) StderrLine: {'line': b'  are removed.  Run "cmake --help-policy CMP0148" for policy details.  Use\n'}
[1.760085] (custom_msgs) StderrLine: {'line': b'  the cmake_policy command to set the policy and suppress this warning.\n'}
[1.760132] (custom_msgs) StderrLine: {'line': b'\n'}
[1.760176] (custom_msgs) StderrLine: {'line': b'Call Stack (most recent call first):\n'}
[1.760221] (custom_msgs) StderrLine: {'line': b'  /opt/ros/humble/share/ament_cmake_core/cmake/core/ament_execute_extensions.cmake:48 (include)\n'}
[1.760265] (custom_msgs) StderrLine: {'line': b'  /opt/ros/humble/share/rosidl_cmake/cmake/rosidl_generate_interfaces.cmake:286 (ament_execute_extensions)\n'}
[1.760308] (custom_msgs) StderrLine: {'line': b'  CMakeLists.txt:9 (rosidl_generate_interfaces)\n'}
[1.760351] (custom_msgs) StderrLine: {'line': b'This warning is for project developers.  Use -Wno-dev to suppress it.\n'}
[1.760400] (custom_msgs) StderrLine: {'line': b'\x1b[0m\n'}
[1.779491] (custom_msgs) StdoutLine: {'line': b'-- Found python_cmake_module: 0.10.0 (/opt/ros/humble/share/python_cmake_module/cmake)\n'}
[1.779784] (custom_msgs) StderrLine: {'line': b'\x1b[33mCMake Warning (dev) at /opt/ros/humble/share/python_cmake_module/cmake/Modules/FindPythonExtra.cmake:52 (find_package):\n'}
[1.779881] (custom_msgs) StderrLine: {'line': b'  Policy CMP0148 is not set: The FindPythonInterp and FindPythonLibs modules\n'}
[1.779934] (custom_msgs) StderrLine: {'line': b'  are removed.  Run "cmake --help-policy CMP0148" for policy details.  Use\n'}
[1.779983] (custom_msgs) StderrLine: {'line': b'  the cmake_policy command to set the policy and suppress this warning.\n'}
[1.780027] (custom_msgs) StderrLine: {'line': b'\n'}
[1.780072] (custom_msgs) StderrLine: {'line': b'Call Stack (most recent call first):\n'}
[1.780115] (custom_msgs) StderrLine: {'line': b'  /opt/ros/humble/share/rosidl_generator_py/cmake/rosidl_generator_py_generate_interfaces.cmake:23 (find_package)\n'}
[1.780158] (custom_msgs) StderrLine: {'line': b'  /opt/ros/humble/share/ament_cmake_core/cmake/core/ament_execute_extensions.cmake:48 (include)\n'}
[1.780201] (custom_msgs) StderrLine: {'line': b'  /opt/ros/humble/share/rosidl_cmake/cmake/rosidl_generate_interfaces.cmake:286 (ament_execute_extensions)\n'}
[1.780243] (custom_msgs) StderrLine: {'line': b'  CMakeLists.txt:9 (rosidl_generate_interfaces)\n'}
[1.780285] (custom_msgs) StderrLine: {'line': b'This warning is for project developers.  Use -Wno-dev to suppress it.\n'}
[1.780327] (custom_msgs) StderrLine: {'line': b'\x1b[0m\n'}
[1.793257] (-) TimerEvent: {}
[1.799170] (custom_msgs) StderrLine: {'line': b'\x1b[33mCMake Warning (dev) at /opt/ros/humble/share/python_cmake_module/cmake/Modules/FindPythonExtra.cmake:140 (find_package):\n'}
[1.799291] (custom_msgs) StderrLine: {'line': b'  Policy CMP0148 is not set: The FindPythonInterp and FindPythonLibs modules\n'}
[1.799339] (custom_msgs) StderrLine: {'line': b'  are removed.  Run "cmake --help-policy CMP0148" for policy details.  Use\n'}
[1.799384] (custom_msgs) StderrLine: {'line': b'  the cmake_policy command to set the policy and suppress this warning.\n'}
[1.799436] (custom_msgs) StderrLine: {'line': b'\n'}
[1.799482] (custom_msgs) StderrLine: {'line': b'Call Stack (most recent call first):\n'}
[1.799529] (custom_msgs) StderrLine: {'line': b'  /opt/ros/humble/share/rosidl_generator_py/cmake/rosidl_generator_py_generate_interfaces.cmake:23 (find_package)\n'}
[1.799574] (custom_msgs) StderrLine: {'line': b'  /opt/ros/humble/share/ament_cmake_core/cmake/core/ament_execute_extensions.cmake:48 (include)\n'}
[1.799619] (custom_msgs) StderrLine: {'line': b'  /opt/ros/humble/share/rosidl_cmake/cmake/rosidl_generate_interfaces.cmake:286 (ament_execute_extensions)\n'}
[1.799661] (custom_msgs) StderrLine: {'line': b'  CMakeLists.txt:9 (rosidl_generate_interfaces)\n'}
[1.799703] (custom_msgs) StderrLine: {'line': b'This warning is for project developers.  Use -Wno-dev to suppress it.\n'}
[1.799744] (custom_msgs) StderrLine: {'line': b'\x1b[0m\n'}
[1.800528] (custom_msgs) StdoutLine: {'line': b'-- Using PYTHON_EXECUTABLE: /usr/bin/python3\n'}
[1.800596] (custom_msgs) StdoutLine: {'line': b'-- Using PYTHON_INCLUDE_DIRS: /usr/include/python3.10\n'}
[1.800635] (custom_msgs) StdoutLine: {'line': b'-- Using PYTHON_LIBRARIES: /usr/lib/x86_64-linux-gnu/libpython3.10.so\n'}
[1.893360] (-) TimerEvent: {}
[1.989635] (custom_msgs) StdoutLine: {'line': b'-- Found ament_lint_auto: 0.12.15 (/opt/ros/humble/share/ament_lint_auto/cmake)\n'}
[1.993420] (-) TimerEvent: {}
[1.999200] (custom_msgs) StdoutLine: {'line': b"-- Added test 'lint_cmake' to check CMake code style\n"}
[2.000612] (custom_msgs) StdoutLine: {'line': b"-- Added test 'xmllint' to check XML markup files\n"}
[2.002782] (custom_msgs) StdoutLine: {'line': b'-- Configuring done (2.0s)\n'}
[2.047332] (custom_msgs) StdoutLine: {'line': b'-- Generating done (0.0s)\n'}
[2.063627] (custom_msgs) StdoutLine: {'line': b'-- Build files have been written to: /root/ros_ws/src/build/custom_msgs\n'}
[2.079607] (custom_msgs) StdoutLine: {'line': b'[  1%] \x1b[1m\x1b[34mGenerating C code for ROS interfaces\x1b[0m\n'}
[2.084523] (custom_msgs) StdoutLine: {'line': b'[  3%] \x1b[1m\x1b[34mGenerating C++ code for ROS interfaces\x1b[0m\n'}
[2.084698] (custom_msgs) StdoutLine: {'line': b'[  4%] \x1b[1m\x1b[34mGenerating Rust code for ROS interfaces\x1b[0m\n'}
[2.086244] (custom_msgs) StdoutLine: {'line': b'[  4%] Built target ament_cmake_python_symlink_custom_msgs\n'}
[2.093513] (-) TimerEvent: {}
[2.193750] (-) TimerEvent: {}
[2.277628] (custom_msgs) StdoutLine: {'line': b'running egg_info\n'}
[2.278152] (custom_msgs) StdoutLine: {'line': b'writing custom_msgs.egg-info/PKG-INFO\n'}
[2.278323] (custom_msgs) StdoutLine: {'line': b'writing dependency_links to custom_msgs.egg-info/dependency_links.txt\n'}
[2.278519] (custom_msgs) StdoutLine: {'line': b'writing top-level names to custom_msgs.egg-info/top_level.txt\n'}
[2.280186] (custom_msgs) StdoutLine: {'line': b"reading manifest file 'custom_msgs.egg-info/SOURCES.txt'\n"}
[2.280707] (custom_msgs) StdoutLine: {'line': b"writing manifest file 'custom_msgs.egg-info/SOURCES.txt'\n"}
[2.293866] (-) TimerEvent: {}
[2.298596] (custom_msgs) StdoutLine: {'line': b'[  4%] Built target ament_cmake_python_build_custom_msgs_egg\n'}
[2.338583] (custom_msgs) StdoutLine: {'line': b'[  4%] Built target custom_msgs__rs\n'}
[2.393932] (-) TimerEvent: {}
[2.494152] (-) TimerEvent: {}
[2.594397] (-) TimerEvent: {}
[2.633106] (custom_msgs) StdoutLine: {'line': b'[  9%] \x1b[32mBuilding C object CMakeFiles/custom_msgs__rosidl_generator_c.dir/rosidl_generator_c/custom_msgs/msg/detail/robot_status__functions.c.o\x1b[0m\n'}
[2.633308] (custom_msgs) StdoutLine: {'line': b'[  9%] \x1b[32mBuilding C object CMakeFiles/custom_msgs__rosidl_generator_c.dir/rosidl_generator_c/custom_msgs/msg/detail/extended_vector3__functions.c.o\x1b[0m\n'}
[2.633375] (custom_msgs) StdoutLine: {'line': b'[ 10%] \x1b[32mBuilding C object CMakeFiles/custom_msgs__rosidl_generator_c.dir/rosidl_generator_c/custom_msgs/srv/detail/add_number__functions.c.o\x1b[0m\n'}
[2.633433] (custom_msgs) StdoutLine: {'line': b'[ 10%] \x1b[32mBuilding C object CMakeFiles/custom_msgs__rosidl_generator_c.dir/rosidl_generator_c/custom_msgs/action/detail/count_down__functions.c.o\x1b[0m\n'}
[2.633491] (custom_msgs) StdoutLine: {'line': b'[ 12%] \x1b[32mBuilding C object CMakeFiles/custom_msgs__rosidl_generator_c.dir/rosidl_generator_c/custom_msgs/action/detail/nav__functions.c.o\x1b[0m\n'}
[2.654601] (custom_msgs) StdoutLine: {'line': b'[ 12%] Built target custom_msgs__cpp\n'}
[2.660741] (custom_msgs) StdoutLine: {'line': b'[ 17%] \x1b[1m\x1b[34mGenerating C++ type support for eProsima Fast-RTPS\x1b[0m\n'}
[2.661028] (custom_msgs) StdoutLine: {'line': b'[ 17%] \x1b[1m\x1b[34mGenerating C++ type support dispatch for ROS interfaces\x1b[0m\n'}
[2.661122] (custom_msgs) StdoutLine: {'line': b'[ 17%] \x1b[1m\x1b[34mGenerating C++ introspection for ROS interfaces\x1b[0m\n'}
[2.694506] (-) TimerEvent: {}
[2.731690] (custom_msgs) StdoutLine: {'line': b'[ 18%] \x1b[1m\x1b[32mLinking C shared library libcustom_msgs__rosidl_generator_c.so\x1b[0m\n'}
[2.758965] (custom_msgs) StdoutLine: {'line': b'[ 18%] Built target custom_msgs__rosidl_generator_c\n'}
[2.764809] (custom_msgs) StdoutLine: {'line': b'[ 23%] \x1b[1m\x1b[34mGenerating C type support for eProsima Fast-RTPS\x1b[0m\n'}
[2.764999] (custom_msgs) StdoutLine: {'line': b'[ 23%] \x1b[1m\x1b[34mGenerating C type support dispatch for ROS interfaces\x1b[0m\n'}
[2.765083] (custom_msgs) StdoutLine: {'line': b'[ 23%] \x1b[1m\x1b[34mGenerating C introspection for ROS interfaces\x1b[0m\n'}
[2.794604] (-) TimerEvent: {}
[2.894884] (-) TimerEvent: {}
[2.994998] (custom_msgs) StdoutLine: {'line': b'[ 26%] \x1b[32mBuilding CXX object CMakeFiles/custom_msgs__rosidl_typesupport_cpp.dir/rosidl_typesupport_cpp/custom_msgs/msg/extended_vector3__type_support.cpp.o\x1b[0m\n'}
[2.995193] (-) TimerEvent: {}
[2.995312] (custom_msgs) StdoutLine: {'line': b'[ 26%] \x1b[32mBuilding CXX object CMakeFiles/custom_msgs__rosidl_typesupport_cpp.dir/rosidl_typesupport_cpp/custom_msgs/msg/robot_status__type_support.cpp.o\x1b[0m\n'}
[2.995466] (custom_msgs) StdoutLine: {'line': b'[ 28%] \x1b[32mBuilding CXX object CMakeFiles/custom_msgs__rosidl_typesupport_cpp.dir/rosidl_typesupport_cpp/custom_msgs/srv/add_number__type_support.cpp.o\x1b[0m\n'}
[2.996441] (custom_msgs) StdoutLine: {'line': b'[ 29%] \x1b[32mBuilding CXX object CMakeFiles/custom_msgs__rosidl_typesupport_cpp.dir/rosidl_typesupport_cpp/custom_msgs/action/count_down__type_support.cpp.o\x1b[0m\n'}
[2.997122] (custom_msgs) StdoutLine: {'line': b'[ 31%] \x1b[32mBuilding CXX object CMakeFiles/custom_msgs__rosidl_typesupport_cpp.dir/rosidl_typesupport_cpp/custom_msgs/action/nav__type_support.cpp.o\x1b[0m\n'}
[3.095302] (-) TimerEvent: {}
[3.102480] (custom_msgs) StdoutLine: {'line': b'[ 32%] \x1b[32mBuilding CXX object CMakeFiles/custom_msgs__rosidl_typesupport_introspection_cpp.dir/rosidl_typesupport_introspection_cpp/custom_msgs/msg/detail/extended_vector3__type_support.cpp.o\x1b[0m\n'}
[3.102749] (custom_msgs) StdoutLine: {'line': b'[ 34%] \x1b[32mBuilding CXX object CMakeFiles/custom_msgs__rosidl_typesupport_introspection_cpp.dir/rosidl_typesupport_introspection_cpp/custom_msgs/msg/detail/robot_status__type_support.cpp.o\x1b[0m\n'}
[3.103046] (custom_msgs) StdoutLine: {'line': b'[ 35%] \x1b[32mBuilding CXX object CMakeFiles/custom_msgs__rosidl_typesupport_introspection_cpp.dir/rosidl_typesupport_introspection_cpp/custom_msgs/srv/detail/add_number__type_support.cpp.o\x1b[0m\n'}
[3.103599] (custom_msgs) StdoutLine: {'line': b'[ 37%] \x1b[32mBuilding CXX object CMakeFiles/custom_msgs__rosidl_typesupport_introspection_cpp.dir/rosidl_typesupport_introspection_cpp/custom_msgs/action/detail/nav__type_support.cpp.o\x1b[0m\n'}
[3.103833] (custom_msgs) StdoutLine: {'line': b'[ 39%] \x1b[32mBuilding CXX object CMakeFiles/custom_msgs__rosidl_typesupport_introspection_cpp.dir/rosidl_typesupport_introspection_cpp/custom_msgs/action/detail/count_down__type_support.cpp.o\x1b[0m\n'}
[3.172991] (custom_msgs) StdoutLine: {'line': b'[ 42%] \x1b[32mBuilding CXX object CMakeFiles/custom_msgs__rosidl_typesupport_c.dir/rosidl_typesupport_c/custom_msgs/msg/robot_status__type_support.cpp.o\x1b[0m\n'}
[3.173218] (custom_msgs) StdoutLine: {'line': b'[ 42%] \x1b[32mBuilding CXX object CMakeFiles/custom_msgs__rosidl_typesupport_c.dir/rosidl_typesupport_c/custom_msgs/msg/extended_vector3__type_support.cpp.o\x1b[0m\n'}
[3.173791] (custom_msgs) StdoutLine: {'line': b'[ 43%] \x1b[32mBuilding CXX object CMakeFiles/custom_msgs__rosidl_typesupport_c.dir/rosidl_typesupport_c/custom_msgs/srv/add_number__type_support.cpp.o\x1b[0m\n'}
[3.195886] (-) TimerEvent: {}
[3.215960] (custom_msgs) StdoutLine: {'line': b'[ 46%] \x1b[32mBuilding CXX object CMakeFiles/custom_msgs__rosidl_typesupport_c.dir/rosidl_typesupport_c/custom_msgs/action/count_down__type_support.cpp.o\x1b[0m\n'}
[3.216194] (custom_msgs) StdoutLine: {'line': b'[ 46%] \x1b[32mBuilding CXX object CMakeFiles/custom_msgs__rosidl_typesupport_c.dir/rosidl_typesupport_c/custom_msgs/action/nav__type_support.cpp.o\x1b[0m\n'}
[3.289253] (custom_msgs) StdoutLine: {'line': b'[ 48%] \x1b[1m\x1b[32mLinking CXX shared library libcustom_msgs__rosidl_typesupport_c.so\x1b[0m\n'}
[3.295999] (-) TimerEvent: {}
[3.332841] (custom_msgs) StdoutLine: {'line': b'[ 48%] Built target custom_msgs__rosidl_typesupport_c\n'}
[3.378267] (custom_msgs) StdoutLine: {'line': b'[ 51%] \x1b[32mBuilding C object CMakeFiles/custom_msgs__rosidl_typesupport_introspection_c.dir/rosidl_typesupport_introspection_c/custom_msgs/msg/detail/robot_status__type_support.c.o\x1b[0m\n'}
[3.378630] (custom_msgs) StdoutLine: {'line': b'[ 51%] \x1b[32mBuilding C object CMakeFiles/custom_msgs__rosidl_typesupport_introspection_c.dir/rosidl_typesupport_introspection_c/custom_msgs/msg/detail/extended_vector3__type_support.c.o\x1b[0m\n'}
[3.378854] (custom_msgs) StdoutLine: {'line': b'[ 53%] \x1b[32mBuilding C object CMakeFiles/custom_msgs__rosidl_typesupport_introspection_c.dir/rosidl_typesupport_introspection_c/custom_msgs/srv/detail/add_number__type_support.c.o\x1b[0m\n'}
[3.378976] (custom_msgs) StdoutLine: {'line': b'[ 54%] \x1b[32mBuilding C object CMakeFiles/custom_msgs__rosidl_typesupport_introspection_c.dir/rosidl_typesupport_introspection_c/custom_msgs/action/detail/count_down__type_support.c.o\x1b[0m\n'}
[3.379070] (custom_msgs) StdoutLine: {'line': b'[ 56%] \x1b[32mBuilding C object CMakeFiles/custom_msgs__rosidl_typesupport_introspection_c.dir/rosidl_typesupport_introspection_c/custom_msgs/action/detail/nav__type_support.c.o\x1b[0m\n'}
[3.391026] (custom_msgs) StdoutLine: {'line': b'[ 59%] \x1b[32mBuilding CXX object CMakeFiles/custom_msgs__rosidl_typesupport_fastrtps_cpp.dir/rosidl_typesupport_fastrtps_cpp/custom_msgs/msg/detail/dds_fastrtps/robot_status__type_support.cpp.o\x1b[0m\n'}
[3.391330] (custom_msgs) StdoutLine: {'line': b'[ 59%] \x1b[32mBuilding CXX object CMakeFiles/custom_msgs__rosidl_typesupport_fastrtps_cpp.dir/rosidl_typesupport_fastrtps_cpp/custom_msgs/msg/detail/dds_fastrtps/extended_vector3__type_support.cpp.o\x1b[0m\n'}
[3.395001] (custom_msgs) StdoutLine: {'line': b'[ 60%] \x1b[32mBuilding CXX object CMakeFiles/custom_msgs__rosidl_typesupport_fastrtps_cpp.dir/rosidl_typesupport_fastrtps_cpp/custom_msgs/srv/detail/dds_fastrtps/add_number__type_support.cpp.o\x1b[0m\n'}
[3.396082] (-) TimerEvent: {}
[3.425162] (custom_msgs) StdoutLine: {'line': b'[ 62%] \x1b[32mBuilding CXX object CMakeFiles/custom_msgs__rosidl_typesupport_fastrtps_cpp.dir/rosidl_typesupport_fastrtps_cpp/custom_msgs/action/detail/dds_fastrtps/count_down__type_support.cpp.o\x1b[0m\n'}
[3.430429] (custom_msgs) StdoutLine: {'line': b'[ 64%] \x1b[32mBuilding CXX object CMakeFiles/custom_msgs__rosidl_typesupport_fastrtps_cpp.dir/rosidl_typesupport_fastrtps_cpp/custom_msgs/action/detail/dds_fastrtps/nav__type_support.cpp.o\x1b[0m\n'}
[3.455802] (custom_msgs) StdoutLine: {'line': b'[ 65%] \x1b[1m\x1b[32mLinking C shared library libcustom_msgs__rosidl_typesupport_introspection_c.so\x1b[0m\n'}
[3.456507] (custom_msgs) StdoutLine: {'line': b'[ 67%] \x1b[32mBuilding CXX object CMakeFiles/custom_msgs__rosidl_typesupport_fastrtps_c.dir/rosidl_typesupport_fastrtps_c/custom_msgs/msg/detail/extended_vector3__type_support_c.cpp.o\x1b[0m\n'}
[3.457098] (custom_msgs) StdoutLine: {'line': b'[ 68%] \x1b[32mBuilding CXX object CMakeFiles/custom_msgs__rosidl_typesupport_fastrtps_c.dir/rosidl_typesupport_fastrtps_c/custom_msgs/msg/detail/robot_status__type_support_c.cpp.o\x1b[0m\n'}
[3.457349] (custom_msgs) StdoutLine: {'line': b'[ 70%] \x1b[32mBuilding CXX object CMakeFiles/custom_msgs__rosidl_typesupport_fastrtps_c.dir/rosidl_typesupport_fastrtps_c/custom_msgs/srv/detail/add_number__type_support_c.cpp.o\x1b[0m\n'}
[3.496912] (-) TimerEvent: {}
[3.502961] (custom_msgs) StdoutLine: {'line': b'[ 70%] Built target custom_msgs__rosidl_typesupport_introspection_c\n'}
[3.510187] (custom_msgs) StdoutLine: {'line': b'[ 71%] \x1b[32mBuilding CXX object CMakeFiles/custom_msgs__rosidl_typesupport_fastrtps_c.dir/rosidl_typesupport_fastrtps_c/custom_msgs/action/detail/count_down__type_support_c.cpp.o\x1b[0m\n'}
[3.594721] (custom_msgs) StdoutLine: {'line': b'[ 73%] \x1b[32mBuilding CXX object CMakeFiles/custom_msgs__rosidl_typesupport_fastrtps_c.dir/rosidl_typesupport_fastrtps_c/custom_msgs/action/detail/nav__type_support_c.cpp.o\x1b[0m\n'}
[3.597012] (-) TimerEvent: {}
[3.646907] (custom_msgs) StdoutLine: {'line': b'[ 75%] \x1b[1m\x1b[32mLinking CXX shared library libcustom_msgs__rosidl_typesupport_cpp.so\x1b[0m\n'}
[3.697155] (-) TimerEvent: {}
[3.705289] (custom_msgs) StdoutLine: {'line': b'[ 75%] Built target custom_msgs__rosidl_typesupport_cpp\n'}
[3.797316] (-) TimerEvent: {}
[3.897791] (-) TimerEvent: {}
[3.913146] (custom_msgs) StdoutLine: {'line': b'[ 76%] \x1b[1m\x1b[32mLinking CXX shared library libcustom_msgs__rosidl_typesupport_introspection_cpp.so\x1b[0m\n'}
[3.981563] (custom_msgs) StdoutLine: {'line': b'[ 76%] Built target custom_msgs__rosidl_typesupport_introspection_cpp\n'}
[3.997879] (-) TimerEvent: {}
[4.040167] (custom_msgs) StdoutLine: {'line': b'[ 78%] \x1b[1m\x1b[32mLinking CXX shared library libcustom_msgs__rosidl_typesupport_fastrtps_c.so\x1b[0m\n'}
[4.074985] (custom_msgs) StdoutLine: {'line': b'[ 79%] \x1b[1m\x1b[32mLinking CXX shared library libcustom_msgs__rosidl_typesupport_fastrtps_cpp.so\x1b[0m\n'}
[4.096776] (custom_msgs) StdoutLine: {'line': b'[ 79%] Built target custom_msgs__rosidl_typesupport_fastrtps_c\n'}
[4.097935] (-) TimerEvent: {}
[4.129909] (custom_msgs) StdoutLine: {'line': b'[ 79%] Built target custom_msgs__rosidl_typesupport_fastrtps_cpp\n'}
[4.139137] (custom_msgs) StdoutLine: {'line': b'[ 79%] Built target custom_msgs\n'}
[4.149086] (custom_msgs) StdoutLine: {'line': b'[ 81%] \x1b[1m\x1b[34mGenerating Python code for ROS interfaces\x1b[0m\n'}
[4.198036] (-) TimerEvent: {}
[4.298273] (-) TimerEvent: {}
[4.398494] (-) TimerEvent: {}
[4.498717] (-) TimerEvent: {}
[4.598948] (-) TimerEvent: {}
[4.699170] (-) TimerEvent: {}
[4.799373] (-) TimerEvent: {}
[4.899560] (-) TimerEvent: {}
[4.999747] (-) TimerEvent: {}
[5.099985] (-) TimerEvent: {}
[5.111263] (custom_msgs) StdoutLine: {'line': b'[ 81%] Built target custom_msgs__py\n'}
[5.125387] (custom_msgs) StdoutLine: {'line': b'[ 82%] \x1b[32mBuilding C object CMakeFiles/custom_msgs__rosidl_generator_py.dir/rosidl_generator_py/custom_msgs/msg/_extended_vector3_s.c.o\x1b[0m\n'}
[5.125597] (custom_msgs) StdoutLine: {'line': b'[ 84%] \x1b[32mBuilding C object CMakeFiles/custom_msgs__rosidl_generator_py.dir/rosidl_generator_py/custom_msgs/msg/_robot_status_s.c.o\x1b[0m\n'}
[5.125697] (custom_msgs) StdoutLine: {'line': b'[ 85%] \x1b[32mBuilding C object CMakeFiles/custom_msgs__rosidl_generator_py.dir/rosidl_generator_py/custom_msgs/srv/_add_number_s.c.o\x1b[0m\n'}
[5.125802] (custom_msgs) StdoutLine: {'line': b'[ 87%] \x1b[32mBuilding C object CMakeFiles/custom_msgs__rosidl_generator_py.dir/rosidl_generator_py/custom_msgs/action/_count_down_s.c.o\x1b[0m\n'}
[5.125940] (custom_msgs) StdoutLine: {'line': b'[ 89%] \x1b[32mBuilding C object CMakeFiles/custom_msgs__rosidl_generator_py.dir/rosidl_generator_py/custom_msgs/action/_nav_s.c.o\x1b[0m\n'}
[5.200099] (-) TimerEvent: {}
[5.232552] (custom_msgs) StdoutLine: {'line': b'[ 90%] \x1b[1m\x1b[32mLinking C shared library rosidl_generator_py/custom_msgs/libcustom_msgs__rosidl_generator_py.so\x1b[0m\n'}
[5.261012] (custom_msgs) StdoutLine: {'line': b'[ 90%] Built target custom_msgs__rosidl_generator_py\n'}
[5.273174] (custom_msgs) StdoutLine: {'line': b'[ 95%] \x1b[32mBuilding C object CMakeFiles/custom_msgs__rosidl_typesupport_fastrtps_c__pyext.dir/rosidl_generator_py/custom_msgs/_custom_msgs_s.ep.rosidl_typesupport_fastrtps_c.c.o\x1b[0m\n'}
[5.273332] (custom_msgs) StdoutLine: {'line': b'[ 95%] \x1b[32mBuilding C object CMakeFiles/custom_msgs__rosidl_typesupport_c__pyext.dir/rosidl_generator_py/custom_msgs/_custom_msgs_s.ep.rosidl_typesupport_c.c.o\x1b[0m\n'}
[5.273393] (custom_msgs) StdoutLine: {'line': b'[ 95%] \x1b[32mBuilding C object CMakeFiles/custom_msgs__rosidl_typesupport_introspection_c__pyext.dir/rosidl_generator_py/custom_msgs/_custom_msgs_s.ep.rosidl_typesupport_introspection_c.c.o\x1b[0m\n'}
[5.300183] (-) TimerEvent: {}
[5.390692] (custom_msgs) StdoutLine: {'line': b'[ 98%] \x1b[1m\x1b[32mLinking C shared library rosidl_generator_py/custom_msgs/custom_msgs_s__rosidl_typesupport_c.cpython-310-x86_64-linux-gnu.so\x1b[0m\n'}
[5.390877] (custom_msgs) StdoutLine: {'line': b'[ 98%] \x1b[1m\x1b[32mLinking C shared library rosidl_generator_py/custom_msgs/custom_msgs_s__rosidl_typesupport_fastrtps_c.cpython-310-x86_64-linux-gnu.so\x1b[0m\n'}
[5.391554] (custom_msgs) StdoutLine: {'line': b'[100%] \x1b[1m\x1b[32mLinking C shared library rosidl_generator_py/custom_msgs/custom_msgs_s__rosidl_typesupport_introspection_c.cpython-310-x86_64-linux-gnu.so\x1b[0m\n'}
[5.400266] (-) TimerEvent: {}
[5.421351] (custom_msgs) StdoutLine: {'line': b'[100%] Built target custom_msgs__rosidl_typesupport_fastrtps_c__pyext\n'}
[5.421542] (custom_msgs) StdoutLine: {'line': b'[100%] Built target custom_msgs__rosidl_typesupport_introspection_c__pyext\n'}
[5.421600] (custom_msgs) StdoutLine: {'line': b'[100%] Built target custom_msgs__rosidl_typesupport_c__pyext\n'}
[5.427563] (custom_msgs) CommandEnded: {'returncode': 0}
[5.428186] (custom_msgs) JobProgress: {'identifier': 'custom_msgs', 'progress': 'install'}
[5.431524] (custom_msgs) Command: {'cmd': ['/usr/bin/cmake', '--install', '/root/ros_ws/src/build/custom_msgs'], 'cwd': '/root/ros_ws/src/build/custom_msgs', 'env': OrderedDict([('HOSTNAME', '686253f7c9d4'), ('SHLVL', '1'), ('LD_LIBRARY_PATH', '/root/ros_ws/src/install/custom_msgs/lib:/root/ros_ws/install/custom_msgs/lib:/opt/ros/humble/opt/rviz_ogre_vendor/lib:/opt/ros/humble/lib/x86_64-linux-gnu:/opt/ros/humble/lib'), ('HOME', '/root'), ('OLDPWD', '/root/ros_ws'), ('ROS_PYTHON_VERSION', '3'), ('COLCON_PREFIX_PATH', '/root/ros_ws/src/install:/root/ros_ws/install'), ('ROS_DISTRO', 'humble'), ('_', '/usr/bin/colcon'), ('ROS_VERSION', '2'), ('TERM', 'xterm-256color'), ('ROS_LOCALHOST_ONLY', '0'), ('QT_X11_NO_MITSHM', '1'), ('PATH', '/opt/ros/humble/bin:/usr/local/sbin:/usr/local/bin:/usr/sbin:/usr/bin:/sbin:/bin'), ('DISPLAY', ':0'), ('LANG', 'C.UTF-8'), ('AMENT_PREFIX_PATH', '/root/ros_ws/src/install/action_demo_pkg:/root/ros_ws/install/task4:/root/ros_ws/install/py_srvcli:/root/ros_ws/src/install/task4:/root/ros_ws/src/install/task3:/root/ros_ws/src/install/task2:/root/ros_ws/src/install/sensorPkg:/root/ros_ws/src/install/my_robot_controller:/root/ros_ws/src/install/custom_msgs:/root/ros_ws/install/task3:/root/ros_ws/install/task2:/root/ros_ws/install/sensorPkg:/root/ros_ws/install/my_robot_controller:/root/ros_ws/install/custom_msgs:/opt/ros/humble'), ('PWD', '/root/ros_ws/src/build/custom_msgs'), ('LC_ALL', 'C.UTF-8'), ('PYTHONPATH', '/root/ros_ws/src/build/action_demo_pkg:/root/ros_ws/src/install/action_demo_pkg/lib/python3.10/site-packages:/root/ros_ws/build/task4:/root/ros_ws/install/task4/lib/python3.10/site-packages:/root/ros_ws/build/py_srvcli:/root/ros_ws/install/py_srvcli/lib/python3.10/site-packages:/root/ros_ws/src/build/task4:/root/ros_ws/src/install/task4/lib/python3.10/site-packages:/root/ros_ws/src/build/task3:/root/ros_ws/src/install/task3/lib/python3.10/site-packages:/root/ros_ws/src/build/task2:/root/ros_ws/src/install/task2/lib/python3.10/site-packages:/root/ros_ws/src/build/sensorPkg:/root/ros_ws/src/install/sensorPkg/lib/python3.10/site-packages:/root/ros_ws/src/build/my_robot_controller:/root/ros_ws/src/install/my_robot_controller/lib/python3.10/site-packages:/root/ros_ws/src/install/custom_msgs/local/lib/python3.10/dist-packages:/root/ros_ws/build/task3:/root/ros_ws/install/task3/lib/python3.10/site-packages:/root/ros_ws/build/task2:/root/ros_ws/install/task2/lib/python3.10/site-packages:/root/ros_ws/build/sensorPkg:/root/ros_ws/install/sensorPkg/lib/python3.10/site-packages:/root/ros_ws/build/my_robot_controller:/root/ros_ws/install/my_robot_controller/lib/python3.10/site-packages:/root/ros_ws/install/custom_msgs/local/lib/python3.10/dist-packages:/opt/ros/humble/lib/python3.10/site-packages:/opt/ros/humble/local/lib/python3.10/dist-packages'), ('COLCON', '1'), ('CMAKE_PREFIX_PATH', '/root/ros_ws/src/install/custom_msgs:/root/ros_ws/install/custom_msgs:/root/ros_ws/src/install/action_demo_pkg:/root/ros_ws/install/task4:/root/ros_ws/install/py_srvcli:/root/ros_ws/src/install/task4:/root/ros_ws/src/install/task3:/root/ros_ws/src/install/task2:/root/ros_ws/src/install/sensorPkg:/root/ros_ws/src/install/my_robot_controller:/root/ros_ws/install/task3:/root/ros_ws/install/task2:/root/ros_ws/install/sensorPkg:/root/ros_ws/install/my_robot_controller:/opt/ros/humble')]), 'shell': False}
[5.434689] (custom_msgs) StdoutLine: {'line': b'-- Install configuration: ""\n'}
[5.435106] (custom_msgs) StdoutLine: {'line': b'-- Execute custom install script\n'}
[5.435272] (custom_msgs) StdoutLine: {'line': b'-- Up-to-date symlink: /root/ros_ws/src/install/custom_msgs/share/ament_index/resource_index/rosidl_interfaces/custom_msgs\n'}
[5.435743] (custom_msgs) StdoutLine: {'line': b'-- Up-to-date symlink: /root/ros_ws/src/install/custom_msgs/include/custom_msgs/custom_msgs/action/count_down.h\n'}
[5.435842] (custom_msgs) StdoutLine: {'line': b'-- Up-to-date symlink: /root/ros_ws/src/install/custom_msgs/include/custom_msgs/custom_msgs/action/detail/count_down__functions.h\n'}
[5.435920] (custom_msgs) StdoutLine: {'line': b'-- Up-to-date symlink: /root/ros_ws/src/install/custom_msgs/include/custom_msgs/custom_msgs/action/detail/count_down__struct.h\n'}
[5.435999] (custom_msgs) StdoutLine: {'line': b'-- Up-to-date symlink: /root/ros_ws/src/install/custom_msgs/include/custom_msgs/custom_msgs/action/detail/count_down__type_support.h\n'}
[5.436057] (custom_msgs) StdoutLine: {'line': b'-- Symlinking: /root/ros_ws/src/install/custom_msgs/include/custom_msgs/custom_msgs/action/detail/nav__functions.h\n'}
[5.438986] (custom_msgs) StdoutLine: {'line': b'-- Symlinking: /root/ros_ws/src/install/custom_msgs/include/custom_msgs/custom_msgs/action/detail/nav__struct.h\n'}
[5.441700] (custom_msgs) StdoutLine: {'line': b'-- Symlinking: /root/ros_ws/src/install/custom_msgs/include/custom_msgs/custom_msgs/action/detail/nav__type_support.h\n'}
[5.444444] (custom_msgs) StdoutLine: {'line': b'-- Symlinking: /root/ros_ws/src/install/custom_msgs/include/custom_msgs/custom_msgs/action/nav.h\n'}
[5.447474] (custom_msgs) StdoutLine: {'line': b'-- Up-to-date symlink: /root/ros_ws/src/install/custom_msgs/include/custom_msgs/custom_msgs/msg/detail/extended_vector3__functions.h\n'}
[5.447576] (custom_msgs) StdoutLine: {'line': b'-- Up-to-date symlink: /root/ros_ws/src/install/custom_msgs/include/custom_msgs/custom_msgs/msg/detail/extended_vector3__struct.h\n'}
[5.447676] (custom_msgs) StdoutLine: {'line': b'-- Up-to-date symlink: /root/ros_ws/src/install/custom_msgs/include/custom_msgs/custom_msgs/msg/detail/extended_vector3__type_support.h\n'}
[5.447776] (custom_msgs) StdoutLine: {'line': b'-- Up-to-date symlink: /root/ros_ws/src/install/custom_msgs/include/custom_msgs/custom_msgs/msg/detail/robot_status__functions.h\n'}
[5.447881] (custom_msgs) StdoutLine: {'line': b'-- Up-to-date symlink: /root/ros_ws/src/install/custom_msgs/include/custom_msgs/custom_msgs/msg/detail/robot_status__struct.h\n'}
[5.447978] (custom_msgs) StdoutLine: {'line': b'-- Up-to-date symlink: /root/ros_ws/src/install/custom_msgs/include/custom_msgs/custom_msgs/msg/detail/robot_status__type_support.h\n'}
[5.448069] (custom_msgs) StdoutLine: {'line': b'-- Up-to-date symlink: /root/ros_ws/src/install/custom_msgs/include/custom_msgs/custom_msgs/msg/extended_vector3.h\n'}
[5.448177] (custom_msgs) StdoutLine: {'line': b'-- Up-to-date symlink: /root/ros_ws/src/install/custom_msgs/include/custom_msgs/custom_msgs/msg/robot_status.h\n'}
[5.448266] (custom_msgs) StdoutLine: {'line': b'-- Up-to-date symlink: /root/ros_ws/src/install/custom_msgs/include/custom_msgs/custom_msgs/msg/rosidl_generator_c__visibility_control.h\n'}
[5.448355] (custom_msgs) StdoutLine: {'line': b'-- Up-to-date symlink: /root/ros_ws/src/install/custom_msgs/include/custom_msgs/custom_msgs/srv/add_number.h\n'}
[5.448437] (custom_msgs) StdoutLine: {'line': b'-- Up-to-date symlink: /root/ros_ws/src/install/custom_msgs/include/custom_msgs/custom_msgs/srv/detail/add_number__functions.h\n'}
[5.448513] (custom_msgs) StdoutLine: {'line': b'-- Up-to-date symlink: /root/ros_ws/src/install/custom_msgs/include/custom_msgs/custom_msgs/srv/detail/add_number__struct.h\n'}
[5.448591] (custom_msgs) StdoutLine: {'line': b'-- Up-to-date symlink: /root/ros_ws/src/install/custom_msgs/include/custom_msgs/custom_msgs/srv/detail/add_number__type_support.h\n'}
[5.448728] (custom_msgs) StdoutLine: {'line': b'-- Up-to-date symlink: /root/ros_ws/src/install/custom_msgs/share/custom_msgs/environment/library_path.sh\n'}
[5.448832] (custom_msgs) StdoutLine: {'line': b'-- Up-to-date symlink: /root/ros_ws/src/install/custom_msgs/share/custom_msgs/environment/library_path.dsv\n'}
[5.449322] (custom_msgs) StdoutLine: {'line': b'-- Up-to-date symlink: /root/ros_ws/src/install/custom_msgs/include/custom_msgs/custom_msgs/action/detail/count_down__rosidl_typesupport_fastrtps_c.h\n'}
[5.449392] (custom_msgs) StdoutLine: {'line': b'-- Symlinking: /root/ros_ws/src/install/custom_msgs/include/custom_msgs/custom_msgs/action/detail/nav__rosidl_typesupport_fastrtps_c.h\n'}
[5.452130] (custom_msgs) StdoutLine: {'line': b'-- Up-to-date symlink: /root/ros_ws/src/install/custom_msgs/include/custom_msgs/custom_msgs/msg/detail/extended_vector3__rosidl_typesupport_fastrtps_c.h\n'}
[5.452235] (custom_msgs) StdoutLine: {'line': b'-- Up-to-date symlink: /root/ros_ws/src/install/custom_msgs/include/custom_msgs/custom_msgs/msg/detail/robot_status__rosidl_typesupport_fastrtps_c.h\n'}
[5.452342] (custom_msgs) StdoutLine: {'line': b'-- Up-to-date symlink: /root/ros_ws/src/install/custom_msgs/include/custom_msgs/custom_msgs/msg/rosidl_typesupport_fastrtps_c__visibility_control.h\n'}
[5.452434] (custom_msgs) StdoutLine: {'line': b'-- Up-to-date symlink: /root/ros_ws/src/install/custom_msgs/include/custom_msgs/custom_msgs/srv/detail/add_number__rosidl_typesupport_fastrtps_c.h\n'}
[5.452838] (custom_msgs) StdoutLine: {'line': b'-- Up-to-date symlink: /root/ros_ws/src/install/custom_msgs/include/custom_msgs/custom_msgs/action/detail/count_down__rosidl_typesupport_introspection_c.h\n'}
[5.452923] (custom_msgs) StdoutLine: {'line': b'-- Symlinking: /root/ros_ws/src/install/custom_msgs/include/custom_msgs/custom_msgs/action/detail/nav__rosidl_typesupport_introspection_c.h\n'}
[5.455858] (custom_msgs) StdoutLine: {'line': b'-- Up-to-date symlink: /root/ros_ws/src/install/custom_msgs/include/custom_msgs/custom_msgs/msg/detail/extended_vector3__rosidl_typesupport_introspection_c.h\n'}
[5.455960] (custom_msgs) StdoutLine: {'line': b'-- Up-to-date symlink: /root/ros_ws/src/install/custom_msgs/include/custom_msgs/custom_msgs/msg/detail/robot_status__rosidl_typesupport_introspection_c.h\n'}
[5.456057] (custom_msgs) StdoutLine: {'line': b'-- Up-to-date symlink: /root/ros_ws/src/install/custom_msgs/include/custom_msgs/custom_msgs/msg/rosidl_typesupport_introspection_c__visibility_control.h\n'}
[5.456155] (custom_msgs) StdoutLine: {'line': b'-- Up-to-date symlink: /root/ros_ws/src/install/custom_msgs/include/custom_msgs/custom_msgs/srv/detail/add_number__rosidl_typesupport_introspection_c.h\n'}
[5.456631] (custom_msgs) StdoutLine: {'line': b'-- Up-to-date symlink: /root/ros_ws/src/install/custom_msgs/include/custom_msgs/custom_msgs/action/count_down.hpp\n'}
[5.456722] (custom_msgs) StdoutLine: {'line': b'-- Up-to-date symlink: /root/ros_ws/src/install/custom_msgs/include/custom_msgs/custom_msgs/action/detail/count_down__builder.hpp\n'}
[5.456804] (custom_msgs) StdoutLine: {'line': b'-- Up-to-date symlink: /root/ros_ws/src/install/custom_msgs/include/custom_msgs/custom_msgs/action/detail/count_down__struct.hpp\n'}
[5.456907] (custom_msgs) StdoutLine: {'line': b'-- Up-to-date symlink: /root/ros_ws/src/install/custom_msgs/include/custom_msgs/custom_msgs/action/detail/count_down__traits.hpp\n'}
[5.456987] (custom_msgs) StdoutLine: {'line': b'-- Up-to-date symlink: /root/ros_ws/src/install/custom_msgs/include/custom_msgs/custom_msgs/action/detail/count_down__type_support.hpp\n'}
[5.457083] (custom_msgs) StdoutLine: {'line': b'-- Symlinking: /root/ros_ws/src/install/custom_msgs/include/custom_msgs/custom_msgs/action/detail/nav__builder.hpp\n'}
[5.459790] (custom_msgs) StdoutLine: {'line': b'-- Symlinking: /root/ros_ws/src/install/custom_msgs/include/custom_msgs/custom_msgs/action/detail/nav__struct.hpp\n'}
[5.462705] (custom_msgs) StdoutLine: {'line': b'-- Symlinking: /root/ros_ws/src/install/custom_msgs/include/custom_msgs/custom_msgs/action/detail/nav__traits.hpp\n'}
[5.465869] (custom_msgs) StdoutLine: {'line': b'-- Symlinking: /root/ros_ws/src/install/custom_msgs/include/custom_msgs/custom_msgs/action/detail/nav__type_support.hpp\n'}
[5.468660] (custom_msgs) StdoutLine: {'line': b'-- Symlinking: /root/ros_ws/src/install/custom_msgs/include/custom_msgs/custom_msgs/action/nav.hpp\n'}
[5.471638] (custom_msgs) StdoutLine: {'line': b'-- Up-to-date symlink: /root/ros_ws/src/install/custom_msgs/include/custom_msgs/custom_msgs/msg/detail/extended_vector3__builder.hpp\n'}
[5.471739] (custom_msgs) StdoutLine: {'line': b'-- Up-to-date symlink: /root/ros_ws/src/install/custom_msgs/include/custom_msgs/custom_msgs/msg/detail/extended_vector3__struct.hpp\n'}
[5.471858] (custom_msgs) StdoutLine: {'line': b'-- Up-to-date symlink: /root/ros_ws/src/install/custom_msgs/include/custom_msgs/custom_msgs/msg/detail/extended_vector3__traits.hpp\n'}
[5.471959] (custom_msgs) StdoutLine: {'line': b'-- Up-to-date symlink: /root/ros_ws/src/install/custom_msgs/include/custom_msgs/custom_msgs/msg/detail/extended_vector3__type_support.hpp\n'}
[5.472048] (custom_msgs) StdoutLine: {'line': b'-- Up-to-date symlink: /root/ros_ws/src/install/custom_msgs/include/custom_msgs/custom_msgs/msg/detail/robot_status__builder.hpp\n'}
[5.472136] (custom_msgs) StdoutLine: {'line': b'-- Up-to-date symlink: /root/ros_ws/src/install/custom_msgs/include/custom_msgs/custom_msgs/msg/detail/robot_status__struct.hpp\n'}
[5.472232] (custom_msgs) StdoutLine: {'line': b'-- Up-to-date symlink: /root/ros_ws/src/install/custom_msgs/include/custom_msgs/custom_msgs/msg/detail/robot_status__traits.hpp\n'}
[5.472327] (custom_msgs) StdoutLine: {'line': b'-- Up-to-date symlink: /root/ros_ws/src/install/custom_msgs/include/custom_msgs/custom_msgs/msg/detail/robot_status__type_support.hpp\n'}
[5.472413] (custom_msgs) StdoutLine: {'line': b'-- Up-to-date symlink: /root/ros_ws/src/install/custom_msgs/include/custom_msgs/custom_msgs/msg/extended_vector3.hpp\n'}
[5.472487] (custom_msgs) StdoutLine: {'line': b'-- Up-to-date symlink: /root/ros_ws/src/install/custom_msgs/include/custom_msgs/custom_msgs/msg/robot_status.hpp\n'}
[5.472563] (custom_msgs) StdoutLine: {'line': b'-- Up-to-date symlink: /root/ros_ws/src/install/custom_msgs/include/custom_msgs/custom_msgs/msg/rosidl_generator_cpp__visibility_control.hpp\n'}
[5.472644] (custom_msgs) StdoutLine: {'line': b'-- Up-to-date symlink: /root/ros_ws/src/install/custom_msgs/include/custom_msgs/custom_msgs/srv/add_number.hpp\n'}
[5.472715] (custom_msgs) StdoutLine: {'line': b'-- Up-to-date symlink: /root/ros_ws/src/install/custom_msgs/include/custom_msgs/custom_msgs/srv/detail/add_number__builder.hpp\n'}
[5.472791] (custom_msgs) StdoutLine: {'line': b'-- Up-to-date symlink: /root/ros_ws/src/install/custom_msgs/include/custom_msgs/custom_msgs/srv/detail/add_number__struct.hpp\n'}
[5.472891] (custom_msgs) StdoutLine: {'line': b'-- Up-to-date symlink: /root/ros_ws/src/install/custom_msgs/include/custom_msgs/custom_msgs/srv/detail/add_number__traits.hpp\n'}
[5.472959] (custom_msgs) StdoutLine: {'line': b'-- Up-to-date symlink: /root/ros_ws/src/install/custom_msgs/include/custom_msgs/custom_msgs/srv/detail/add_number__type_support.hpp\n'}
[5.473493] (custom_msgs) StdoutLine: {'line': b'-- Up-to-date symlink: /root/ros_ws/src/install/custom_msgs/include/custom_msgs/custom_msgs/action/detail/count_down__rosidl_typesupport_fastrtps_cpp.hpp\n'}
[5.473548] (custom_msgs) StdoutLine: {'line': b'-- Symlinking: /root/ros_ws/src/install/custom_msgs/include/custom_msgs/custom_msgs/action/detail/nav__rosidl_typesupport_fastrtps_cpp.hpp\n'}
[5.476338] (custom_msgs) StdoutLine: {'line': b'-- Up-to-date symlink: /root/ros_ws/src/install/custom_msgs/include/custom_msgs/custom_msgs/msg/detail/extended_vector3__rosidl_typesupport_fastrtps_cpp.hpp\n'}
[5.476437] (custom_msgs) StdoutLine: {'line': b'-- Up-to-date symlink: /root/ros_ws/src/install/custom_msgs/include/custom_msgs/custom_msgs/msg/detail/robot_status__rosidl_typesupport_fastrtps_cpp.hpp\n'}
[5.476530] (custom_msgs) StdoutLine: {'line': b'-- Up-to-date symlink: /root/ros_ws/src/install/custom_msgs/include/custom_msgs/custom_msgs/msg/rosidl_typesupport_fastrtps_cpp__visibility_control.h\n'}
[5.476628] (custom_msgs) StdoutLine: {'line': b'-- Up-to-date symlink: /root/ros_ws/src/install/custom_msgs/include/custom_msgs/custom_msgs/srv/detail/add_number__rosidl_typesupport_fastrtps_cpp.hpp\n'}
[5.477021] (custom_msgs) StdoutLine: {'line': b'-- Up-to-date symlink: /root/ros_ws/src/install/custom_msgs/include/custom_msgs/custom_msgs/action/detail/count_down__rosidl_typesupport_introspection_cpp.hpp\n'}
[5.477098] (custom_msgs) StdoutLine: {'line': b'-- Symlinking: /root/ros_ws/src/install/custom_msgs/include/custom_msgs/custom_msgs/action/detail/nav__rosidl_typesupport_introspection_cpp.hpp\n'}
[5.480079] (custom_msgs) StdoutLine: {'line': b'-- Up-to-date symlink: /root/ros_ws/src/install/custom_msgs/include/custom_msgs/custom_msgs/msg/detail/extended_vector3__rosidl_typesupport_introspection_cpp.hpp\n'}
[5.480190] (custom_msgs) StdoutLine: {'line': b'-- Up-to-date symlink: /root/ros_ws/src/install/custom_msgs/include/custom_msgs/custom_msgs/msg/detail/robot_status__rosidl_typesupport_introspection_cpp.hpp\n'}
[5.480291] (custom_msgs) StdoutLine: {'line': b'-- Up-to-date symlink: /root/ros_ws/src/install/custom_msgs/include/custom_msgs/custom_msgs/srv/detail/add_number__rosidl_typesupport_introspection_cpp.hpp\n'}
[5.480430] (custom_msgs) StdoutLine: {'line': b'-- Up-to-date symlink: /root/ros_ws/src/install/custom_msgs/share/custom_msgs/environment/pythonpath.sh\n'}
[5.480532] (custom_msgs) StdoutLine: {'line': b'-- Up-to-date symlink: /root/ros_ws/src/install/custom_msgs/share/custom_msgs/environment/pythonpath.dsv\n'}
[5.480730] (custom_msgs) StdoutLine: {'line': b'-- Up-to-date symlink: /root/ros_ws/src/install/custom_msgs/local/lib/python3.10/dist-packages/custom_msgs-0.0.0-py3.10.egg-info/PKG-INFO\n'}
[5.480836] (custom_msgs) StdoutLine: {'line': b'-- Up-to-date symlink: /root/ros_ws/src/install/custom_msgs/local/lib/python3.10/dist-packages/custom_msgs-0.0.0-py3.10.egg-info/SOURCES.txt\n'}
[5.480942] (custom_msgs) StdoutLine: {'line': b'-- Up-to-date symlink: /root/ros_ws/src/install/custom_msgs/local/lib/python3.10/dist-packages/custom_msgs-0.0.0-py3.10.egg-info/dependency_links.txt\n'}
[5.481035] (custom_msgs) StdoutLine: {'line': b'-- Up-to-date symlink: /root/ros_ws/src/install/custom_msgs/local/lib/python3.10/dist-packages/custom_msgs-0.0.0-py3.10.egg-info/top_level.txt\n'}
[5.481555] (custom_msgs) StdoutLine: {'line': b'-- Up-to-date symlink: /root/ros_ws/src/install/custom_msgs/local/lib/python3.10/dist-packages/custom_msgs/__init__.py\n'}
[5.481631] (custom_msgs) StdoutLine: {'line': b'-- Up-to-date symlink: /root/ros_ws/src/install/custom_msgs/local/lib/python3.10/dist-packages/custom_msgs/_custom_msgs_s.ep.rosidl_typesupport_c.c\n'}
[5.481703] (custom_msgs) StdoutLine: {'line': b'-- Up-to-date symlink: /root/ros_ws/src/install/custom_msgs/local/lib/python3.10/dist-packages/custom_msgs/_custom_msgs_s.ep.rosidl_typesupport_fastrtps_c.c\n'}
[5.481778] (custom_msgs) StdoutLine: {'line': b'-- Up-to-date symlink: /root/ros_ws/src/install/custom_msgs/local/lib/python3.10/dist-packages/custom_msgs/_custom_msgs_s.ep.rosidl_typesupport_introspection_c.c\n'}
[5.481862] (custom_msgs) StdoutLine: {'line': b'-- Up-to-date symlink: /root/ros_ws/src/install/custom_msgs/local/lib/python3.10/dist-packages/custom_msgs/action/__init__.py\n'}
[5.481938] (custom_msgs) StdoutLine: {'line': b'-- Up-to-date symlink: /root/ros_ws/src/install/custom_msgs/local/lib/python3.10/dist-packages/custom_msgs/action/_count_down.py\n'}
[5.482015] (custom_msgs) StdoutLine: {'line': b'-- Up-to-date symlink: /root/ros_ws/src/install/custom_msgs/local/lib/python3.10/dist-packages/custom_msgs/action/_count_down_s.c\n'}
[5.482082] (custom_msgs) StdoutLine: {'line': b'-- Symlinking: /root/ros_ws/src/install/custom_msgs/local/lib/python3.10/dist-packages/custom_msgs/action/_nav.py\n'}
[5.484893] (custom_msgs) StdoutLine: {'line': b'-- Symlinking: /root/ros_ws/src/install/custom_msgs/local/lib/python3.10/dist-packages/custom_msgs/action/_nav_s.c\n'}
[5.487514] (custom_msgs) StdoutLine: {'line': b'-- Up-to-date symlink: /root/ros_ws/src/install/custom_msgs/local/lib/python3.10/dist-packages/custom_msgs/custom_msgs_s__rosidl_typesupport_c.cpython-310-x86_64-linux-gnu.so\n'}
[5.487613] (custom_msgs) StdoutLine: {'line': b'-- Up-to-date symlink: /root/ros_ws/src/install/custom_msgs/local/lib/python3.10/dist-packages/custom_msgs/custom_msgs_s__rosidl_typesupport_fastrtps_c.cpython-310-x86_64-linux-gnu.so\n'}
[5.487707] (custom_msgs) StdoutLine: {'line': b'-- Up-to-date symlink: /root/ros_ws/src/install/custom_msgs/local/lib/python3.10/dist-packages/custom_msgs/custom_msgs_s__rosidl_typesupport_introspection_c.cpython-310-x86_64-linux-gnu.so\n'}
[5.487811] (custom_msgs) StdoutLine: {'line': b'-- Up-to-date symlink: /root/ros_ws/src/install/custom_msgs/local/lib/python3.10/dist-packages/custom_msgs/libcustom_msgs__rosidl_generator_py.so\n'}
[5.487919] (custom_msgs) StdoutLine: {'line': b'-- Up-to-date symlink: /root/ros_ws/src/install/custom_msgs/local/lib/python3.10/dist-packages/custom_msgs/msg/__init__.py\n'}
[5.488016] (custom_msgs) StdoutLine: {'line': b'-- Up-to-date symlink: /root/ros_ws/src/install/custom_msgs/local/lib/python3.10/dist-packages/custom_msgs/msg/_extended_vector3.py\n'}
[5.488115] (custom_msgs) StdoutLine: {'line': b'-- Up-to-date symlink: /root/ros_ws/src/install/custom_msgs/local/lib/python3.10/dist-packages/custom_msgs/msg/_extended_vector3_s.c\n'}
[5.488203] (custom_msgs) StdoutLine: {'line': b'-- Up-to-date symlink: /root/ros_ws/src/install/custom_msgs/local/lib/python3.10/dist-packages/custom_msgs/msg/_robot_status.py\n'}
[5.488298] (custom_msgs) StdoutLine: {'line': b'-- Up-to-date symlink: /root/ros_ws/src/install/custom_msgs/local/lib/python3.10/dist-packages/custom_msgs/msg/_robot_status_s.c\n'}
[5.488393] (custom_msgs) StdoutLine: {'line': b'-- Up-to-date symlink: /root/ros_ws/src/install/custom_msgs/local/lib/python3.10/dist-packages/custom_msgs/srv/__init__.py\n'}
[5.488481] (custom_msgs) StdoutLine: {'line': b'-- Up-to-date symlink: /root/ros_ws/src/install/custom_msgs/local/lib/python3.10/dist-packages/custom_msgs/srv/_add_number.py\n'}
[5.488557] (custom_msgs) StdoutLine: {'line': b'-- Up-to-date symlink: /root/ros_ws/src/install/custom_msgs/local/lib/python3.10/dist-packages/custom_msgs/srv/_add_number_s.c\n'}
[5.488730] (custom_msgs) StdoutLine: {'line': b'-- Up-to-date symlink: /root/ros_ws/src/install/custom_msgs/local/lib/python3.10/dist-packages/custom_msgs/custom_msgs_s__rosidl_typesupport_fastrtps_c.cpython-310-x86_64-linux-gnu.so\n'}
[5.488886] (custom_msgs) StdoutLine: {'line': b'-- Up-to-date symlink: /root/ros_ws/src/install/custom_msgs/local/lib/python3.10/dist-packages/custom_msgs/custom_msgs_s__rosidl_typesupport_introspection_c.cpython-310-x86_64-linux-gnu.so\n'}
[5.489031] (custom_msgs) StdoutLine: {'line': b'-- Up-to-date symlink: /root/ros_ws/src/install/custom_msgs/local/lib/python3.10/dist-packages/custom_msgs/custom_msgs_s__rosidl_typesupport_c.cpython-310-x86_64-linux-gnu.so\n'}
[5.489154] (custom_msgs) StdoutLine: {'line': b'-- Up-to-date symlink: /root/ros_ws/src/install/custom_msgs/share/ament_index/resource_index/rust_packages/custom_msgs\n'}
[5.489425] (custom_msgs) StdoutLine: {'line': b'-- Up-to-date symlink: /root/ros_ws/src/install/custom_msgs/share/custom_msgs/rust/Cargo.toml\n'}
[5.489500] (custom_msgs) StdoutLine: {'line': b'-- Up-to-date symlink: /root/ros_ws/src/install/custom_msgs/share/custom_msgs/rust/build.rs\n'}
[5.489575] (custom_msgs) StdoutLine: {'line': b'-- Up-to-date symlink: /root/ros_ws/src/install/custom_msgs/share/custom_msgs/rust/src/action.rs\n'}
[5.489655] (custom_msgs) StdoutLine: {'line': b'-- Up-to-date symlink: /root/ros_ws/src/install/custom_msgs/share/custom_msgs/rust/src/action/rmw.rs\n'}
[5.489726] (custom_msgs) StdoutLine: {'line': b'-- Up-to-date symlink: /root/ros_ws/src/install/custom_msgs/share/custom_msgs/rust/src/lib.rs\n'}
[5.489800] (custom_msgs) StdoutLine: {'line': b'-- Up-to-date symlink: /root/ros_ws/src/install/custom_msgs/share/custom_msgs/rust/src/msg.rs\n'}
[5.489888] (custom_msgs) StdoutLine: {'line': b'-- Up-to-date symlink: /root/ros_ws/src/install/custom_msgs/share/custom_msgs/rust/src/msg/rmw.rs\n'}
[5.489970] (custom_msgs) StdoutLine: {'line': b'-- Up-to-date symlink: /root/ros_ws/src/install/custom_msgs/share/custom_msgs/rust/src/srv.rs\n'}
[5.490050] (custom_msgs) StdoutLine: {'line': b'-- Up-to-date symlink: /root/ros_ws/src/install/custom_msgs/share/custom_msgs/rust/src/srv/rmw.rs\n'}
[5.490152] (custom_msgs) StdoutLine: {'line': b'-- Up-to-date symlink: /root/ros_ws/src/install/custom_msgs/share/custom_msgs/msg/ExtendedVector3.idl\n'}
[5.490246] (custom_msgs) StdoutLine: {'line': b'-- Up-to-date symlink: /root/ros_ws/src/install/custom_msgs/share/custom_msgs/msg/RobotStatus.idl\n'}
[5.490355] (custom_msgs) StdoutLine: {'line': b'-- Up-to-date symlink: /root/ros_ws/src/install/custom_msgs/share/custom_msgs/srv/AddNumber.idl\n'}
[5.490448] (custom_msgs) StdoutLine: {'line': b'-- Up-to-date symlink: /root/ros_ws/src/install/custom_msgs/share/custom_msgs/action/CountDown.idl\n'}
[5.490518] (custom_msgs) StdoutLine: {'line': b'-- Symlinking: /root/ros_ws/src/install/custom_msgs/share/custom_msgs/action/Nav.idl\n'}
[5.493315] (custom_msgs) StdoutLine: {'line': b'-- Up-to-date symlink: /root/ros_ws/src/install/custom_msgs/share/custom_msgs/msg/ExtendedVector3.msg\n'}
[5.493430] (custom_msgs) StdoutLine: {'line': b'-- Up-to-date symlink: /root/ros_ws/src/install/custom_msgs/share/custom_msgs/msg/RobotStatus.msg\n'}
[5.493540] (custom_msgs) StdoutLine: {'line': b'-- Up-to-date symlink: /root/ros_ws/src/install/custom_msgs/share/custom_msgs/srv/AddNumber.srv\n'}
[5.493656] (custom_msgs) StdoutLine: {'line': b'-- Up-to-date symlink: /root/ros_ws/src/install/custom_msgs/share/custom_msgs/srv/AddNumber_Request.msg\n'}
[5.493768] (custom_msgs) StdoutLine: {'line': b'-- Up-to-date symlink: /root/ros_ws/src/install/custom_msgs/share/custom_msgs/srv/AddNumber_Response.msg\n'}
[5.493898] (custom_msgs) StdoutLine: {'line': b'-- Up-to-date symlink: /root/ros_ws/src/install/custom_msgs/share/custom_msgs/action/CountDown.action\n'}
[5.493995] (custom_msgs) StdoutLine: {'line': b'-- Symlinking: /root/ros_ws/src/install/custom_msgs/share/custom_msgs/action/Nav.action\n'}
[5.496968] (custom_msgs) StdoutLine: {'line': b'-- Up-to-date symlink: /root/ros_ws/src/install/custom_msgs/share/ament_index/resource_index/package_run_dependencies/custom_msgs\n'}
[5.497105] (custom_msgs) StdoutLine: {'line': b'-- Up-to-date symlink: /root/ros_ws/src/install/custom_msgs/share/ament_index/resource_index/parent_prefix_path/custom_msgs\n'}
[5.497234] (custom_msgs) StdoutLine: {'line': b'-- Up-to-date symlink: /root/ros_ws/src/install/custom_msgs/share/custom_msgs/environment/ament_prefix_path.sh\n'}
[5.497345] (custom_msgs) StdoutLine: {'line': b'-- Up-to-date symlink: /root/ros_ws/src/install/custom_msgs/share/custom_msgs/environment/ament_prefix_path.dsv\n'}
[5.497469] (custom_msgs) StdoutLine: {'line': b'-- Up-to-date symlink: /root/ros_ws/src/install/custom_msgs/share/custom_msgs/environment/path.sh\n'}
[5.497559] (custom_msgs) StdoutLine: {'line': b'-- Up-to-date symlink: /root/ros_ws/src/install/custom_msgs/share/custom_msgs/environment/path.dsv\n'}
[5.497647] (custom_msgs) StdoutLine: {'line': b'-- Up-to-date symlink: /root/ros_ws/src/install/custom_msgs/share/custom_msgs/local_setup.bash\n'}
[5.497733] (custom_msgs) StdoutLine: {'line': b'-- Up-to-date symlink: /root/ros_ws/src/install/custom_msgs/share/custom_msgs/local_setup.sh\n'}
[5.497823] (custom_msgs) StdoutLine: {'line': b'-- Up-to-date symlink: /root/ros_ws/src/install/custom_msgs/share/custom_msgs/local_setup.zsh\n'}
[5.497912] (custom_msgs) StdoutLine: {'line': b'-- Up-to-date symlink: /root/ros_ws/src/install/custom_msgs/share/custom_msgs/local_setup.dsv\n'}
[5.498002] (custom_msgs) StdoutLine: {'line': b'-- Symlinking: /root/ros_ws/src/install/custom_msgs/share/custom_msgs/package.dsv\n'}
[5.500319] (-) TimerEvent: {}
[5.501045] (custom_msgs) StdoutLine: {'line': b'-- Up-to-date symlink: /root/ros_ws/src/install/custom_msgs/share/ament_index/resource_index/packages/custom_msgs\n'}
[5.501233] (custom_msgs) StdoutLine: {'line': b'-- Up-to-date symlink: /root/ros_ws/src/install/custom_msgs/share/custom_msgs/cmake/rosidl_cmake-extras.cmake\n'}
[5.501423] (custom_msgs) StdoutLine: {'line': b'-- Up-to-date symlink: /root/ros_ws/src/install/custom_msgs/share/custom_msgs/cmake/ament_cmake_export_dependencies-extras.cmake\n'}
[5.501581] (custom_msgs) StdoutLine: {'line': b'-- Up-to-date symlink: /root/ros_ws/src/install/custom_msgs/share/custom_msgs/cmake/ament_cmake_export_include_directories-extras.cmake\n'}
[5.501722] (custom_msgs) StdoutLine: {'line': b'-- Up-to-date symlink: /root/ros_ws/src/install/custom_msgs/share/custom_msgs/cmake/ament_cmake_export_libraries-extras.cmake\n'}
[5.501881] (custom_msgs) StdoutLine: {'line': b'-- Up-to-date symlink: /root/ros_ws/src/install/custom_msgs/share/custom_msgs/cmake/ament_cmake_export_targets-extras.cmake\n'}
[5.501984] (custom_msgs) StdoutLine: {'line': b'-- Up-to-date symlink: /root/ros_ws/src/install/custom_msgs/share/custom_msgs/cmake/rosidl_cmake_export_typesupport_targets-extras.cmake\n'}
[5.502068] (custom_msgs) StdoutLine: {'line': b'-- Up-to-date symlink: /root/ros_ws/src/install/custom_msgs/share/custom_msgs/cmake/rosidl_cmake_export_typesupport_libraries-extras.cmake\n'}
[5.502151] (custom_msgs) StdoutLine: {'line': b'-- Up-to-date symlink: /root/ros_ws/src/install/custom_msgs/share/custom_msgs/cmake/custom_msgsConfig.cmake\n'}
[5.502239] (custom_msgs) StdoutLine: {'line': b'-- Up-to-date symlink: /root/ros_ws/src/install/custom_msgs/share/custom_msgs/cmake/custom_msgsConfig-version.cmake\n'}
[5.502326] (custom_msgs) StdoutLine: {'line': b'-- Up-to-date symlink: /root/ros_ws/src/install/custom_msgs/share/custom_msgs/package.xml\n'}
[5.502486] (custom_msgs) StdoutLine: {'line': b'-- Installing: /root/ros_ws/src/install/custom_msgs/lib/libcustom_msgs__rosidl_generator_c.so\n'}
[5.502982] (custom_msgs) StdoutLine: {'line': b'-- Set non-toolchain portion of runtime path of "/root/ros_ws/src/install/custom_msgs/lib/libcustom_msgs__rosidl_generator_c.so" to ""\n'}
[5.503100] (custom_msgs) StdoutLine: {'line': b'-- Installing: /root/ros_ws/src/install/custom_msgs/lib/libcustom_msgs__rosidl_typesupport_fastrtps_c.so\n'}
[5.503472] (custom_msgs) StdoutLine: {'line': b'-- Set non-toolchain portion of runtime path of "/root/ros_ws/src/install/custom_msgs/lib/libcustom_msgs__rosidl_typesupport_fastrtps_c.so" to ""\n'}
[5.503581] (custom_msgs) StdoutLine: {'line': b'-- Installing: /root/ros_ws/src/install/custom_msgs/lib/libcustom_msgs__rosidl_typesupport_introspection_c.so\n'}
[5.503915] (custom_msgs) StdoutLine: {'line': b'-- Set non-toolchain portion of runtime path of "/root/ros_ws/src/install/custom_msgs/lib/libcustom_msgs__rosidl_typesupport_introspection_c.so" to ""\n'}
[5.504019] (custom_msgs) StdoutLine: {'line': b'-- Installing: /root/ros_ws/src/install/custom_msgs/lib/libcustom_msgs__rosidl_typesupport_c.so\n'}
[5.504324] (custom_msgs) StdoutLine: {'line': b'-- Set non-toolchain portion of runtime path of "/root/ros_ws/src/install/custom_msgs/lib/libcustom_msgs__rosidl_typesupport_c.so" to ""\n'}
[5.504435] (custom_msgs) StdoutLine: {'line': b'-- Installing: /root/ros_ws/src/install/custom_msgs/lib/libcustom_msgs__rosidl_typesupport_fastrtps_cpp.so\n'}
[5.504822] (custom_msgs) StdoutLine: {'line': b'-- Set non-toolchain portion of runtime path of "/root/ros_ws/src/install/custom_msgs/lib/libcustom_msgs__rosidl_typesupport_fastrtps_cpp.so" to ""\n'}
[5.504942] (custom_msgs) StdoutLine: {'line': b'-- Installing: /root/ros_ws/src/install/custom_msgs/lib/libcustom_msgs__rosidl_typesupport_introspection_cpp.so\n'}
[5.505309] (custom_msgs) StdoutLine: {'line': b'-- Set non-toolchain portion of runtime path of "/root/ros_ws/src/install/custom_msgs/lib/libcustom_msgs__rosidl_typesupport_introspection_cpp.so" to ""\n'}
[5.505413] (custom_msgs) StdoutLine: {'line': b'-- Installing: /root/ros_ws/src/install/custom_msgs/lib/libcustom_msgs__rosidl_typesupport_cpp.so\n'}
[5.505731] (custom_msgs) StdoutLine: {'line': b'-- Set non-toolchain portion of runtime path of "/root/ros_ws/src/install/custom_msgs/lib/libcustom_msgs__rosidl_typesupport_cpp.so" to ""\n'}
[5.550203] (custom_msgs) StdoutLine: {'line': b"Listing '/root/ros_ws/src/install/custom_msgs/local/lib/python3.10/dist-packages/custom_msgs'...\n"}
[5.550344] (custom_msgs) StdoutLine: {'line': b"Compiling '/root/ros_ws/src/install/custom_msgs/local/lib/python3.10/dist-packages/custom_msgs/__init__.py'...\n"}
[5.550402] (custom_msgs) StdoutLine: {'line': b"Listing '/root/ros_ws/src/install/custom_msgs/local/lib/python3.10/dist-packages/custom_msgs/action'...\n"}
[5.550450] (custom_msgs) StdoutLine: {'line': b"Compiling '/root/ros_ws/src/install/custom_msgs/local/lib/python3.10/dist-packages/custom_msgs/action/__init__.py'...\n"}
[5.550503] (custom_msgs) StdoutLine: {'line': b"Compiling '/root/ros_ws/src/install/custom_msgs/local/lib/python3.10/dist-packages/custom_msgs/action/_count_down.py'...\n"}
[5.550553] (custom_msgs) StdoutLine: {'line': b"Compiling '/root/ros_ws/src/install/custom_msgs/local/lib/python3.10/dist-packages/custom_msgs/action/_nav.py'...\n"}
[5.550596] (custom_msgs) StdoutLine: {'line': b"Listing '/root/ros_ws/src/install/custom_msgs/local/lib/python3.10/dist-packages/custom_msgs/msg'...\n"}
[5.550638] (custom_msgs) StdoutLine: {'line': b"Compiling '/root/ros_ws/src/install/custom_msgs/local/lib/python3.10/dist-packages/custom_msgs/msg/__init__.py'...\n"}
[5.550679] (custom_msgs) StdoutLine: {'line': b"Compiling '/root/ros_ws/src/install/custom_msgs/local/lib/python3.10/dist-packages/custom_msgs/msg/_extended_vector3.py'...\n"}
[5.550722] (custom_msgs) StdoutLine: {'line': b"Compiling '/root/ros_ws/src/install/custom_msgs/local/lib/python3.10/dist-packages/custom_msgs/msg/_robot_status.py'...\n"}
[5.550762] (custom_msgs) StdoutLine: {'line': b"Listing '/root/ros_ws/src/install/custom_msgs/local/lib/python3.10/dist-packages/custom_msgs/srv'...\n"}
[5.550807] (custom_msgs) StdoutLine: {'line': b"Compiling '/root/ros_ws/src/install/custom_msgs/local/lib/python3.10/dist-packages/custom_msgs/srv/__init__.py'...\n"}
[5.550875] (custom_msgs) StdoutLine: {'line': b"Compiling '/root/ros_ws/src/install/custom_msgs/local/lib/python3.10/dist-packages/custom_msgs/srv/_add_number.py'...\n"}
[5.553508] (custom_msgs) StdoutLine: {'line': b'-- Installing: /root/ros_ws/src/install/custom_msgs/lib/libcustom_msgs__rosidl_generator_py.so\n'}
[5.553983] (custom_msgs) StdoutLine: {'line': b'-- Set non-toolchain portion of runtime path of "/root/ros_ws/src/install/custom_msgs/lib/libcustom_msgs__rosidl_generator_py.so" to ""\n'}
[5.554127] (custom_msgs) StdoutLine: {'line': b'-- Up-to-date: /root/ros_ws/src/install/custom_msgs/share/custom_msgs/cmake/export_custom_msgs__rosidl_generator_cExport.cmake\n'}
[5.554258] (custom_msgs) StdoutLine: {'line': b'-- Up-to-date: /root/ros_ws/src/install/custom_msgs/share/custom_msgs/cmake/export_custom_msgs__rosidl_generator_cExport-noconfig.cmake\n'}
[5.554330] (custom_msgs) StdoutLine: {'line': b'-- Up-to-date: /root/ros_ws/src/install/custom_msgs/share/custom_msgs/cmake/export_custom_msgs__rosidl_typesupport_fastrtps_cExport.cmake\n'}
[5.554400] (custom_msgs) StdoutLine: {'line': b'-- Up-to-date: /root/ros_ws/src/install/custom_msgs/share/custom_msgs/cmake/export_custom_msgs__rosidl_typesupport_fastrtps_cExport-noconfig.cmake\n'}
[5.554523] (custom_msgs) StdoutLine: {'line': b'-- Up-to-date: /root/ros_ws/src/install/custom_msgs/share/custom_msgs/cmake/custom_msgs__rosidl_typesupport_introspection_cExport.cmake\n'}
[5.554600] (custom_msgs) StdoutLine: {'line': b'-- Up-to-date: /root/ros_ws/src/install/custom_msgs/share/custom_msgs/cmake/custom_msgs__rosidl_typesupport_introspection_cExport-noconfig.cmake\n'}
[5.554658] (custom_msgs) StdoutLine: {'line': b'-- Up-to-date: /root/ros_ws/src/install/custom_msgs/share/custom_msgs/cmake/custom_msgs__rosidl_typesupport_cExport.cmake\n'}
[5.554713] (custom_msgs) StdoutLine: {'line': b'-- Up-to-date: /root/ros_ws/src/install/custom_msgs/share/custom_msgs/cmake/custom_msgs__rosidl_typesupport_cExport-noconfig.cmake\n'}
[5.554764] (custom_msgs) StdoutLine: {'line': b'-- Up-to-date: /root/ros_ws/src/install/custom_msgs/share/custom_msgs/cmake/export_custom_msgs__rosidl_generator_cppExport.cmake\n'}
[5.554822] (custom_msgs) StdoutLine: {'line': b'-- Up-to-date: /root/ros_ws/src/install/custom_msgs/share/custom_msgs/cmake/export_custom_msgs__rosidl_typesupport_fastrtps_cppExport.cmake\n'}
[5.554918] (custom_msgs) StdoutLine: {'line': b'-- Up-to-date: /root/ros_ws/src/install/custom_msgs/share/custom_msgs/cmake/export_custom_msgs__rosidl_typesupport_fastrtps_cppExport-noconfig.cmake\n'}
[5.554958] (custom_msgs) StdoutLine: {'line': b'-- Up-to-date: /root/ros_ws/src/install/custom_msgs/share/custom_msgs/cmake/custom_msgs__rosidl_typesupport_introspection_cppExport.cmake\n'}
[5.554994] (custom_msgs) StdoutLine: {'line': b'-- Up-to-date: /root/ros_ws/src/install/custom_msgs/share/custom_msgs/cmake/custom_msgs__rosidl_typesupport_introspection_cppExport-noconfig.cmake\n'}
[5.555030] (custom_msgs) StdoutLine: {'line': b'-- Up-to-date: /root/ros_ws/src/install/custom_msgs/share/custom_msgs/cmake/custom_msgs__rosidl_typesupport_cppExport.cmake\n'}
[5.555064] (custom_msgs) StdoutLine: {'line': b'-- Up-to-date: /root/ros_ws/src/install/custom_msgs/share/custom_msgs/cmake/custom_msgs__rosidl_typesupport_cppExport-noconfig.cmake\n'}
[5.555099] (custom_msgs) StdoutLine: {'line': b'-- Up-to-date: /root/ros_ws/src/install/custom_msgs/share/custom_msgs/cmake/export_custom_msgs__rosidl_generator_pyExport.cmake\n'}
[5.555132] (custom_msgs) StdoutLine: {'line': b'-- Up-to-date: /root/ros_ws/src/install/custom_msgs/share/custom_msgs/cmake/export_custom_msgs__rosidl_generator_pyExport-noconfig.cmake\n'}
[5.556431] (custom_msgs) CommandEnded: {'returncode': 0}
[5.569197] (custom_msgs) JobEnded: {'identifier': 'custom_msgs', 'rc': 0}
[5.570120] (action_demo_pkg) JobStarted: {'identifier': 'action_demo_pkg'}
[5.574558] (sensorPkg) JobStarted: {'identifier': 'sensorPkg'}
[5.579244] (task2) JobStarted: {'identifier': 'task2'}
[5.583590] (task3) JobStarted: {'identifier': 'task3'}
[5.587873] (task4) JobStarted: {'identifier': 'task4'}
[5.600401] (-) TimerEvent: {}
[5.700613] (-) TimerEvent: {}
[5.800910] (-) TimerEvent: {}
[5.901144] (-) TimerEvent: {}
[6.001398] (-) TimerEvent: {}
[6.101636] (-) TimerEvent: {}
[6.201885] (-) TimerEvent: {}
[6.302143] (-) TimerEvent: {}
[6.402423] (-) TimerEvent: {}
[6.502692] (-) TimerEvent: {}
[6.602967] (-) TimerEvent: {}
[6.703279] (-) TimerEvent: {}
[6.803625] (-) TimerEvent: {}
[6.841095] (task2) Command: {'cmd': ['/usr/bin/python3', '-W', 'ignore:setup.py install is deprecated', '-W', 'ignore:easy_install command is deprecated', 'setup.py', 'develop', '--editable', '--build-directory', '/root/ros_ws/src/build/task2/build', '--no-deps', 'symlink_data'], 'cwd': '/root/ros_ws/src/build/task2', 'env': {'HOSTNAME': '686253f7c9d4', 'SHLVL': '1', 'LD_LIBRARY_PATH': '/root/ros_ws/src/install/custom_msgs/lib:/root/ros_ws/install/custom_msgs/lib:/opt/ros/humble/opt/rviz_ogre_vendor/lib:/opt/ros/humble/lib/x86_64-linux-gnu:/opt/ros/humble/lib', 'HOME': '/root', 'OLDPWD': '/root/ros_ws', 'ROS_PYTHON_VERSION': '3', 'COLCON_PREFIX_PATH': '/root/ros_ws/src/install:/root/ros_ws/install', 'ROS_DISTRO': 'humble', '_': '/usr/bin/colcon', 'ROS_VERSION': '2', 'TERM': 'xterm-256color', 'ROS_LOCALHOST_ONLY': '0', 'QT_X11_NO_MITSHM': '1', 'PATH': '/opt/ros/humble/bin:/usr/local/sbin:/usr/local/bin:/usr/sbin:/usr/bin:/sbin:/bin', 'DISPLAY': ':0', 'LANG': 'C.UTF-8', 'AMENT_PREFIX_PATH': '/root/ros_ws/src/install/action_demo_pkg:/root/ros_ws/install/task4:/root/ros_ws/install/py_srvcli:/root/ros_ws/src/install/task4:/root/ros_ws/src/install/task3:/root/ros_ws/src/install/task2:/root/ros_ws/src/install/sensorPkg:/root/ros_ws/src/install/my_robot_controller:/root/ros_ws/src/install/custom_msgs:/root/ros_ws/install/task3:/root/ros_ws/install/task2:/root/ros_ws/install/sensorPkg:/root/ros_ws/install/my_robot_controller:/root/ros_ws/install/custom_msgs:/opt/ros/humble', 'PWD': '/root/ros_ws/src/build/task2', 'LC_ALL': 'C.UTF-8', 'PYTHONPATH': '/root/ros_ws/src/build/task2/prefix_override:/usr/lib/python3/dist-packages/colcon_core/task/python/colcon_distutils_commands:/root/ros_ws/src/install/task2/lib/python3.10/site-packages:/root/ros_ws/src/build/action_demo_pkg:/root/ros_ws/src/install/action_demo_pkg/lib/python3.10/site-packages:/root/ros_ws/build/task4:/root/ros_ws/install/task4/lib/python3.10/site-packages:/root/ros_ws/build/py_srvcli:/root/ros_ws/install/py_srvcli/lib/python3.10/site-packages:/root/ros_ws/src/build/task4:/root/ros_ws/src/install/task4/lib/python3.10/site-packages:/root/ros_ws/src/build/task3:/root/ros_ws/src/install/task3/lib/python3.10/site-packages:/root/ros_ws/src/build/task2:/root/ros_ws/src/install/task2/lib/python3.10/site-packages:/root/ros_ws/src/build/sensorPkg:/root/ros_ws/src/install/sensorPkg/lib/python3.10/site-packages:/root/ros_ws/src/build/my_robot_controller:/root/ros_ws/src/install/my_robot_controller/lib/python3.10/site-packages:/root/ros_ws/src/install/custom_msgs/local/lib/python3.10/dist-packages:/root/ros_ws/build/task3:/root/ros_ws/install/task3/lib/python3.10/site-packages:/root/ros_ws/build/task2:/root/ros_ws/install/task2/lib/python3.10/site-packages:/root/ros_ws/build/sensorPkg:/root/ros_ws/install/sensorPkg/lib/python3.10/site-packages:/root/ros_ws/build/my_robot_controller:/root/ros_ws/install/my_robot_controller/lib/python3.10/site-packages:/root/ros_ws/install/custom_msgs/local/lib/python3.10/dist-packages:/opt/ros/humble/lib/python3.10/site-packages:/opt/ros/humble/local/lib/python3.10/dist-packages', 'COLCON': '1', 'CMAKE_PREFIX_PATH': '/root/ros_ws/src/install/custom_msgs:/root/ros_ws/install/custom_msgs'}, 'shell': False}
[6.842802] (task3) Command: {'cmd': ['/usr/bin/python3', '-W', 'ignore:setup.py install is deprecated', '-W', 'ignore:easy_install command is deprecated', 'setup.py', 'develop', '--editable', '--build-directory', '/root/ros_ws/src/build/task3/build', '--no-deps', 'symlink_data'], 'cwd': '/root/ros_ws/src/build/task3', 'env': {'HOSTNAME': '686253f7c9d4', 'SHLVL': '1', 'LD_LIBRARY_PATH': '/root/ros_ws/src/install/custom_msgs/lib:/root/ros_ws/install/custom_msgs/lib:/opt/ros/humble/opt/rviz_ogre_vendor/lib:/opt/ros/humble/lib/x86_64-linux-gnu:/opt/ros/humble/lib', 'HOME': '/root', 'OLDPWD': '/root/ros_ws', 'ROS_PYTHON_VERSION': '3', 'COLCON_PREFIX_PATH': '/root/ros_ws/src/install:/root/ros_ws/install', 'ROS_DISTRO': 'humble', '_': '/usr/bin/colcon', 'ROS_VERSION': '2', 'TERM': 'xterm-256color', 'ROS_LOCALHOST_ONLY': '0', 'QT_X11_NO_MITSHM': '1', 'PATH': '/opt/ros/humble/bin:/usr/local/sbin:/usr/local/bin:/usr/sbin:/usr/bin:/sbin:/bin', 'DISPLAY': ':0', 'LANG': 'C.UTF-8', 'AMENT_PREFIX_PATH': '/root/ros_ws/src/install/action_demo_pkg:/root/ros_ws/install/task4:/root/ros_ws/install/py_srvcli:/root/ros_ws/src/install/task4:/root/ros_ws/src/install/task3:/root/ros_ws/src/install/task2:/root/ros_ws/src/install/sensorPkg:/root/ros_ws/src/install/my_robot_controller:/root/ros_ws/src/install/custom_msgs:/root/ros_ws/install/task3:/root/ros_ws/install/task2:/root/ros_ws/install/sensorPkg:/root/ros_ws/install/my_robot_controller:/root/ros_ws/install/custom_msgs:/opt/ros/humble', 'PWD': '/root/ros_ws/src/build/task3', 'LC_ALL': 'C.UTF-8', 'PYTHONPATH': '/root/ros_ws/src/build/task3/prefix_override:/usr/lib/python3/dist-packages/colcon_core/task/python/colcon_distutils_commands:/root/ros_ws/src/install/task3/lib/python3.10/site-packages:/root/ros_ws/src/build/action_demo_pkg:/root/ros_ws/src/install/action_demo_pkg/lib/python3.10/site-packages:/root/ros_ws/build/task4:/root/ros_ws/install/task4/lib/python3.10/site-packages:/root/ros_ws/build/py_srvcli:/root/ros_ws/install/py_srvcli/lib/python3.10/site-packages:/root/ros_ws/src/build/task4:/root/ros_ws/src/install/task4/lib/python3.10/site-packages:/root/ros_ws/src/build/task3:/root/ros_ws/src/install/task3/lib/python3.10/site-packages:/root/ros_ws/src/build/task2:/root/ros_ws/src/install/task2/lib/python3.10/site-packages:/root/ros_ws/src/build/sensorPkg:/root/ros_ws/src/install/sensorPkg/lib/python3.10/site-packages:/root/ros_ws/src/build/my_robot_controller:/root/ros_ws/src/install/my_robot_controller/lib/python3.10/site-packages:/root/ros_ws/src/install/custom_msgs/local/lib/python3.10/dist-packages:/root/ros_ws/build/task3:/root/ros_ws/install/task3/lib/python3.10/site-packages:/root/ros_ws/build/task2:/root/ros_ws/install/task2/lib/python3.10/site-packages:/root/ros_ws/build/sensorPkg:/root/ros_ws/install/sensorPkg/lib/python3.10/site-packages:/root/ros_ws/build/my_robot_controller:/root/ros_ws/install/my_robot_controller/lib/python3.10/site-packages:/root/ros_ws/install/custom_msgs/local/lib/python3.10/dist-packages:/opt/ros/humble/lib/python3.10/site-packages:/opt/ros/humble/local/lib/python3.10/dist-packages', 'COLCON': '1', 'CMAKE_PREFIX_PATH': '/root/ros_ws/src/install/custom_msgs:/root/ros_ws/install/custom_msgs'}, 'shell': False}
[6.844714] (sensorPkg) Command: {'cmd': ['/usr/bin/python3', '-W', 'ignore:setup.py install is deprecated', '-W', 'ignore:easy_install command is deprecated', 'setup.py', 'develop', '--editable', '--build-directory', '/root/ros_ws/src/build/sensorPkg/build', '--no-deps', 'symlink_data'], 'cwd': '/root/ros_ws/src/build/sensorPkg', 'env': {'HOSTNAME': '686253f7c9d4', 'SHLVL': '1', 'LD_LIBRARY_PATH': '/root/ros_ws/src/install/custom_msgs/lib:/root/ros_ws/install/custom_msgs/lib:/opt/ros/humble/opt/rviz_ogre_vendor/lib:/opt/ros/humble/lib/x86_64-linux-gnu:/opt/ros/humble/lib', 'HOME': '/root', 'OLDPWD': '/root/ros_ws', 'ROS_PYTHON_VERSION': '3', 'COLCON_PREFIX_PATH': '/root/ros_ws/src/install:/root/ros_ws/install', 'ROS_DISTRO': 'humble', '_': '/usr/bin/colcon', 'ROS_VERSION': '2', 'TERM': 'xterm-256color', 'ROS_LOCALHOST_ONLY': '0', 'QT_X11_NO_MITSHM': '1', 'PATH': '/opt/ros/humble/bin:/usr/local/sbin:/usr/local/bin:/usr/sbin:/usr/bin:/sbin:/bin', 'DISPLAY': ':0', 'LANG': 'C.UTF-8', 'AMENT_PREFIX_PATH': '/root/ros_ws/src/install/action_demo_pkg:/root/ros_ws/install/task4:/root/ros_ws/install/py_srvcli:/root/ros_ws/src/install/task4:/root/ros_ws/src/install/task3:/root/ros_ws/src/install/task2:/root/ros_ws/src/install/sensorPkg:/root/ros_ws/src/install/my_robot_controller:/root/ros_ws/src/install/custom_msgs:/root/ros_ws/install/task3:/root/ros_ws/install/task2:/root/ros_ws/install/sensorPkg:/root/ros_ws/install/my_robot_controller:/root/ros_ws/install/custom_msgs:/opt/ros/humble', 'PWD': '/root/ros_ws/src/build/sensorPkg', 'LC_ALL': 'C.UTF-8', 'PYTHONPATH': '/root/ros_ws/src/build/sensorPkg/prefix_override:/usr/lib/python3/dist-packages/colcon_core/task/python/colcon_distutils_commands:/root/ros_ws/src/install/sensorPkg/lib/python3.10/site-packages:/root/ros_ws/src/build/action_demo_pkg:/root/ros_ws/src/install/action_demo_pkg/lib/python3.10/site-packages:/root/ros_ws/build/task4:/root/ros_ws/install/task4/lib/python3.10/site-packages:/root/ros_ws/build/py_srvcli:/root/ros_ws/install/py_srvcli/lib/python3.10/site-packages:/root/ros_ws/src/build/task4:/root/ros_ws/src/install/task4/lib/python3.10/site-packages:/root/ros_ws/src/build/task3:/root/ros_ws/src/install/task3/lib/python3.10/site-packages:/root/ros_ws/src/build/task2:/root/ros_ws/src/install/task2/lib/python3.10/site-packages:/root/ros_ws/src/build/sensorPkg:/root/ros_ws/src/install/sensorPkg/lib/python3.10/site-packages:/root/ros_ws/src/build/my_robot_controller:/root/ros_ws/src/install/my_robot_controller/lib/python3.10/site-packages:/root/ros_ws/src/install/custom_msgs/local/lib/python3.10/dist-packages:/root/ros_ws/build/task3:/root/ros_ws/install/task3/lib/python3.10/site-packages:/root/ros_ws/build/task2:/root/ros_ws/install/task2/lib/python3.10/site-packages:/root/ros_ws/build/sensorPkg:/root/ros_ws/install/sensorPkg/lib/python3.10/site-packages:/root/ros_ws/build/my_robot_controller:/root/ros_ws/install/my_robot_controller/lib/python3.10/site-packages:/root/ros_ws/install/custom_msgs/local/lib/python3.10/dist-packages:/opt/ros/humble/lib/python3.10/site-packages:/opt/ros/humble/local/lib/python3.10/dist-packages', 'COLCON': '1', 'CMAKE_PREFIX_PATH': '/root/ros_ws/src/install/custom_msgs:/root/ros_ws/install/custom_msgs'}, 'shell': False}
[6.850801] (task4) Command: {'cmd': ['/usr/bin/python3', '-W', 'ignore:setup.py install is deprecated', '-W', 'ignore:easy_install command is deprecated', 'setup.py', 'develop', '--editable', '--build-directory', '/root/ros_ws/src/build/task4/build', '--no-deps', 'symlink_data'], 'cwd': '/root/ros_ws/src/build/task4', 'env': {'HOSTNAME': '686253f7c9d4', 'SHLVL': '1', 'LD_LIBRARY_PATH': '/root/ros_ws/src/install/custom_msgs/lib:/root/ros_ws/install/custom_msgs/lib:/opt/ros/humble/opt/rviz_ogre_vendor/lib:/opt/ros/humble/lib/x86_64-linux-gnu:/opt/ros/humble/lib', 'HOME': '/root', 'OLDPWD': '/root/ros_ws', 'ROS_PYTHON_VERSION': '3', 'COLCON_PREFIX_PATH': '/root/ros_ws/src/install:/root/ros_ws/install', 'ROS_DISTRO': 'humble', '_': '/usr/bin/colcon', 'ROS_VERSION': '2', 'TERM': 'xterm-256color', 'ROS_LOCALHOST_ONLY': '0', 'QT_X11_NO_MITSHM': '1', 'PATH': '/opt/ros/humble/bin:/usr/local/sbin:/usr/local/bin:/usr/sbin:/usr/bin:/sbin:/bin', 'DISPLAY': ':0', 'LANG': 'C.UTF-8', 'AMENT_PREFIX_PATH': '/root/ros_ws/src/install/action_demo_pkg:/root/ros_ws/install/task4:/root/ros_ws/install/py_srvcli:/root/ros_ws/src/install/task4:/root/ros_ws/src/install/task3:/root/ros_ws/src/install/task2:/root/ros_ws/src/install/sensorPkg:/root/ros_ws/src/install/my_robot_controller:/root/ros_ws/src/install/custom_msgs:/root/ros_ws/install/task3:/root/ros_ws/install/task2:/root/ros_ws/install/sensorPkg:/root/ros_ws/install/my_robot_controller:/root/ros_ws/install/custom_msgs:/opt/ros/humble', 'PWD': '/root/ros_ws/src/build/task4', 'LC_ALL': 'C.UTF-8', 'PYTHONPATH': '/root/ros_ws/src/build/task4/prefix_override:/usr/lib/python3/dist-packages/colcon_core/task/python/colcon_distutils_commands:/root/ros_ws/src/install/task4/lib/python3.10/site-packages:/root/ros_ws/src/build/action_demo_pkg:/root/ros_ws/src/install/action_demo_pkg/lib/python3.10/site-packages:/root/ros_ws/build/task4:/root/ros_ws/install/task4/lib/python3.10/site-packages:/root/ros_ws/build/py_srvcli:/root/ros_ws/install/py_srvcli/lib/python3.10/site-packages:/root/ros_ws/src/build/task4:/root/ros_ws/src/install/task4/lib/python3.10/site-packages:/root/ros_ws/src/build/task3:/root/ros_ws/src/install/task3/lib/python3.10/site-packages:/root/ros_ws/src/build/task2:/root/ros_ws/src/install/task2/lib/python3.10/site-packages:/root/ros_ws/src/build/sensorPkg:/root/ros_ws/src/install/sensorPkg/lib/python3.10/site-packages:/root/ros_ws/src/build/my_robot_controller:/root/ros_ws/src/install/my_robot_controller/lib/python3.10/site-packages:/root/ros_ws/src/install/custom_msgs/local/lib/python3.10/dist-packages:/root/ros_ws/build/task3:/root/ros_ws/install/task3/lib/python3.10/site-packages:/root/ros_ws/build/task2:/root/ros_ws/install/task2/lib/python3.10/site-packages:/root/ros_ws/build/sensorPkg:/root/ros_ws/install/sensorPkg/lib/python3.10/site-packages:/root/ros_ws/build/my_robot_controller:/root/ros_ws/install/my_robot_controller/lib/python3.10/site-packages:/root/ros_ws/install/custom_msgs/local/lib/python3.10/dist-packages:/opt/ros/humble/lib/python3.10/site-packages:/opt/ros/humble/local/lib/python3.10/dist-packages', 'COLCON': '1', 'CMAKE_PREFIX_PATH': '/root/ros_ws/src/install/custom_msgs:/root/ros_ws/install/custom_msgs'}, 'shell': False}
[6.852795] (action_demo_pkg) Command: {'cmd': ['/usr/bin/python3', '-W', 'ignore:setup.py install is deprecated', '-W', 'ignore:easy_install command is deprecated', 'setup.py', 'develop', '--editable', '--build-directory', '/root/ros_ws/src/build/action_demo_pkg/build', '--no-deps', 'symlink_data'], 'cwd': '/root/ros_ws/src/build/action_demo_pkg', 'env': {'HOSTNAME': '686253f7c9d4', 'SHLVL': '1', 'LD_LIBRARY_PATH': '/root/ros_ws/src/install/custom_msgs/lib:/root/ros_ws/install/custom_msgs/lib:/opt/ros/humble/opt/rviz_ogre_vendor/lib:/opt/ros/humble/lib/x86_64-linux-gnu:/opt/ros/humble/lib', 'HOME': '/root', 'OLDPWD': '/root/ros_ws', 'ROS_PYTHON_VERSION': '3', 'COLCON_PREFIX_PATH': '/root/ros_ws/src/install:/root/ros_ws/install', 'ROS_DISTRO': 'humble', '_': '/usr/bin/colcon', 'ROS_VERSION': '2', 'TERM': 'xterm-256color', 'ROS_LOCALHOST_ONLY': '0', 'QT_X11_NO_MITSHM': '1', 'PATH': '/opt/ros/humble/bin:/usr/local/sbin:/usr/local/bin:/usr/sbin:/usr/bin:/sbin:/bin', 'DISPLAY': ':0', 'LANG': 'C.UTF-8', 'AMENT_PREFIX_PATH': '/root/ros_ws/src/install/action_demo_pkg:/root/ros_ws/install/task4:/root/ros_ws/install/py_srvcli:/root/ros_ws/src/install/task4:/root/ros_ws/src/install/task3:/root/ros_ws/src/install/task2:/root/ros_ws/src/install/sensorPkg:/root/ros_ws/src/install/my_robot_controller:/root/ros_ws/src/install/custom_msgs:/root/ros_ws/install/task3:/root/ros_ws/install/task2:/root/ros_ws/install/sensorPkg:/root/ros_ws/install/my_robot_controller:/root/ros_ws/install/custom_msgs:/opt/ros/humble', 'PWD': '/root/ros_ws/src/build/action_demo_pkg', 'LC_ALL': 'C.UTF-8', 'PYTHONPATH': '/root/ros_ws/src/build/action_demo_pkg/prefix_override:/usr/lib/python3/dist-packages/colcon_core/task/python/colcon_distutils_commands:/root/ros_ws/src/install/action_demo_pkg/lib/python3.10/site-packages:/root/ros_ws/src/build/action_demo_pkg:/root/ros_ws/src/install/action_demo_pkg/lib/python3.10/site-packages:/root/ros_ws/build/task4:/root/ros_ws/install/task4/lib/python3.10/site-packages:/root/ros_ws/build/py_srvcli:/root/ros_ws/install/py_srvcli/lib/python3.10/site-packages:/root/ros_ws/src/build/task4:/root/ros_ws/src/install/task4/lib/python3.10/site-packages:/root/ros_ws/src/build/task3:/root/ros_ws/src/install/task3/lib/python3.10/site-packages:/root/ros_ws/src/build/task2:/root/ros_ws/src/install/task2/lib/python3.10/site-packages:/root/ros_ws/src/build/sensorPkg:/root/ros_ws/src/install/sensorPkg/lib/python3.10/site-packages:/root/ros_ws/src/build/my_robot_controller:/root/ros_ws/src/install/my_robot_controller/lib/python3.10/site-packages:/root/ros_ws/src/install/custom_msgs/local/lib/python3.10/dist-packages:/root/ros_ws/build/task3:/root/ros_ws/install/task3/lib/python3.10/site-packages:/root/ros_ws/build/task2:/root/ros_ws/install/task2/lib/python3.10/site-packages:/root/ros_ws/build/sensorPkg:/root/ros_ws/install/sensorPkg/lib/python3.10/site-packages:/root/ros_ws/build/my_robot_controller:/root/ros_ws/install/my_robot_controller/lib/python3.10/site-packages:/root/ros_ws/install/custom_msgs/local/lib/python3.10/dist-packages:/opt/ros/humble/lib/python3.10/site-packages:/opt/ros/humble/local/lib/python3.10/dist-packages', 'COLCON': '1', 'CMAKE_PREFIX_PATH': '/root/ros_ws/src/install/custom_msgs:/root/ros_ws/install/custom_msgs'}, 'shell': False}
[6.903714] (-) TimerEvent: {}
[7.004026] (-) TimerEvent: {}
[7.054438] (task2) StdoutLine: {'line': b'running develop\n'}
[7.059776] (sensorPkg) StdoutLine: {'line': b'running develop\n'}
[7.060488] (task3) StdoutLine: {'line': b'running develop\n'}
[7.067104] (action_demo_pkg) StdoutLine: {'line': b'running develop\n'}
[7.068456] (task4) StdoutLine: {'line': b'running develop\n'}
[7.104105] (-) TimerEvent: {}
[7.174983] (task2) StdoutLine: {'line': b'running egg_info\n'}
[7.175162] (task2) StdoutLine: {'line': b'writing task2.egg-info/PKG-INFO\n'}
[7.175345] (task2) StdoutLine: {'line': b'writing dependency_links to task2.egg-info/dependency_links.txt\n'}
[7.175475] (task2) StdoutLine: {'line': b'writing entry points to task2.egg-info/entry_points.txt\n'}
[7.175581] (task2) StdoutLine: {'line': b'writing requirements to task2.egg-info/requires.txt\n'}
[7.175669] (task2) StdoutLine: {'line': b'writing top-level names to task2.egg-info/top_level.txt\n'}
[7.177088] (task2) StdoutLine: {'line': b"reading manifest file 'task2.egg-info/SOURCES.txt'\n"}
[7.177605] (task2) StdoutLine: {'line': b"writing manifest file 'task2.egg-info/SOURCES.txt'\n"}
[7.178997] (task2) StdoutLine: {'line': b'running build_ext\n'}
[7.179150] (task2) StdoutLine: {'line': b'Creating /root/ros_ws/src/install/task2/lib/python3.10/site-packages/task2.egg-link (link to .)\n'}
[7.179782] (sensorPkg) StdoutLine: {'line': b'running egg_info\n'}
[7.179883] (task2) StdoutLine: {'line': b'Installing publisher script to /root/ros_ws/src/install/task2/lib/task2\n'}
[7.179984] (sensorPkg) StdoutLine: {'line': b'writing sensorPkg.egg-info/PKG-INFO\n'}
[7.180074] (task2) StdoutLine: {'line': b'Installing subscriber script to /root/ros_ws/src/install/task2/lib/task2\n'}
[7.180173] (task3) StdoutLine: {'line': b'running egg_info\n'}
[7.180290] (sensorPkg) StdoutLine: {'line': b'writing dependency_links to sensorPkg.egg-info/dependency_links.txt\n'}
[7.180496] (sensorPkg) StdoutLine: {'line': b'writing entry points to sensorPkg.egg-info/entry_points.txt\n'}
[7.180557] (task3) StdoutLine: {'line': b'writing task3.egg-info/PKG-INFO\n'}
[7.180628] (task3) StdoutLine: {'line': b'writing dependency_links to task3.egg-info/dependency_links.txt\n'}
[7.180675] (task2) StdoutLine: {'line': b'\n'}
[7.180741] (task2) StdoutLine: {'line': b'Installed /root/ros_ws/src/build/task2\n'}
[7.180787] (task2) StdoutLine: {'line': b'running symlink_data\n'}
[7.180840] (sensorPkg) StdoutLine: {'line': b'writing requirements to sensorPkg.egg-info/requires.txt\n'}
[7.180889] (task3) StdoutLine: {'line': b'writing entry points to task3.egg-info/entry_points.txt\n'}
[7.180936] (task3) StdoutLine: {'line': b'writing requirements to task3.egg-info/requires.txt\n'}
[7.181027] (task3) StdoutLine: {'line': b'writing top-level names to task3.egg-info/top_level.txt\n'}
[7.181070] (sensorPkg) StdoutLine: {'line': b'writing top-level names to sensorPkg.egg-info/top_level.txt\n'}
[7.182112] (sensorPkg) StdoutLine: {'line': b"reading manifest file 'sensorPkg.egg-info/SOURCES.txt'\n"}
[7.182352] (task3) StdoutLine: {'line': b"reading manifest file 'task3.egg-info/SOURCES.txt'\n"}
[7.182671] (sensorPkg) StdoutLine: {'line': b"writing manifest file 'sensorPkg.egg-info/SOURCES.txt'\n"}
[7.182924] (task3) StdoutLine: {'line': b"writing manifest file 'task3.egg-info/SOURCES.txt'\n"}
[7.184188] (sensorPkg) StdoutLine: {'line': b'running build_ext\n'}
[7.184353] (sensorPkg) StdoutLine: {'line': b'Creating /root/ros_ws/src/install/sensorPkg/lib/python3.10/site-packages/sensorPkg.egg-link (link to .)\n'}
[7.184431] (task3) StdoutLine: {'line': b'running build_ext\n'}
[7.184585] (task3) StdoutLine: {'line': b'Creating /root/ros_ws/src/install/task3/lib/python3.10/site-packages/task3.egg-link (link to .)\n'}
[7.185067] (sensorPkg) StdoutLine: {'line': b'Installing logger script to /root/ros_ws/src/install/sensorPkg/lib/sensorPkg\n'}
[7.185223] (sensorPkg) StdoutLine: {'line': b'Installing sensor script to /root/ros_ws/src/install/sensorPkg/lib/sensorPkg\n'}
[7.185318] (task3) StdoutLine: {'line': b'Installing client script to /root/ros_ws/src/install/task3/lib/task3\n'}
[7.185400] (sensorPkg) StdoutLine: {'line': b'Installing subscriber script to /root/ros_ws/src/install/sensorPkg/lib/sensorPkg\n'}
[7.185489] (task3) StdoutLine: {'line': b'Installing service script to /root/ros_ws/src/install/task3/lib/task3\n'}
[7.185573] (sensorPkg) StdoutLine: {'line': b'\n'}
[7.185627] (sensorPkg) StdoutLine: {'line': b'Installed /root/ros_ws/src/build/sensorPkg\n'}
[7.185707] (task3) StdoutLine: {'line': b'\n'}
[7.185751] (task3) StdoutLine: {'line': b'Installed /root/ros_ws/src/build/task3\n'}
[7.185792] (task3) StdoutLine: {'line': b'running symlink_data\n'}
[7.185861] (sensorPkg) StdoutLine: {'line': b'running symlink_data\n'}
[7.186524] (action_demo_pkg) StdoutLine: {'line': b'running egg_info\n'}
[7.186710] (action_demo_pkg) StdoutLine: {'line': b'writing action_demo_pkg.egg-info/PKG-INFO\n'}
[7.186936] (action_demo_pkg) StdoutLine: {'line': b'writing dependency_links to action_demo_pkg.egg-info/dependency_links.txt\n'}
[7.187059] (action_demo_pkg) StdoutLine: {'line': b'writing entry points to action_demo_pkg.egg-info/entry_points.txt\n'}
[7.187163] (action_demo_pkg) StdoutLine: {'line': b'writing requirements to action_demo_pkg.egg-info/requires.txt\n'}
[7.187261] (action_demo_pkg) StdoutLine: {'line': b'writing top-level names to action_demo_pkg.egg-info/top_level.txt\n'}
[7.188794] (action_demo_pkg) StdoutLine: {'line': b"reading manifest file 'action_demo_pkg.egg-info/SOURCES.txt'\n"}
[7.189148] (task4) StdoutLine: {'line': b'running egg_info\n'}
[7.189360] (action_demo_pkg) StdoutLine: {'line': b"writing manifest file 'action_demo_pkg.egg-info/SOURCES.txt'\n"}
[7.189464] (task4) StdoutLine: {'line': b'writing task4.egg-info/PKG-INFO\n'}
[7.189615] (task4) StdoutLine: {'line': b'writing dependency_links to task4.egg-info/dependency_links.txt\n'}
[7.189780] (task4) StdoutLine: {'line': b'writing entry points to task4.egg-info/entry_points.txt\n'}
[7.189913] (task4) StdoutLine: {'line': b'writing requirements to task4.egg-info/requires.txt\n'}
[7.190011] (task4) StdoutLine: {'line': b'writing top-level names to task4.egg-info/top_level.txt\n'}
[7.191069] (action_demo_pkg) StdoutLine: {'line': b'running build_ext\n'}
[7.191239] (action_demo_pkg) StdoutLine: {'line': b'Creating /root/ros_ws/src/install/action_demo_pkg/lib/python3.10/site-packages/action-demo-pkg.egg-link (link to .)\n'}
[7.191990] (action_demo_pkg) StdoutLine: {'line': b'Installing client script to /root/ros_ws/src/install/action_demo_pkg/lib/action_demo_pkg\n'}
[7.192082] (task4) StdoutLine: {'line': b"reading manifest file 'task4.egg-info/SOURCES.txt'\n"}
[7.192164] (action_demo_pkg) StdoutLine: {'line': b'Installing server script to /root/ros_ws/src/install/action_demo_pkg/lib/action_demo_pkg\n'}
[7.192340] (action_demo_pkg) StdoutLine: {'line': b'\n'}
[7.192401] (action_demo_pkg) StdoutLine: {'line': b'Installed /root/ros_ws/src/build/action_demo_pkg\n'}
[7.192463] (action_demo_pkg) StdoutLine: {'line': b'running symlink_data\n'}
[7.192643] (task4) StdoutLine: {'line': b"writing manifest file 'task4.egg-info/SOURCES.txt'\n"}
[7.194267] (task4) StdoutLine: {'line': b'running build_ext\n'}
[7.194461] (task4) StdoutLine: {'line': b'Creating /root/ros_ws/src/install/task4/lib/python3.10/site-packages/task4.egg-link (link to .)\n'}
[7.195241] (task4) StdoutLine: {'line': b'Installing client script to /root/ros_ws/src/install/task4/lib/task4\n'}
[7.195410] (task4) StdoutLine: {'line': b'Installing server script to /root/ros_ws/src/install/task4/lib/task4\n'}
[7.195591] (task4) StdoutLine: {'line': b'\n'}
[7.195670] (task4) StdoutLine: {'line': b'Installed /root/ros_ws/src/build/task4\n'}
[7.195710] (task4) StdoutLine: {'line': b'running symlink_data\n'}
[7.204190] (-) TimerEvent: {}
[7.213109] (task2) CommandEnded: {'returncode': 0}
[7.221155] (task2) JobEnded: {'identifier': 'task2', 'rc': 0}
[7.231599] (action_demo_pkg) CommandEnded: {'returncode': 0}
[7.237902] (action_demo_pkg) JobEnded: {'identifier': 'action_demo_pkg', 'rc': 0}
[7.238701] (sensorPkg) CommandEnded: {'returncode': 0}
[7.244266] (sensorPkg) JobEnded: {'identifier': 'sensorPkg', 'rc': 0}
[7.245059] (task3) CommandEnded: {'returncode': 0}
[7.249834] (task3) JobEnded: {'identifier': 'task3', 'rc': 0}
[7.250846] (task4) CommandEnded: {'returncode': 0}
[7.255950] (task4) JobEnded: {'identifier': 'task4', 'rc': 0}
[7.256461] (-) EventReactorShutdown: {}
